Loading settings from test-settings.txt
Settings: Using image offset: 0
Settings: Using ground truth: /home/lbarnett/development/odometry/poses/07.txt
Settings: Using ground truth output file: /home/lbarnett/development/odometry/poses/gt.csv
Settings: Using input path: /home/lbarnett/development/odometry/07
Settings: Using parameter file: /home/lbarnett/development/odometry/07/param/camera.txt
Settings: Using calibration file: /home/lbarnett/development/odometry/07/param/camera.txt
Settings: Using output file: /home/lbarnett/development/slam2/build/outputs.csv
Settings: Using Exit On End: 1
Settings: Using NCC tolerance: 0.880000
Settings: Using max features: 10
Exit thread...
set EXPOSURES to zero!
ImageFolderReader: got 1101 images and 1101 timestamps and 0 exposures.!
set EXPOSURES to zero!
ImageFolderReader: got 1101 images and 1101 timestamps and 0 exposures.!
Reading Calibration from file /home/lbarnett/development/odometry/07/param/camera.txt
Input resolution: 1241 376
In: 718.856000 718.856000 607.192800 185.215700 0.000000
Out: Rectify Crop
Output resolution: 640 480
Baseline: 0.540000 
out w: 640 h: 480 output calib: -1.000000
finding CROP optimal new model!
initial range: x: -0.8530 - 0.8890; y: -0.2602 - 0.2666!
iteration 00001: range: x: -0.8488 - 0.8846; y: -0.2602 - 0.2666!
iteration 00002: range: x: -0.8445 - 0.8801; y: -0.2602 - 0.2666!
iteration 00003: range: x: -0.8445 - 0.8801; y: -0.2589 - 0.2653!
iteration 00004: range: x: -0.8445 - 0.8801; y: -0.2576 - 0.2640!
iteration 00005: range: x: -0.8445 - 0.8801; y: -0.2576 - 0.2640!
wOut: 640 maxX: 0.880134 minX -0.844537
hOut: 480 maxY: 0.263980 minY -0.257581

Rectified Camera Matrix:
370.505       0 312.905
      0 918.397 236.561
      0       0       1

Reading Calibration from file /home/lbarnett/development/odometry/07/param/camera.txt
Input resolution: 1241 376
In: 718.856000 718.856000 607.192800 185.215700 0.000000
Out: Rectify Crop
Output resolution: 640 480
Baseline: 0.540000 
out w: 640 h: 480 output calib: -1.000000
finding CROP optimal new model!
initial range: x: -0.8530 - 0.8890; y: -0.2602 - 0.2666!
iteration 00001: range: x: -0.8488 - 0.8846; y: -0.2602 - 0.2666!
iteration 00002: range: x: -0.8445 - 0.8801; y: -0.2602 - 0.2666!
iteration 00003: range: x: -0.8445 - 0.8801; y: -0.2589 - 0.2653!
iteration 00004: range: x: -0.8445 - 0.8801; y: -0.2576 - 0.2640!
iteration 00005: range: x: -0.8445 - 0.8801; y: -0.2576 - 0.2640!
wOut: 640 maxX: 0.880134 minX -0.844537
hOut: 480 maxY: 0.263980 minY -0.257581

Rectified Camera Matrix:
370.505       0 312.905
      0 918.397 236.561
      0       0       1

Setting width to 640 and height to 480
Initial pose: 
   1.0000000    0.0000000    0.0000000    0.0000000 
   0.0000000    1.0000000    0.0000000    0.0000000 
   0.0000000    0.0000000    1.0000000    0.0000000 
   0.0000000    0.0000000    0.0000000    1.0000000 
Start Slam Viewer
Getting timestamps
Timestamps created
Num matches pre bucket: 0
Max age: -1
 ... failed!
NCC max: 0.997139 min: -0.459042 outliers: 106 disp outliers: 18 
NCC max: 1.000000 min: -0.634488 outliers: 877 disp outliers: 122 
NCC max: 1.000000 min: -0.459042 outliers: 103 disp outliers: 18 
NCC max: 1.000000 min: -0.466927 outliers: 71 disp outliers: 25 
Num matches pre bucket: 548
Buckets. Total: 130 0:37 1:0 2:0 3:0 4:0 accum:37
BF Inlier count: 548 sel count: 970 acount: 548 bcount: 548 loops: 130
Max age: 0
Index: 1, Matches: 970, Inliers: 66.2887 %, Current pose: 
   0.9999845    0.0009868   -0.0054776   -0.0230987 
  -0.0009789    0.9999985    0.0014498   -0.0174529 
   0.0054791   -0.0014445    0.9999839    0.0862775 
   0.0000000    0.0000000    0.0000000    1.0000000 

Motion:
   0.9999845   -0.0009789    0.0054791    0.0226085 
   0.0009868    0.9999985   -0.0014445    0.0176003 
  -0.0054776    0.0014498    0.9999839   -0.0863773 
   0.0000000    0.0000000    0.0000000    1.0000000 

angles x: -0.001444 y: -0.003874 z: -0.000979 index: 1
NCC max: 0.997583 min: -0.511500 outliers: 106 disp outliers: 20 
NCC max: 1.000000 min: -0.804589 outliers: 897 disp outliers: 146 
Num matches pre bucket: 532
Max age: 1
Index: 2, Matches: 522, Inliers: 67.8161 %, Current pose: 
   0.9999178    0.0014907   -0.0127333   -0.0268550 
  -0.0014728    0.9999979    0.0014182   -0.0202049 
   0.0127354   -0.0013994    0.9999179    0.1817586 
   0.0000000    0.0000000    0.0000000    1.0000000 

Motion:
   0.9999735   -0.0005044    0.0072558    0.0025360 
   0.0005041    0.9999999    0.0000423    0.0028913 
  -0.0072559   -0.0000387    0.9999737   -0.0955172 
   0.0000000    0.0000000    0.0000000    1.0000000 

angles x: -0.001399 y: -0.009005 z: -0.001473 index: 2
NCC max: 0.994128 min: -0.352728 outliers: 126 disp outliers: 18 
NCC max: 1.000000 min: -0.879710 outliers: 878 disp outliers: 145 
Num matches pre bucket: 505
Max age: 2
Index: 3, Matches: 501, Inliers: 63.0739 %, Current pose: 
   0.9998072    0.0025668   -0.0194690   -0.0463564 
  -0.0025430    0.9999960    0.0012484   -0.0310104 
   0.0194721   -0.0011986    0.9998097    0.2699847 
   0.0000000    0.0000000    0.0000000    1.0000000 

Motion:
   0.9999767   -0.0010798    0.0067361    0.0177522 
   0.0010786    0.9999994    0.0001870    0.0109612 
  -0.0067363   -0.0001797    0.9999773   -0.0885755 
   0.0000000    0.0000000    0.0000000    1.0000000 

angles x: -0.001199 y: -0.013769 z: -0.002543 index: 3
NCC max: 0.998724 min: -0.398099 outliers: 128 disp outliers: 17 
NCC max: 1.000000 min: -0.715041 outliers: 914 disp outliers: 143 
Num matches pre bucket: 494
Max age: 3
Index: 4, Matches: 492, Inliers: 56.0976 %, Current pose: 
   0.9995703    0.0033057   -0.0291271   -0.0534191 
  -0.0033945    0.9999897   -0.0029984   -0.0197749 
   0.0291168    0.0030960    0.9995712    0.3661635 
   0.0000000    0.0000000    0.0000000    1.0000000 

Motion:
   0.9999531   -0.0008637    0.0096464    0.0042974 
   0.0008224    0.9999905    0.0042794   -0.0115098 
  -0.0096500   -0.0042713    0.9999443   -0.0963096 
   0.0000000    0.0000000    0.0000000    1.0000000 

angles x: 0.003097 y: -0.020590 z: -0.003396 index: 4
NCC max: 0.996701 min: -0.626009 outliers: 129 disp outliers: 18 
NCC max: 1.000000 min: -0.786878 outliers: 855 disp outliers: 124 
Num matches pre bucket: 500
Max age: 4
Index: 5, Matches: 500, Inliers: 57.4 %, Current pose: 
   0.9991726    0.0032534   -0.0405409   -0.0620946 
  -0.0034894    0.9999774   -0.0057513   -0.0290158 
   0.0405212    0.0058880    0.9991613    0.4780929 
   0.0000000    0.0000000    0.0000000    1.0000000 

Motion:
   0.9999349   -0.0000609    0.0114114    0.0041006 
   0.0000291    0.9999961    0.0027924    0.0086099 
  -0.0114115   -0.0027919    0.9999310   -0.1122404 
   0.0000000    0.0000000    0.0000000    1.0000000 

angles x: 0.005893 y: -0.028657 z: -0.003492 index: 5
NCC max: 0.998696 min: -0.369859 outliers: 108 disp outliers: 18 
NCC max: 1.000000 min: -0.876848 outliers: 821 disp outliers: 119 
Num matches pre bucket: 498
Max age: 5
Index: 6, Matches: 495, Inliers: 54.9495 %, Current pose: 
   0.9985228    0.0035010   -0.0542222   -0.0800151 
  -0.0039266    0.9999623   -0.0077452   -0.0298671 
   0.0541930    0.0079467    0.9984989    0.6097075 
   0.0000000    0.0000000    0.0000000    1.0000000 

Motion:
   0.9999062   -0.0003588    0.0136892    0.0107580 
   0.0003308    0.9999979    0.0020470   -0.0001319 
  -0.0136899   -0.0020422    0.9999042   -0.1323953 
   0.0000000    0.0000000    0.0000000    1.0000000 

angles x: 0.007958 y: -0.038331 z: -0.003932 index: 6
NCC max: 1.000000 min: -0.407848 outliers: 118 disp outliers: 20 
NCC max: 1.000000 min: -0.754352 outliers: 818 disp outliers: 139 
Num matches pre bucket: 457
Max age: 6
Index: 7, Matches: 455, Inliers: 56.9231 %, Current pose: 
   0.9975248    0.0027026   -0.0702641   -0.1067059 
  -0.0032206    0.9999685   -0.0072587   -0.0339932 
   0.0702423    0.0074670    0.9975020    0.7507731 
   0.0000000    0.0000000    0.0000000    1.0000000 

Motion:
   0.9998705    0.0008301    0.0160738    0.0167027 
  -0.0008232    0.9999996   -0.0004357    0.0031448 
  -0.0160742    0.0004224    0.9998707   -0.1426186 
   0.0000000    0.0000000    0.0000000    1.0000000 

angles x: 0.007486 y: -0.049690 z: -0.003229 index: 7
NCC max: 0.996953 min: -0.212089 outliers: 108 disp outliers: 22 
NCC max: 1.000000 min: -0.695225 outliers: 848 disp outliers: 139 
Num matches pre bucket: 458
Max age: 7
Index: 8, Matches: 456, Inliers: 54.386 %, Current pose: 
   0.9960543    0.0004995   -0.0887450   -0.1345649 
  -0.0010990    0.9999769   -0.0067067   -0.0328775 
   0.0887396    0.0067778    0.9960318    0.9094913 
   0.0000000    0.0000000    0.0000000    1.0000000 

Motion:
   0.9998256    0.0022556    0.0185390    0.0136657 
  -0.0022461    0.9999973   -0.0005328   -0.0021775 
  -0.0185401    0.0004911    0.9998280   -0.1605533 
   0.0000000    0.0000000    0.0000000    1.0000000 

angles x: 0.006805 y: -0.062790 z: -0.001103 index: 8
NCC max: 0.996017 min: -0.243377 outliers: 116 disp outliers: 20 
NCC max: 1.000000 min: -0.619776 outliers: 849 disp outliers: 138 
Num matches pre bucket: 466
Max age: 8
Index: 9, Matches: 463, Inliers: 54.8596 %, Current pose: 
   0.9940355   -0.0011558   -0.1090508   -0.1618345 
   0.0004720    0.9999801   -0.0062958   -0.0456181 
   0.1090559    0.0062068    0.9940162    1.0706443 
   0.0000000    0.0000000    0.0000000    1.0000000 

Motion:
   0.9997904    0.0017076    0.0204043    0.0095383 
  -0.0016994    0.9999985   -0.0004218    0.0117086 
  -0.0204050    0.0003870    0.9997917   -0.1632427 
   0.0000000    0.0000000    0.0000000    1.0000000 

angles x: 0.006244 y: -0.077192 z: 0.000475 index: 9
NCC max: 0.994598 min: -0.458531 outliers: 115 disp outliers: 24 
NCC max: 1.000000 min: -0.747380 outliers: 834 disp outliers: 148 
Num matches pre bucket: 431
Max age: 9
Index: 10, Matches: 429, Inliers: 52.4476 %, Current pose: 
   0.9914153   -0.0001578   -0.1307502   -0.2072921 
  -0.0006260    0.9999821   -0.0059533   -0.0629570 
   0.1307488    0.0059841    0.9913975    1.2352663 
   0.0000000    0.0000000    0.0000000    1.0000000 

Motion:
   0.9997607   -0.0009603    0.0218557    0.0235323 
   0.0009677    0.9999995   -0.0003303    0.0163463 
  -0.0218554    0.0003513    0.9997611   -0.1692527 
   0.0000000    0.0000000    0.0000000    1.0000000 

angles x: 0.006036 y: -0.092586 z: -0.000631 index: 10
NCC max: 0.996553 min: -0.137215 outliers: 122 disp outliers: 18 
NCC max: 1.000000 min: -0.793008 outliers: 813 disp outliers: 144 
Num matches pre bucket: 450
Max age: 10
Index: 11, Matches: 448, Inliers: 42.4107 %, Current pose: 
   0.9881934    0.0078698   -0.1530093   -0.3053537 
  -0.0092550    0.9999224   -0.0083426   -0.0896989 
   0.1529317    0.0096602    0.9881895    1.4087412 
   0.0000000    0.0000000    0.0000000    1.0000000 

Motion:
   0.9997115   -0.0084956    0.0224648    0.0701266 
   0.0084394    0.9999610    0.0025953    0.0258357 
  -0.0224859   -0.0024049    0.9997443   -0.1866535 
   0.0000000    0.0000000    0.0000000    1.0000000 

angles x: 0.009775 y: -0.108357 z: -0.009365 index: 11
NCC max: 0.997018 min: -0.431091 outliers: 107 disp outliers: 22 
NCC max: 1.000000 min: -0.629348 outliers: 783 disp outliers: 132 
Num matches pre bucket: 465
Max age: 11
Index: 12, Matches: 459, Inliers: 37.2549 %, Current pose: 
   0.9838153    0.0123086   -0.1787621   -0.3750804 
  -0.0150724    0.9997868   -0.0141105   -0.0636516 
   0.1785503    0.0165765    0.9837911    1.5873099 
   0.0000000    0.0000000    0.0000000    1.0000000 

Motion:
   0.9996453   -0.0056039    0.0260345    0.0371073 
   0.0054454    0.9999662    0.0061566   -0.0281435 
  -0.0260681   -0.0060126    0.9996421   -0.1877712 
   0.0000000    0.0000000    0.0000000    1.0000000 

angles x: 0.016848 y: -0.126613 z: -0.015319 index: 12
NCC max: 1.000000 min: -0.277386 outliers: 120 disp outliers: 24 
NCC max: 1.000000 min: -0.772331 outliers: 776 disp outliers: 146 
Num matches pre bucket: 475
Max age: 12
Index: 13, Matches: 472, Inliers: 51.9068 %, Current pose: 
   0.9787469    0.0164265   -0.2044129   -0.4736783 
  -0.0200488    0.9996763   -0.0156619   -0.0798871 
   0.2040895    0.0194272    0.9787595    1.7760176 
   0.0000000    0.0000000    0.0000000    1.0000000 

Motion:
   0.9996486   -0.0046144    0.0261014    0.0576636 
   0.0045619    0.9999875    0.0020700    0.0141838 
  -0.0261107   -0.0019502    0.9996572   -0.2051084 
   0.0000000    0.0000000    0.0000000    1.0000000 

angles x: 0.019846 y: -0.144857 z: -0.020481 index: 13
NCC max: 0.999087 min: -0.117016 outliers: 84 disp outliers: 28 
NCC max: 1.000000 min: -0.935623 outliers: 701 disp outliers: 165 
Num matches pre bucket: 446
Max age: 13
Index: 14, Matches: 441, Inliers: 56.0091 %, Current pose: 
   0.9720773    0.0176048   -0.2339995   -0.5478571 
  -0.0217972    0.9996447   -0.0153417   -0.0962900 
   0.2336462    0.0200139    0.9721157    1.9585693 
   0.0000000    0.0000000    0.0000000    1.0000000 

Motion:
   0.9995394   -0.0012832    0.0303197    0.0290975 
   0.0012737    0.9999991    0.0003338    0.0140493 
  -0.0303201   -0.0002950    0.9995402   -0.1950708 
   0.0000000    0.0000000    0.0000000    1.0000000 

angles x: 0.020585 y: -0.166023 z: -0.022420 index: 14
NCC max: 0.995286 min: -0.406449 outliers: 95 disp outliers: 25 
NCC max: 1.000000 min: -0.827812 outliers: 736 disp outliers: 159 
Num matches pre bucket: 441
Max age: 14
Index: 15, Matches: 437, Inliers: 54.2334 %, Current pose: 
   0.9641990    0.0191159   -0.2644900   -0.6336071 
  -0.0236441    0.9996231   -0.0139472   -0.1060812 
   0.2641237    0.0197015    0.9642876    2.1548844 
   0.0000000    0.0000000    0.0000000    1.0000000 

Motion:
   0.9995028   -0.0013750    0.0314995    0.0305971 
   0.0013963    0.9999988   -0.0006569    0.0075590 
  -0.0314985    0.0007006    0.9995036   -0.2121207 
   0.0000000    0.0000000    0.0000000    1.0000000 

angles x: 0.020428 y: -0.187929 z: -0.024517 index: 15
NCC max: 0.997243 min: -0.528722 outliers: 111 disp outliers: 23 
NCC max: 1.000000 min: -0.746839 outliers: 764 disp outliers: 133 
Num matches pre bucket: 352
Max age: 11
Index: 16, Matches: 351, Inliers: 56.4103 %, Current pose: 
   0.9550598    0.0212722   -0.2956488   -0.7337826 
  -0.0257603    0.9996044   -0.0112933   -0.1163804 
   0.2952916    0.0184018    0.9552299    2.3554092 
   0.0000000    0.0000000    0.0000000    1.0000000 

Motion:
   0.9994703   -0.0016761    0.0325016    0.0361950 
   0.0017363    0.9999968   -0.0018234    0.0087361 
  -0.0324984    0.0018789    0.9994700   -0.2212804 
   0.0000000    0.0000000    0.0000000    1.0000000 

angles x: 0.019262 y: -0.210428 z: -0.026966 index: 16
NCC max: 0.994928 min: -0.299947 outliers: 113 disp outliers: 24 
NCC max: 1.000000 min: -0.826259 outliers: 697 disp outliers: 123 
Num matches pre bucket: 373
Max age: 16
Index: 17, Matches: 368, Inliers: 52.7174 %, Current pose: 
   0.9440848    0.0244160   -0.3287974   -0.8506293 
  -0.0290749    0.9995343   -0.0092596   -0.1180115 
   0.3284182    0.0183016    0.9443551    2.5548561 
   0.0000000    0.0000000    0.0000000    1.0000000 

Motion:
   0.9993856   -0.0029372    0.0349256    0.0447638 
   0.0029748    0.9999951   -0.0010244    0.0008331 
  -0.0349225    0.0011276    0.9993894   -0.2267827 
   0.0000000    0.0000000    0.0000000    1.0000000 

angles x: 0.019378 y: -0.234472 z: -0.030787 index: 17
NCC max: 0.996116 min: -0.226129 outliers: 121 disp outliers: 19 
NCC max: 1.000000 min: -0.611179 outliers: 662 disp outliers: 154 
Num matches pre bucket: 371
Max age: 17
Index: 18, Matches: 368, Inliers: 51.9022 %, Current pose: 
   0.9322486    0.0265321   -0.3608442   -0.9768759 
  -0.0324240    0.9994213   -0.0102830   -0.1054294 
   0.3603625    0.0212863    0.9325694    2.7245090 
   0.0000000    0.0000000    0.0000000    1.0000000 

Motion:
   0.9994141   -0.0030519    0.0340895    0.0569646 
   0.0029812    0.9999933    0.0021240   -0.0128366 
  -0.0340958   -0.0020211    0.9994165   -0.2036391 
   0.0000000    0.0000000    0.0000000    1.0000000 

angles x: 0.022822 y: -0.257802 z: -0.034766 index: 18
NCC max: 0.995765 min: -0.231945 outliers: 107 disp outliers: 22 
NCC max: 1.000000 min: -0.671984 outliers: 690 disp outliers: 156 
Num matches pre bucket: 398
Max age: 18
Index: 19, Matches: 395, Inliers: 54.6835 %, Current pose: 
   0.9188823    0.0286693   -0.3934888   -1.1019996 
  -0.0354040    0.9993244   -0.0098659   -0.1032057 
   0.3929401    0.0229967    0.9192765    2.9019789 
   0.0000000    0.0000000    0.0000000    1.0000000 

Motion:
   0.9993756   -0.0026394    0.0352347    0.0453177 
   0.0026119    0.9999962    0.0008248   -0.0027162 
  -0.0352367   -0.0007323    0.9993787   -0.2123567 
   0.0000000    0.0000000    0.0000000    1.0000000 

angles x: 0.025011 y: -0.281744 z: -0.038510 index: 19
NCC max: 0.993923 min: -0.391224 outliers: 116 disp outliers: 22 
NCC max: 1.000000 min: -0.687077 outliers: 678 disp outliers: 145 
Num matches pre bucket: 386
Max age: 13
Index: 20, Matches: 377, Inliers: 50.6631 %, Current pose: 
   0.9029945    0.0286269   -0.4286973   -1.2189615 
  -0.0360579    0.9993072   -0.0092210   -0.0971924 
   0.4281363    0.0237844    0.9034011    3.0916298 
   0.0000000    0.0000000    0.0000000    1.0000000 

Motion:
   0.9992542   -0.0002996    0.0386132    0.0246363 
   0.0002711    0.9999997    0.0007410   -0.0071716 
  -0.0386134   -0.0007300    0.9992540   -0.2214167 
   0.0000000    0.0000000    0.0000000    1.0000000 

angles x: 0.026322 y: -0.307778 z: -0.039910 index: 20
NCC max: 0.998412 min: -0.305056 outliers: 113 disp outliers: 28 
NCC max: 1.000000 min: -0.888750 outliers: 610 disp outliers: 147 
Num matches pre bucket: 398
Max age: 14
Index: 21, Matches: 394, Inliers: 48.731 %, Current pose: 
   0.8840732    0.0228419   -0.4667899   -1.3078339 
  -0.0319582    0.9994216   -0.0116212   -0.1081409 
   0.4662544    0.0251918    0.8842919    3.2642733 
   0.0000000    0.0000000    0.0000000    1.0000000 

Motion:
   0.9990861    0.0044618    0.0425096   -0.0022759 
  -0.0046253    0.9999823    0.0037503    0.0086230 
  -0.0424922   -0.0039435    0.9990890   -0.1942792 
   0.0000000    0.0000000    0.0000000    1.0000000 

angles x: 0.028480 y: -0.336167 z: -0.036133 index: 21
NCC max: 0.998027 min: -0.429355 outliers: 103 disp outliers: 19 
NCC max: 1.000000 min: -0.701031 outliers: 706 disp outliers: 127 
Num matches pre bucket: 357
Max age: 15
Index: 22, Matches: 349, Inliers: 49.2837 %, Current pose: 
   0.8623372    0.0159507   -0.5060831   -1.4072567 
  -0.0259369    0.9995830   -0.0126902   -0.1333918 
   0.5056697    0.0240695    0.8623914    3.4336302 
   0.0000000    0.0000000    0.0000000    1.0000000 

Motion:
   0.9989689    0.0065142    0.0449307   -0.0005577 
  -0.0066207    0.9999756    0.0022224    0.0227500 
  -0.0449152   -0.0025176    0.9989876   -0.1966886 
   0.0000000    0.0000000    0.0000000    1.0000000 

angles x: 0.027903 y: -0.365801 z: -0.030068 index: 22
NCC max: 0.998384 min: -0.415688 outliers: 112 disp outliers: 21 
NCC max: 1.000000 min: -0.927262 outliers: 701 disp outliers: 88 
Num matches pre bucket: 403
Max age: 15
Index: 23, Matches: 398, Inliers: 56.2814 %, Current pose: 
   0.8379024    0.0195812   -0.5454687   -1.5780311 
  -0.0272385    0.9996112   -0.0059574   -0.1482568 
   0.5451399    0.0198494    0.8381100    3.6174348 
   0.0000000    0.0000000    0.0000000    1.0000000 

Motion:
   0.9989217   -0.0007407    0.0464214    0.0424881 
   0.0009960    0.9999845   -0.0054770    0.0145547 
  -0.0464166    0.0055173    0.9989069   -0.2472891 
   0.0000000    0.0000000    0.0000000    1.0000000 

angles x: 0.023679 y: -0.395878 z: -0.032496 index: 23
NCC max: 1.000000 min: -0.391846 outliers: 98 disp outliers: 30 
NCC max: 1.000000 min: -0.803122 outliers: 707 disp outliers: 186 
Num matches pre bucket: 417
Max age: 16
Index: 24, Matches: 411, Inliers: 42.0925 %, Current pose: 
   0.8088776    0.0310621   -0.5871560   -1.7992706 
  -0.0370750    0.9993109    0.0017908   -0.1500725 
   0.5868070    0.0203203    0.8094719    3.8102194 
   0.0000000    0.0000000    0.0000000    1.0000000 

Motion:
   0.9986623   -0.0095740    0.0508123    0.0657610 
   0.0098847    0.9999339   -0.0058660    0.0047692 
  -0.0507527    0.0063605    0.9986910   -0.2859526 
   0.0000000    0.0000000    0.0000000    1.0000000 

angles x: 0.025098 y: -0.428186 z: -0.045803 index: 24
NCC max: 0.996970 min: -0.334106 outliers: 113 disp outliers: 18 
NCC max: 1.000000 min: -0.753387 outliers: 718 disp outliers: 118 
Num matches pre bucket: 418
Max age: 18
Index: 25, Matches: 409, Inliers: 43.5208 %, Current pose: 
   0.7774508    0.0373822   -0.6278318   -2.0076269 
  -0.0420308    0.9990886    0.0074403   -0.1809723 
   0.6275377    0.0206038    0.7783135    3.9597679 
   0.0000000    0.0000000    0.0000000    1.0000000 

Motion:
   0.9986644   -0.0051009    0.0514140    0.0668407 
   0.0052869    0.9999800   -0.0034818    0.0355792 
  -0.0513952    0.0037490    0.9986714   -0.2469784 
   0.0000000    0.0000000    0.0000000    1.0000000 

angles x: 0.026466 y: -0.460208 z: -0.054010 index: 25
NCC max: 1.000000 min: -0.202195 outliers: 110 disp outliers: 17 
NCC max: 1.000000 min: -0.801925 outliers: 740 disp outliers: 111 
Num matches pre bucket: 505
Max age: 19
Index: 26, Matches: 495, Inliers: 48.6869 %, Current pose: 
   0.7415393    0.0366184   -0.6699093   -2.2109068 
  -0.0425678    0.9990655    0.0074913   -0.1741292 
   0.6695576    0.0229615    0.7424051    4.1294892 
   0.0000000    0.0000000    0.0000000    1.0000000 

Motion:
   0.9984722   -0.0010132    0.0552471    0.0373932 
   0.0008867    0.9999969    0.0023144   -0.0032900 
  -0.0552492   -0.0022619    0.9984700   -0.2622323 
   0.0000000    0.0000000    0.0000000    1.0000000 

angles x: 0.030919 y: -0.493697 z: -0.057342 index: 26
NCC max: 1.000000 min: -0.638826 outliers: 105 disp outliers: 9 
NCC max: 1.000000 min: -0.638826 outliers: 750 disp outliers: 72 
Num matches pre bucket: 513
Max age: 20
Index: 27, Matches: 506, Inliers: 40.9091 %, Current pose: 
   0.7001512    0.0277645   -0.7134546   -2.4040553 
  -0.0317917    0.9994649    0.0076958   -0.1585264 
   0.7132865    0.0172937    0.7006592    4.3428430 
   0.0000000    0.0000000    0.0000000    1.0000000 

Motion:
   0.9981293    0.0102545    0.0602715   -0.0164532 
  -0.0103774    0.9999447    0.0017265   -0.0139216 
  -0.0602505   -0.0023488    0.9981805   -0.2874111 
   0.0000000    0.0000000    0.0000000    1.0000000 

angles x: 0.024677 y: -0.528956 z: -0.045376 index: 27
NCC max: 0.998686 min: -0.415206 outliers: 109 disp outliers: 7 
NCC max: 1.000000 min: -0.753944 outliers: 821 disp outliers: 57 
Num matches pre bucket: 491
Max age: 18
Index: 28, Matches: 487, Inliers: 43.5318 %, Current pose: 
   0.6555772    0.0212298   -0.7548296   -2.6193841 
  -0.0256522    0.9996539    0.0058364   -0.1375655 
   0.7546923    0.0155368    0.6558949    4.5307431 
   0.0000000    0.0000000    0.0000000    1.0000000 

Motion:
   0.9981305    0.0056148    0.0608601   -0.0001044 
  -0.0058345    0.9999771    0.0034326   -0.0193016 
  -0.0608394   -0.0037813    0.9981404   -0.2859016 
   0.0000000    0.0000000    0.0000000    1.0000000 

angles x: 0.023683 y: -0.563121 z: -0.039109 index: 28
NCC max: 0.997187 min: -0.157345 outliers: 99 disp outliers: 15 
NCC max: 1.000000 min: -0.613048 outliers: 784 disp outliers: 93 
Num matches pre bucket: 458
Max age: 19
Index: 29, Matches: 445, Inliers: 56.1798 %, Current pose: 
   0.6097527    0.0193203   -0.7923562   -2.8670579 
  -0.0213916    0.9997398    0.0079152   -0.1150762 
   0.7923030    0.0121234    0.6100073    4.6979775 
   0.0000000    0.0000000    0.0000000    1.0000000 

Motion:
   0.9982337    0.0038706    0.0592833    0.0190005 
  -0.0038301    0.9999923   -0.0007969   -0.0197258 
  -0.0592859    0.0005684    0.9982409   -0.2984381 
   0.0000000    0.0000000    0.0000000    1.0000000 

angles x: 0.019872 y: -0.594844 z: -0.035068 index: 29
NCC max: 0.993850 min: -0.302048 outliers: 92 disp outliers: 19 
NCC max: 1.000000 min: -0.875618 outliers: 782 disp outliers: 123 
Num matches pre bucket: 445
Max age: 20
Index: 30, Matches: 434, Inliers: 45.6221 %, Current pose: 
   0.5608253    0.0209472   -0.8276691   -3.1450676 
  -0.0185806    0.9997465    0.0127121   -0.1028096 
   0.8277256    0.0082493    0.5610724    4.8526806 
   0.0000000    0.0000000    0.0000000    1.0000000 

Motion:
   0.9981717    0.0022944    0.0603982    0.0280911 
  -0.0020776    0.9999912   -0.0036523   -0.0077161 
  -0.0604060    0.0035201    0.9981677   -0.3170556 
   0.0000000    0.0000000    0.0000000    1.0000000 

angles x: 0.014702 y: -0.625392 z: -0.033119 index: 30
NCC max: 0.995450 min: -0.449581 outliers: 92 disp outliers: 22 
NCC max: 1.000000 min: -0.696961 outliers: 625 disp outliers: 130 
Num matches pre bucket: 408
Max age: 13
Index: 31, Matches: 401, Inliers: 52.6185 %, Current pose: 
   0.5093142    0.0212617   -0.8603180   -3.4459212 
  -0.0166761    0.9997509    0.0148352   -0.0730864 
   0.8604191    0.0067910    0.5095418    4.9930529 
   0.0000000    0.0000000    0.0000000    1.0000000 

Motion:
   0.9981371    0.0010947    0.0610018    0.0329457 
  -0.0010309    0.9999989   -0.0010784   -0.0242725 
  -0.0610029    0.0010135    0.9981371   -0.3307963 
   0.0000000    0.0000000    0.0000000    1.0000000 

angles x: 0.013327 y: -0.654202 z: -0.032731 index: 31
NCC max: 1.000000 min: -0.463656 outliers: 119 disp outliers: 17 
NCC max: 1.000000 min: -0.640917 outliers: 723 disp outliers: 185 
Num matches pre bucket: 332
Max age: 14
Index: 32, Matches: 332, Inliers: 52.7108 %, Current pose: 
   0.4568871    0.0240171   -0.8892004   -3.7683593 
  -0.0158904    0.9996963    0.0188368   -0.0580643 
   0.8893827    0.0055235    0.4571300    5.1058935 
   0.0000000    0.0000000    0.0000000    1.0000000 

Motion:
   0.9982059   -0.0001325    0.0598737    0.0471980 
   0.0003137    0.9999954   -0.0030172   -0.0078968 
  -0.0598731    0.0030306    0.9982014   -0.3385779 
   0.0000000    0.0000000    0.0000000    1.0000000 

angles x: 0.012082 y: -0.680297 z: -0.034766 index: 32
NCC max: 0.994461 min: -0.190146 outliers: 98 disp outliers: 24 
NCC max: 1.000000 min: -0.792025 outliers: 676 disp outliers: 201 
Num matches pre bucket: 321
Max age: 10
Index: 33, Matches: 319, Inliers: 53.9185 %, Current pose: 
   0.4020168    0.0297175   -0.9151499   -4.1087845 
  -0.0145438    0.9995543    0.0260694   -0.0525535 
   0.9155168    0.0028294    0.4022699    5.2143759 
   0.0000000    0.0000000    0.0000000    1.0000000 

Motion:
   0.9981522    0.0001728    0.0607627    0.0376194 
   0.0002106    0.9999801   -0.0063030    0.0043013 
  -0.0607626    0.0063042    0.9981323   -0.3553229 
   0.0000000    0.0000000    0.0000000    1.0000000 

angles x: 0.007034 y: -0.704360 z: -0.036161 index: 33
NCC max: 0.989287 min: -0.227215 outliers: 120 disp outliers: 25 
NCC max: 0.998109 min: -0.710763 outliers: 641 disp outliers: 227 
Num matches pre bucket: 284
Max age: 9
Index: 34, Matches: 283, Inliers: 53.0035 %, Current pose: 
   0.3460701    0.0347044   -0.9375666   -4.4747867 
  -0.0123691    0.9993975    0.0324275   -0.0530000 
   0.9381271    0.0003747    0.3462909    5.3138701 
   0.0000000    0.0000000    0.0000000    1.0000000 

Motion:
   0.9981770    0.0005751    0.0603518    0.0333187 
  -0.0002402    0.9999845   -0.0055554    0.0131109 
  -0.0603541    0.0055307    0.9981617   -0.3775909 
   0.0000000    0.0000000    0.0000000    1.0000000 

angles x: 0.001082 y: -0.725596 z: -0.035727 index: 34
NCC max: 0.996327 min: -0.311097 outliers: 105 disp outliers: 23 
NCC max: 1.000000 min: -0.469751 outliers: 650 disp outliers: 109 
Num matches pre bucket: 300
Max age: 16
Index: 35, Matches: 295, Inliers: 51.8644 %, Current pose: 
   0.2900738    0.0428196   -0.9560459   -4.8617041 
  -0.0086251    0.9990749    0.0421299   -0.0501073 
   0.9569654   -0.0039748    0.2901747    5.4064506 
   0.0000000    0.0000000    0.0000000    1.0000000 

Motion:
   0.9982478    0.0018055    0.0591452    0.0236632 
  -0.0012679    0.9999576   -0.0091252    0.0140456 
  -0.0591592    0.0090342    0.9982077   -0.3968972 
   0.0000000    0.0000000    0.0000000    1.0000000 

angles x: -0.013697 y: -0.743682 z: -0.029725 index: 35
NCC max: 1.000000 min: -0.128142 outliers: 88 disp outliers: 19 
NCC max: 1.000000 min: -0.696337 outliers: 548 disp outliers: 195 
Num matches pre bucket: 308
Max age: 17
Index: 36, Matches: 308, Inliers: 49.3506 %, Current pose: 
   0.2366015    0.0469215   -0.9704731   -5.2535962 
  -0.0025318    0.9988596    0.0476767   -0.0340496 
   0.9716035   -0.0088234    0.2364505    5.4744460 
   0.0000000    0.0000000    0.0000000    1.0000000 

Motion:
   0.9984447    0.0037399    0.0556263    0.0266984 
  -0.0034482    0.9999798   -0.0053375    0.0029486 
  -0.0556451    0.0051374    0.9984374   -0.3971639 
   0.0000000    0.0000000    0.0000000    1.0000000 

angles x: -0.037299 y: -0.757931 z: -0.010700 index: 36
NCC max: 0.995936 min: -0.300442 outliers: 82 disp outliers: 20 
NCC max: 1.000000 min: -0.705059 outliers: 500 disp outliers: 198 
Num matches pre bucket: 296
Max age: 12
Index: 37, Matches: 296, Inliers: 56.0811 %, Current pose: 
   0.1855800    0.0485471   -0.9814292   -5.6532094 
   0.0005858    0.9987732    0.0495158   -0.0331906 
   0.9826290   -0.0097641    0.1853238    5.5158613 
   0.0000000    0.0000000    0.0000000    1.0000000 

Motion:
   0.9986328    0.0006227    0.0522706    0.0334638 
  -0.0005291    0.9999982   -0.0018042    0.0189466 
  -0.0522717    0.0017741    0.9986313   -0.3999098 
   0.0000000    0.0000000    0.0000000    1.0000000 

angles x: -0.052638 y: -0.768768 z: 0.003157 index: 37
NCC max: 0.992351 min: -0.254089 outliers: 87 disp outliers: 18 
NCC max: 1.000000 min: -0.836230 outliers: 494 disp outliers: 200 
Num matches pre bucket: 278
Max age: 12
Index: 38, Matches: 276, Inliers: 51.8116 %, Current pose: 
   0.1390474    0.0520526   -0.9889168   -6.0572173 
  -0.0038603    0.9986385    0.0520215   -0.0410011 
   0.9902782   -0.0034160    0.1390590    5.5127474 
   0.0000000    0.0000000    0.0000000    1.0000000 

Motion:
   0.9988782   -0.0067743    0.0468658    0.0592297 
   0.0068883    0.9999737   -0.0022706    0.0288188 
  -0.0468492    0.0025909    0.9988986   -0.3986909 
   0.0000000    0.0000000    0.0000000    1.0000000 

angles x: -0.024560 y: -0.776395 z: -0.027755 index: 38
NCC max: 0.999213 min: -0.165386 outliers: 82 disp outliers: 21 
NCC max: 1.000000 min: -0.522072 outliers: 486 disp outliers: 206 
Num matches pre bucket: 288
Max age: 13
Index: 39, Matches: 287, Inliers: 54.7038 %, Current pose: 
   0.0980115    0.0541692   -0.9937099   -6.4813190 
  -0.0048167    0.9985316    0.0539570   -0.0495859 
   0.9951736   -0.0005020    0.0981285    5.5041368 
   0.0000000    0.0000000    0.0000000    1.0000000 

Motion:
   0.9991456   -0.0031079    0.0412121    0.0500945 
   0.0031804    0.9999935   -0.0016935    0.0315411 
  -0.0412065    0.0018231    0.9991490   -0.4201260 
   0.0000000    0.0000000    0.0000000    1.0000000 

angles x: -0.005116 y: -0.781317 z: -0.049105 index: 39
NCC max: 0.995574 min: -0.348550 outliers: 79 disp outliers: 19 
NCC max: 1.000000 min: -0.680224 outliers: 475 disp outliers: 177 
Num matches pre bucket: 268
Max age: 15
Index: 40, Matches: 267, Inliers: 49.8127 %, Current pose: 
   0.0601273    0.0521070   -0.9968298   -6.9154779 
  -0.0045978    0.9986404    0.0519243   -0.0590006 
   0.9981801    0.0014612    0.0602851    5.5001090 
   0.0000000    0.0000000    0.0000000    1.0000000 

Motion:
   0.9992778   -0.0018351    0.0379528    0.0300820 
   0.0017510    0.9999959    0.0022478    0.0320305 
  -0.0379568   -0.0021797    0.9992770   -0.4320508 
   0.0000000    0.0000000    0.0000000    1.0000000 

angles x: 0.024233 y: -0.784263 z: -0.076319 index: 40
NCC max: 0.997559 min: -0.315267 outliers: 75 disp outliers: 20 
NCC max: 1.000000 min: -0.695765 outliers: 483 disp outliers: 135 
Num matches pre bucket: 253
Max age: 16
Index: 41, Matches: 250, Inliers: 56.4 %, Current pose: 
   0.0248250    0.0457394   -0.9986449   -7.3972590 
  -0.0007245    0.9989533    0.0457356   -0.0291019 
   0.9996915   -0.0004119    0.0248322    5.5072353 
   0.0000000    0.0000000    0.0000000    1.0000000 

Motion:
   0.9993682    0.0020308    0.0354825    0.0048578 
  -0.0022539    0.9999779    0.0062507   -0.0078280 
  -0.0354691   -0.0063267    0.9993507   -0.4826727 
   0.0000000    0.0000000    0.0000000    1.0000000 

angles x: -0.016586 y: -0.785613 z: -0.029175 index: 41
NCC max: 0.998291 min: -0.294156 outliers: 76 disp outliers: 20 
NCC max: 0.998877 min: -0.709190 outliers: 444 disp outliers: 169 
Num matches pre bucket: 257
Max age: 11
Index: 42, Matches: 255, Inliers: 44.3137 %, Current pose: 
  -0.0071935    0.0395652   -0.9991911   -7.8600761 
   0.0006931    0.9992169    0.0395612   -0.0166780 
   0.9999739   -0.0004080   -0.0072153    5.4906525 
   0.0000000    0.0000000    0.0000000    1.0000000 

Motion:
   0.9994864   -0.0000485    0.0320470    0.0132445 
  -0.0001495    0.9999809    0.0061781    0.0058905 
  -0.0320467   -0.0061797    0.9994673   -0.4630539 
   0.0000000    0.0000000    0.0000000    1.0000000 

angles x: -3.085111 y: -0.785764 z: 3.045537 index: 42
NCC max: 0.997650 min: -0.355224 outliers: 89 disp outliers: 21 
NCC max: 1.000000 min: -0.589926 outliers: 461 disp outliers: 156 
Num matches pre bucket: 238
Max age: 14
Index: 43, Matches: 238, Inliers: 48.3193 %, Current pose: 
  -0.0337059    0.0348591   -0.9988237   -8.3480454 
   0.0009881    0.9993922    0.0348456   -0.0043266 
   0.9994313    0.0001876   -0.0337199    5.4533099 
   0.0000000    0.0000000    0.0000000    1.0000000 

Motion:
   0.9996484   -0.0007540    0.0265065    0.0208617 
   0.0006295    0.9999887    0.0047049    0.0046732 
  -0.0265098   -0.0046866    0.9996376   -0.4890848 
   0.0000000    0.0000000    0.0000000    1.0000000 

angles x: 3.136030 y: -0.785134 z: 3.112285 index: 43
NCC max: 0.993551 min: -0.639633 outliers: 81 disp outliers: 23 
NCC max: 1.000000 min: -0.709101 outliers: 450 disp outliers: 30 
Num matches pre bucket: 282
Max age: 13
Index: 44, Matches: 281, Inliers: 48.3986 %, Current pose: 
  -0.0552299    0.0310198   -0.9979917   -8.8513209 
   0.0011283    0.9995186    0.0310048    0.0003849 
   0.9984730    0.0005863   -0.0552383    5.4200847 
   0.0000000    0.0000000    0.0000000    1.0000000 

Motion:
   0.9997679   -0.0006104    0.0215358    0.0053733 
   0.0005281    0.9999925    0.0038257    0.0109218 
  -0.0215380   -0.0038134    0.9997608   -0.5042462 
   0.0000000    0.0000000    0.0000000    1.0000000 

angles x: 3.130978 y: -0.784113 z: 3.121166 index: 44
NCC max: 0.998184 min: -0.645407 outliers: 74 disp outliers: 18 
NCC max: 1.000000 min: -0.645407 outliers: 453 disp outliers: 181 
Num matches pre bucket: 272
Max age: 15
Index: 45, Matches: 272, Inliers: 42.6471 %, Current pose: 
  -0.0713614    0.0287393   -0.9970364   -9.3752824 
   0.0021387    0.9995869    0.0286598    0.0256839 
   0.9974482   -0.0000872   -0.0713934    5.3719183 
   0.0000000    0.0000000    0.0000000    1.0000000 

Motion:
   0.9998689    0.0005089    0.0161871    0.0105987 
  -0.0005465    0.9999972    0.0023152   -0.0102344 
  -0.0161858   -0.0023238    0.9998663   -0.5265725 
   0.0000000    0.0000000    0.0000000    1.0000000 

angles x: -3.140371 y: -0.783056 z: 3.111631 index: 45
NCC max: 0.997671 min: -0.462574 outliers: 65 disp outliers: 20 
NCC max: 1.000000 min: -0.544457 outliers: 471 disp outliers: 158 
Num matches pre bucket: 312
Max age: 15
Index: 46, Matches: 309, Inliers: 50.1618 %, Current pose: 
  -0.0847055    0.0298518   -0.9959588   -9.9123706 
   0.0031454    0.9995541    0.0296920    0.0389745 
   0.9964011   -0.0006177   -0.0847616    5.3218666 
   0.0000000    0.0000000    0.0000000    1.0000000 

Motion:
   0.9999099    0.0006229    0.0134082    0.0043355 
  -0.0006086    0.9999992   -0.0010722    0.0027174 
  -0.0134089    0.0010639    0.9999095   -0.5395547 
   0.0000000    0.0000000    0.0000000    1.0000000 

angles x: -3.134306 y: -0.782030 z: 3.104476 index: 46
NCC max: 0.998720 min: -0.042666 outliers: 66 disp outliers: 18 
NCC max: 1.000000 min: -0.647441 outliers: 478 disp outliers: 163 
Num matches pre bucket: 306
Max age: 17
Index: 47, Matches: 305, Inliers: 51.8033 %, Current pose: 
  -0.0945284    0.0326096   -0.9949879  -10.4583980 
   0.0022457    0.9994678    0.0325431    0.0350171 
   0.9955196    0.0008418   -0.0945513    5.2643325 
   0.0000000    0.0000000    0.0000000    1.0000000 

Motion:
   0.9999510   -0.0011920    0.0098312    0.0056701 
   0.0012203    0.9999951   -0.0028730    0.0218095 
  -0.0098277    0.0028848    0.9999475   -0.5486019 
   0.0000000    0.0000000    0.0000000    1.0000000 

angles x: 3.132690 y: -0.781193 z: 3.117840 index: 47
NCC max: 0.996739 min: -0.607928 outliers: 77 disp outliers: 21 
NCC max: 1.000000 min: -0.649216 outliers: 504 disp outliers: 185 
Num matches pre bucket: 324
Max age: 18
Index: 48, Matches: 322, Inliers: 50.9317 %, Current pose: 
  -0.1012493    0.0362651   -0.9941999  -11.0350896 
   0.0006173    0.9993375    0.0363897    0.0352333 
   0.9948609    0.0030707   -0.1012046    5.1929599 
   0.0000000    0.0000000    0.0000000    1.0000000 

Motion:
   0.9999759   -0.0018473    0.0066965    0.0126161 
   0.0018731    0.9999908   -0.0038522    0.0209169 
  -0.0066893    0.0038646    0.9999702   -0.5805778 
   0.0000000    0.0000000    0.0000000    1.0000000 

angles x: 3.111260 y: -0.780600 z: 3.135496 index: 48
NCC max: 0.999508 min: -0.600189 outliers: 67 disp outliers: 26 
NCC max: 1.000000 min: -0.527734 outliers: 591 disp outliers: 139 
Num matches pre bucket: 359
Max age: 12
Index: 49, Matches: 357, Inliers: 50.1401 %, Current pose: 
  -0.1070010    0.0387025   -0.9935054  -11.6183997 
   0.0018854    0.9992482    0.0387231    0.0431736 
   0.9942571    0.0022702   -0.1069936    5.1501007 
   0.0000000    0.0000000    0.0000000    1.0000000 

Motion:
   0.9999825    0.0010568    0.0058257   -0.0198167 
  -0.0010432    0.9999967   -0.0023454    0.0147385 
  -0.0058281    0.0023393    0.9999803   -0.5844149 
   0.0000000    0.0000000    0.0000000    1.0000000 

angles x: 3.120377 y: -0.780044 z: 3.123974 index: 49
NCC max: 1.000000 min: -0.438874 outliers: 79 disp outliers: 25 
NCC max: 1.000000 min: -0.881705 outliers: 609 disp outliers: 193 
Num matches pre bucket: 390
Max age: 15
Index: 50, Matches: 386, Inliers: 49.4819 %, Current pose: 
  -0.1086338    0.0416734   -0.9932080  -12.2429084 
   0.0061743    0.9991299    0.0412466    0.0509384 
   0.9940627   -0.0016516   -0.1087965    5.0997301 
   0.0000000    0.0000000    0.0000000    1.0000000 

Motion:
   0.9999895    0.0042220    0.0018090   -0.0178192 
  -0.0042174    0.9999879   -0.0025366    0.0181842 
  -0.0018197    0.0025290    0.9999951   -0.6260673 
   0.0000000    0.0000000    0.0000000    1.0000000 

angles x: -3.126414 y: -0.779918 z: 3.084818 index: 50
NCC max: 0.998295 min: -0.248089 outliers: 81 disp outliers: 22 
NCC max: 1.000000 min: -0.690483 outliers: 647 disp outliers: 181 
Num matches pre bucket: 475
Max age: 16
Index: 51, Matches: 464, Inliers: 50.2155 %, Current pose: 
  -0.1073472    0.0461827   -0.9931484  -12.8505187 
   0.0077648    0.9989290    0.0456123    0.0660499 
   0.9941913   -0.0028152   -0.1075908    5.0277995 
   0.0000000    0.0000000    0.0000000    1.0000000 

Motion:
   0.9999979    0.0016425   -0.0012262    0.0061702 
  -0.0016478    0.9999891   -0.0043604    0.0127633 
   0.0012190    0.0043624    0.9999897   -0.6118756 
   0.0000000    0.0000000    0.0000000    1.0000000 

angles x: -3.115433 y: -0.780151 z: 3.069385 index: 51
NCC max: 1.000000 min: -0.389630 outliers: 92 disp outliers: 27 
NCC max: 1.000000 min: -0.850913 outliers: 677 disp outliers: 172 
Num matches pre bucket: 488
Max age: 17
Index: 52, Matches: 472, Inliers: 48.3051 %, Current pose: 
  -0.1061247    0.0526722   -0.9929568  -13.5077984 
   0.0071466    0.9986106    0.0522083    0.0726952 
   0.9943271   -0.0015556   -0.1063537    4.9587453 
   0.0000000    0.0000000    0.0000000    1.0000000 

Motion:
   0.9999991   -0.0005615   -0.0012569   -0.0011387 
   0.0005532    0.9999781   -0.0065950    0.0278769 
   0.0012606    0.0065943    0.9999775   -0.6603414 
   0.0000000    0.0000000    0.0000000    1.0000000 

angles x: -3.126967 y: -0.780441 z: 3.074353 index: 52
NCC max: 1.000000 min: -0.329129 outliers: 84 disp outliers: 31 
NCC max: 1.000000 min: -0.606869 outliers: 704 disp outliers: 144 
Num matches pre bucket: 570
Max age: 16
Index: 53, Matches: 547, Inliers: 39.3053 %, Current pose: 
  -0.1037956    0.0530902   -0.9931807  -14.1613910 
   0.0036095    0.9985879    0.0530020    0.0911797 
   0.9945921    0.0019165   -0.1038407    4.8750335 
   0.0000000    0.0000000    0.0000000    1.0000000 

Motion:
   0.9999910   -0.0034099   -0.0025255    0.0153523 
   0.0034079    0.9999939   -0.0007856    0.0164014 
   0.0025282    0.0007770    0.9999965   -0.6588080 
   0.0000000    0.0000000    0.0000000    1.0000000 

angles x: 3.123139 y: -0.780707 z: 3.106832 index: 53
NCC max: 1.000000 min: -0.483856 outliers: 105 disp outliers: 28 
NCC max: 1.000000 min: -0.824982 outliers: 710 disp outliers: 164 
Num matches pre bucket: 505
Max age: 11
Index: 54, Matches: 497, Inliers: 45.8753 %, Current pose: 
  -0.1021123    0.0467641   -0.9936731  -14.8262420 
   0.0012270    0.9988996    0.0468840    0.1177105 
   0.9947721    0.0035682   -0.1020573    4.8021652 
   0.0000000    0.0000000    0.0000000    1.0000000 

Motion:
   0.9999957   -0.0022894   -0.0018169    0.0045654 
   0.0023005    0.9999786    0.0061280    0.0048495 
   0.0018028   -0.0061321    0.9999796   -0.6693252 
   0.0000000    0.0000000    0.0000000    1.0000000 

angles x: 3.106645 y: -0.780729 z: 3.129577 index: 54
NCC max: 0.997917 min: -0.325720 outliers: 113 disp outliers: 28 
NCC max: 1.000000 min: -0.487364 outliers: 673 disp outliers: 198 
Num matches pre bucket: 470
Max age: 9
Index: 55, Matches: 462, Inliers: 38.0952 %, Current pose: 
  -0.0999088    0.0460271   -0.9939315  -15.4911746 
   0.0010057    0.9989337    0.0461577    0.1422588 
   0.9949961    0.0036119   -0.0998486    4.7200633 
   0.0000000    0.0000000    0.0000000    1.0000000 

Motion:
   0.9999975   -0.0001172   -0.0022228    0.0152337 
   0.0001189    0.9999997    0.0007295    0.0063794 
   0.0022227   -0.0007297    0.9999973   -0.6702284 
   0.0000000    0.0000000    0.0000000    1.0000000 

angles x: 3.105434 y: -0.780935 z: 3.131527 index: 55
NCC max: 0.997746 min: -0.248039 outliers: 118 disp outliers: 29 
NCC max: 1.000000 min: -0.598342 outliers: 723 disp outliers: 189 
Num matches pre bucket: 384
Max age: 11
Index: 56, Matches: 382, Inliers: 37.4346 %, Current pose: 
  -0.0981977    0.0516803   -0.9938241  -16.1853102 
   0.0003033    0.9986522    0.0519014    0.1697182 
   0.9951669    0.0047952   -0.0980810    4.6572614 
   0.0000000    0.0000000    0.0000000    1.0000000 

Motion:
   0.9999983   -0.0006223   -0.0017502   -0.0056726 
   0.0006123    0.9999833   -0.0057500    0.0087519 
   0.0017537    0.0057489    0.9999819   -0.6974335 
   0.0000000    0.0000000    0.0000000    1.0000000 

angles x: 3.092741 y: -0.781245 z: 3.138505 index: 56
NCC max: 0.998083 min: -0.257434 outliers: 102 disp outliers: 27 
NCC max: 1.000000 min: -0.642502 outliers: 656 disp outliers: 209 
Num matches pre bucket: 484
Max age: 9
Index: 57, Matches: 475, Inliers: 43.1579 %, Current pose: 
  -0.0968660    0.0600333   -0.9934853  -16.9195489 
  -0.0007584    0.9981745    0.0603906    0.1969500 
   0.9952971    0.0066033   -0.0966437    4.5862375 
   0.0000000    0.0000000    0.0000000    1.0000000 

Motion:
   0.9999985   -0.0009908   -0.0013914   -0.0004122 
   0.0009789    0.9999634   -0.0085036    0.0173656 
   0.0013997    0.0085022    0.9999629   -0.7379639 
   0.0000000    0.0000000    0.0000000    1.0000000 

angles x: 3.073373 y: -0.781611 z: -3.133763 index: 57
NCC max: 1.000000 min: -0.360383 outliers: 97 disp outliers: 35 
NCC max: 1.000000 min: -0.819262 outliers: 592 disp outliers: 180 
Num matches pre bucket: 457
Max age: 12
Index: 58, Matches: 446, Inliers: 53.139 %, Current pose: 
  -0.0962335    0.0649333   -0.9932385  -17.6412251 
  -0.0002067    0.9978685    0.0652561    0.2201691 
   0.9953588    0.0064851   -0.0960150    4.5361995 
   0.0000000    0.0000000    0.0000000    1.0000000 

Motion:
   0.9999996    0.0005891   -0.0006010   -0.0196389 
  -0.0005920    0.9999879   -0.0048752    0.0240157 
   0.0005981    0.0048755    0.9999879   -0.7231162 
   0.0000000    0.0000000    0.0000000    1.0000000 

angles x: 3.074152 y: -0.781825 z: -3.139445 index: 58
NCC max: 0.998259 min: -0.372537 outliers: 97 disp outliers: 38 
NCC max: 1.000000 min: -0.524831 outliers: 597 disp outliers: 214 
Num matches pre bucket: 383
Max age: 10
Index: 59, Matches: 379, Inliers: 48.285 %, Current pose: 
  -0.0935470    0.0635381   -0.9935854  -18.3665121 
  -0.0025735    0.9979428    0.0640590    0.2507937 
   0.9956115    0.0085495   -0.0931911    4.4489496 
   0.0000000    0.0000000    0.0000000    1.0000000 

Motion:
   0.9999936   -0.0021856   -0.0028471    0.0190973 
   0.0021890    0.9999969    0.0011925    0.0162677 
   0.0028445   -0.0011987    0.9999952   -0.7307272 
   0.0000000    0.0000000    0.0000000    1.0000000 

angles x: 3.050107 y: -0.782042 z: -3.114089 index: 59
NCC max: 1.000000 min: -0.623652 outliers: 77 disp outliers: 34 
NCC max: 1.000000 min: -0.801743 outliers: 571 disp outliers: 236 
Num matches pre bucket: 408
Max age: 9
Index: 60, Matches: 393, Inliers: 45.8015 %, Current pose: 
  -0.0912295    0.0548373   -0.9943189  -19.1258973 
  -0.0051550    0.9984433    0.0555377    0.3134834 
   0.9958166    0.0101924   -0.0908048    4.3592301 
   0.0000000    0.0000000    0.0000000    1.0000000 

Motion:
   0.9999940   -0.0024272   -0.0024872    0.0203891 
   0.0024483    0.9999607    0.0085239   -0.0200350 
   0.0024664   -0.0085300    0.9999606   -0.7666997 
   0.0000000    0.0000000    0.0000000    1.0000000 

angles x: 3.029816 y: -0.782003 z: -3.085147 index: 60
NCC max: 1.000000 min: -0.656827 outliers: 102 disp outliers: 29 
NCC max: 1.000000 min: -0.656827 outliers: 547 disp outliers: 186 
Num matches pre bucket: 385
Max age: 10
Index: 61, Matches: 378, Inliers: 48.4127 %, Current pose: 
  -0.0894071    0.0531417   -0.9945765  -19.8979104 
  -0.0069651    0.9985178    0.0539784    0.3429425 
   0.9959708    0.0117534   -0.0889045    4.2784521 
   0.0000000    0.0000000    0.0000000    1.0000000 

Motion:
   0.9999967   -0.0017058   -0.0019265    0.0116343 
   0.0017088    0.9999973    0.0015483    0.0125600 
   0.0019239   -0.0015516    0.9999969   -0.7765977 
   0.0000000    0.0000000    0.0000000    1.0000000 

angles x: 3.010152 y: -0.782125 z: -3.063846 index: 61
NCC max: 0.994577 min: -0.470398 outliers: 97 disp outliers: 31 
NCC max: 1.000000 min: -0.589200 outliers: 557 disp outliers: 222 
Num matches pre bucket: 290
Max age: 11
Index: 62, Matches: 287, Inliers: 39.0244 %, Current pose: 
  -0.0876850    0.0585188   -0.9944279  -20.6670835 
  -0.0022759    0.9982586    0.0589449    0.3767081 
   0.9961457    0.0074318   -0.0873991    4.2244395 
   0.0000000    0.0000000    0.0000000    1.0000000 

Motion:
   0.9999875    0.0047759   -0.0014752   -0.0135638 
  -0.0047832    0.9999762   -0.0049777    0.0117057 
   0.0014514    0.0049847    0.9999865   -0.7715982 
   0.0000000    0.0000000    0.0000000    1.0000000 

angles x: 3.056764 y: -0.782417 z: -3.115644 index: 62
NCC max: 1.000000 min: -0.230683 outliers: 86 disp outliers: 27 
NCC max: 1.000000 min: -0.728071 outliers: 583 disp outliers: 162 
Num matches pre bucket: 353
Max age: 9
Index: 63, Matches: 350, Inliers: 44 %, Current pose: 
  -0.0870331    0.0641109   -0.9941403  -21.4663084 
   0.0025383    0.9979381    0.0641336    0.3968030 
   0.9962022    0.0030583   -0.0870164    4.1837831 
   0.0000000    0.0000000    0.0000000    1.0000000 

Motion:
   0.9999882    0.0048444   -0.0003694   -0.0291081 
  -0.0048462    0.9999747   -0.0051976    0.0313099 
   0.0003442    0.0051994    0.9999864   -0.7993683 
   0.0000000    0.0000000    0.0000000    1.0000000 

angles x: 3.106461 y: -0.782633 z: 3.112436 index: 63
NCC max: 0.997019 min: -0.340880 outliers: 95 disp outliers: 27 
NCC max: 1.000000 min: -0.665189 outliers: 582 disp outliers: 184 
Num matches pre bucket: 392
Max age: 13
Index: 64, Matches: 383, Inliers: 48.8251 %, Current pose: 
  -0.0862867    0.0691248   -0.9938694  -22.2814880 
   0.0041100    0.9976063    0.0690279    0.4104381 
   0.9962619    0.0018713   -0.0863643    4.1197101 
   0.0000000    0.0000000    0.0000000    1.0000000 

Motion:
   0.9999985    0.0016165   -0.0006465   -0.0065617 
  -0.0016197    0.9999867   -0.0049025    0.0428665 
   0.0006385    0.0049035    0.9999878   -0.8166569 
   0.0000000    0.0000000    0.0000000    1.0000000 

angles x: 3.119928 y: -0.782861 z: 3.093996 index: 64
NCC max: 0.995220 min: -0.264470 outliers: 92 disp outliers: 32 
NCC max: 1.000000 min: -0.573501 outliers: 660 disp outliers: 115 
Num matches pre bucket: 382
Max age: 14
Index: 65, Matches: 374, Inliers: 43.8503 %, Current pose: 
  -0.0841187    0.0576507   -0.9947866  -23.0755821 
   0.0034949    0.9983359    0.0575609    0.4310223 
   0.9964496    0.0013653   -0.0841802    4.0313535 
   0.0000000    0.0000000    0.0000000    1.0000000 

Motion:
   0.9999974   -0.0004635   -0.0022134    0.0211727 
   0.0004889    0.9999338    0.0114978    0.0253508 
   0.0022079   -0.0114989    0.9999314   -0.7985769 
   0.0000000    0.0000000    0.0000000    1.0000000 

angles x: 3.125375 y: -0.782684 z: 3.100070 index: 65
NCC max: 1.000000 min: -0.252226 outliers: 77 disp outliers: 29 
NCC max: 1.000000 min: -0.488587 outliers: 640 disp outliers: 193 
Num matches pre bucket: 403
Max age: 15
Index: 66, Matches: 401, Inliers: 34.9127 %, Current pose: 
  -0.0820070    0.0425963   -0.9957210  -23.8432543 
   0.0035236    0.9990924    0.0424503    0.4311898 
   0.9966255   -0.0000273   -0.0820827    3.9502120 
   0.0000000    0.0000000    0.0000000    1.0000000 

Motion:
   0.9999978    0.0001507   -0.0021138    0.0179125 
  -0.0001187    0.9998854    0.0151367    0.0325304 
   0.0021159   -0.0151364    0.9998832   -0.7710548 
   0.0000000    0.0000000    0.0000000    1.0000000 

angles x: -3.141260 y: -0.782483 z: 3.098652 index: 66
NCC max: 0.997370 min: -0.468810 outliers: 109 disp outliers: 33 
NCC max: 1.000000 min: -0.782230 outliers: 674 disp outliers: 224 
Num matches pre bucket: 443
Max age: 16
Index: 67, Matches: 435, Inliers: 44.1379 %, Current pose: 
  -0.0826881    0.0318374   -0.9960668  -24.6423853 
   0.0083400    0.9994767    0.0312541    0.4432763 
   0.9965406   -0.0057229   -0.0829103    3.9063593 
   0.0000000    0.0000000    0.0000000    1.0000000 

Motion:
   0.9999882    0.0047830    0.0008895   -0.0224784 
  -0.0047927    0.9999258    0.0111966    0.0131111 
  -0.0008359   -0.0112008    0.9999369   -0.8000015 
   0.0000000    0.0000000    0.0000000    1.0000000 

angles x: -3.072677 y: -0.782222 z: 3.041072 index: 67
NCC max: 0.992311 min: -0.127178 outliers: 107 disp outliers: 28 
NCC max: 1.000000 min: -0.644319 outliers: 686 disp outliers: 182 
Num matches pre bucket: 419
Max age: 10
Index: 68, Matches: 417, Inliers: 45.8034 %, Current pose: 
  -0.0823010    0.0338055   -0.9960340  -25.4624191 
   0.0093952    0.9994064    0.0331437    0.4575501 
   0.9965632   -0.0066302   -0.0825697    3.8344834 
   0.0000000    0.0000000    0.0000000    1.0000000 

Motion:
   0.9999994    0.0010668   -0.0003545    0.0040052 
  -0.0010675    0.9999976   -0.0018873    0.0129799 
   0.0003524    0.0018877    0.9999982   -0.8231894 
   0.0000000    0.0000000    0.0000000    1.0000000 

angles x: -3.061467 y: -0.782284 z: 3.027928 index: 68
NCC max: 0.999277 min: -0.231507 outliers: 101 disp outliers: 31 
NCC max: 1.000000 min: -0.562523 outliers: 643 disp outliers: 212 
Num matches pre bucket: 384
Max age: 13
Index: 69, Matches: 381, Inliers: 40.4199 %, Current pose: 
  -0.0810616    0.0491951   -0.9954943  -26.2969230 
   0.0072114    0.9987840    0.0487705    0.4846421 
   0.9966830   -0.0032255   -0.0813178    3.7410763 
   0.0000000    0.0000000    0.0000000    1.0000000 

Motion:
   0.9999968   -0.0021414   -0.0013167    0.0252557 
   0.0021205    0.9998756   -0.0156303    0.0136931 
   0.0013500    0.0156275    0.9998770   -0.8396609 
   0.0000000    0.0000000    0.0000000    1.0000000 

angles x: -3.101948 y: -0.782704 z: 3.052864 index: 69
NCC max: 0.996777 min: -0.555349 outliers: 103 disp outliers: 28 
NCC max: 1.000000 min: -0.744603 outliers: 673 disp outliers: 179 
Num matches pre bucket: 415
Max age: 10
Index: 70, Matches: 412, Inliers: 44.1748 %, Current pose: 
  -0.0794352    0.0650132   -0.9947177  -27.1623695 
   0.0032428    0.9978825    0.0649611    0.5178848 
   0.9968348    0.0019345   -0.0794778    3.6317458 
   0.0000000    0.0000000    0.0000000    1.0000000 

Motion:
   0.9999908   -0.0038842   -0.0018250    0.0401298 
   0.0038542    0.9998612   -0.0162103    0.0233047 
   0.0018877    0.0162032    0.9998669   -0.8717237 
   0.0000000    0.0000000    0.0000000    1.0000000 

angles x: 3.117257 y: -0.783294 z: 3.100792 index: 70
NCC max: 0.997710 min: -0.202395 outliers: 105 disp outliers: 26 
NCC max: 1.000000 min: -0.703701 outliers: 739 disp outliers: 193 
Num matches pre bucket: 425
Max age: 9
Index: 71, Matches: 423, Inliers: 50.3546 %, Current pose: 
  -0.0791456    0.0783288   -0.9937809  -28.0107495 
   0.0003413    0.9969103    0.0785482    0.5375866 
   0.9968630    0.0058776   -0.0789278    3.5429216 
   0.0000000    0.0000000    0.0000000    1.0000000 

Motion:
   0.9999957   -0.0028765   -0.0004788    0.0213933 
   0.0028697    0.9999031   -0.0136218    0.0473337 
   0.0005179    0.0136203    0.9999071   -0.8516621 
   0.0000000    0.0000000    0.0000000    1.0000000 

angles x: 3.067262 y: -0.783804 z: 3.137280 index: 71
NCC max: 0.998321 min: -0.188527 outliers: 86 disp outliers: 31 
NCC max: 1.000000 min: -0.879334 outliers: 701 disp outliers: 172 
Num matches pre bucket: 419
Max age: 10
Index: 72, Matches: 413, Inliers: 40.1937 %, Current pose: 
  -0.0800860    0.0796416   -0.9936013  -28.8559547 
  -0.0035101    0.9967743    0.0801789    0.5555230 
   0.9967818    0.0099089   -0.0795481    3.4752926 
   0.0000000    0.0000000    0.0000000    1.0000000 

Motion:
   0.9999921   -0.0039136    0.0006384   -0.0002148 
   0.0039147    0.9999910   -0.0016335    0.0501051 
  -0.0006320    0.0016360    0.9999985   -0.8466148 
   0.0000000    0.0000000    0.0000000    1.0000000 

angles x: 3.017667 y: -0.783793 z: -3.097791 index: 72
NCC max: 0.994651 min: -0.225474 outliers: 95 disp outliers: 28 
NCC max: 1.000000 min: -0.655887 outliers: 695 disp outliers: 189 
Num matches pre bucket: 386
Max age: 11
Index: 73, Matches: 378, Inliers: 46.8254 %, Current pose: 
  -0.0809643    0.0715106   -0.9941484  -29.7063551 
  -0.0026635    0.9974038    0.0719617    0.5932050 
   0.9967134    0.0084743   -0.0805637    3.4206515 
   0.0000000    0.0000000    0.0000000    1.0000000 

Motion:
   0.9999993    0.0007732    0.0009461   -0.0142902 
  -0.0007810    0.9999657    0.0082435    0.0236916 
  -0.0009397   -0.0082443    0.9999656   -0.8525380 
   0.0000000    0.0000000    0.0000000    1.0000000 

angles x: 3.036791 y: -0.783410 z: -3.108707 index: 73
NCC max: 0.995415 min: -0.493327 outliers: 112 disp outliers: 26 
NCC max: 1.000000 min: -0.587074 outliers: 684 disp outliers: 175 
Num matches pre bucket: 454
Max age: 10
Index: 74, Matches: 449, Inliers: 49.6659 %, Current pose: 
  -0.0811075    0.0647345   -0.9946009  -30.5295464 
  -0.0029188    0.9978689    0.0651852    0.6318091 
   0.9967011    0.0081900   -0.0807457    3.3509299 
   0.0000000    0.0000000    0.0000000    1.0000000 

Motion:
   1.0000000   -0.0002649    0.0001249    0.0028373 
   0.0002641    0.9999769    0.0067929    0.0153380 
  -0.0001267   -0.0067929    0.9999769   -0.8268930 
   0.0000000    0.0000000    0.0000000    1.0000000 

angles x: 3.040509 y: -0.783166 z: -3.105622 index: 74
NCC max: 0.999202 min: -0.126232 outliers: 98 disp outliers: 33 
NCC max: 1.000000 min: -0.793971 outliers: 656 disp outliers: 161 
Num matches pre bucket: 463
Max age: 10
Index: 75, Matches: 459, Inliers: 42.7015 %, Current pose: 
  -0.0813767    0.0680900   -0.9943549  -31.3855897 
  -0.0059430    0.9976128    0.0687995    0.6587592 
   0.9966657    0.0115081   -0.0807778    3.2746812 
   0.0000000    0.0000000    0.0000000    1.0000000 

Motion:
   0.9999954   -0.0030355    0.0000735    0.0064926 
   0.0030357    0.9999888   -0.0036220    0.0322797 
  -0.0000625    0.0036222    0.9999934   -0.8592241 
   0.0000000    0.0000000    0.0000000    1.0000000 

angles x: 3.000079 y: -0.783265 z: -3.068692 index: 75
NCC max: 0.993662 min: -0.495097 outliers: 80 disp outliers: 34 
NCC max: 1.000000 min: -0.678907 outliers: 638 disp outliers: 147 
Num matches pre bucket: 414
Max age: 11
Index: 76, Matches: 409, Inliers: 42.5428 %, Current pose: 
  -0.0812759    0.0733537   -0.9939887  -32.2310385 
  -0.0075471    0.9972142    0.0742089    0.6828919 
   0.9966631    0.0135331   -0.0804959    3.1962485 
   0.0000000    0.0000000    0.0000000    1.0000000 

Motion:
   0.9999987   -0.0015935   -0.0002104    0.0096384 
   0.0015923    0.9999840   -0.0054250    0.0390128 
   0.0002190    0.0054247    0.9999853   -0.8484710 
   0.0000000    0.0000000    0.0000000    1.0000000 

angles x: 2.975028 y: -0.783467 z: -3.049000 index: 76
NCC max: 0.996905 min: -0.251477 outliers: 70 disp outliers: 39 
NCC max: 1.000000 min: -0.695559 outliers: 633 disp outliers: 181 
Num matches pre bucket: 403
Max age: 12
Index: 77, Matches: 392, Inliers: 47.9592 %, Current pose: 
  -0.0796337    0.0696803   -0.9943858  -33.0761713 
  -0.0080330    0.9974766    0.0705402    0.7053777 
   0.9967918    0.0136052   -0.0788730    3.1010255 
   0.0000000    0.0000000    0.0000000    1.0000000 

Motion:
   0.9999985   -0.0003623   -0.0016788    0.0277971 
   0.0003684    0.9999932    0.0036650    0.0377556 
   0.0016775   -0.0036657    0.9999919   -0.8494847 
   0.0000000    0.0000000    0.0000000    1.0000000 

angles x: 2.970778 y: -0.783466 z: -3.041059 index: 77
NCC max: 0.996872 min: -0.361669 outliers: 86 disp outliers: 30 
NCC max: 1.000000 min: -0.604192 outliers: 599 disp outliers: 143 
Num matches pre bucket: 381
Max age: 11
Index: 78, Matches: 378, Inliers: 42.8571 %, Current pose: 
  -0.0781311    0.0581851   -0.9952437  -33.9517026 
  -0.0096833    0.9982040    0.0591183    0.7124614 
   0.9968961    0.0142562   -0.0774274    3.0004735 
   0.0000000    0.0000000    0.0000000    1.0000000 

Motion:
   0.9999975   -0.0015400   -0.0016187    0.0319023 
   0.0015585    0.9999335    0.0114306    0.0453054 
   0.0016010   -0.0114331    0.9999334   -0.8795713 
   0.0000000    0.0000000    0.0000000    1.0000000 

angles x: 2.959508 y: -0.783216 z: -3.018285 index: 78
NCC max: 0.998621 min: -0.153682 outliers: 82 disp outliers: 34 
NCC max: 1.000000 min: -0.814395 outliers: 648 disp outliers: 206 
Num matches pre bucket: 391
Max age: 10
Index: 79, Matches: 386, Inliers: 47.1503 %, Current pose: 
  -0.0773956    0.0478555   -0.9958513  -34.7976281 
  -0.0100912    0.9987586    0.0487795    0.7478452 
   0.9969494    0.0138247   -0.0768166    2.9236350 
   0.0000000    0.0000000    0.0000000    1.0000000 

Motion:
   0.9999996   -0.0003636   -0.0007603    0.0114903 
   0.0003715    0.9999464    0.0103467    0.0062045 
   0.0007565   -0.0103469    0.9999462   -0.8500445 
   0.0000000    0.0000000    0.0000000    1.0000000 

angles x: 2.963529 y: -0.782995 z: -3.011939 index: 79
NCC max: 1.000000 min: -0.416609 outliers: 88 disp outliers: 32 
NCC max: 1.000000 min: -0.805885 outliers: 647 disp outliers: 105 
Num matches pre bucket: 384
Max age: 13
Index: 80, Matches: 380, Inliers: 45.5263 %, Current pose: 
  -0.0770315    0.0497627   -0.9957860  -35.6303130 
  -0.0083858    0.9986860    0.0505563    0.7628143 
   0.9969934    0.0122449   -0.0765130    2.8682535 
   0.0000000    0.0000000    0.0000000    1.0000000 

Motion:
   0.9999985    0.0017213   -0.0002828   -0.0088024 
  -0.0017218    0.9999969   -0.0017815    0.0271654 
   0.0002797    0.0017819    0.9999984   -0.8341702 
   0.0000000    0.0000000    0.0000000    1.0000000 

angles x: 2.982902 y: -0.783067 z: -3.033158 index: 80
NCC max: 0.997425 min: -0.544462 outliers: 102 disp outliers: 32 
NCC max: 1.000000 min: -0.596040 outliers: 639 disp outliers: 193 
Num matches pre bucket: 419
Max age: 9
Index: 81, Matches: 411, Inliers: 40.6326 %, Current pose: 
  -0.0753865    0.0560831   -0.9955760  -36.4375620 
  -0.0067058    0.9983660    0.0567480    0.7716075 
   0.9971318    0.0109542   -0.0748872    2.7878582 
   0.0000000    0.0000000    0.0000000    1.0000000 

Motion:
   0.9999972    0.0017613   -0.0015637    0.0193680 
  -0.0017710    0.9999791   -0.0062112    0.0373748 
   0.0015528    0.0062140    0.9999795   -0.8101973 
   0.0000000    0.0000000    0.0000000    1.0000000 

angles x: 2.996347 y: -0.783358 z: -3.052874 index: 81
NCC max: 0.997593 min: -0.305614 outliers: 91 disp outliers: 29 
NCC max: 1.000000 min: -0.612199 outliers: 634 disp outliers: 126 
Num matches pre bucket: 433
Max age: 10
Index: 82, Matches: 416, Inliers: 42.0673 %, Current pose: 
  -0.0758525    0.0679133   -0.9948036  -37.2641709 
  -0.0057998    0.9976309    0.0685486    0.7870838 
   0.9971022    0.0109692   -0.0752789    2.7431322 
   0.0000000    0.0000000    0.0000000    1.0000000 

Motion:
   0.9999995    0.0008781    0.0005176   -0.0180142 
  -0.0008719    0.9999298   -0.0118207    0.0411888 
  -0.0005279    0.0118203    0.9999300   -0.8267413 
   0.0000000    0.0000000    0.0000000    1.0000000 

angles x: 2.996896 y: -0.783692 z: -3.065279 index: 82
NCC max: 0.996584 min: -0.405009 outliers: 92 disp outliers: 25 
NCC max: 1.000000 min: -0.828265 outliers: 678 disp outliers: 152 
Num matches pre bucket: 478
Max age: 11
Index: 83, Matches: 471, Inliers: 45.8599 %, Current pose: 
  -0.0739589    0.0808533   -0.9939783  -38.1005928 
  -0.0047807    0.9966678    0.0814278    0.8152111 
   0.9972498    0.0107742   -0.0733259    2.6582202 
   0.0000000    0.0000000    0.0000000    1.0000000 

Motion:
   0.9999977    0.0011470   -0.0018250    0.0229521 
  -0.0011704    0.9999158   -0.0129241    0.0405087 
   0.0018100    0.0129262    0.9999148   -0.8399018 
   0.0000000    0.0000000    0.0000000    1.0000000 

angles x: 2.995701 y: -0.784317 z: -3.077043 index: 83
NCC max: 0.997478 min: -0.504880 outliers: 80 disp outliers: 27 
NCC max: 1.000000 min: -0.901899 outliers: 713 disp outliers: 150 
Num matches pre bucket: 471
Max age: 12
Index: 84, Matches: 464, Inliers: 47.4138 %, Current pose: 
  -0.0751941    0.0884315   -0.9932400  -38.9208748 
  -0.0035355    0.9960300    0.0889476    0.8555464 
   0.9971626    0.0101999   -0.0745830    2.6226422 
   0.0000000    0.0000000    0.0000000    1.0000000 

Motion:
   0.9999985    0.0011402    0.0013356   -0.0260607 
  -0.0011301    0.9999709   -0.0075424    0.0327264 
  -0.0013441    0.0075408    0.9999707   -0.8209781 
   0.0000000    0.0000000    0.0000000    1.0000000 

angles x: 3.005677 y: -0.784546 z: -3.094609 index: 84
NCC max: 0.996710 min: -0.243120 outliers: 85 disp outliers: 26 
NCC max: 1.000000 min: -0.636108 outliers: 688 disp outliers: 188 
Num matches pre bucket: 544
Max age: 11
Index: 85, Matches: 537, Inliers: 48.2309 %, Current pose: 
  -0.0763041    0.0875427   -0.9932341  -39.7566482 
  -0.0028271    0.9961152    0.0880139    0.8963446 
   0.9970806    0.0095238   -0.0757601    2.5821031 
   0.0000000    0.0000000    0.0000000    1.0000000 

Motion:
   0.9999991    0.0006065    0.0011716   -0.0232369 
  -0.0006076    0.9999994    0.0009408    0.0329123 
  -0.0011710   -0.0009415    0.9999989   -0.8367807 
   0.0000000    0.0000000    0.0000000    1.0000000 

angles x: 3.016538 y: -0.784420 z: -3.104558 index: 85
NCC max: 0.995182 min: -0.420630 outliers: 105 disp outliers: 30 
NCC max: 1.000000 min: -0.528526 outliers: 731 disp outliers: 209 
Num matches pre bucket: 460
Max age: 9
Index: 86, Matches: 451, Inliers: 39.4678 %, Current pose: 
  -0.0753610    0.0763736   -0.9942272  -40.6098143 
  -0.0014901    0.9970528    0.0767036    0.9432310 
   0.9971552    0.0072619   -0.0750251    2.5052145 
   0.0000000    0.0000000    0.0000000    1.0000000 

Motion:
   0.9999987    0.0014152   -0.0008246    0.0124443 
  -0.0014057    0.9999346    0.0113474    0.0189696 
   0.0008406   -0.0113462    0.9999353   -0.8576058 
   0.0000000    0.0000000    0.0000000    1.0000000 

angles x: 3.045100 y: -0.784025 z: -3.121823 index: 86
NCC max: 0.998286 min: -0.449567 outliers: 105 disp outliers: 33 
NCC max: 1.000000 min: -0.827245 outliers: 755 disp outliers: 193 
Num matches pre bucket: 453
Max age: 10
Index: 87, Matches: 445, Inliers: 42.2472 %, Current pose: 
  -0.0744206    0.0670139   -0.9949727  -41.4289189 
  -0.0019575    0.9977278    0.0673459    0.9574750 
   0.9972250    0.0069596   -0.0741203    2.4294880 
   0.0000000    0.0000000    0.0000000    1.0000000 

Motion:
   0.9999994   -0.0003937   -0.0009762    0.0145860 
   0.0004029    0.9999559    0.0093802    0.0412068 
   0.0009724   -0.0093806    0.9999555   -0.8215589 
   0.0000000    0.0000000    0.0000000    1.0000000 

angles x: 3.047972 y: -0.783759 z: -3.115296 index: 87
NCC max: 0.992979 min: -0.123758 outliers: 104 disp outliers: 36 
NCC max: 1.000000 min: -0.806014 outliers: 674 disp outliers: 235 
Num matches pre bucket: 472
Max age: 14
Index: 88, Matches: 465, Inliers: 40.4301 %, Current pose: 
  -0.0740844    0.0603636   -0.9954234  -42.2718495 
  -0.0085684    0.9980910    0.0611631    0.9931784 
   0.9972152    0.0130604   -0.0734257    2.3470316 
   0.0000000    0.0000000    0.0000000    1.0000000 

Motion:
   0.9999781   -0.0065734   -0.0007790    0.0200847 
   0.0065781    0.9999592    0.0061891    0.0163239 
   0.0007383   -0.0061941    0.9999805   -0.8473109 
   0.0000000    0.0000000    0.0000000    1.0000000 

angles x: 2.965562 y: -0.783586 z: -3.026448 index: 88
NCC max: 0.996257 min: -0.297900 outliers: 120 disp outliers: 40 
NCC max: 1.000000 min: -0.761227 outliers: 655 disp outliers: 191 
Num matches pre bucket: 424
Max age: 15
Index: 89, Matches: 410, Inliers: 42.9268 %, Current pose: 
  -0.0742509    0.0561641   -0.9956568  -43.0896123 
  -0.0140071    0.9982556    0.0573553    1.0208553 
   0.9971412    0.0182049   -0.0733347    2.2668271 
   0.0000000    0.0000000    0.0000000    1.0000000 

Motion:
   0.9999852   -0.0054394   -0.0001615    0.0196433 
   0.0054399    0.9999779    0.0038127    0.0197605 
   0.0001407   -0.0038135    0.9999927   -0.8216803 
   0.0000000    0.0000000    0.0000000    1.0000000 

angles x: 2.898267 y: -0.783460 z: -2.955138 index: 89
NCC max: 1.000000 min: -0.183407 outliers: 120 disp outliers: 42 
NCC max: 1.000000 min: -0.923118 outliers: 720 disp outliers: 153 
Num matches pre bucket: 426
Max age: 11
Index: 90, Matches: 418, Inliers: 50.7177 %, Current pose: 
  -0.0758189    0.0530664   -0.9957085  -43.9232269 
  -0.0103759    0.9984868    0.0540046    1.0003493 
   0.9970676    0.0144259   -0.0751536    2.2275036 
   0.0000000    0.0000000    0.0000000    1.0000000 

Motion:
   0.9999922    0.0035354    0.0017749   -0.0242084 
  -0.0035414    0.9999880    0.0033746    0.0652792 
  -0.0017629   -0.0033808    0.9999927   -0.8318850 
   0.0000000    0.0000000    0.0000000    1.0000000 

angles x: 2.951946 y: -0.783250 z: -3.005586 index: 90
NCC max: 0.997774 min: -0.221380 outliers: 121 disp outliers: 39 
NCC max: 1.000000 min: -0.685383 outliers: 725 disp outliers: 153 
Num matches pre bucket: 413
Max age: 12
Index: 91, Matches: 409, Inliers: 40.8313 %, Current pose: 
  -0.0779276    0.0443850   -0.9959705  -44.7204526 
  -0.0041625    0.9989853    0.0448450    1.0120330 
   0.9969503    0.0076404   -0.0776638    2.1943979 
   0.0000000    0.0000000    0.0000000    1.0000000 

Motion:
   0.9999785    0.0060904    0.0024440   -0.0290725 
  -0.0061126    0.9999392    0.0091811    0.0239660 
  -0.0023880   -0.0091958    0.9999549   -0.7971083 
   0.0000000    0.0000000    0.0000000    1.0000000 

angles x: 3.043531 y: -0.782862 z: -3.088229 index: 91
NCC max: 1.000000 min: -0.322916 outliers: 98 disp outliers: 43 
NCC max: 1.000000 min: -0.955038 outliers: 637 disp outliers: 212 
Num matches pre bucket: 451
Max age: 13
Index: 92, Matches: 441, Inliers: 43.5374 %, Current pose: 
  -0.0773127    0.0423466   -0.9961072  -45.4794909 
   0.0025943    0.9991027    0.0422726    0.9957776 
   0.9970035    0.0006840   -0.0773532    2.1352693 
   0.0000000    0.0000000    0.0000000    1.0000000 

Motion:
   0.9999770    0.0067777   -0.0003136    0.0003103 
  -0.0067768    0.9999737    0.0025757    0.0484239 
   0.0003310   -0.0025735    0.9999966   -0.7599701 
   0.0000000    0.0000000    0.0000000    1.0000000 

angles x: 3.132751 y: -0.782854 z: 3.108049 index: 92
NCC max: 0.999340 min: -0.259477 outliers: 122 disp outliers: 38 
NCC max: 1.000000 min: -0.796903 outliers: 657 disp outliers: 75 
Num matches pre bucket: 438
Max age: 19
Index: 93, Matches: 424, Inliers: 36.3208 %, Current pose: 
  -0.0781227    0.0473907   -0.9958167  -46.2913771 
   0.0020979    0.9988751    0.0473717    1.0522150 
   0.9969415    0.0016117   -0.0781342    2.0519880 
   0.0000000    0.0000000    0.0000000    1.0000000 

Motion:
   0.9999995   -0.0005304    0.0007907    0.0194814 
   0.0005344    0.9999868   -0.0051058   -0.0177638 
  -0.0007879    0.0051063    0.9999867   -0.8176705 
   0.0000000    0.0000000    0.0000000    1.0000000 

angles x: 3.120968 y: -0.782905 z: 3.114746 index: 93
NCC max: 0.998121 min: -0.648827 outliers: 125 disp outliers: 46 
NCC max: 1.000000 min: -0.981884 outliers: 660 disp outliers: 174 
Num matches pre bucket: 439
Max age: 20
Index: 94, Matches: 437, Inliers: 40.9611 %, Current pose: 
  -0.0788381    0.0622863   -0.9949397  -47.1126396 
   0.0046828    0.9980583    0.0621105    1.0485800 
   0.9968764    0.0002376   -0.0789767    1.9766797 
   0.0000000    0.0000000    0.0000000    1.0000000 

Motion:
   0.9999964    0.0025480    0.0008400    0.0103433 
  -0.0025353    0.9998878   -0.0147646    0.0547992 
  -0.0008775    0.0147625    0.9998906   -0.8228285 
   0.0000000    0.0000000    0.0000000    1.0000000 

angles x: 3.138584 y: -0.783251 z: 3.082265 index: 94
NCC max: 0.999240 min: -0.438338 outliers: 119 disp outliers: 33 
NCC max: 1.000000 min: -0.874954 outliers: 724 disp outliers: 185 
Num matches pre bucket: 501
Max age: 21
Index: 95, Matches: 486, Inliers: 39.5062 %, Current pose: 
  -0.0816908    0.0690666   -0.9942617  -47.9413101 
   0.0080441    0.9976092    0.0686382    1.0796155 
   0.9966253   -0.0023908   -0.0820511    1.9274692 
   0.0000000    0.0000000    0.0000000    1.0000000 

Motion:
   0.9999903    0.0031770    0.0030668   -0.0189000 
  -0.0031568    0.9999735   -0.0065663    0.0261546 
  -0.0030876    0.0065565    0.9999737   -0.8300834 
   0.0000000    0.0000000    0.0000000    1.0000000 

angles x: -3.112463 y: -0.783234 z: 3.043440 index: 95
NCC max: 0.998050 min: -0.166246 outliers: 103 disp outliers: 31 
NCC max: 1.000000 min: -0.834184 outliers: 721 disp outliers: 180 
Num matches pre bucket: 479
Max age: 22
Index: 96, Matches: 475, Inliers: 47.1579 %, Current pose: 
  -0.0820107    0.0659879   -0.9944445  -48.7541407 
   0.0083712    0.9978161    0.0655213    1.1086621 
   0.9965963   -0.0029512   -0.0823840    1.8464199 
   0.0000000    0.0000000    0.0000000    1.0000000 

Motion:
   0.9999999    0.0003043    0.0003429    0.0138695 
  -0.0003054    0.9999951    0.0031212    0.0244146 
  -0.0003419   -0.0031213    0.9999951   -0.8168952 
   0.0000000    0.0000000    0.0000000    1.0000000 

angles x: -3.105785 y: -0.783103 z: 3.039871 index: 96
NCC max: 0.998961 min: -0.217789 outliers: 89 disp outliers: 34 
NCC max: 1.000000 min: -0.637224 outliers: 648 disp outliers: 180 
Num matches pre bucket: 496
Max age: 13
Index: 97, Matches: 490, Inliers: 38.1633 %, Current pose: 
  -0.0845429    0.0569787   -0.9947894  -49.5766041 
   0.0036543    0.9983747    0.0568735    1.1191579 
   0.9964131    0.0011730   -0.0846137    1.7851734 
   0.0000000    0.0000000    0.0000000    1.0000000 

Motion:
   0.9999857   -0.0048731    0.0022241   -0.0085450 
   0.0048537    0.9999508    0.0086560    0.0364560 
  -0.0022662   -0.0086451    0.9999601   -0.8239571 
   0.0000000    0.0000000    0.0000000    1.0000000 

angles x: 3.127731 y: -0.782629 z: 3.098395 index: 97
NCC max: 0.999178 min: -0.492465 outliers: 98 disp outliers: 38 
NCC max: 1.000000 min: -0.917247 outliers: 696 disp outliers: 238 
Num matches pre bucket: 435
Max age: 9
Index: 98, Matches: 426, Inliers: 31.9249 %, Current pose: 
  -0.0848293    0.0493079   -0.9951747  -50.4121490 
  -0.0043976    0.9987465    0.0498598    1.1247508 
   0.9963858    0.0086059   -0.0845061    1.6878180 
   0.0000000    0.0000000    0.0000000    1.0000000 

Motion:
   0.9999675   -0.0080552   -0.0001707    0.0261495 
   0.0080562    0.9999429    0.0070230    0.0364509 
   0.0001141   -0.0070242    0.9999753   -0.8400191 
   0.0000000    0.0000000    0.0000000    1.0000000 

angles x: 3.040104 y: -0.782418 z: -3.089798 index: 98
NCC max: 0.997448 min: -0.496550 outliers: 106 disp outliers: 33 
NCC max: 1.000000 min: -0.788687 outliers: 601 disp outliers: 225 
Num matches pre bucket: 473
Max age: 12
Index: 99, Matches: 466, Inliers: 32.8326 %, Current pose: 
  -0.0856768    0.0470967   -0.9952092  -51.2074626 
  -0.0091515    0.9988028    0.0480546    1.1208477 
   0.9962809    0.0132248   -0.0851433    1.5998940 
   0.0000000    0.0000000    0.0000000    1.0000000 

Motion:
   0.9999883   -0.0047906    0.0006153    0.0194213 
   0.0047895    0.9999869    0.0018130    0.0425179 
  -0.0006240   -0.0018101    0.9999982   -0.7988020 
   0.0000000    0.0000000    0.0000000    1.0000000 

angles x: 2.987499 y: -0.782301 z: -3.035182 index: 99
NCC max: 0.996318 min: -0.507168 outliers: 100 disp outliers: 39 
NCC max: 1.000000 min: -0.610904 outliers: 552 disp outliers: 159 
Num matches pre bucket: 383
Max age: 9
Index: 100, Matches: 378, Inliers: 42.0635 %, Current pose: 
  -0.0870923    0.0502535   -0.9949319  -52.0129474 
  -0.0120447    0.9986007    0.0514932    1.1206408 
   0.9961274    0.0164683   -0.0863651    1.5235340 
   0.0000000    0.0000000    0.0000000    1.0000000 

Motion:
   0.9999948   -0.0029584    0.0012827    0.0059103 
   0.0029628    0.9999897   -0.0034276    0.0419426 
  -0.0012725    0.0034313    0.9999933   -0.8079867 
   0.0000000    0.0000000    0.0000000    1.0000000 

angles x: 2.953172 y: -0.782264 z: -3.004166 index: 100
NCC max: 0.993196 min: -0.493279 outliers: 84 disp outliers: 34 
NCC max: 0.999355 min: -0.724753 outliers: 611 disp outliers: 233 
Num matches pre bucket: 382
Max age: 9
Index: 101, Matches: 382, Inliers: 43.7173 %, Current pose: 
  -0.0888799    0.0530677   -0.9946277  -52.8218764 
  -0.0109731    0.9984669    0.0542531    1.1409070 
   0.9959819    0.0157361   -0.0881613    1.4580285 
   0.0000000    0.0000000    0.0000000    1.0000000 

Motion:
   0.9999978    0.0009779    0.0018463   -0.0064328 
  -0.0009729    0.9999958   -0.0027436    0.0237237 
  -0.0018490    0.0027418    0.9999945   -0.8114577 
   0.0000000    0.0000000    0.0000000    1.0000000 

angles x: 2.964961 y: -0.782179 z: -3.018755 index: 101
NCC max: 0.997470 min: -0.490790 outliers: 75 disp outliers: 29 
NCC max: 1.000000 min: -0.759700 outliers: 530 disp outliers: 109 
Num matches pre bucket: 387
Max age: 10
Index: 102, Matches: 386, Inliers: 34.9741 %, Current pose: 
  -0.0904729    0.0524375   -0.9945174  -53.6290082 
  -0.0114766    0.9984916    0.0536911    1.1471162 
   0.9958328    0.0162713   -0.0897347    1.3859311 
   0.0000000    0.0000000    0.0000000    1.0000000 

Motion:
   0.9999986   -0.0005897    0.0015703   -0.0011554 
   0.0005888    0.9999997    0.0005810    0.0372973 
  -0.0015707   -0.0005801    0.9999986   -0.8095096 
   0.0000000    0.0000000    0.0000000    1.0000000 

angles x: 2.962215 y: -0.782021 z: -3.015415 index: 102
NCC max: 1.000000 min: -0.323654 outliers: 79 disp outliers: 34 
NCC max: 1.000000 min: -0.785748 outliers: 547 disp outliers: 181 
Num matches pre bucket: 364
Max age: 11
Index: 103, Matches: 362, Inliers: 45.8564 %, Current pose: 
  -0.0921618    0.0526845   -0.9943493  -54.4115153 
  -0.0114801    0.9984767    0.0539673    1.1523336 
   0.9956779    0.0163889   -0.0914166    1.3209259 
   0.0000000    0.0000000    0.0000000    1.0000000 

Motion:
   0.9999986   -0.0000945    0.0016933   -0.0073331 
   0.0000950    1.0000000   -0.0002570    0.0370819 
  -0.0016933    0.0002572    0.9999985   -0.7843096 
   0.0000000    0.0000000    0.0000000    1.0000000 

angles x: 2.964200 y: -0.781874 z: -3.017667 index: 103
NCC max: 0.996051 min: -0.257344 outliers: 79 disp outliers: 36 
NCC max: 1.000000 min: -0.676386 outliers: 548 disp outliers: 205 
Num matches pre bucket: 334
Max age: 9
Index: 104, Matches: 334, Inliers: 46.4072 %, Current pose: 
  -0.0935266    0.0569176   -0.9939885  -55.1669513 
  -0.0084253    0.9982836    0.0579563    1.1645850 
   0.9955811    0.0137951   -0.0928866    1.2652318 
   0.0000000    0.0000000    0.0000000    1.0000000 

Motion:
   0.9999944    0.0029766    0.0015308   -0.0151022 
  -0.0029705    0.9999877   -0.0039824    0.0315355 
  -0.0015427    0.0039778    0.9999909   -0.7567780 
   0.0000000    0.0000000    0.0000000    1.0000000 

angles x: 2.994154 y: -0.781858 z: -3.051750 index: 104
NCC max: 0.996319 min: -0.220865 outliers: 85 disp outliers: 29 
NCC max: 1.000000 min: -0.632930 outliers: 583 disp outliers: 236 
Num matches pre bucket: 329
Max age: 8
Index: 105, Matches: 326, Inliers: 42.638 %, Current pose: 
  -0.0938434    0.0646971   -0.9934826  -55.9456838 
  -0.0073426    0.9978142    0.0656728    1.1700063 
   0.9955599    0.0134577   -0.0931632    1.1937433 
   0.0000000    0.0000000    0.0000000    1.0000000 

Motion:
   0.9999994    0.0010626    0.0003795   -0.0018680 
  -0.0010596    0.9999696   -0.0077287    0.0459344 
  -0.0003878    0.0077283    0.9999701   -0.7806733 
   0.0000000    0.0000000    0.0000000    1.0000000 

angles x: 2.998132 y: -0.782066 z: -3.063509 index: 105
NCC max: 0.997381 min: -0.312921 outliers: 85 disp outliers: 33 
NCC max: 1.000000 min: -0.708966 outliers: 560 disp outliers: 263 
Num matches pre bucket: 319
Max age: 10
Index: 106, Matches: 318, Inliers: 44.3396 %, Current pose: 
  -0.0938162    0.0745151   -0.9927971  -56.7185577 
  -0.0082270    0.9971031    0.0756157    1.1849530 
   0.9955555    0.0152618   -0.0929314    1.1163650 
   0.0000000    0.0000000    0.0000000    1.0000000 

Motion:
   0.9999996   -0.0008808   -0.0000847    0.0046493 
   0.0008799    0.9999499   -0.0099688    0.0438683 
   0.0000934    0.0099687    0.9999503   -0.7756281 
   0.0000000    0.0000000    0.0000000    1.0000000 

angles x: 2.978820 y: -0.782418 z: -3.054123 index: 106
NCC max: 0.994468 min: -0.437089 outliers: 107 disp outliers: 30 
NCC max: 1.000000 min: -0.565716 outliers: 638 disp outliers: 256 
Num matches pre bucket: 375
Max age: 10
Index: 107, Matches: 374, Inliers: 37.7005 %, Current pose: 
  -0.0943551    0.0797785   -0.9923369  -57.4791889 
  -0.0078110    0.9966939    0.0808715    1.2045510 
   0.9955080    0.0153818   -0.0934200    1.0403800 
   0.0000000    0.0000000    0.0000000    1.0000000 

Motion:
   0.9999998    0.0003739    0.0005708    0.0040273 
  -0.0003709    0.9999861   -0.0052675    0.0423176 
  -0.0005728    0.0052673    0.9999860   -0.7634858 
   0.0000000    0.0000000    0.0000000    1.0000000 

angles x: 2.978405 y: -0.782572 z: -3.058998 index: 107
NCC max: 0.996452 min: -0.373678 outliers: 96 disp outliers: 31 
NCC max: 1.000000 min: -0.699607 outliers: 582 disp outliers: 229 
Num matches pre bucket: 372
Max age: 10
Index: 108, Matches: 371, Inliers: 44.2049 %, Current pose: 
  -0.0959515    0.0801274   -0.9921557  -58.2112249 
  -0.0062035    0.9966872    0.0810933    1.2146399 
   0.9953667    0.0139359   -0.0951366    0.9932120 
   0.0000000    0.0000000    0.0000000    1.0000000 

Motion:
   0.9999974    0.0014727    0.0017274   -0.0232279 
  -0.0014723    0.9999989   -0.0002118    0.0492580 
  -0.0017277    0.0002092    0.9999985   -0.7315992 
   0.0000000    0.0000000    0.0000000    1.0000000 

angles x: 2.996145 y: -0.782429 z: -3.077030 index: 108
NCC max: 1.000000 min: -0.232211 outliers: 98 disp outliers: 36 
NCC max: 1.000000 min: -0.596395 outliers: 639 disp outliers: 253 
Num matches pre bucket: 385
Max age: 11
Index: 109, Matches: 374, Inliers: 47.3262 %, Current pose: 
  -0.0965627    0.0752878   -0.9924754  -58.9675434 
  -0.0040770    0.9970968    0.0760351    1.2351043 
   0.9953186    0.0113884   -0.0959754    0.9269755 
   0.0000000    0.0000000    0.0000000    1.0000000 

Motion:
   0.9999976    0.0020698    0.0007834   -0.0070224 
  -0.0020738    0.9999850    0.0050772    0.0372910 
  -0.0007729   -0.0050788    0.9999868   -0.7585406 
   0.0000000    0.0000000    0.0000000    1.0000000 

angles x: 3.023485 y: -0.782172 z: -3.099397 index: 109
NCC max: 0.995338 min: -0.391491 outliers: 91 disp outliers: 35 
NCC max: 1.000000 min: -0.697306 outliers: 670 disp outliers: 229 
Num matches pre bucket: 388
Max age: 12
Index: 110, Matches: 380, Inliers: 54.2105 %, Current pose: 
  -0.0964869    0.0682129   -0.9929941  -59.7088505 
  -0.0031060    0.9976234    0.0688327    1.2395076 
   0.9953294    0.0097257   -0.0960457    0.8449642 
   0.0000000    0.0000000    0.0000000    1.0000000 

Motion:
   0.9999995    0.0009739   -0.0000025    0.0101155 
  -0.0009739    0.9999735    0.0072213    0.0469715 
   0.0000095   -0.0072213    0.9999739   -0.7442936 
   0.0000000    0.0000000    0.0000000    1.0000000 

angles x: 3.040675 y: -0.781919 z: -3.109412 index: 110
NCC max: 0.995611 min: -0.775198 outliers: 95 disp outliers: 30 
NCC max: 1.000000 min: -0.830971 outliers: 661 disp outliers: 265 
Num matches pre bucket: 405
Max age: 11
Index: 111, Matches: 400, Inliers: 43 %, Current pose: 
  -0.0959488    0.0617396   -0.9934697  -60.4496149 
  -0.0029003    0.9980530    0.0623045    1.2455676 
   0.9953820    0.0088594   -0.0955830    0.7620288 
   0.0000000    0.0000000    0.0000000    1.0000000 

Motion:
   0.9999998    0.0002425   -0.0005252    0.0114945 
  -0.0002390    0.9999786    0.0065408    0.0404210 
   0.0005268   -0.0065407    0.9999785   -0.7442318 
   0.0000000    0.0000000    0.0000000    1.0000000 

angles x: 3.049169 y: -0.781758 z: -3.111374 index: 111
NCC max: 0.999478 min: -0.633805 outliers: 77 disp outliers: 27 
NCC max: 1.000000 min: -0.633805 outliers: 640 disp outliers: 237 
Num matches pre bucket: 481
Max age: 11
Index: 112, Matches: 472, Inliers: 51.6949 %, Current pose: 
  -0.0937288    0.0567960   -0.9939764  -61.1814361 
  -0.0043724    0.9983384    0.0574576    1.2495525 
   0.9955882    0.0097315   -0.0933247    0.6702913 
   0.0000000    0.0000000    0.0000000    1.0000000 

Motion:
   0.9999964   -0.0013303   -0.0023170    0.0227575 
   0.0013415    0.9999874    0.0048457    0.0384790 
   0.0023105   -0.0048488    0.9999856   -0.7362033 
   0.0000000    0.0000000    0.0000000    1.0000000 

angles x: 3.037693 y: -0.781825 z: -3.094977 index: 112
NCC max: 0.998698 min: -0.352071 outliers: 80 disp outliers: 29 
NCC max: 1.000000 min: -0.703182 outliers: 613 disp outliers: 209 
Num matches pre bucket: 586
Max age: 13
Index: 113, Matches: 567, Inliers: 48.3245 %, Current pose: 
  -0.0906580    0.0545980   -0.9943843  -61.8965186 
  -0.0074868    0.9984305    0.0555027    1.2662450 
   0.9958539    0.0124765   -0.0901069    0.5877408 
   0.0000000    0.0000000    0.0000000    1.0000000 

Motion:
   0.9999904   -0.0029322   -0.0032561    0.0175053 
   0.0029385    0.9999938    0.0019339    0.0234057 
   0.0032504   -0.0019435    0.9999928   -0.7194318 
   0.0000000    0.0000000    0.0000000    1.0000000 

angles x: 3.004004 y: -0.782053 z: -3.059197 index: 113
NCC max: 0.996399 min: -0.347502 outliers: 93 disp outliers: 33 
NCC max: 1.000000 min: -0.761226 outliers: 645 disp outliers: 217 
Num matches pre bucket: 557
Max age: 14
Index: 114, Matches: 538, Inliers: 43.4944 %, Current pose: 
  -0.0860106    0.0567922   -0.9946742  -62.5845881 
  -0.0072755    0.9983116    0.0576290    1.2674435 
   0.9962677    0.0121934   -0.0854522    0.5146136 
   0.0000000    0.0000000    0.0000000    1.0000000 

Motion:
   0.9999891    0.0004698   -0.0046468    0.0136817 
  -0.0004799    0.9999975   -0.0021630    0.0387722 
   0.0046458    0.0021652    0.9999869   -0.6907229 
   0.0000000    0.0000000    0.0000000    1.0000000 

angles x: 2.999856 y: -0.782525 z: -3.057205 index: 114
NCC max: 1.000000 min: -0.503672 outliers: 112 disp outliers: 30 
NCC max: 1.000000 min: -0.751618 outliers: 720 disp outliers: 227 
Num matches pre bucket: 531
Max age: 11
Index: 115, Matches: 524, Inliers: 47.3282 %, Current pose: 
  -0.0791704    0.0604801   -0.9950247  -63.2609037 
  -0.0073401    0.9980954    0.0612508    1.2708435 
   0.9968341    0.0121528   -0.0785757    0.4506995 
   0.0000000    0.0000000    0.0000000    1.0000000 

Motion:
   0.9999764    0.0003309   -0.0068559    0.0101925 
  -0.0003561    0.9999932   -0.0036773    0.0382869 
   0.0068546    0.0036797    0.9999697   -0.6781811 
   0.0000000    0.0000000    0.0000000    1.0000000 

angles x: 2.988145 y: -0.783198 z: -3.049145 index: 115
NCC max: 0.998051 min: -0.396551 outliers: 99 disp outliers: 29 
NCC max: 1.000000 min: -0.598850 outliers: 712 disp outliers: 111 
Num matches pre bucket: 501
Max age: 9
Index: 116, Matches: 492, Inliers: 45.3252 %, Current pose: 
  -0.0730191    0.0644594   -0.9952453  -63.9092332 
  -0.0044692    0.9978780    0.0649578    1.2675084 
   0.9973205    0.0091912   -0.0725761    0.4297055 
   0.0000000    0.0000000    0.0000000    1.0000000 

Motion:
   0.9999768    0.0032433   -0.0059831   -0.0264177 
  -0.0032657    0.9999877   -0.0037401    0.0453119 
   0.0059709    0.0037595    0.9999751   -0.6465539 
   0.0000000    0.0000000    0.0000000    1.0000000 

angles x: 3.015622 y: -0.783784 z: -3.080462 index: 116
NCC max: 0.997136 min: -0.644892 outliers: 101 disp outliers: 28 
NCC max: 1.000000 min: -0.836224 outliers: 668 disp outliers: 179 
Num matches pre bucket: 536
Max age: 11
Index: 117, Matches: 524, Inliers: 49.8092 %, Current pose: 
  -0.0649582    0.0680467   -0.9955652  -64.5436351 
  -0.0052598    0.9976351    0.0685313    1.2657742 
   0.9978741    0.0096882   -0.0644466    0.3951220 
   0.0000000    0.0000000    0.0000000    1.0000000 

Motion:
   0.9999670   -0.0002642   -0.0081142   -0.0067087 
   0.0002348    0.9999934   -0.0036221    0.0452341 
   0.0081151    0.0036200    0.9999605   -0.6336985 
   0.0000000    0.0000000    0.0000000    1.0000000 

angles x: 2.992381 y: -0.784460 z: -3.060796 index: 117
NCC max: 0.997333 min: -0.247914 outliers: 84 disp outliers: 27 
NCC max: 1.000000 min: -0.615484 outliers: 652 disp outliers: 157 
Num matches pre bucket: 549
Max age: 20
Index: 118, Matches: 535, Inliers: 50.0935 %, Current pose: 
  -0.0521536    0.0715730   -0.9960709  -65.1799437 
  -0.0089000    0.9973554    0.0721313    1.2832727 
   0.9985994    0.0126269   -0.0513787    0.3455617 
   0.0000000    0.0000000    0.0000000    1.0000000 

Motion:
   0.9999111   -0.0027532   -0.0130440    0.0164609 
   0.0027049    0.9999894   -0.0037192    0.0287161 
   0.0130541    0.0036836    0.9999080   -0.6376170 
   0.0000000    0.0000000    0.0000000    1.0000000 

angles x: 2.900606 y: -0.785339 z: -2.972571 index: 118
NCC max: 0.999258 min: -0.102682 outliers: 89 disp outliers: 23 
NCC max: 1.000000 min: -0.789765 outliers: 677 disp outliers: 187 
Num matches pre bucket: 538
Max age: 10
Index: 119, Matches: 529, Inliers: 49.9055 %, Current pose: 
  -0.0365326    0.0758752   -0.9964479  -65.7998431 
  -0.0138974    0.9969785    0.0764251    1.2976219 
   0.9992358    0.0166401   -0.0353678    0.3039368 
   0.0000000    0.0000000    0.0000000    1.0000000 

Motion:
   0.9998653   -0.0038581   -0.0159528    0.0191459 
   0.0037865    0.9999826   -0.0045187    0.0334218 
   0.0159699    0.0044577    0.9998625   -0.6202663 
   0.0000000    0.0000000    0.0000000    1.0000000 

angles x: 2.701833 y: -0.786194 z: -2.778087 index: 119
NCC max: 0.999371 min: 0.008783 outliers: 87 disp outliers: 24 
NCC max: 1.000000 min: -0.793393 outliers: 675 disp outliers: 178 
Num matches pre bucket: 516
Max age: 11
Index: 120, Matches: 510, Inliers: 47.2549 %, Current pose: 
  -0.0176483    0.0776248   -0.9968264  -66.4046986 
  -0.0166006    0.9968215    0.0779184    1.3273033 
   0.9997064    0.0179231   -0.0163036    0.2872741 
   0.0000000    0.0000000    0.0000000    1.0000000 

Motion:
   0.9998179   -0.0012544   -0.0190405    0.0064758 
   0.0012203    0.9999976   -0.0018008    0.0176634 
   0.0190427    0.0017772    0.9998171   -0.6055204 
   0.0000000    0.0000000    0.0000000    1.0000000 

angles x: 2.308914 y: -0.786765 z: -2.386776 index: 120
NCC max: 0.999543 min: -0.300745 outliers: 81 disp outliers: 22 
NCC max: 1.000000 min: -0.643658 outliers: 670 disp outliers: 190 
Num matches pre bucket: 604
Max age: 15
Index: 121, Matches: 593, Inliers: 52.1079 %, Current pose: 
   0.0048583    0.0795762   -0.9968169  -66.9833248 
  -0.0184230    0.9966666    0.0794744    1.3410996 
   0.9998185    0.0179783    0.0063081    0.2907839 
   0.0000000    0.0000000    0.0000000    1.0000000 

Motion:
   0.9997451   -0.0000675   -0.0225790   -0.0004439 
   0.0000233    0.9999981   -0.0019581    0.0322314 
   0.0225791    0.0019571    0.9997431   -0.5779030 
   0.0000000    0.0000000    0.0000000    1.0000000 

angles x: 1.233344 y: -0.786971 z: -1.312961 index: 121
NCC max: 0.996970 min: -0.263555 outliers: 78 disp outliers: 22 
NCC max: 1.000000 min: -0.748351 outliers: 746 disp outliers: 207 
Num matches pre bucket: 595
Max age: 16
Index: 122, Matches: 576, Inliers: 54.3403 %, Current pose: 
   0.0296825    0.0805342   -0.9963098  -67.5182914 
  -0.0178862    0.9966322    0.0800274    1.3504803 
   0.9993993    0.0154448    0.0310229    0.3373940 
   0.0000000    0.0000000    0.0000000    1.0000000 

Motion:
   0.9996916    0.0025029   -0.0247052   -0.0305352 
  -0.0025277    0.9999963   -0.0009737    0.0330142 
   0.0247026    0.0010359    0.9996943   -0.5351891 
   0.0000000    0.0000000    0.0000000    1.0000000 

angles x: 0.461927 y: -0.786563 z: -0.542319 index: 122
NCC max: 1.000000 min: -0.210913 outliers: 95 disp outliers: 22 
NCC max: 1.000000 min: -0.888408 outliers: 780 disp outliers: 191 
Num matches pre bucket: 580
Max age: 14
Index: 123, Matches: 571, Inliers: 48.5114 %, Current pose: 
   0.0568675    0.0806419   -0.9951196  -68.0484167 
  -0.0137825    0.9967010    0.0799825    1.3489677 
   0.9982866    0.0091668    0.0577913    0.4315491 
   0.0000000    0.0000000    0.0000000    1.0000000 

Motion:
   0.9996214    0.0062620   -0.0267908   -0.0638677 
  -0.0062722    0.9999803   -0.0002966    0.0433948 
   0.0267884    0.0004645    0.9996410   -0.5328585 
   0.0000000    0.0000000    0.0000000    1.0000000 

angles x: 0.157309 y: -0.785380 z: -0.237777 index: 123
NCC max: 0.997222 min: -0.471583 outliers: 103 disp outliers: 22 
NCC max: 1.000000 min: -0.765218 outliers: 822 disp outliers: 101 
Num matches pre bucket: 555
Max age: 11
Index: 124, Matches: 548, Inliers: 54.927 %, Current pose: 
   0.0902672    0.0802293   -0.9926808  -68.5635114 
  -0.0132186    0.9967586    0.0793569    1.3745495 
   0.9958299    0.0059585    0.0910352    0.5169246 
   0.0000000    0.0000000    0.0000000    1.0000000 

Motion:
   0.9994391    0.0032330   -0.0333336   -0.0381852 
  -0.0032271    0.9999948    0.0002298    0.0153181 
   0.0333342   -0.0001221    0.9994443   -0.5211269 
   0.0000000    0.0000000    0.0000000    1.0000000 

angles x: 0.065360 y: -0.782890 z: -0.145405 index: 124
NCC max: 1.000000 min: -0.270442 outliers: 108 disp outliers: 23 
NCC max: 1.000000 min: -0.667257 outliers: 823 disp outliers: 160 
Num matches pre bucket: 578
Max age: 10
Index: 125, Matches: 566, Inliers: 51.0601 %, Current pose: 
   0.1270102    0.0815617   -0.9885424  -69.0177530 
  -0.0137458    0.9966626    0.0804656    1.3780820 
   0.9918062    0.0033684    0.1277075    0.6019854 
   0.0000000    0.0000000    0.0000000    1.0000000 

Motion:
   0.9993167    0.0023983   -0.0368822   -0.0266220 
  -0.0024578    0.9999958   -0.0015661    0.0332415 
   0.0368783    0.0016557    0.9993184   -0.4601842 
   0.0000000    0.0000000    0.0000000    1.0000000 

angles x: 0.026370 y: -0.778929 z: -0.107807 index: 125
NCC max: 0.995989 min: -0.076650 outliers: 98 disp outliers: 27 
NCC max: 1.000000 min: -0.486077 outliers: 836 disp outliers: 158 
Num matches pre bucket: 579
Max age: 12
Index: 126, Matches: 566, Inliers: 47.3498 %, Current pose: 
   0.1660829    0.0837313   -0.9825505  -69.4969129 
  -0.0134849    0.9964883    0.0826396    1.3515481 
   0.9860196   -0.0004755    0.1666287    0.7391348 
   0.0000000    0.0000000    0.0000000    1.0000000 

Motion:
   0.9992199    0.0034274   -0.0393429   -0.0560096 
  -0.0035344    0.9999902   -0.0026496    0.0666266 
   0.0393335    0.0027866    0.9992223   -0.4914591 
   0.0000000    0.0000000    0.0000000    1.0000000 

angles x: -0.002853 y: -0.773269 z: -0.081016 index: 126
NCC max: 0.997673 min: -0.243355 outliers: 93 disp outliers: 27 
NCC max: 1.000000 min: -0.815720 outliers: 815 disp outliers: 185 
Num matches pre bucket: 590
Max age: 14
Index: 127, Matches: 571, Inliers: 49.0368 %, Current pose: 
   0.2108382    0.0874856   -0.9735982  -69.9514961 
  -0.0138957    0.9961547    0.0865033    1.3441885 
   0.9774222   -0.0047094    0.2112431    0.8655301 
   0.0000000    0.0000000    0.0000000    1.0000000 

Motion:
   0.9989614    0.0033421   -0.0454409   -0.0278003 
  -0.0035467    0.9999839   -0.0044219    0.0476961 
   0.0454254    0.0045784    0.9989572   -0.4686449 
   0.0000000    0.0000000    0.0000000    1.0000000 

angles x: -0.022290 y: -0.764956 z: -0.065812 index: 127
NCC max: 1.000000 min: -0.465781 outliers: 133 disp outliers: 24 
NCC max: 1.000000 min: -0.758065 outliers: 818 disp outliers: 100 
Num matches pre bucket: 529
Max age: 15
Index: 128, Matches: 519, Inliers: 46.4355 %, Current pose: 
   0.2558820    0.0856935   -0.9629024  -70.3888683 
  -0.0082072    0.9962200    0.0864776    1.3412587 
   0.9666732   -0.0142253    0.2556181    1.0840639 
   0.0000000    0.0000000    0.0000000    1.0000000 

Motion:
   0.9989116    0.0096579   -0.0456332   -0.0993591 
  -0.0096799    0.9999531   -0.0002598    0.0435073 
   0.0456285    0.0007012    0.9989582   -0.4767546 
   0.0000000    0.0000000    0.0000000    1.0000000 

angles x: -0.055593 y: -0.754392 z: -0.032063 index: 128
NCC max: 0.997468 min: -0.497701 outliers: 124 disp outliers: 32 
NCC max: 1.000000 min: -0.617582 outliers: 809 disp outliers: 186 
Num matches pre bucket: 502
Max age: 16
Index: 129, Matches: 493, Inliers: 35.497 %, Current pose: 
   0.3067317    0.0727137   -0.9490144  -70.7732780 
   0.0060503    0.9969084    0.0783389    1.3696984 
   0.9517768   -0.0297709    0.3053435    1.2933555 
   0.0000000    0.0000000    0.0000000    1.0000000 

Motion:
   0.9984946    0.0187730   -0.0515381   -0.0814603 
  -0.0183544    0.9997947    0.0085841    0.0058309 
   0.0516887   -0.0076252    0.9986341   -0.4309440 
   0.0000000    0.0000000    0.0000000    1.0000000 

angles x: -0.097192 y: -0.739685 z: 0.019723 index: 129
NCC max: 0.998888 min: -0.170972 outliers: 120 disp outliers: 29 
NCC max: 1.000000 min: -0.719617 outliers: 839 disp outliers: 188 
Num matches pre bucket: 485
Max age: 17
Index: 130, Matches: 480, Inliers: 40.4167 %, Current pose: 
   0.3550575    0.0602619   -0.9329001  -71.1632172 
   0.0125535    0.9975228    0.0692141    1.4086687 
   0.9347602   -0.0362862    0.3534215    1.5489827 
   0.0000000    0.0000000    0.0000000    1.0000000 

Motion:
   0.9986664    0.0105036   -0.0505484   -0.1009885 
  -0.0100168    0.9999011    0.0098757   -0.0060995 
   0.0506471   -0.0093562    0.9986728   -0.4568158 
   0.0000000    0.0000000    0.0000000    1.0000000 

angles x: -0.102313 y: -0.723245 z: 0.035342 index: 130
NCC max: 0.996303 min: -0.564360 outliers: 123 disp outliers: 23 
NCC max: 1.000000 min: -0.749183 outliers: 778 disp outliers: 100 
Num matches pre bucket: 470
Max age: 14
Index: 131, Matches: 466, Inliers: 40.5579 %, Current pose: 
   0.4035970    0.0511658   -0.9135051  -71.5229514 
   0.0229077    0.9975570    0.0659945    1.4171855 
   0.9146501   -0.0475615    0.4014389    1.8491910 
   0.0000000    0.0000000    0.0000000    1.0000000 

Motion:
   0.9985661    0.0139833   -0.0516732   -0.1295930 
  -0.0137689    0.9998951    0.0045032    0.0241885 
   0.0517307   -0.0037852    0.9986539   -0.4496964 
   0.0000000    0.0000000    0.0000000    1.0000000 

angles x: -0.117928 y: -0.704471 z: 0.056698 index: 131
NCC max: 0.998643 min: -0.823731 outliers: 100 disp outliers: 29 
NCC max: 1.000000 min: -0.832771 outliers: 813 disp outliers: 120 
Num matches pre bucket: 487
Max age: 11
Index: 132, Matches: 484, Inliers: 52.8926 %, Current pose: 
   0.4549759    0.0509662   -0.8890441  -71.9029063 
   0.0203512    0.9975050    0.0675988    1.4378778 
   0.8902712   -0.0488489    0.4528035    2.0773316 
   0.0000000    0.0000000    0.0000000    1.0000000 

Motion:
   0.9983797    0.0012381   -0.0568902   -0.0306578 
  -0.0012593    0.9999991   -0.0003379    0.0098686 
   0.0568897    0.0004090    0.9983804   -0.4424983 
   0.0000000    0.0000000    0.0000000    1.0000000 

angles x: -0.107465 y: -0.682027 z: 0.044700 index: 132
NCC max: 0.998533 min: -0.381857 outliers: 108 disp outliers: 21 
NCC max: 1.000000 min: -0.721057 outliers: 845 disp outliers: 99 
Num matches pre bucket: 481
Max age: 10
Index: 133, Matches: 474, Inliers: 52.9536 %, Current pose: 
   0.5019921    0.0485355   -0.8635092  -72.2570196 
   0.0216559    0.9974057    0.0686509    1.4689525 
   0.8646010   -0.0531623    0.4996387    2.3541390 
   0.0000000    0.0000000    0.0000000    1.0000000 

Motion:
   0.9985644    0.0049517   -0.0533349   -0.0622388 
  -0.0049480    0.9999877    0.0002012    0.0009087 
   0.0533352    0.0000630    0.9985767   -0.4462172 
   0.0000000    0.0000000    0.0000000    1.0000000 

angles x: -0.106003 y: -0.658879 z: 0.043113 index: 133
NCC max: 0.998137 min: -0.476494 outliers: 103 disp outliers: 17 
NCC max: 1.000000 min: -0.928255 outliers: 840 disp outliers: 92 
Num matches pre bucket: 424
Max age: 7
Index: 134, Matches: 408, Inliers: 34.5588 %, Current pose: 
   0.5411850    0.0473477   -0.8395696  -72.5348504 
   0.0321607    0.9965177    0.0769295    1.4078118 
   0.8402884   -0.0686343    0.5377776    2.7120797 
   0.0000000    0.0000000    0.0000000    1.0000000 

Motion:
   0.9988812    0.0136723   -0.0452697   -0.1484492 
  -0.0139926    0.9998792   -0.0067657    0.0986494 
   0.0451718    0.0073916    0.9989519   -0.4210473 
   0.0000000    0.0000000    0.0000000    1.0000000 

angles x: -0.126940 y: -0.637718 z: 0.059357 index: 134
NCC max: 0.998699 min: -0.317639 outliers: 92 disp outliers: 19 
NCC max: 1.000000 min: -0.634576 outliers: 803 disp outliers: 114 
Num matches pre bucket: 421
Max age: 7
Index: 135, Matches: 416, Inliers: 25.7212 %, Current pose: 
   0.5825240    0.0386385   -0.8118946  -72.7779144 
   0.0517785    0.9950767    0.0845067    1.3600396 
   0.8111626   -0.0912659    0.5776554    3.0620817 
   0.0000000    0.0000000    0.0000000    1.0000000 

Motion:
   0.9985290    0.0235058   -0.0488610   -0.1398444 
  -0.0237767    0.9997049   -0.0049697    0.0888719 
   0.0487297    0.0061241    0.9987932   -0.3954858 
   0.0000000    0.0000000    0.0000000    1.0000000 

angles x: -0.156698 y: -0.613069 z: 0.088654 index: 135
NCC max: 0.997055 min: -0.232186 outliers: 91 disp outliers: 18 
NCC max: 1.000000 min: -0.839108 outliers: 803 disp outliers: 151 
Num matches pre bucket: 460
Max age: 13
Index: 136, Matches: 436, Inliers: 52.7523 %, Current pose: 
   0.6254083    0.0273769   -0.7798173  -73.0876938 
   0.0533765    0.9955424    0.0777580    1.3760075 
   0.7784699   -0.0902544    0.6211592    3.3726322 
   0.0000000    0.0000000    0.0000000    1.0000000 

Motion:
   0.9985448    0.0062308   -0.0535676   -0.0488679 
  -0.0057155    0.9999360    0.0097668    0.0206126 
   0.0536251   -0.0094465    0.9985165   -0.4357142 
   0.0000000    0.0000000    0.0000000    1.0000000 

angles x: -0.144290 y: -0.584862 z: 0.085140 index: 136
NCC max: 0.996088 min: 0.032958 outliers: 90 disp outliers: 23 
NCC max: 1.000000 min: -0.743500 outliers: 719 disp outliers: 173 
Num matches pre bucket: 428
Max age: 9
Index: 137, Matches: 419, Inliers: 44.1527 %, Current pose: 
   0.6688122    0.0180734   -0.7432117  -73.3994681 
   0.0438737    0.9970025    0.0637268    1.3675683 
   0.7421356   -0.0752287    0.6660145    3.6538803 
   0.0000000    0.0000000    0.0000000    1.0000000 

Motion:
   0.9983528   -0.0049929   -0.0571554    0.0001645 
   0.0059565    0.9998428    0.0167019    0.0352067 
   0.0570631   -0.0170149    0.9982256   -0.4184919 
   0.0000000    0.0000000    0.0000000    1.0000000 

angles x: -0.112477 y: -0.553667 z: 0.065506 index: 137
NCC max: 0.996760 min: -0.334171 outliers: 82 disp outliers: 41 
NCC max: 1.000000 min: -0.709751 outliers: 591 disp outliers: 243 
Num matches pre bucket: 346
Max age: 9
Index: 138, Matches: 345, Inliers: 43.4783 %, Current pose: 
   0.7112189   -0.0003468   -0.7029705  -73.6903129 
   0.0365570    0.9986650    0.0364932    1.4003092 
   0.7020194   -0.0516531    0.7102821    3.9579492 
   0.0000000    0.0000000    0.0000000    1.0000000 

Motion:
   0.9982694   -0.0035105   -0.0587014   -0.0078048 
   0.0052495    0.9995511    0.0294978   -0.0170919 
   0.0585715   -0.0297549    0.9978397   -0.4216248 
   0.0000000    0.0000000    0.0000000    1.0000000 

angles x: -0.072594 y: -0.520023 z: 0.051355 index: 138
NCC max: 0.997125 min: -0.072191 outliers: 72 disp outliers: 41 
NCC max: 1.000000 min: -0.765443 outliers: 547 disp outliers: 289 
Num matches pre bucket: 338
Max age: 11
Index: 139, Matches: 335, Inliers: 45.3731 %, Current pose: 
   0.7531929   -0.0073508   -0.6577586  -74.0035110 
   0.0253925    0.9995172    0.0179066    1.4146594 
   0.6573094   -0.0301893    0.7530159    4.2915929 
   0.0000000    0.0000000    0.0000000    1.0000000 

Motion:
   0.9980573   -0.0088547   -0.0616707    0.0162270 
   0.0101178    0.9997448    0.0202001   -0.0065731 
   0.0614761   -0.0207848    0.9978921   -0.4575048 
   0.0000000    0.0000000    0.0000000    1.0000000 

angles x: -0.040070 y: -0.483607 z: 0.033700 index: 139
NCC max: 1.000000 min: -0.661632 outliers: 67 disp outliers: 38 
NCC max: 1.000000 min: -0.806112 outliers: 464 disp outliers: 264 
Num matches pre bucket: 365
Max age: 9
Index: 140, Matches: 355, Inliers: 52.3944 %, Current pose: 
   0.7915173   -0.0100017   -0.6110649  -74.2687942 
   0.0221615    0.9996782    0.0123435    1.4104691 
   0.6107449   -0.0233122    0.7914842    4.6719819 
   0.0000000    0.0000000    0.0000000    1.0000000 

Motion:
   0.9981763   -0.0021054   -0.0603298   -0.0222515 
   0.0025278    0.9999728    0.0069251    0.0104034 
   0.0603136   -0.0070650    0.9981545   -0.4631254 
   0.0000000    0.0000000    0.0000000    1.0000000 

angles x: -0.029445 y: -0.446692 z: 0.027991 index: 140
NCC max: 0.996244 min: -0.431336 outliers: 63 disp outliers: 41 
NCC max: 1.000000 min: -0.813040 outliers: 468 disp outliers: 221 
Num matches pre bucket: 302
Max age: 10
Index: 141, Matches: 293, Inliers: 54.6075 %, Current pose: 
   0.8259295   -0.0129087   -0.5636256  -74.5123260 
   0.0210973    0.9997453    0.0080186    1.4092307 
   0.5633785   -0.0185138    0.8259915    5.0909505 
   0.0000000    0.0000000    0.0000000    1.0000000 

Motion:
   0.9982855   -0.0003038   -0.0585310   -0.0348716 
   0.0006312    0.9999843    0.0055751    0.0058511 
   0.0585283   -0.0056024    0.9982700   -0.4833154 
   0.0000000    0.0000000    0.0000000    1.0000000 

angles x: -0.022410 y: -0.409841 z: 0.025538 index: 141
NCC max: 0.997718 min: -0.256675 outliers: 68 disp outliers: 40 
NCC max: 1.000000 min: -0.788559 outliers: 484 disp outliers: 257 
Num matches pre bucket: 343
Max age: 11
Index: 142, Matches: 336, Inliers: 38.9881 %, Current pose: 
   0.8582822   -0.0130009   -0.5130133  -74.7695266 
   0.0154017    0.9998813    0.0004282    1.4244193 
   0.5129468   -0.0082688    0.8583805    5.5197735 
   0.0000000    0.0000000    0.0000000    1.0000000 

Motion:
   0.9981888   -0.0051781   -0.0599366    0.0005534 
   0.0056985    0.9999475    0.0085153   -0.0149848 
   0.0598894   -0.0088415    0.9981659   -0.5000471 
   0.0000000    0.0000000    0.0000000    1.0000000 

angles x: -0.009633 y: -0.371219 z: 0.017943 index: 142
NCC max: 0.997806 min: -0.246820 outliers: 66 disp outliers: 38 
NCC max: 1.000000 min: -0.509257 outliers: 434 disp outliers: 228 
Num matches pre bucket: 295
Max age: 11
Index: 143, Matches: 288, Inliers: 44.4444 %, Current pose: 
   0.8846397   -0.0095008   -0.4661784  -74.9854078 
   0.0125227    0.9999159    0.0033853    1.4138236 
   0.4661070   -0.0088326    0.8846843    5.9847883 
   0.0000000    0.0000000    0.0000000    1.0000000 

Motion:
   0.9985515   -0.0028340   -0.0537294   -0.0256369 
   0.0027154    0.9999937   -0.0022796    0.0126511 
   0.0537355    0.0021304    0.9985529   -0.5119946 
   0.0000000    0.0000000    0.0000000    1.0000000 

angles x: -0.009984 y: -0.335895 z: 0.014155 index: 143
NCC max: 0.995525 min: -0.681949 outliers: 69 disp outliers: 33 
NCC max: 1.000000 min: -0.686861 outliers: 470 disp outliers: 251 
Num matches pre bucket: 306
Max age: 12
Index: 144, Matches: 294, Inliers: 36.7347 %, Current pose: 
   0.9071797   -0.0034629   -0.4207291  -75.2391118 
   0.0054224    0.9999793    0.0034612    1.4329810 
   0.4207084   -0.0054213    0.9071797    6.4796775 
   0.0000000    0.0000000    0.0000000    1.0000000 

Motion:
   0.9986902   -0.0069129   -0.0506951    0.0218473 
   0.0069322    0.9999760    0.0002034   -0.0173526 
   0.0506925   -0.0005545    0.9987142   -0.5557604 
   0.0000000    0.0000000    0.0000000    1.0000000 

angles x: -0.005976 y: -0.302064 z: 0.005977 index: 144
NCC max: 0.995897 min: -0.206849 outliers: 68 disp outliers: 28 
NCC max: 1.000000 min: -0.690045 outliers: 464 disp outliers: 116 
Num matches pre bucket: 309
Max age: 9
Index: 145, Matches: 307, Inliers: 37.4593 %, Current pose: 
   0.9254122   -0.0001903   -0.3789621  -75.4577157 
  -0.0004601    0.9999986   -0.0016257    1.4514535 
   0.3789618    0.0016789    0.9254108    7.0127463 
   0.0000000    0.0000000    0.0000000    1.0000000 

Motion:
   0.9989451   -0.0057192   -0.0455629    0.0002945 
   0.0059561    0.9999694    0.0050643   -0.0194090 
   0.0455325   -0.0053303    0.9989486   -0.5761201 
   0.0000000    0.0000000    0.0000000    1.0000000 

angles x: 0.001814 y: -0.271282 z: -0.000497 index: 145
NCC max: 0.996036 min: -0.723557 outliers: 64 disp outliers: 28 
NCC max: 1.000000 min: -0.656438 outliers: 479 disp outliers: 142 
Num matches pre bucket: 320
Max age: 9
Index: 146, Matches: 315, Inliers: 44.4444 %, Current pose: 
   0.9396024    0.0097161   -0.3421299  -75.6791520 
  -0.0096063    0.9999518    0.0020155    1.4468958 
   0.3421330    0.0013928    0.9396505    7.5379817 
   0.0000000    0.0000000    0.0000000    1.0000000 

Motion:
   0.9991793   -0.0092107   -0.0394445    0.0283179 
   0.0090591    0.9999509   -0.0040187    0.0059775 
   0.0394796    0.0036581    0.9992137   -0.5692885 
   0.0000000    0.0000000    0.0000000    1.0000000 

angles x: 0.001482 y: -0.244361 z: -0.010223 index: 146
NCC max: 0.994506 min: -0.386941 outliers: 65 disp outliers: 28 
NCC max: 1.000000 min: -0.543706 outliers: 523 disp outliers: 200 
Num matches pre bucket: 370
Max age: 7
Index: 147, Matches: 366, Inliers: 51.9126 %, Current pose: 
   0.9497607    0.0093585   -0.3128371  -75.8327516 
  -0.0076843    0.9999488    0.0065843    1.4335552 
   0.3128827   -0.0038496    0.9497840    8.1154237 
   0.0000000    0.0000000    0.0000000    1.0000000 

Motion:
   0.9995188    0.0019799   -0.0309567   -0.0348912 
  -0.0021296    0.9999862   -0.0048037    0.0170003 
   0.0309467    0.0048673    0.9995092   -0.5964090 
   0.0000000    0.0000000    0.0000000    1.0000000 

angles x: -0.004053 y: -0.223096 z: -0.008091 index: 147
NCC max: 1.000000 min: -0.284901 outliers: 78 disp outliers: 34 
NCC max: 1.000000 min: -0.590679 outliers: 571 disp outliers: 186 
Num matches pre bucket: 312
Max age: 8
Index: 148, Matches: 306, Inliers: 56.2092 %, Current pose: 
   0.9572131    0.0080698   -0.2892715  -75.9799114 
  -0.0052731    0.9999315    0.0104461    1.4273494 
   0.2893360   -0.0084738    0.9571901    8.7085886 
   0.0000000    0.0000000    0.0000000    1.0000000 

Motion:
   0.9996921    0.0025714   -0.0246798   -0.0307934 
  -0.0026707    0.9999885   -0.0039890    0.0124192 
   0.0246692    0.0040537    0.9996874   -0.6102759 
   0.0000000    0.0000000    0.0000000    1.0000000 

angles x: -0.008853 y: -0.206055 z: -0.005509 index: 148
NCC max: 0.993976 min: -0.446387 outliers: 60 disp outliers: 31 
NCC max: 0.995205 min: -0.636897 outliers: 623 disp outliers: 193 
Num matches pre bucket: 323
Max age: 9
Index: 149, Matches: 321, Inliers: 52.648 %, Current pose: 
   0.9632264    0.0093117   -0.2685296  -76.1314462 
  -0.0055576    0.9998760    0.0147368    1.4339667 
   0.2686335   -0.0127024    0.9631587    9.3159325 
   0.0000000    0.0000000    0.0000000    1.0000000 

Motion:
   0.9997676   -0.0000605   -0.0215587   -0.0171539 
  -0.0000345    0.9999903   -0.0044074    0.0025093 
   0.0215587    0.0044072    0.9997579   -0.6257577 
   0.0000000    0.0000000    0.0000000    1.0000000 

angles x: -0.013188 y: -0.191127 z: -0.005770 index: 149
NCC max: 0.996911 min: -0.267586 outliers: 77 disp outliers: 24 
NCC max: 1.000000 min: -0.569324 outliers: 705 disp outliers: 171 
Num matches pre bucket: 324
Max age: 9
Index: 150, Matches: 323, Inliers: 48.6068 %, Current pose: 
   0.9683064    0.0152798   -0.2492977  -76.3183507 
  -0.0103315    0.9997230    0.0211455    1.4420804 
   0.2495517   -0.0178997    0.9681960    9.9386429 
   0.0000000    0.0000000    0.0000000    1.0000000 

Motion:
   0.9997936   -0.0044836   -0.0198133    0.0256662 
   0.0043534    0.9999687   -0.0066107    0.0058908 
   0.0198423    0.0065231    0.9997818   -0.6496722 
   0.0000000    0.0000000    0.0000000    1.0000000 

angles x: -0.018486 y: -0.177418 z: -0.010669 index: 150
NCC max: 0.997817 min: -0.193435 outliers: 85 disp outliers: 29 
NCC max: 1.000000 min: -0.475145 outliers: 624 disp outliers: 163 
Num matches pre bucket: 336
Max age: 11
Index: 151, Matches: 332, Inliers: 41.8675 %, Current pose: 
   0.9723972    0.0229185   -0.2322032  -76.5025594 
  -0.0176421    0.9995374    0.0247744    1.4526891 
   0.2326636   -0.0199940    0.9723517   10.5647298 
   0.0000000    0.0000000    0.0000000    1.0000000 

Motion:
   0.9998223   -0.0069438   -0.0175254    0.0336435 
   0.0068758    0.9999686   -0.0039359    0.0061360 
   0.0175522    0.0038147    0.9998387   -0.6518133 
   0.0000000    0.0000000    0.0000000    1.0000000 

angles x: -0.020560 y: -0.165321 z: -0.018141 index: 151
NCC max: 0.997527 min: -0.284980 outliers: 77 disp outliers: 35 
NCC max: 0.998221 min: -0.688867 outliers: 610 disp outliers: 103 
Num matches pre bucket: 377
Max age: 8
Index: 152, Matches: 367, Inliers: 41.6894 %, Current pose: 
   0.9756881    0.0302150   -0.2170711  -76.6992441 
  -0.0246822    0.9992988    0.0281549    1.4566177 
   0.2177695   -0.0221126    0.9757497   11.2314546 
   0.0000000    0.0000000    0.0000000    1.0000000 

Motion:
   0.9998589   -0.0066636   -0.0154208    0.0468075 
   0.0066064    0.9999711   -0.0037602    0.0167600 
   0.0154454    0.0036578    0.9998740   -0.6933616 
   0.0000000    0.0000000    0.0000000    1.0000000 

angles x: -0.022658 y: -0.154680 z: -0.025292 index: 152
NCC max: 0.997895 min: -0.382736 outliers: 77 disp outliers: 24 
NCC max: 0.998451 min: -0.880034 outliers: 701 disp outliers: 142 
Num matches pre bucket: 425
Max age: 8
Index: 153, Matches: 418, Inliers: 51.6746 %, Current pose: 
   0.9784820    0.0272288   -0.2045276  -76.8189739 
  -0.0220841    0.9993807    0.0273951    1.4609377 
   0.2051469   -0.0222888    0.9784774   11.8881099 
   0.0000000    0.0000000    0.0000000    1.0000000 

Motion:
   0.9999131    0.0029598   -0.0128498   -0.0174620 
  -0.0029539    0.9999955    0.0004787    0.0135788 
   0.0128512   -0.0004407    0.9999173   -0.6671288 
   0.0000000    0.0000000    0.0000000    1.0000000 

angles x: -0.022775 y: -0.145638 z: -0.022566 index: 153
NCC max: 0.992980 min: -0.499639 outliers: 88 disp outliers: 21 
NCC max: 0.997216 min: -0.526049 outliers: 717 disp outliers: 155 
Num matches pre bucket: 381
Max age: 11
Index: 154, Matches: 378, Inliers: 47.3545 %, Current pose: 
   0.9814289    0.0279751   -0.1897756  -76.9679786 
  -0.0234055    0.9993806    0.0262779    1.4780392 
   0.1903932   -0.0213481    0.9814758   12.5757870 
   0.0000000    0.0000000    0.0000000    1.0000000 

Motion:
   0.9998859   -0.0009115   -0.0150751    0.0157087 
   0.0009232    0.9999993    0.0007678    0.0017581 
   0.0150744   -0.0007816    0.9998861   -0.7036652 
   0.0000000    0.0000000    0.0000000    1.0000000 

angles x: -0.021748 y: -0.135099 z: -0.023844 index: 154
NCC max: 0.996784 min: -0.345969 outliers: 84 disp outliers: 33 
NCC max: 0.998599 min: -0.616037 outliers: 706 disp outliers: 172 
Num matches pre bucket: 349
Max age: 11
Index: 155, Matches: 344, Inliers: 47.093 %, Current pose: 
   0.9844401    0.0301556   -0.1731138  -77.1259357 
  -0.0256412    0.9992718    0.0282558    1.4879506 
   0.1738398   -0.0233773    0.9844964   13.2714924 
   0.0000000    0.0000000    0.0000000    1.0000000 

Motion:
   0.9998560   -0.0017966   -0.0168769    0.0348121 
   0.0017562    0.9999956   -0.0024083    0.0111228 
   0.0168812    0.0023783    0.9998547   -0.7125440 
   0.0000000    0.0000000    0.0000000    1.0000000 

angles x: -0.023741 y: -0.123301 z: -0.026041 index: 155
NCC max: 0.996963 min: -0.376797 outliers: 96 disp outliers: 27 
NCC max: 0.997472 min: -0.352269 outliers: 745 disp outliers: 148 
Num matches pre bucket: 358
Max age: 7
Index: 156, Matches: 351, Inliers: 49.0028 %, Current pose: 
   0.9869016    0.0328072   -0.1579522  -77.2540725 
  -0.0284172    0.9991467    0.0299724    1.4929892 
   0.1588007   -0.0250912    0.9869918   13.9774878 
   0.0000000    0.0000000    0.0000000    1.0000000 

Motion:
   0.9998800   -0.0023482   -0.0153105    0.0144890 
   0.0023156    0.9999950   -0.0021499    0.0168837 
   0.0153155    0.0021142    0.9998805   -0.7172022 
   0.0000000    0.0000000    0.0000000    1.0000000 

angles x: -0.025416 y: -0.112597 z: -0.028786 index: 156
NCC max: 0.996576 min: -0.124633 outliers: 105 disp outliers: 28 
NCC max: 0.998811 min: -0.435276 outliers: 756 disp outliers: 120 
Num matches pre bucket: 362
Max age: 12
Index: 157, Matches: 361, Inliers: 42.1053 %, Current pose: 
   0.9887266    0.0329968   -0.1460514  -77.3508575 
  -0.0299177    0.9992824    0.0232297    1.4939494 
   0.1467130   -0.0185983    0.9890042   14.7179224 
   0.0000000    0.0000000    0.0000000    1.0000000 

Motion:
   0.9999242   -0.0011360   -0.0122637   -0.0129088 
   0.0012143    0.9999789    0.0063826    0.0160049 
   0.0122562   -0.0063970    0.9999044   -0.7464508 
   0.0000000    0.0000000    0.0000000    1.0000000 

angles x: -0.018803 y: -0.103990 z: -0.030250 index: 157
NCC max: 0.994402 min: -0.375805 outliers: 111 disp outliers: 26 
NCC max: 0.999076 min: -0.592949 outliers: 766 disp outliers: 148 
Num matches pre bucket: 386
Max age: 10
Index: 158, Matches: 381, Inliers: 51.4436 %, Current pose: 
   0.9904265    0.0324160   -0.1341813  -77.4634742 
  -0.0312239    0.9994521    0.0109794    1.4861530 
   0.1344637   -0.0066846    0.9908960   15.4288127 
   0.0000000    0.0000000    0.0000000    1.0000000 

Motion:
   0.9999227   -0.0010214   -0.0123933    0.0157062 
   0.0011686    0.9999288    0.0118714    0.0161948 
   0.0123803   -0.0118850    0.9998527   -0.7194438 
   0.0000000    0.0000000    0.0000000    1.0000000 

angles x: -0.006746 y: -0.095274 z: -0.031515 index: 158
NCC max: 1.000000 min: -0.366895 outliers: 96 disp outliers: 30 
NCC max: 1.000000 min: -0.682251 outliers: 778 disp outliers: 149 
Num matches pre bucket: 413
Max age: 9
Index: 159, Matches: 400, Inliers: 50.5 %, Current pose: 
   0.9918128    0.0278830   -0.1246191  -77.5468738 
  -0.0286622    0.9995792   -0.0044640    1.4844537 
   0.1244422    0.0079993    0.9921946   16.1429416 
   0.0000000    0.0000000    0.0000000    1.0000000 

Motion:
   0.9999455    0.0026722   -0.0100882   -0.0061997 
  -0.0025191    0.9998819    0.0151599   -0.0016886 
   0.0101275   -0.0151336    0.9998342   -0.7189556 
   0.0000000    0.0000000    0.0000000    1.0000000 

angles x: 0.008062 y: -0.088145 z: -0.028891 index: 159
NCC max: 0.999512 min: -0.470617 outliers: 106 disp outliers: 19 
NCC max: 0.999512 min: -0.788808 outliers: 801 disp outliers: 136 
Num matches pre bucket: 379
Max age: 11
Index: 160, Matches: 371, Inliers: 46.3612 %, Current pose: 
   0.9927555    0.0283775   -0.1167529  -77.6282714 
  -0.0291699    0.9995615   -0.0050836    1.4853797 
   0.1165575    0.0084525    0.9931480   16.9300250 
   0.0000000    0.0000000    0.0000000    1.0000000 

Motion:
   0.9999683   -0.0005442   -0.0079384   -0.0109055 
   0.0005473    0.9999998    0.0003881   -0.0052685 
   0.0079382   -0.0003924    0.9999684   -0.7911889 
   0.0000000    0.0000000    0.0000000    1.0000000 

angles x: 0.008511 y: -0.082548 z: -0.029374 index: 160
NCC max: 0.997467 min: -0.352043 outliers: 102 disp outliers: 20 
NCC max: 0.998040 min: -0.617892 outliers: 762 disp outliers: 160 
Num matches pre bucket: 461
Max age: 11
Index: 161, Matches: 456, Inliers: 47.5877 %, Current pose: 
   0.9934524    0.0339133   -0.1090969  -77.7283239 
  -0.0330352    0.9994057    0.0098468    1.4671038 
   0.1093660   -0.0061783    0.9939824   17.7136408 
   0.0000000    0.0000000    0.0000000    1.0000000 

Motion:
   0.9999664   -0.0039047   -0.0072039    0.0130928 
   0.0037950    0.9998776   -0.0151760    0.0264996 
   0.0072623    0.0151482    0.9998589   -0.7896358 
   0.0000000    0.0000000    0.0000000    1.0000000 

angles x: -0.006216 y: -0.077455 z: -0.033241 index: 161
NCC max: 0.994761 min: -0.415420 outliers: 102 disp outliers: 22 
NCC max: 0.997857 min: -0.869897 outliers: 850 disp outliers: 153 
Num matches pre bucket: 447
Max age: 11
Index: 162, Matches: 438, Inliers: 41.0959 %, Current pose: 
   0.9937366    0.0423571   -0.1034088  -77.8375649 
  -0.0396945    0.9988286    0.0276727    1.4840759 
   0.1044598   -0.0233947    0.9942539   18.5477857 
   0.0000000    0.0000000    0.0000000    1.0000000 

Motion:
   0.9999658   -0.0066154   -0.0049732    0.0220959 
   0.0065247    0.9998160   -0.0180397    0.0071895 
   0.0050916    0.0180066    0.9998249   -0.8411180 
   0.0000000    0.0000000    0.0000000    1.0000000 

angles x: -0.023526 y: -0.074004 z: -0.039923 index: 162
NCC max: 0.996029 min: -0.119281 outliers: 103 disp outliers: 20 
NCC max: 1.000000 min: -0.752936 outliers: 844 disp outliers: 89 
Num matches pre bucket: 444
Max age: 12
Index: 163, Matches: 430, Inliers: 45.5814 %, Current pose: 
   0.9940701    0.0452514   -0.0988783  -77.9083849 
  -0.0419247    0.9984910    0.0354680    1.4780875 
   0.1003341   -0.0311123    0.9944672   19.3377259 
   0.0000000    0.0000000    0.0000000    1.0000000 

Motion:
   0.9999889   -0.0021169   -0.0041982   -0.0091090 
   0.0020833    0.9999660   -0.0079819    0.0337609 
   0.0042150    0.0079731    0.9999593   -0.7923598 
   0.0000000    0.0000000    0.0000000    1.0000000 

angles x: -0.031275 y: -0.071092 z: -0.042150 index: 163
NCC max: 0.995511 min: -0.482656 outliers: 98 disp outliers: 16 
NCC max: 0.999497 min: -0.805419 outliers: 789 disp outliers: 124 
Num matches pre bucket: 463
Max age: 10
Index: 164, Matches: 453, Inliers: 51.2141 %, Current pose: 
   0.9944721    0.0440149   -0.0953307  -77.9874318 
  -0.0410612    0.9986205    0.0327274    1.4725085 
   0.0966396   -0.0286321    0.9949075   20.0938442 
   0.0000000    0.0000000    0.0000000    1.0000000 

Motion:
   0.9999927    0.0009953   -0.0036831    0.0053099 
  -0.0009857    0.9999962    0.0025933    0.0306998 
   0.0036857   -0.0025896    0.9999899   -0.7596208 
   0.0000000    0.0000000    0.0000000    1.0000000 

angles x: -0.028771 y: -0.068464 z: -0.041266 index: 164
NCC max: 0.994156 min: -0.259904 outliers: 97 disp outliers: 17 
NCC max: 1.000000 min: -0.675893 outliers: 877 disp outliers: 122 
Num matches pre bucket: 434
Max age: 11
Index: 165, Matches: 426, Inliers: 47.4178 %, Current pose: 
   0.9947793    0.0433863   -0.0923678  -78.0603077 
  -0.0407366    0.9987079    0.0303823    1.4697174 
   0.0935666   -0.0264609    0.9952613   20.8859570 
   0.0000000    0.0000000    0.0000000    1.0000000 

Motion:
   0.9999952    0.0004257   -0.0030760   -0.0017337 
  -0.0004189    0.9999974    0.0022229    0.0269093 
   0.0030770   -0.0022216    0.9999928   -0.7950059 
   0.0000000    0.0000000    0.0000000    1.0000000 

angles x: -0.026581 y: -0.066280 z: -0.040927 index: 165
NCC max: 0.996920 min: -0.694015 outliers: 91 disp outliers: 21 
NCC max: 1.000000 min: -0.618394 outliers: 760 disp outliers: 104 
Num matches pre bucket: 478
Max age: 9
Index: 166, Matches: 474, Inliers: 38.3966 %, Current pose: 
   0.9950760    0.0428175   -0.0893892  -78.1310277 
  -0.0399407    0.9986327    0.0337276    1.4839156 
   0.0907111   -0.0299913    0.9954255   21.6420591 
   0.0000000    0.0000000    0.0000000    1.0000000 

Motion:
   0.9999956    0.0008833   -0.0028452    0.0023520 
  -0.0008931    0.9999936   -0.0034634    0.0115258 
   0.0028421    0.0034659    0.9999900   -0.7594437 
   0.0000000    0.0000000    0.0000000    1.0000000 

angles x: -0.030120 y: -0.064256 z: -0.040117 index: 166
NCC max: 0.997142 min: -0.509831 outliers: 103 disp outliers: 13 
NCC max: 0.998462 min: -0.662898 outliers: 792 disp outliers: 106 
Num matches pre bucket: 433
Max age: 13
Index: 167, Matches: 426, Inliers: 49.2958 %, Current pose: 
   0.9953723    0.0411647   -0.0868297  -78.1953620 
  -0.0380952    0.9985993    0.0367176    1.5033945 
   0.0882196   -0.0332399    0.9955463   22.4259971 
   0.0000000    0.0000000    0.0000000    1.0000000 

Motion:
   0.9999951    0.0019304   -0.0024444   -0.0043800 
  -0.0019380    0.9999934   -0.0030871    0.0092547 
   0.0024384    0.0030918    0.9999922   -0.7867479 
   0.0000000    0.0000000    0.0000000    1.0000000 

angles x: -0.033376 y: -0.062488 z: -0.038254 index: 167
NCC max: 0.995679 min: -0.581435 outliers: 97 disp outliers: 14 
NCC max: 1.000000 min: -0.945478 outliers: 767 disp outliers: 84 
Num matches pre bucket: 425
Max age: 11
Index: 168, Matches: 422, Inliers: 48.3412 %, Current pose: 
   0.9957912    0.0372806   -0.0837258  -78.2528657 
  -0.0339841    0.9986031    0.0404595    1.4977858 
   0.0851172   -0.0374438    0.9956671   23.1936749 
   0.0000000    0.0000000    0.0000000    1.0000000 

Motion:
   0.9999866    0.0042257   -0.0029740   -0.0082715 
  -0.0042371    0.9999836   -0.0038478    0.0364895 
   0.0029577    0.0038604    0.9999882   -0.7689392 
   0.0000000    0.0000000    0.0000000    1.0000000 

angles x: -0.037589 y: -0.060283 z: -0.034114 index: 168
NCC max: 0.997858 min: -0.319333 outliers: 104 disp outliers: 13 
NCC max: 1.000000 min: -0.792704 outliers: 753 disp outliers: 130 
Num matches pre bucket: 397
Max age: 15
Index: 169, Matches: 386, Inliers: 38.8601 %, Current pose: 
   0.9960962    0.0355884   -0.0807829  -78.3222272 
  -0.0331087    0.9989447    0.0318311    1.4854876 
   0.0818305   -0.0290322    0.9962233   23.9736767 
   0.0000000    0.0000000    0.0000000    1.0000000 

Motion:
   0.9999942    0.0010086   -0.0032626    0.0048556 
  -0.0009808    0.9999631    0.0085307    0.0373989 
   0.0032711   -0.0085275    0.9999583   -0.7822677 
   0.0000000    0.0000000    0.0000000    1.0000000 

angles x: -0.029134 y: -0.057942 z: -0.033226 index: 169
NCC max: 0.994965 min: -0.432472 outliers: 115 disp outliers: 13 
NCC max: 1.000000 min: -0.785183 outliers: 751 disp outliers: 85 
Num matches pre bucket: 330
Max age: 10
Index: 170, Matches: 328, Inliers: 40.2439 %, Current pose: 
   0.9960699    0.0379024   -0.0800513  -78.3926157 
  -0.0369125    0.9992231    0.0138101    1.4862854 
   0.0805125   -0.0108009    0.9966951   24.7252212 
   0.0000000    0.0000000    0.0000000    1.0000000 

Motion:
   0.9999919   -0.0037625   -0.0014319    0.0096326 
   0.0037876    0.9998311    0.0179844    0.0099881 
   0.0013640   -0.0179897    0.9998372   -0.7547065 
   0.0000000    0.0000000    0.0000000    1.0000000 

angles x: -0.010836 y: -0.057003 z: -0.037041 index: 170
NCC max: 1.000000 min: -0.379508 outliers: 101 disp outliers: 17 
NCC max: 1.000000 min: -0.760705 outliers: 738 disp outliers: 97 
Num matches pre bucket: 354
Max age: 12
Index: 171, Matches: 343, Inliers: 38.1924 %, Current pose: 
   0.9961803    0.0357391   -0.0796708  -78.4412008 
  -0.0364242    0.9993107   -0.0071626    1.5002430 
   0.0793599    0.0100372    0.9967955   25.4604001 
   0.0000000    0.0000000    0.0000000    1.0000000 

Motion:
   0.9999992    0.0005046   -0.0011509   -0.0094358 
  -0.0004803    0.9997805    0.0209436   -0.0195907 
   0.0011613   -0.0209430    0.9997800   -0.7365939 
   0.0000000    0.0000000    0.0000000    1.0000000 

angles x: 0.010069 y: -0.056183 z: -0.036548 index: 171
NCC max: 0.995430 min: -0.338871 outliers: 96 disp outliers: 18 
NCC max: 1.000000 min: -0.704295 outliers: 716 disp outliers: 51 
Num matches pre bucket: 344
Max age: 12
Index: 172, Matches: 341, Inliers: 46.9208 %, Current pose: 
   0.9962694    0.0366592   -0.0781237  -78.5133774 
  -0.0380907    0.9991312   -0.0169114    1.4705879 
   0.0774359    0.0198241    0.9968002   26.2080953 
   0.0000000    0.0000000    0.0000000    1.0000000 

Motion:
   0.9999968   -0.0016814   -0.0019130    0.0128794 
   0.0016999    0.9999517    0.0096836    0.0174528 
   0.0018966   -0.0096868    0.9999513   -0.7514429 
   0.0000000    0.0000000    0.0000000    1.0000000 

angles x: 0.019885 y: -0.054827 z: -0.038215 index: 172
NCC max: 0.997982 min: -0.301431 outliers: 133 disp outliers: 20 
NCC max: 1.000000 min: -0.700445 outliers: 720 disp outliers: 140 
Num matches pre bucket: 258
Max age: 16
Index: 173, Matches: 257, Inliers: 32.2957 %, Current pose: 
   0.9964457    0.0389311   -0.0747016  -78.5935890 
  -0.0400457    0.9991069   -0.0134806    1.4344806 
   0.0741101    0.0164242    0.9971148   26.9715937 
   0.0000000    0.0000000    0.0000000    1.0000000 

Motion:
   0.9999925   -0.0020128   -0.0032959    0.0218976 
   0.0020011    0.9999916   -0.0035662    0.0266580 
   0.0033031    0.0035595    0.9999882   -0.7677742 
   0.0000000    0.0000000    0.0000000    1.0000000 

angles x: 0.016470 y: -0.052472 z: -0.040167 index: 173
NCC max: 1.000000 min: -0.193125 outliers: 108 disp outliers: 16 
NCC max: 1.000000 min: -0.894286 outliers: 760 disp outliers: 88 
Num matches pre bucket: 367
Max age: 17
Index: 174, Matches: 364, Inliers: 44.2308 %, Current pose: 
   0.9964278    0.0431916   -0.0725685  -78.6590556 
  -0.0437026    0.9990296   -0.0054680    1.4184633 
   0.0722619    0.0086199    0.9973484   27.7589304 
   0.0000000    0.0000000    0.0000000    1.0000000 

Motion:
   0.9999916   -0.0036847   -0.0017922    0.0076383 
   0.0036700    0.9999605   -0.0080990    0.0120427 
   0.0018220    0.0080924    0.9999656   -0.7900875 
   0.0000000    0.0000000    0.0000000    1.0000000 

angles x: 0.008643 y: -0.051168 z: -0.043831 index: 174
NCC max: 0.994459 min: -0.324717 outliers: 109 disp outliers: 13 
NCC max: 0.998540 min: -0.801267 outliers: 768 disp outliers: 74 
Num matches pre bucket: 363
Max age: 13
Index: 175, Matches: 362, Inliers: 38.1215 %, Current pose: 
   0.9964364    0.0489761   -0.0686720  -78.7504829 
  -0.0487664    0.9987990    0.0047266    1.4113487 
   0.0688210   -0.0013609    0.9976281   28.5404098 
   0.0000000    0.0000000    0.0000000    1.0000000 

Motion:
   0.9999813   -0.0050882   -0.0034047    0.0369723 
   0.0050527    0.9999334   -0.0103728    0.0126473 
   0.0034572    0.0103554    0.9999404   -0.7858707 
   0.0000000    0.0000000    0.0000000    1.0000000 

angles x: -0.001364 y: -0.048741 z: -0.048902 index: 175
NCC max: 0.998861 min: -0.315797 outliers: 113 disp outliers: 13 
NCC max: 0.999135 min: -0.951803 outliers: 666 disp outliers: 109 
Num matches pre bucket: 398
Max age: 11
Index: 176, Matches: 391, Inliers: 38.3632 %, Current pose: 
   0.9967045    0.0466464   -0.0663652  -78.7976574 
  -0.0460567    0.9988848    0.0103897    1.3617503 
   0.0667758   -0.0072989    0.9977413   29.2795072 
   0.0000000    0.0000000    0.0000000    1.0000000 

Motion:
   0.9999942    0.0027224   -0.0020459   -0.0046191 
  -0.0027342    0.9999797   -0.0057635    0.0571382 
   0.0020302    0.0057691    0.9999813   -0.7400434 
   0.0000000    0.0000000    0.0000000    1.0000000 

angles x: -0.007315 y: -0.047287 z: -0.046176 index: 176
NCC max: 0.991718 min: -0.343123 outliers: 97 disp outliers: 8 
NCC max: 1.000000 min: -0.682994 outliers: 745 disp outliers: 96 
Num matches pre bucket: 387
Max age: 12
Index: 177, Matches: 385, Inliers: 35.8442 %, Current pose: 
   0.9968642    0.0421298   -0.0669836  -78.8166255 
  -0.0415333    0.9990843    0.0102741    1.3250874 
   0.0673551   -0.0074598    0.9977012   30.0178607 
   0.0000000    0.0000000    0.0000000    1.0000000 

Motion:
   0.9999896    0.0045216    0.0006143   -0.0323460 
  -0.0045217    0.9999898    0.0001412    0.0429365 
  -0.0006137   -0.0001440    0.9999998   -0.7375500 
   0.0000000    0.0000000    0.0000000    1.0000000 

angles x: -0.007477 y: -0.047688 z: -0.041640 index: 177
NCC max: 0.995016 min: -0.339867 outliers: 111 disp outliers: 13 
NCC max: 1.000000 min: -0.734215 outliers: 672 disp outliers: 72 
Num matches pre bucket: 338
Max age: 13
Index: 178, Matches: 336, Inliers: 29.7619 %, Current pose: 
   0.9970189    0.0392721   -0.0664149  -78.8598900 
  -0.0385467    0.9991827    0.0121702    1.2725222 
   0.0668386   -0.0095738    0.9977179   30.7431573 
   0.0000000    0.0000000    0.0000000    1.0000000 

Motion:
   0.9999954    0.0029943   -0.0004950   -0.0073685 
  -0.0029952    0.9999937   -0.0019167    0.0611652 
   0.0004892    0.0019182    0.9999980   -0.7258751 
   0.0000000    0.0000000    0.0000000    1.0000000 

angles x: -0.009595 y: -0.047317 z: -0.038643 index: 178
NCC max: 0.996235 min: -0.390804 outliers: 101 disp outliers: 13 
NCC max: 1.000000 min: -0.662075 outliers: 583 disp outliers: 29 
Num matches pre bucket: 358
Max age: 11
Index: 179, Matches: 351, Inliers: 33.9031 %, Current pose: 
   0.9972288    0.0377761   -0.0640912  -78.9240533 
  -0.0373103    0.9992680    0.0084499    1.2513252 
   0.0643635   -0.0060352    0.9979083   31.4842328 
   0.0000000    0.0000000    0.0000000    1.0000000 

Motion:
   0.9999962    0.0012673   -0.0024683    0.0154964 
  -0.0012583    0.9999926    0.0036309    0.0280778 
   0.0024729   -0.0036278    0.9999904   -0.7434585 
   0.0000000    0.0000000    0.0000000    1.0000000 

angles x: -0.006048 y: -0.045560 z: -0.037397 index: 179
NCC max: 0.994393 min: -0.230067 outliers: 92 disp outliers: 8 
NCC max: 1.000000 min: -0.815349 outliers: 534 disp outliers: 70 
Num matches pre bucket: 354
Max age: 11
Index: 180, Matches: 348, Inliers: 39.9425 %, Current pose: 
   0.9972945    0.0352624   -0.0644996  -78.9554074 
  -0.0350010    0.9993739    0.0051782    1.2362349 
   0.0646418   -0.0029066    0.9979043   32.2458709 
   0.0000000    0.0000000    0.0000000    1.0000000 

Motion:
   0.9999973    0.0023084    0.0002930   -0.0184926 
  -0.0023094    0.9999919    0.0032840    0.0184003 
  -0.0002854   -0.0032847    0.9999946   -0.7619862 
   0.0000000    0.0000000    0.0000000    1.0000000 

angles x: -0.002913 y: -0.045753 z: -0.035082 index: 180
NCC max: 0.994495 min: -0.095522 outliers: 95 disp outliers: 12 
NCC max: 1.000000 min: -0.785267 outliers: 500 disp outliers: 50 
Num matches pre bucket: 366
Max age: 11
Index: 181, Matches: 364, Inliers: 32.1429 %, Current pose: 
   0.9973571    0.0335272   -0.0644573  -78.9999867 
  -0.0333684    0.9994369    0.0035383    1.2220528 
   0.0645396   -0.0013781    0.9979142   32.9902959 
   0.0000000    0.0000000    0.0000000    1.0000000 

Motion:
   0.9999987    0.0016341   -0.0000976   -0.0040566 
  -0.0016339    0.9999973    0.0016375    0.0166947 
   0.0001002   -0.0016374    0.9999987   -0.7456955 
   0.0000000    0.0000000    0.0000000    1.0000000 

angles x: -0.001381 y: -0.045678 z: -0.033444 index: 181
NCC max: 0.995404 min: -0.707786 outliers: 90 disp outliers: 13 
NCC max: 1.000000 min: -0.719929 outliers: 434 disp outliers: 64 
Num matches pre bucket: 289
Max age: 8
Index: 182, Matches: 289, Inliers: 40.8304 %, Current pose: 
   0.9972278    0.0373446   -0.0643592  -79.0457221 
  -0.0370675    0.9992977    0.0054950    1.2060944 
   0.0645192   -0.0030942    0.9979117   33.7345932 
   0.0000000    0.0000000    0.0000000    1.0000000 

Motion:
   0.9999931   -0.0037013   -0.0000251   -0.0030044 
   0.0037012    0.9999912   -0.0019590    0.0199581 
   0.0000324    0.0019589    0.9999981   -0.7455987 
   0.0000000    0.0000000    0.0000000    1.0000000 

angles x: -0.003101 y: -0.045670 z: -0.037153 index: 182
NCC max: 0.995575 min: -0.296518 outliers: 87 disp outliers: 15 
NCC max: 1.000000 min: -0.777549 outliers: 477 disp outliers: 104 
Num matches pre bucket: 298
Max age: 9
Index: 183, Matches: 298, Inliers: 46.3087 %, Current pose: 
   0.9972014    0.0363415   -0.0653345  -79.0897978 
  -0.0361885    0.9993388    0.0035234    1.1783555 
   0.0654193   -0.0011492    0.9978572   34.5136537 
   0.0000000    0.0000000    0.0000000    1.0000000 

Motion:
   0.9999992    0.0008746    0.0009048   -0.0080171 
  -0.0008764    0.9999976    0.0020057    0.0302176 
  -0.0009030   -0.0020065    0.9999976   -0.7801731 
   0.0000000    0.0000000    0.0000000    1.0000000 

angles x: -0.001152 y: -0.046305 z: -0.036274 index: 183
NCC max: 0.994445 min: -0.319961 outliers: 91 disp outliers: 14 
NCC max: 1.000000 min: -0.878120 outliers: 390 disp outliers: 103 
Num matches pre bucket: 302
Max age: 14
Index: 184, Matches: 301, Inliers: 41.5282 %, Current pose: 
   0.9970944    0.0361859   -0.0670320  -79.1462124 
  -0.0360449    0.9993447    0.0033122    1.1522674 
   0.0671079   -0.0008864    0.9977453   35.3061119 
   0.0000000    0.0000000    0.0000000    1.0000000 

Motion:
   0.9999986    0.0001377    0.0016925    0.0021301 
  -0.0001381    1.0000000    0.0002724    0.0288148 
  -0.0016925   -0.0002727    0.9999985   -0.7943666 
   0.0000000    0.0000000    0.0000000    1.0000000 

angles x: -0.000888 y: -0.047501 z: -0.036134 index: 184
NCC max: 0.992931 min: -0.439039 outliers: 110 disp outliers: 16 
NCC max: 1.000000 min: -0.501229 outliers: 422 disp outliers: 105 
Num matches pre bucket: 261
Max age: 11
Index: 185, Matches: 261, Inliers: 40.9962 %, Current pose: 
   0.9969763    0.0332054   -0.0702549  -79.1833697 
  -0.0328793    0.9994425    0.0057941    1.1176719 
   0.0704081   -0.0034666    0.9975122   36.0903816 
   0.0000000    0.0000000    0.0000000    1.0000000 

Motion:
   0.9999895    0.0031564    0.0033112   -0.0193115 
  -0.0031485    0.9999922   -0.0023743    0.0385288 
  -0.0033186    0.0023639    0.9999917   -0.7847286 
   0.0000000    0.0000000    0.0000000    1.0000000 

angles x: -0.003475 y: -0.049834 z: -0.032967 index: 185
NCC max: 0.993361 min: -0.578512 outliers: 91 disp outliers: 13 
NCC max: 0.998532 min: -0.613549 outliers: 433 disp outliers: 125 
Num matches pre bucket: 293
Max age: 16
Index: 186, Matches: 289, Inliers: 44.9827 %, Current pose: 
   0.9967137    0.0360101   -0.0725610  -79.2616257 
  -0.0357175    0.9993477    0.0053256    1.0955957 
   0.0727055   -0.0027164    0.9973498   36.8579343 
   0.0000000    0.0000000    0.0000000    1.0000000 

Motion:
   0.9999933   -0.0028534    0.0022936    0.0214050 
   0.0028521    0.9999958    0.0005508    0.0269648 
  -0.0022952   -0.0005443    0.9999972   -0.7710793 
   0.0000000    0.0000000    0.0000000    1.0000000 

angles x: -0.002724 y: -0.051466 z: -0.035820 index: 186
NCC max: 0.995146 min: -0.742969 outliers: 93 disp outliers: 17 
NCC max: 0.995148 min: -0.888001 outliers: 415 disp outliers: 132 
Num matches pre bucket: 282
Max age: 17
Index: 187, Matches: 281, Inliers: 48.3986 %, Current pose: 
   0.9963353    0.0424043   -0.0742824  -79.3458064 
  -0.0421961    0.9990998    0.0043701    1.0709629 
   0.0744009   -0.0012197    0.9972277   37.6333989 
   0.0000000    0.0000000    0.0000000    1.0000000 

Motion:
   0.9999775   -0.0064926    0.0016838    0.0251376 
   0.0064909    0.9999784    0.0010274    0.0291260 
  -0.0016905   -0.0010165    0.9999981   -0.7794603 
   0.0000000    0.0000000    0.0000000    1.0000000 

angles x: -0.001223 y: -0.052681 z: -0.042326 index: 187
NCC max: 0.996557 min: -0.924262 outliers: 91 disp outliers: 17 
NCC max: 1.000000 min: -0.924262 outliers: 556 disp outliers: 131 
Num matches pre bucket: 257
Max age: 10
Index: 188, Matches: 255, Inliers: 49.4118 %, Current pose: 
   0.9960990    0.0423218   -0.0774309  -79.4151780 
  -0.0429565    0.9990555   -0.0065483    1.0376998 
   0.0770807    0.0098489    0.9969762   38.4155485 
   0.0000000    0.0000000    0.0000000    1.0000000 

Motion:
   0.9999961   -0.0007729    0.0026866    0.0073835 
   0.0007432    0.9999387    0.0110438    0.0284644 
  -0.0026950   -0.0110418    0.9999354   -0.7853739 
   0.0000000    0.0000000    0.0000000    1.0000000 

angles x: 0.009878 y: -0.054582 z: -0.043098 index: 188
NCC max: 0.991292 min: -0.625210 outliers: 82 disp outliers: 15 
NCC max: 0.996831 min: -0.788334 outliers: 617 disp outliers: 115 
Num matches pre bucket: 329
Max age: 9
Index: 189, Matches: 325, Inliers: 43.0769 %, Current pose: 
   0.9958420    0.0442181   -0.0796461  -79.4923110 
  -0.0456413    0.9988275   -0.0161370    1.0318690 
   0.0788392    0.0197051    0.9966926   39.2083803 
   0.0000000    0.0000000    0.0000000    1.0000000 

Motion:
   0.9999948   -0.0026759    0.0017907    0.0140399 
   0.0026584    0.9999496    0.0096810   -0.0063882 
  -0.0018165   -0.0096762    0.9999515   -0.7964470 
   0.0000000    0.0000000    0.0000000    1.0000000 

angles x: 0.019768 y: -0.055839 z: -0.045800 index: 189
NCC max: 0.996630 min: -0.016002 outliers: 73 disp outliers: 10 
NCC max: 1.000000 min: -0.702305 outliers: 594 disp outliers: 82 
Num matches pre bucket: 375
Max age: 10
Index: 190, Matches: 374, Inliers: 44.9198 %, Current pose: 
   0.9957351    0.0427163   -0.0817741  -79.5570346 
  -0.0444376    0.9988248   -0.0193467    0.9923951 
   0.0808516    0.0228980    0.9964631   40.0046121 
   0.0000000    0.0000000    0.0000000    1.0000000 

Motion:
   0.9999972    0.0012372    0.0019948   -0.0016832 
  -0.0012438    0.9999938    0.0033020    0.0239602 
  -0.0019907   -0.0033045    0.9999926   -0.7994721 
   0.0000000    0.0000000    0.0000000    1.0000000 

angles x: 0.022975 y: -0.057264 z: -0.044598 index: 190
NCC max: 0.996681 min: -0.353852 outliers: 91 disp outliers: 12 
NCC max: 1.000000 min: -0.652704 outliers: 662 disp outliers: 113 
Num matches pre bucket: 330
Max age: 10
Index: 191, Matches: 328, Inliers: 46.3415 %, Current pose: 
   0.9955362    0.0441278   -0.0834292  -79.6398258 
  -0.0455528    0.9988455   -0.0152535    0.9563457 
   0.0826597    0.0189859    0.9963970   40.8255619 
   0.0000000    0.0000000    0.0000000    1.0000000 

Motion:
   0.9999977   -0.0010810    0.0018396    0.0129201 
   0.0010883    0.9999914   -0.0040141    0.0240747 
  -0.0018352    0.0040161    0.9999903   -0.8254490 
   0.0000000    0.0000000    0.0000000    1.0000000 

angles x: 0.019052 y: -0.058547 z: -0.045725 index: 191
NCC max: 0.995053 min: -0.511586 outliers: 95 disp outliers: 12 
NCC max: 1.000000 min: -0.736446 outliers: 701 disp outliers: 122 
Num matches pre bucket: 292
Max age: 11
Index: 192, Matches: 290, Inliers: 45.8621 %, Current pose: 
   0.9954117    0.0419070   -0.0860195  -79.7032268 
  -0.0431082    0.9989965   -0.0121545    0.8994601 
   0.0854238    0.0158069    0.9962193   41.6642717 
   0.0000000    0.0000000    0.0000000    1.0000000 

Motion:
   0.9999932    0.0024888    0.0027272   -0.0109879 
  -0.0024806    0.9999925   -0.0029846    0.0462281 
  -0.0027346    0.0029778    0.9999918   -0.8416840 
   0.0000000    0.0000000    0.0000000    1.0000000 

angles x: 0.015866 y: -0.060499 z: -0.043280 index: 192
NCC max: 0.995005 min: -0.386281 outliers: 89 disp outliers: 16 
NCC max: 1.000000 min: -0.668009 outliers: 695 disp outliers: 147 
Num matches pre bucket: 301
Max age: 10
Index: 193, Matches: 300, Inliers: 48.3333 %, Current pose: 
   0.9953656    0.0406424   -0.0871526  -79.7810654 
  -0.0413912    0.9991199   -0.0068014    0.8529339 
   0.0867995    0.0103772    0.9961718   42.5069736 
   0.0000000    0.0000000    0.0000000    1.0000000 

Motion:
   0.9999976    0.0017351    0.0013536    0.0024060 
  -0.0017279    0.9999845   -0.0053019    0.0409039 
  -0.0013628    0.0052995    0.9999850   -0.8465762 
   0.0000000    0.0000000    0.0000000    1.0000000 

angles x: 0.010417 y: -0.061469 z: -0.041560 index: 193
NCC max: 0.998441 min: -0.459473 outliers: 94 disp outliers: 18 
NCC max: 0.998441 min: -0.694268 outliers: 725 disp outliers: 141 
Num matches pre bucket: 329
Max age: 11
Index: 194, Matches: 328, Inliers: 40.5488 %, Current pose: 
   0.9952801    0.0410273   -0.0879451  -79.8612675 
  -0.0410699    0.9991554    0.0013262    0.8389711 
   0.0879252    0.0022919    0.9961244   43.3555655 
   0.0000000    0.0000000    0.0000000    1.0000000 

Motion:
   0.9999993    0.0003292    0.0011267    0.0046374 
  -0.0003201    0.9999672   -0.0080881    0.0152966 
  -0.0011293    0.0080877    0.9999667   -0.8523379 
   0.0000000    0.0000000    0.0000000    1.0000000 

angles x: 0.002301 y: -0.062265 z: -0.041241 index: 194
NCC max: 0.994868 min: -0.112584 outliers: 102 disp outliers: 16 
NCC max: 1.000000 min: -0.560748 outliers: 723 disp outliers: 151 
Num matches pre bucket: 350
Max age: 12
Index: 195, Matches: 349, Inliers: 40.9742 %, Current pose: 
   0.9952271    0.0415433   -0.0883012  -79.9410114 
  -0.0406380    0.9991016    0.0120264    0.8265128 
   0.0887214   -0.0083806    0.9960212   44.1839260 
   0.0000000    0.0000000    0.0000000    1.0000000 

Motion:
   0.9999996    0.0004312    0.0007983    0.0053637 
  -0.0004226    0.9999429   -0.0106766    0.0227021 
  -0.0008029    0.0106763    0.9999427   -0.8319563 
   0.0000000    0.0000000    0.0000000    1.0000000 

angles x: -0.008414 y: -0.062831 z: -0.040810 index: 195
NCC max: 0.993129 min: -0.469495 outliers: 86 disp outliers: 14 
NCC max: 1.000000 min: -0.536505 outliers: 712 disp outliers: 61 
Num matches pre bucket: 368
Max age: 9
Index: 196, Matches: 367, Inliers: 38.4196 %, Current pose: 
   0.9953295    0.0417517   -0.0870401  -80.0264546 
  -0.0402325    0.9990071    0.0191365    0.7845013 
   0.0877527   -0.0155453    0.9960210   45.0553781 
   0.0000000    0.0000000    0.0000000    1.0000000 

Motion:
   0.9999994    0.0004175   -0.0009691    0.0068816 
  -0.0004244    0.9999743   -0.0071557    0.0590841 
   0.0009661    0.0071562    0.9999739   -0.8746176 
   0.0000000    0.0000000    0.0000000    1.0000000 

angles x: -0.015606 y: -0.062146 z: -0.040399 index: 196
NCC max: 0.995105 min: -0.400897 outliers: 108 disp outliers: 18 
NCC max: 1.000000 min: -0.763660 outliers: 696 disp outliers: 102 
Num matches pre bucket: 371
Max age: 9
Index: 197, Matches: 367, Inliers: 34.6049 %, Current pose: 
   0.9953287    0.0467722   -0.0844585  -80.1147849 
  -0.0452031    0.9987696    0.0203967    0.7590666 
   0.0853085   -0.0164836    0.9962182   45.9093706 
   0.0000000    0.0000000    0.0000000    1.0000000 

Motion:
   0.9999847   -0.0049277   -0.0025294    0.0139151 
   0.0049242    0.9999869   -0.0013761    0.0436116 
   0.0025362    0.0013636    0.9999959   -0.8577044 
   0.0000000    0.0000000    0.0000000    1.0000000 

angles x: -0.016545 y: -0.060427 z: -0.045384 index: 197
NCC max: 1.000000 min: -0.469385 outliers: 102 disp outliers: 16 
NCC max: 1.000000 min: -0.608388 outliers: 652 disp outliers: 120 
Num matches pre bucket: 368
Max age: 10
Index: 198, Matches: 365, Inliers: 39.4521 %, Current pose: 
   0.9954520    0.0465769   -0.0831018  -80.1810488 
  -0.0453214    0.9988289    0.0169325    0.7490949 
   0.0837931   -0.0130892    0.9963972   46.7836720 
   0.0000000    0.0000000    0.0000000    1.0000000 

Motion:
   0.9999988   -0.0000874   -0.0015225   -0.0077499 
   0.0000925    0.9999942    0.0033992    0.0244903 
   0.0015222   -0.0033994    0.9999931   -0.8764893 
   0.0000000    0.0000000    0.0000000    1.0000000 

angles x: -0.013136 y: -0.059351 z: -0.045497 index: 198
NCC max: 0.995671 min: -0.442060 outliers: 91 disp outliers: 15 
NCC max: 1.000000 min: -0.824335 outliers: 611 disp outliers: 157 
Num matches pre bucket: 371
Max age: 11
Index: 199, Matches: 368, Inliers: 41.0326 %, Current pose: 
   0.9957118    0.0429782   -0.0819206  -80.2460766 
  -0.0421420    0.9990406    0.0119095    0.7213512 
   0.0823539   -0.0084061    0.9965677   47.6590952 
   0.0000000    0.0000000    0.0000000    1.0000000 

Motion:
   0.9999939    0.0032066   -0.0014018   -0.0085147 
  -0.0031995    0.9999825    0.0049689    0.0378708 
   0.0014178   -0.0049644    0.9999867   -0.8774152 
   0.0000000    0.0000000    0.0000000    1.0000000 

angles x: -0.008435 y: -0.058320 z: -0.042298 index: 199
NCC max: 0.996847 min: 0.062747 outliers: 61 disp outliers: 20 
NCC max: 1.000000 min: -0.688050 outliers: 577 disp outliers: 150 
Num matches pre bucket: 329
Max age: 12
Index: 200, Matches: 317, Inliers: 40.694 %, Current pose: 
   0.9959943    0.0376653   -0.0810969  -80.3013166 
  -0.0370397    0.9992714    0.0092057    0.6932523 
   0.0813845   -0.0061650    0.9966637   48.5517779 
   0.0000000    0.0000000    0.0000000    1.0000000 

Motion:
   0.9999865    0.0051178   -0.0009284   -0.0186726 
  -0.0051153    0.9999833    0.0026714    0.0356624 
   0.0009420   -0.0026666    0.9999960   -0.8939255 
   0.0000000    0.0000000    0.0000000    1.0000000 

angles x: -0.006186 y: -0.057620 z: -0.037172 index: 200
NCC max: 0.998234 min: -0.439233 outliers: 79 disp outliers: 17 
NCC max: 1.000000 min: -0.585024 outliers: 547 disp outliers: 131 
Num matches pre bucket: 348
Max age: 7
Index: 201, Matches: 343, Inliers: 43.4402 %, Current pose: 
   0.9962623    0.0372541   -0.0779328  -80.3940023 
  -0.0366703    0.9992877    0.0089085    0.6732717 
   0.0782092   -0.0060173    0.9969188   49.4341679 
   0.0000000    0.0000000    0.0000000    1.0000000 

Motion:
   0.9999949    0.0003987   -0.0031831    0.0225956 
  -0.0003981    0.9999999    0.0001807    0.0287289 
   0.0031831   -0.0001794    0.9999949   -0.8867165 
   0.0000000    0.0000000    0.0000000    1.0000000 

angles x: -0.006036 y: -0.055369 z: -0.036791 index: 201
NCC max: 0.997585 min: -0.604217 outliers: 90 disp outliers: 15 
NCC max: 1.000000 min: -0.522014 outliers: 546 disp outliers: 98 
Num matches pre bucket: 354
Max age: 8
Index: 202, Matches: 351, Inliers: 47.2934 %, Current pose: 
   0.9964188    0.0342107   -0.0773248  -80.4557843 
  -0.0330891    0.9993285    0.0157404    0.6392502 
   0.0778114   -0.0131255    0.9968817   50.3278775 
   0.0000000    0.0000000    0.0000000    1.0000000 

Motion:
   0.9999935    0.0035870   -0.0003768   -0.0091058 
  -0.0035895    0.9999701   -0.0068487    0.0478427 
   0.0003523    0.0068500    0.9999765   -0.8951645 
   0.0000000    0.0000000    0.0000000    1.0000000 

angles x: -0.013166 y: -0.055082 z: -0.033196 index: 202
NCC max: 0.995426 min: -0.389006 outliers: 102 disp outliers: 11 
NCC max: 1.000000 min: -0.767364 outliers: 582 disp outliers: 135 
Num matches pre bucket: 372
Max age: 19
Index: 203, Matches: 366, Inliers: 35.2459 %, Current pose: 
   0.9964749    0.0305317   -0.0781377  -80.4948079 
  -0.0290317    0.9993731    0.0202609    0.6333214 
   0.0787073   -0.0179210    0.9967367   51.2520873 
   0.0000000    0.0000000    0.0000000    1.0000000 

Motion:
   0.9999914    0.0040448    0.0009527   -0.0340281 
  -0.0040405    0.9999817   -0.0044955    0.0236794 
  -0.0009708    0.0044916    0.9999894   -0.9241229 
   0.0000000    0.0000000    0.0000000    1.0000000 

angles x: -0.017978 y: -0.055712 z: -0.029126 index: 203
NCC max: 0.996610 min: -0.297300 outliers: 90 disp outliers: 15 
NCC max: 0.998389 min: -0.690731 outliers: 619 disp outliers: 125 
Num matches pre bucket: 345
Max age: 12
Index: 204, Matches: 342, Inliers: 50 %, Current pose: 
   0.9965034    0.0301265   -0.0779319  -80.5527311 
  -0.0285215    0.9993592    0.0216260    0.5906858 
   0.0785334   -0.0193276    0.9967241   52.1083872 
   0.0000000    0.0000000    0.0000000    1.0000000 

Motion:
   0.9999999    0.0005138   -0.0001652   -0.0107435 
  -0.0005141    0.9999989   -0.0013706    0.0609035 
   0.0001645    0.0013707    0.9999990   -0.8570868 
   0.0000000    0.0000000    0.0000000    1.0000000 

angles x: -0.019389 y: -0.055589 z: -0.028614 index: 204
NCC max: 0.996562 min: -0.532619 outliers: 78 disp outliers: 20 
NCC max: 1.000000 min: -0.748942 outliers: 638 disp outliers: 132 
Num matches pre bucket: 374
Max age: 10
Index: 205, Matches: 370, Inliers: 47.5676 %, Current pose: 
   0.9965228    0.0323515   -0.0767836  -80.6234417 
  -0.0313176    0.9994024    0.0146322    0.5584536 
   0.0772111   -0.0121767    0.9969404   52.9882747 
   0.0000000    0.0000000    0.0000000    1.0000000 

Motion:
   0.9999952   -0.0027681   -0.0013800    0.0015181 
   0.0027776    0.9999720    0.0069551    0.0452146 
   0.0013607   -0.0069589    0.9999749   -0.8821532 
   0.0000000    0.0000000    0.0000000    1.0000000 

angles x: -0.012213 y: -0.054653 z: -0.031417 index: 205
NCC max: 0.995818 min: -0.200552 outliers: 103 disp outliers: 20 
NCC max: 0.998537 min: -0.452944 outliers: 651 disp outliers: 137 
Num matches pre bucket: 296
Max age: 9
Index: 206, Matches: 295, Inliers: 31.8644 %, Current pose: 
   0.9964489    0.0336743   -0.0771732  -80.6951688 
  -0.0335347    0.9994327    0.0031048    0.5027481 
   0.0772339   -0.0005058    0.9970129   53.8299121 
   0.0000000    0.0000000    0.0000000    1.0000000 

Motion:
   0.9999975   -0.0022184   -0.0000040    0.0046013 
   0.0022183    0.9999310    0.0115340    0.0585151 
  -0.0000216   -0.0115340    0.9999335   -0.8444858 
   0.0000000    0.0000000    0.0000000    1.0000000 

angles x: -0.000507 y: -0.054671 z: -0.033641 index: 206
NCC max: 0.994172 min: -0.188497 outliers: 85 disp outliers: 16 
NCC max: 1.000000 min: -0.660161 outliers: 695 disp outliers: 105 
Num matches pre bucket: 384
Max age: 13
Index: 207, Matches: 382, Inliers: 36.911 %, Current pose: 
   0.9964990    0.0359293   -0.0754910  -80.7814667 
  -0.0367243    0.9992834   -0.0091684    0.4579703 
   0.0751075    0.0119087    0.9971043   54.6790957 
   0.0000000    0.0000000    0.0000000    1.0000000 

Motion:
   0.9999927   -0.0031850   -0.0021339    0.0205713 
   0.0032108    0.9999204    0.0122029    0.0377336 
   0.0020948   -0.0122097    0.9999233   -0.8536498 
   0.0000000    0.0000000    0.0000000    1.0000000 

angles x: 0.011943 y: -0.053171 z: -0.036837 index: 207
NCC max: 0.996052 min: -0.274278 outliers: 79 disp outliers: 14 
NCC max: 0.998235 min: -0.872288 outliers: 767 disp outliers: 127 
Num matches pre bucket: 393
Max age: 13
Index: 208, Matches: 389, Inliers: 34.9614 %, Current pose: 
   0.9965304    0.0438749   -0.0707266  -80.9263973 
  -0.0453471    0.9987840   -0.0193449    0.3710229 
   0.0697918    0.0224850    0.9973081   55.4798860 
   0.0000000    0.0000000    0.0000000    1.0000000 

Motion:
   0.9999487   -0.0086788   -0.0052236    0.0845964 
   0.0087305    0.9999124    0.0099505    0.0751947 
   0.0051368   -0.0099956    0.9999368   -0.8105672 
   0.0000000    0.0000000    0.0000000    1.0000000 

angles x: 0.022542 y: -0.049426 z: -0.045474 index: 208
NCC max: 0.994239 min: -0.332773 outliers: 110 disp outliers: 15 
NCC max: 0.996959 min: -0.617251 outliers: 797 disp outliers: 117 
Num matches pre bucket: 336
Max age: 10
Index: 209, Matches: 334, Inliers: 43.7126 %, Current pose: 
   0.9965774    0.0454240   -0.0690660  -80.9978288 
  -0.0470701    0.9986405   -0.0223955    0.3331847 
   0.0679549    0.0255698    0.9973607   56.3205384 
   0.0000000    0.0000000    0.0000000    1.0000000 

Motion:
   0.9999968   -0.0017602   -0.0018020    0.0122795 
   0.0017655    0.9999940    0.0029697    0.0195361 
   0.0017968   -0.0029729    0.9999940   -0.8442145 
   0.0000000    0.0000000    0.0000000    1.0000000 

angles x: 0.025632 y: -0.048129 z: -0.047197 index: 209
NCC max: 0.994208 min: -0.440928 outliers: 112 disp outliers: 20 
NCC max: 1.000000 min: -0.794620 outliers: 775 disp outliers: 106 
Num matches pre bucket: 350
Max age: 11
Index: 210, Matches: 347, Inliers: 42.3631 %, Current pose: 
   0.9967043    0.0426982   -0.0689743  -81.0421447 
  -0.0433964    0.9990204   -0.0086560    0.3038059 
   0.0685372    0.0116208    0.9975809   57.1748367 
   0.0000000    0.0000000    0.0000000    1.0000000 

Motion:
   0.9999931    0.0036894    0.0004897   -0.0156562 
  -0.0036823    0.9998989   -0.0137325    0.0213146 
  -0.0005404    0.0137306    0.9999056   -0.8555426 
   0.0000000    0.0000000    0.0000000    1.0000000 

angles x: 0.011648 y: -0.048529 z: -0.043512 index: 210
NCC max: 0.991890 min: -0.562910 outliers: 99 disp outliers: 17 
NCC max: 1.000000 min: -0.851031 outliers: 744 disp outliers: 149 
Num matches pre bucket: 351
Max age: 8
Index: 211, Matches: 350, Inliers: 33.4286 %, Current pose: 
   0.9967706    0.0424089   -0.0681899  -81.1085653 
  -0.0414491    0.9990215    0.0154300    0.2402865 
   0.0687776   -0.0125538    0.9975530   58.0289534 
   0.0000000    0.0000000    0.0000000    1.0000000 

Motion:
   0.9999981    0.0019510    0.0002184    0.0048292 
  -0.0019452    0.9997078   -0.0240961    0.0769965 
  -0.0002654    0.0240956    0.9997096   -0.8555758 
   0.0000000    0.0000000    0.0000000    1.0000000 

angles x: -0.012584 y: -0.048697 z: -0.041559 index: 211
NCC max: 0.997113 min: -0.491767 outliers: 94 disp outliers: 17 
NCC max: 1.000000 min: -0.818772 outliers: 651 disp outliers: 78 
Num matches pre bucket: 332
Max age: 12
Index: 212, Matches: 331, Inliers: 40.7855 %, Current pose: 
   0.9968328    0.0429949   -0.0669010  -81.1968359 
  -0.0409719    0.9986692    0.0313232    0.2463841 
   0.0681587   -0.0284829    0.9972678   58.9212001 
   0.0000000    0.0000000    0.0000000    1.0000000 

Motion:
   0.9999997    0.0004872   -0.0006143    0.0274265 
  -0.0004969    0.9998729   -0.0159356    0.0231195 
   0.0006064    0.0159359    0.9998728   -0.8959053 
   0.0000000    0.0000000    0.0000000    1.0000000 

angles x: -0.028553 y: -0.048267 z: -0.041079 index: 212
NCC max: 0.999164 min: -0.395531 outliers: 99 disp outliers: 13 
NCC max: 0.999164 min: -0.742264 outliers: 639 disp outliers: 137 
Num matches pre bucket: 326
Max age: 10
Index: 213, Matches: 322, Inliers: 38.1988 %, Current pose: 
   0.9966889    0.0374818   -0.0721556  -81.2243086 
  -0.0356519    0.9990133    0.0264831    0.2237967 
   0.0730770   -0.0238230    0.9970417   59.7851533 
   0.0000000    0.0000000    0.0000000    1.0000000 

Motion:
   0.9999737    0.0051666    0.0050812   -0.0365587 
  -0.0051921    0.9999739    0.0050268    0.0441768 
  -0.0050551   -0.0050531    0.9999745   -0.8627816 
   0.0000000    0.0000000    0.0000000    1.0000000 

angles x: -0.023889 y: -0.051738 z: -0.035755 index: 213
NCC max: 0.997977 min: -0.265340 outliers: 79 disp outliers: 22 
NCC max: 1.000000 min: -0.843156 outliers: 681 disp outliers: 141 
Num matches pre bucket: 361
Max age: 9
Index: 214, Matches: 357, Inliers: 38.6555 %, Current pose: 
   0.9966977    0.0307177   -0.0751667  -81.2614159 
  -0.0294746    0.9994107    0.0175925    0.2155122 
   0.0756629   -0.0153189    0.9970158   60.6457258 
   0.0000000    0.0000000    0.0000000    1.0000000 

Motion:
   0.9999776    0.0061100    0.0027411   -0.0283728 
  -0.0061344    0.9999409    0.0089775    0.0226025 
  -0.0026861   -0.0089941    0.9999559   -0.8606479 
   0.0000000    0.0000000    0.0000000    1.0000000 

angles x: -0.015364 y: -0.053555 z: -0.029564 index: 214
NCC max: 0.997396 min: -0.318750 outliers: 75 disp outliers: 19 
NCC max: 1.000000 min: -0.624759 outliers: 674 disp outliers: 96 
Num matches pre bucket: 358
Max age: 8
Index: 215, Matches: 357, Inliers: 43.4174 %, Current pose: 
   0.9964807    0.0296038   -0.0784210  -81.3271980 
  -0.0284617    0.9994725    0.0156418    0.1784970 
   0.0788427   -0.0133548    0.9967976   61.4912124 
   0.0000000    0.0000000    0.0000000    1.0000000 

Motion:
   0.9999944    0.0009569    0.0032045   -0.0021634 
  -0.0009634    0.9999974    0.0020431    0.0502343 
  -0.0032025   -0.0020461    0.9999928   -0.8473587 
   0.0000000    0.0000000    0.0000000    1.0000000 

angles x: -0.013397 y: -0.055805 z: -0.028554 index: 215
NCC max: 0.997491 min: 0.021560 outliers: 90 disp outliers: 18 
NCC max: 1.000000 min: -0.759056 outliers: 633 disp outliers: 22 
Num matches pre bucket: 346
Max age: 11
Index: 216, Matches: 345, Inliers: 41.7391 %, Current pose: 
   0.9963080    0.0289810   -0.0808114  -81.3957937 
  -0.0282181    0.9995459    0.0105663    0.1463421 
   0.0810810   -0.0082470    0.9966734   62.2949740 
   0.0000000    0.0000000    0.0000000    1.0000000 

Motion:
   0.9999975    0.0002085    0.0022485    0.0022654 
  -0.0002200    0.9999868    0.0051415    0.0407569 
  -0.0022474   -0.0051420    0.9999843   -0.8062914 
   0.0000000    0.0000000    0.0000000    1.0000000 

angles x: -0.008274 y: -0.057389 z: -0.028315 index: 216
NCC max: 0.996585 min: -0.530126 outliers: 92 disp outliers: 27 
NCC max: 1.000000 min: -0.940429 outliers: 715 disp outliers: 98 
Num matches pre bucket: 383
Max age: 9
Index: 217, Matches: 376, Inliers: 39.8936 %, Current pose: 
   0.9958744    0.0307700   -0.0853663  -81.4599475 
  -0.0306159    0.9995264    0.0031138    0.1143824 
   0.0854217   -0.0004874    0.9963448   63.1222228 
   0.0000000    0.0000000    0.0000000    1.0000000 

Motion:
   0.9999876   -0.0024451    0.0043360   -0.0077544 
   0.0024121    0.9999683    0.0075890    0.0343218 
  -0.0043544   -0.0075784    0.9999618   -0.8296020 
   0.0000000    0.0000000    0.0000000    1.0000000 

angles x: -0.000489 y: -0.060468 z: -0.030733 index: 217
NCC max: 0.997419 min: -0.478421 outliers: 100 disp outliers: 17 
NCC max: 1.000000 min: -0.706489 outliers: 701 disp outliers: 81 
Num matches pre bucket: 360
Max age: 10
Index: 218, Matches: 360, Inliers: 42.7778 %, Current pose: 
   0.9954348    0.0303870   -0.0904778  -81.5276273 
  -0.0309602    0.9995084   -0.0049377    0.0817719 
   0.0902833    0.0077164    0.9958862   63.9378402 
   0.0000000    0.0000000    0.0000000    1.0000000 

Motion:
   0.9999880   -0.0003600    0.0048803   -0.0072754 
   0.0003200    0.9999663    0.0082065    0.0283574 
  -0.0048831   -0.0082048    0.9999544   -0.8185467 
   0.0000000    0.0000000    0.0000000    1.0000000 

angles x: 0.007748 y: -0.063914 z: -0.031092 index: 218
NCC max: 0.991310 min: -0.804622 outliers: 94 disp outliers: 19 
NCC max: 1.000000 min: -0.804622 outliers: 610 disp outliers: 107 
Num matches pre bucket: 315
Max age: 11
Index: 219, Matches: 313, Inliers: 37.6997 %, Current pose: 
   0.9949524    0.0332109   -0.0946928  -81.6062138 
  -0.0344834    0.9993352   -0.0118336    0.0124962 
   0.0942368    0.0150392    0.9954362   64.7689243 
   0.0000000    0.0000000    0.0000000    1.0000000 

Motion:
   0.9999859   -0.0035056    0.0039983   -0.0025177 
   0.0034774    0.9999692    0.0070380    0.0593408 
  -0.0040228   -0.0070240    0.9999672   -0.8355526 
   0.0000000    0.0000000    0.0000000    1.0000000 

angles x: 0.015107 y: -0.066727 z: -0.034644 index: 219
NCC max: 1.000000 min: -0.510499 outliers: 77 disp outliers: 24 
NCC max: 1.000000 min: -0.805017 outliers: 658 disp outliers: 108 
Num matches pre bucket: 347
Max age: 7
Index: 220, Matches: 346, Inliers: 37.2832 %, Current pose: 
   0.9945000    0.0392001   -0.0971241  -81.7093369 
  -0.0403172    0.9991411   -0.0095651   -0.0499425 
   0.0966657    0.0134283    0.9952263   65.5701226 
   0.0000000    0.0000000    0.0000000    1.0000000 

Motion:
   0.9999799   -0.0058084    0.0025297    0.0225901 
   0.0058139    0.9999807   -0.0021684    0.0556688 
  -0.0025171    0.0021831    0.9999944   -0.8079866 
   0.0000000    0.0000000    0.0000000    1.0000000 

angles x: 0.013492 y: -0.068464 z: -0.040518 index: 220
NCC max: 0.996256 min: -0.379581 outliers: 77 disp outliers: 24 
NCC max: 0.998007 min: -0.565069 outliers: 675 disp outliers: 110 
Num matches pre bucket: 350
Max age: 8
Index: 221, Matches: 348, Inliers: 37.069 %, Current pose: 
   0.9939285    0.0433257   -0.1011383  -81.7947963 
  -0.0440865    0.9990137   -0.0052984   -0.0782175 
   0.1008090    0.0097250    0.9948583   66.3657662 
   0.0000000    0.0000000    0.0000000    1.0000000 

Motion:
   0.9999841   -0.0037328    0.0042150    0.0034859 
   0.0037500    0.9999846   -0.0040850    0.0242120 
  -0.0041997    0.0041008    0.9999828   -0.8003456 
   0.0000000    0.0000000    0.0000000    1.0000000 

angles x: 0.009775 y: -0.071413 z: -0.044327 index: 221
NCC max: 0.995457 min: -0.538215 outliers: 92 disp outliers: 29 
NCC max: 1.000000 min: -0.607431 outliers: 627 disp outliers: 159 
Num matches pre bucket: 356
Max age: 9
Index: 222, Matches: 355, Inliers: 40.8451 %, Current pose: 
   0.9933248    0.0469578   -0.1053602  -81.8777984 
  -0.0463494    0.9988915    0.0082177   -0.1005724 
   0.1056293   -0.0032794    0.9944002   67.1967201 
   0.0000000    0.0000000    0.0000000    1.0000000 

Motion:
   0.9999856   -0.0022399    0.0048686   -0.0063611 
   0.0023045    0.9999088   -0.0133043    0.0289528 
  -0.0048383    0.0133154    0.9998996   -0.8348621 
   0.0000000    0.0000000    0.0000000    1.0000000 

angles x: -0.003298 y: -0.074843 z: -0.046627 index: 222
NCC max: 0.993447 min: -0.243473 outliers: 77 disp outliers: 26 
NCC max: 1.000000 min: -0.767777 outliers: 602 disp outliers: 103 
Num matches pre bucket: 374
Max age: 10
Index: 223, Matches: 373, Inliers: 38.0697 %, Current pose: 
   0.9926817    0.0482175   -0.1107166  -81.9493462 
  -0.0460438    0.9986948    0.0221078   -0.1337583 
   0.1116381   -0.0168482    0.9936061   68.0305860 
   0.0000000    0.0000000    0.0000000    1.0000000 

Motion:
   0.9999817    0.0002553    0.0060454   -0.0235950 
  -0.0001729    0.9999071   -0.0136271    0.0506416 
  -0.0060484    0.0136258    0.9998889   -0.8357221 
   0.0000000    0.0000000    0.0000000    1.0000000 

angles x: -0.016955 y: -0.079116 z: -0.046350 index: 223
NCC max: 0.996822 min: -0.123666 outliers: 62 disp outliers: 22 
NCC max: 1.000000 min: -0.591847 outliers: 596 disp outliers: 105 
Num matches pre bucket: 380
Max age: 9
Index: 224, Matches: 375, Inliers: 40 %, Current pose: 
   0.9920085    0.0478164   -0.1167593  -82.0305985 
  -0.0446943    0.9985734    0.0292150   -0.1300470 
   0.1179897   -0.0237630    0.9927305   68.8268102 
   0.0000000    0.0000000    0.0000000    1.0000000 

Motion:
   0.9999787    0.0012083    0.0064153   -0.0131774 
  -0.0011645    0.9999760   -0.0068289    0.0190999 
  -0.0064234    0.0068212    0.9999561   -0.8000314 
   0.0000000    0.0000000    0.0000000    1.0000000 

angles x: -0.023932 y: -0.083630 z: -0.045024 index: 224
NCC max: 0.992903 min: -0.451162 outliers: 83 disp outliers: 25 
NCC max: 0.997909 min: -0.607793 outliers: 629 disp outliers: 97 
Num matches pre bucket: 351
Max age: 7
Index: 225, Matches: 351, Inliers: 43.5897 %, Current pose: 
   0.9913450    0.0473978   -0.1224280  -82.1363943 
  -0.0437585    0.9985216    0.0322466   -0.1441834 
   0.1237754   -0.0266103    0.9919534   69.6348028 
   0.0000000    0.0000000    0.0000000    1.0000000 

Motion:
   0.9999826    0.0007652    0.0058485    0.0042520 
  -0.0007489    0.9999959   -0.0027792    0.0406309 
  -0.0058506    0.0027747    0.9999790   -0.8139875 
   0.0000000    0.0000000    0.0000000    1.0000000 

angles x: -0.026820 y: -0.087742 z: -0.044112 index: 225
NCC max: 0.995458 min: -0.489290 outliers: 75 disp outliers: 29 
NCC max: 1.000000 min: -0.685576 outliers: 629 disp outliers: 172 
Num matches pre bucket: 334
Max age: 8
Index: 226, Matches: 330, Inliers: 35.7576 %, Current pose: 
   0.9905351    0.0460243   -0.1293135  -82.2318474 
  -0.0411619    0.9983504    0.0400278   -0.1343107 
   0.1309424   -0.0343262    0.9907955   70.4492191 
   0.0000000    0.0000000    0.0000000    1.0000000 

Motion:
   0.9999706    0.0023637    0.0072923   -0.0116857 
  -0.0023091    0.9999693   -0.0074912    0.0224925 
  -0.0073098    0.0074741    0.9999454   -0.8196586 
   0.0000000    0.0000000    0.0000000    1.0000000 

angles x: -0.034631 y: -0.092839 z: -0.041531 index: 226
NCC max: 0.990121 min: -0.640266 outliers: 75 disp outliers: 30 
NCC max: 1.000000 min: -0.778087 outliers: 748 disp outliers: 93 
Num matches pre bucket: 275
Max age: 10
Index: 227, Matches: 275, Inliers: 42.5455 %, Current pose: 
   0.9897586    0.0452923   -0.1353751  -82.3453756 
  -0.0402979    0.9984102    0.0394097   -0.1511880 
   0.1369449   -0.0335507    0.9900103   71.2328475 
   0.0000000    0.0000000    0.0000000    1.0000000 

Motion:
   0.9999813    0.0006208    0.0060822    0.0043715 
  -0.0006260    0.9999994    0.0008654    0.0482838 
  -0.0060816   -0.0008691    0.9999811   -0.7905040 
   0.0000000    0.0000000    0.0000000    1.0000000 

angles x: -0.033876 y: -0.097104 z: -0.040692 index: 227
NCC max: 0.995822 min: -0.572372 outliers: 90 disp outliers: 29 
NCC max: 0.997930 min: -0.673338 outliers: 684 disp outliers: 162 
Num matches pre bucket: 285
Max age: 8
Index: 228, Matches: 283, Inliers: 32.5088 %, Current pose: 
   0.9886254    0.0530016   -0.1407501  -82.4975703 
  -0.0483619    0.9981742    0.0361846   -0.1492750 
   0.1424109   -0.0289660    0.9893837   72.0067542 
   0.0000000    0.0000000    0.0000000    1.0000000 

Motion:
   0.9999519   -0.0082859    0.0052471    0.0403434 
   0.0082677    0.9999597    0.0034859    0.0285741 
  -0.0052758   -0.0034424    0.9999802   -0.7871813 
   0.0000000    0.0000000    0.0000000    1.0000000 

angles x: -0.029269 y: -0.101023 z: -0.048879 index: 228
NCC max: 0.998040 min: -0.436191 outliers: 92 disp outliers: 33 
NCC max: 0.999250 min: -0.908411 outliers: 744 disp outliers: 173 
Num matches pre bucket: 359
Max age: 7
Index: 229, Matches: 355, Inliers: 33.8028 %, Current pose: 
   0.9875437    0.0556754   -0.1471656  -82.6361317 
  -0.0522686    0.9982702    0.0269190   -0.1488319 
   0.1484097   -0.0188916    0.9887455   72.7639285 
   0.0000000    0.0000000    0.0000000    1.0000000 

Motion:
   0.9999738   -0.0041307    0.0059460    0.0244866 
   0.0040735    0.9999457    0.0095946    0.0215764 
  -0.0059853   -0.0095702    0.9999363   -0.7690561 
   0.0000000    0.0000000    0.0000000    1.0000000 

angles x: -0.019104 y: -0.105299 z: -0.052879 index: 229
NCC max: 0.997741 min: -0.416822 outliers: 112 disp outliers: 31 
NCC max: 1.000000 min: -0.795271 outliers: 663 disp outliers: 115 
Num matches pre bucket: 325
Max age: 10
Index: 230, Matches: 323, Inliers: 44.582 %, Current pose: 
   0.9866374    0.0537499   -0.1538104  -82.7576118 
  -0.0512521    0.9984822    0.0201619   -0.1463254 
   0.1546607   -0.0120094    0.9878947   73.5361303 
   0.0000000    0.0000000    0.0000000    1.0000000 

Motion:
   0.9999795    0.0008462    0.0063413    0.0005560 
  -0.0008912    0.9999744    0.0070938    0.0133005 
  -0.0063352   -0.0070993    0.9999547   -0.7815895 
   0.0000000    0.0000000    0.0000000    1.0000000 

angles x: -0.012156 y: -0.109737 z: -0.051900 index: 230
NCC max: 0.994442 min: -0.485749 outliers: 111 disp outliers: 21 
NCC max: 1.000000 min: -0.891887 outliers: 779 disp outliers: 167 
Num matches pre bucket: 293
Max age: 8
Index: 231, Matches: 292, Inliers: 36.6438 %, Current pose: 
   0.9859282    0.0529336   -0.1585674  -82.8992380 
  -0.0509701    0.9985651    0.0164269   -0.1342018 
   0.1592094   -0.0081136    0.9872115   74.3126587 
   0.0000000    0.0000000    0.0000000    1.0000000 

Motion:
   0.9999894    0.0001888    0.0046084    0.0166206 
  -0.0002072    0.9999921    0.0039759    0.0016909 
  -0.0046077   -0.0039768    0.9999815   -0.7892542 
   0.0000000    0.0000000    0.0000000    1.0000000 

angles x: -0.008218 y: -0.112972 z: -0.051652 index: 231
NCC max: 1.000000 min: -0.513405 outliers: 88 disp outliers: 20 
NCC max: 1.000000 min: -0.633382 outliers: 726 disp outliers: 180 
Num matches pre bucket: 278
Max age: 9
Index: 232, Matches: 278, Inliers: 42.0863 %, Current pose: 
   0.9851149    0.0560162   -0.1625141  -83.0308515 
  -0.0519798    0.9982274    0.0289871   -0.1430304 
   0.1638498   -0.0201081    0.9862803   75.0748170 
   0.0000000    0.0000000    0.0000000    1.0000000 

Motion:
   0.9999884   -0.0010890    0.0046934    0.0043160 
   0.0011468    0.9999233   -0.0123355    0.0315111 
  -0.0046796    0.0123408    0.9999129   -0.7728348 
   0.0000000    0.0000000    0.0000000    1.0000000 

angles x: -0.020385 y: -0.116303 z: -0.052716 index: 232
NCC max: 0.995003 min: -0.610225 outliers: 86 disp outliers: 19 
NCC max: 1.000000 min: -0.678787 outliers: 803 disp outliers: 168 
Num matches pre bucket: 272
Max age: 9
Index: 233, Matches: 269, Inliers: 48.3271 %, Current pose: 
   0.9842377    0.0560511   -0.1677332  -83.1694613 
  -0.0502398    0.9979873    0.0386944   -0.1547390 
   0.1695644   -0.0296576    0.9850728   75.8511291 
   0.0000000    0.0000000    0.0000000    1.0000000 

Motion:
   0.9999818    0.0015729    0.0058292    0.0042018 
  -0.0015178    0.9999544   -0.0094311    0.0424778 
  -0.0058438    0.0094221    0.9999385   -0.7875204 
   0.0000000    0.0000000    0.0000000    1.0000000 

angles x: -0.030098 y: -0.120387 z: -0.051000 index: 233
NCC max: 0.994173 min: -0.173561 outliers: 90 disp outliers: 20 
NCC max: 1.000000 min: -0.796913 outliers: 698 disp outliers: 174 
Num matches pre bucket: 314
Max age: 8
Index: 234, Matches: 312, Inliers: 41.9872 %, Current pose: 
   0.9831358    0.0551996   -0.1743473  -83.2908789 
  -0.0485678    0.9979330    0.0420813   -0.1452229 
   0.1763098   -0.0329039    0.9837846   76.6174443 
   0.0000000    0.0000000    0.0000000    1.0000000 

Motion:
   0.9999752    0.0014069    0.0068941   -0.0152766 
  -0.0013858    0.9999944   -0.0030571    0.0224206 
  -0.0068984    0.0030475    0.9999716   -0.7754583 
   0.0000000    0.0000000    0.0000000    1.0000000 

angles x: -0.033434 y: -0.125199 z: -0.049361 index: 234
NCC max: 0.998890 min: -0.723127 outliers: 84 disp outliers: 29 
NCC max: 0.998890 min: -0.723127 outliers: 798 disp outliers: 139 
Num matches pre bucket: 340
Max age: 8
Index: 235, Matches: 338, Inliers: 43.787 %, Current pose: 
   0.9820093    0.0505492   -0.1819408  -83.4262937 
  -0.0456423    0.9984749    0.0310594   -0.1311212 
   0.1832334   -0.0221965    0.9828188   77.3744174 
   0.0000000    0.0000000    0.0000000    1.0000000 

Motion:
   0.9999711    0.0026294    0.0071309   -0.0050805 
  -0.0027104    0.9999317    0.0113674    0.0095670 
  -0.0071005   -0.0113864    0.9999100   -0.7690429 
   0.0000000    0.0000000    0.0000000    1.0000000 

angles x: -0.022581 y: -0.130099 z: -0.046445 index: 235
NCC max: 1.000000 min: -0.456519 outliers: 100 disp outliers: 17 
NCC max: 1.000000 min: -0.742274 outliers: 824 disp outliers: 151 
Num matches pre bucket: 316
Max age: 12
Index: 236, Matches: 314, Inliers: 42.0382 %, Current pose: 
   0.9800738    0.0460080   -0.1932319  -83.5464243 
  -0.0440657    0.9989257    0.0143399   -0.1346118 
   0.1936840   -0.0055392    0.9810483   78.1262783 
   0.0000000    0.0000000    0.0000000    1.0000000 

Motion:
   0.9999423    0.0012444    0.0106722   -0.0280405 
  -0.0014280    0.9998509    0.0172113    0.0131786 
  -0.0106492   -0.0172255    0.9997949   -0.7607749 
   0.0000000    0.0000000    0.0000000    1.0000000 

angles x: -0.005646 y: -0.137529 z: -0.044931 index: 236
NCC max: 0.996392 min: -0.566375 outliers: 93 disp outliers: 19 
NCC max: 1.000000 min: -0.893482 outliers: 738 disp outliers: 74 
Num matches pre bucket: 405
Max age: 8
Index: 237, Matches: 402, Inliers: 38.806 %, Current pose: 
   0.9783140    0.0413135   -0.2029652  -83.6908161 
  -0.0401183    0.9991449    0.0100009   -0.1541571 
   0.2032048   -0.0016414    0.9791349   78.8580404 
   0.0000000    0.0000000    0.0000000    1.0000000 

Motion:
   0.9999453    0.0038094    0.0097370   -0.0082211 
  -0.0038557    0.9999814    0.0047342    0.0266951 
  -0.0097188   -0.0047715    0.9999414   -0.7456048 
   0.0000000    0.0000000    0.0000000    1.0000000 

angles x: -0.001676 y: -0.144307 z: -0.040985 index: 237
NCC max: 0.996685 min: -0.721399 outliers: 111 disp outliers: 14 
NCC max: 1.000000 min: -0.932557 outliers: 795 disp outliers: 76 
Num matches pre bucket: 349
Max age: 9
Index: 238, Matches: 349, Inliers: 42.6934 %, Current pose: 
   0.9759975    0.0428740   -0.2135198  -83.8547700 
  -0.0400898    0.9990454    0.0173547   -0.1738541 
   0.2140600   -0.0083782    0.9767846   79.6026885 
   0.0000000    0.0000000    0.0000000    1.0000000 

Motion:
   0.9999384   -0.0000850    0.0110992   -0.0001705 
   0.0001618    0.9999761   -0.0069139    0.0329464 
  -0.0110984    0.0069153    0.9999145   -0.7620264 
   0.0000000    0.0000000    0.0000000    1.0000000 

angles x: -0.008577 y: -0.152082 z: -0.041053 index: 238
NCC max: 0.998021 min: -0.638651 outliers: 115 disp outliers: 11 
NCC max: 1.000000 min: -0.686362 outliers: 733 disp outliers: 106 
Num matches pre bucket: 399
Max age: 6
Index: 239, Matches: 396, Inliers: 38.6364 %, Current pose: 
   0.9736147    0.0445897   -0.2237993  -84.0379619 
  -0.0384315    0.9987551    0.0317995   -0.1698259 
   0.2249386   -0.0223596    0.9741163   80.3980121 
   0.0000000    0.0000000    0.0000000    1.0000000 

Motion:
   0.9999366    0.0014634    0.0111636   -0.0003858 
  -0.0013068    0.9999007   -0.0140281    0.0219283 
  -0.0111830    0.0140127    0.9998393   -0.8158641 
   0.0000000    0.0000000    0.0000000    1.0000000 

angles x: -0.022950 y: -0.159894 z: -0.039452 index: 239
NCC max: 1.000000 min: -0.610106 outliers: 114 disp outliers: 15 
NCC max: 1.000000 min: -0.656875 outliers: 643 disp outliers: 143 
Num matches pre bucket: 324
Max age: 9
Index: 240, Matches: 313, Inliers: 34.8243 %, Current pose: 
   0.9706386    0.0491320   -0.2354714  -84.2218026 
  -0.0380952    0.9979618    0.0511958   -0.1909975 
   0.2375069   -0.0407223    0.9705319   81.1552697 
   0.0000000    0.0000000    0.0000000    1.0000000 

Motion:
   0.9999165   -0.0000779    0.0129197   -0.0022175 
   0.0003224    0.9998208   -0.0189293    0.0609982 
  -0.0129159    0.0189319    0.9997373   -0.7771480 
   0.0000000    0.0000000    0.0000000    1.0000000 

angles x: -0.041934 y: -0.168978 z: -0.039227 index: 240
NCC max: 1.000000 min: -0.556106 outliers: 98 disp outliers: 15 
NCC max: 1.000000 min: -0.775035 outliers: 617 disp outliers: 61 
Num matches pre bucket: 322
Max age: 6
Index: 241, Matches: 319, Inliers: 42.9467 %, Current pose: 
   0.9679473    0.0499042   -0.2461455  -84.4160893 
  -0.0364397    0.9975951    0.0589586   -0.1955783 
   0.2484958   -0.0480994    0.9674380   81.8874170 
   0.0000000    0.0000000    0.0000000    1.0000000 

Motion:
   0.9999346    0.0010724    0.0113836    0.0059568 
  -0.0009886    0.9999724   -0.0073603    0.0494813 
  -0.0113912    0.0073485    0.9999081   -0.7558599 
   0.0000000    0.0000000    0.0000000    1.0000000 

angles x: -0.049677 y: -0.176904 z: -0.037629 index: 241
NCC max: 0.997851 min: -0.346090 outliers: 122 disp outliers: 13 
NCC max: 1.000000 min: -0.843085 outliers: 666 disp outliers: 129 
Num matches pre bucket: 293
Max age: 8
Index: 242, Matches: 290, Inliers: 43.7931 %, Current pose: 
   0.9649825    0.0541227   -0.2566700  -84.6380676 
  -0.0427513    0.9978497    0.0496830   -0.2337480 
   0.2588070   -0.0369703    0.9652213   82.5598065 
   0.0000000    0.0000000    0.0000000    1.0000000 

Motion:
   0.9999225   -0.0069403    0.0103331    0.0385542 
   0.0068396    0.9999291    0.0097433    0.0749602 
  -0.0104000   -0.0096719    0.9998991   -0.7040834 
   0.0000000    0.0000000    0.0000000    1.0000000 

angles x: -0.038284 y: -0.184327 z: -0.044274 index: 242
NCC max: 0.995910 min: -0.457668 outliers: 120 disp outliers: 10 
NCC max: 1.000000 min: -0.807763 outliers: 699 disp outliers: 139 
Num matches pre bucket: 310
Max age: 10
Index: 243, Matches: 307, Inliers: 47.8827 %, Current pose: 
   0.9618051    0.0508426   -0.2689722  -84.8542482 
  -0.0448778    0.9985920    0.0282832   -0.2292353 
   0.2700315   -0.0151321    0.9627326   83.2810763 
   0.0000000    0.0000000    0.0000000    1.0000000 

Motion:
   0.9999297   -0.0027089    0.0115440    0.0133606 
   0.0024549    0.9997559    0.0219575    0.0173991 
  -0.0116007   -0.0219276    0.9996923   -0.7526642 
   0.0000000    0.0000000    0.0000000    1.0000000 

angles x: -0.015717 y: -0.192356 z: -0.046626 index: 243
NCC max: 0.993599 min: -0.471985 outliers: 115 disp outliers: 15 
NCC max: 0.997472 min: -0.555741 outliers: 701 disp outliers: 76 
Num matches pre bucket: 355
Max age: 10
Index: 244, Matches: 355, Inliers: 41.1268 %, Current pose: 
   0.9582759    0.0443185   -0.2823883  -85.0675726 
  -0.0411016    0.9990050    0.0173088   -0.2411568 
   0.2828745   -0.0049800    0.9591440   84.0210823 
   0.0000000    0.0000000    0.0000000    1.0000000 

Motion:
   0.9999042    0.0033971    0.0134204   -0.0053952 
  -0.0035521    0.9999271    0.0115402    0.0250492 
  -0.0133802   -0.0115868    0.9998433   -0.7698063 
   0.0000000    0.0000000    0.0000000    1.0000000 

angles x: -0.005192 y: -0.201569 z: -0.042865 index: 244
NCC max: 0.998302 min: -0.341953 outliers: 107 disp outliers: 13 
NCC max: 0.998302 min: -0.679162 outliers: 758 disp outliers: 103 
Num matches pre bucket: 383
Max age: 9
Index: 245, Matches: 379, Inliers: 43.5356 %, Current pose: 
   0.9545777    0.0440336   -0.2946904  -85.2741283 
  -0.0371190    0.9988894    0.0290193   -0.2369733 
   0.2956410   -0.0167626    0.9551520   84.7068033 
   0.0000000    0.0000000    0.0000000    1.0000000 

Motion:
   0.9999037    0.0037511    0.0133582   -0.0053984 
  -0.0036013    0.9999305   -0.0112227    0.0164109 
  -0.0133993    0.0111735    0.9998478   -0.7159592 
   0.0000000    0.0000000    0.0000000    1.0000000 

angles x: -0.017548 y: -0.210796 z: -0.038866 index: 245
NCC max: 0.995733 min: -0.288343 outliers: 127 disp outliers: 13 
NCC max: 0.998397 min: -0.630408 outliers: 784 disp outliers: 139 
Num matches pre bucket: 367
Max age: 11
Index: 246, Matches: 364, Inliers: 47.5275 %, Current pose: 
   0.9510190    0.0472138   -0.3055056  -85.5092906 
  -0.0350026    0.9983587    0.0453288   -0.2315501 
   0.3071443   -0.0324151    0.9511107   85.4141860 
   0.0000000    0.0000000    0.0000000    1.0000000 

Motion:
   0.9999253    0.0017645    0.0120976    0.0065651 
  -0.0015720    0.9998723   -0.0159031    0.0286185 
  -0.0121241    0.0158829    0.9998004   -0.7448885 
   0.0000000    0.0000000    0.0000000    1.0000000 

angles x: -0.034068 y: -0.219180 z: -0.036789 index: 246
NCC max: 0.994890 min: -0.528639 outliers: 136 disp outliers: 13 
NCC max: 0.997665 min: -0.631210 outliers: 824 disp outliers: 98 
Num matches pre bucket: 383
Max age: 8
Index: 247, Matches: 383, Inliers: 39.4256 %, Current pose: 
   0.9472860    0.0491267   -0.3166004  -85.7562927 
  -0.0323785    0.9977943    0.0579489   -0.2284683 
   0.3187490   -0.0446432    0.9467872   86.1324630 
   0.0000000    0.0000000    0.0000000    1.0000000 

Motion:
   0.9999223    0.0020674    0.0122967    0.0051313 
  -0.0019169    0.9999232   -0.0122402    0.0411256 
  -0.0123211    0.0122157    0.9998495   -0.7584350 
   0.0000000    0.0000000    0.0000000    1.0000000 

angles x: -0.047117 y: -0.227659 z: -0.034167 index: 247
NCC max: 0.994920 min: -0.390827 outliers: 131 disp outliers: 16 
NCC max: 1.000000 min: -0.694515 outliers: 808 disp outliers: 57 
Num matches pre bucket: 404
Max age: 14
Index: 248, Matches: 403, Inliers: 46.1538 %, Current pose: 
   0.9428177    0.0447034   -0.3302973  -85.9991184 
  -0.0284433    0.9981411    0.0539013   -0.2294381 
   0.3320929   -0.0414243    0.9423366   86.8477024 
   0.0000000    0.0000000    0.0000000    1.0000000 

Motion:
   0.9998932    0.0031112    0.0142765   -0.0086131 
  -0.0031753    0.9999850    0.0044681    0.0414515 
  -0.0142624   -0.0045129    0.9998881   -0.7541487 
   0.0000000    0.0000000    0.0000000    1.0000000 

angles x: -0.043931 y: -0.237312 z: -0.030159 index: 248
NCC max: 0.998194 min: -0.554436 outliers: 142 disp outliers: 25 
NCC max: 1.000000 min: -0.734727 outliers: 797 disp outliers: 121 
Num matches pre bucket: 461
Max age: 11
Index: 249, Matches: 460, Inliers: 42.8261 %, Current pose: 
   0.9389381    0.0404528   -0.3417000  -86.2588991 
  -0.0270455    0.9986692    0.0439127   -0.2319623 
   0.3430217   -0.0319899    0.9387826   87.5555003 
   0.0000000    0.0000000    0.0000000    1.0000000 

Motion:
   0.9999318    0.0007691    0.0116554    0.0010597 
  -0.0008895    0.9999463    0.0103229    0.0356721 
  -0.0116468   -0.0103325    0.9998788   -0.7531245 
   0.0000000    0.0000000    0.0000000    1.0000000 

angles x: -0.034063 y: -0.245209 z: -0.028796 index: 249
NCC max: 0.996125 min: -0.343638 outliers: 118 disp outliers: 22 
NCC max: 1.000000 min: -0.636431 outliers: 772 disp outliers: 138 
Num matches pre bucket: 419
Max age: 11
Index: 250, Matches: 414, Inliers: 38.6473 %, Current pose: 
   0.9349009    0.0303391   -0.3536096  -86.4973732 
  -0.0220686    0.9993810    0.0273984   -0.2261885 
   0.3542220   -0.0178111    0.9349917   88.2635887 
   0.0000000    0.0000000    0.0000000    1.0000000 

Motion:
   0.9999167    0.0044486    0.0121127   -0.0277434 
  -0.0046518    0.9998481    0.0167979    0.0140767 
  -0.0120361   -0.0168528    0.9997855   -0.7465417 
   0.0000000    0.0000000    0.0000000    1.0000000 

angles x: -0.019047 y: -0.253280 z: -0.023601 index: 250
NCC max: 0.998685 min: -0.451860 outliers: 116 disp outliers: 17 
NCC max: 1.000000 min: -0.692442 outliers: 764 disp outliers: 137 
Num matches pre bucket: 373
Max age: 11
Index: 251, Matches: 365, Inliers: 39.1781 %, Current pose: 
   0.9322244    0.0226181   -0.3611732  -86.7818946 
  -0.0193011    0.9997319    0.0127892   -0.2261347 
   0.3613656   -0.0049514    0.9324111   88.9685402 
   0.0000000    0.0000000    0.0000000    1.0000000 

Motion:
   0.9999671    0.0025574    0.0077015    0.0104936 
  -0.0026709    0.9998874    0.0147636    0.0098721 
  -0.0076629   -0.0147836    0.9998614   -0.7600668 
   0.0000000    0.0000000    0.0000000    1.0000000 

angles x: -0.005310 y: -0.258450 z: -0.020701 index: 251
NCC max: 1.000000 min: -0.212144 outliers: 116 disp outliers: 25 
NCC max: 1.000000 min: -0.603163 outliers: 717 disp outliers: 90 
Num matches pre bucket: 408
Max age: 9
Index: 252, Matches: 391, Inliers: 38.8747 %, Current pose: 
   0.9288917    0.0206631   -0.3697746  -87.0660595 
  -0.0191874    0.9997865    0.0076686   -0.2329590 
   0.3698541   -0.0000283    0.9290899   89.7299412 
   0.0000000    0.0000000    0.0000000    1.0000000 

Motion:
   0.9999584   -0.0000037    0.0091199   -0.0177798 
  -0.0000446    0.9999860    0.0052972    0.0127160 
  -0.0091198   -0.0052974    0.9999444   -0.8124345 
   0.0000000    0.0000000    0.0000000    1.0000000 

angles x: -0.000030 y: -0.264657 z: -0.020653 index: 252
NCC max: 1.000000 min: -0.400219 outliers: 111 disp outliers: 23 
NCC max: 1.000000 min: -0.712943 outliers: 736 disp outliers: 180 
Num matches pre bucket: 382
Max age: 9
Index: 253, Matches: 373, Inliers: 34.5845 %, Current pose: 
   0.9262189    0.0282246   -0.3759280  -87.3973301 
  -0.0275761    0.9995944    0.0071068   -0.2278387 
   0.3759761    0.0037842    0.9266216   90.4061739 
   0.0000000    0.0000000    0.0000000    1.0000000 

Motion:
   0.9999425   -0.0084423    0.0066119    0.0527230 
   0.0084376    0.9999641    0.0007446    0.0016728 
  -0.0066180   -0.0006888    0.9999779   -0.7511821 
   0.0000000    0.0000000    0.0000000    1.0000000 

angles x: 0.004084 y: -0.269199 z: -0.029764 index: 253
NCC max: 0.995184 min: -0.344666 outliers: 122 disp outliers: 18 
NCC max: 1.000000 min: -0.798664 outliers: 791 disp outliers: 151 
Num matches pre bucket: 391
Max age: 12
Index: 254, Matches: 384, Inliers: 41.9271 %, Current pose: 
   0.9231581    0.0300351   -0.3832454  -87.7070928 
  -0.0264707    0.9995434    0.0145722   -0.2779551 
   0.3835081   -0.0033076    0.9235316   91.0976599 
   0.0000000    0.0000000    0.0000000    1.0000000 

Motion:
   0.9999663    0.0010470    0.0081379    0.0194428 
  -0.0009880    0.9999732   -0.0072524    0.0616844 
  -0.0081452    0.0072441    0.9999406   -0.7565940 
   0.0000000    0.0000000    0.0000000    1.0000000 

angles x: -0.003581 y: -0.274734 z: -0.028666 index: 254
NCC max: 0.994149 min: -0.165904 outliers: 108 disp outliers: 20 
NCC max: 1.000000 min: -0.723398 outliers: 742 disp outliers: 158 
Num matches pre bucket: 352
Max age: 11
Index: 255, Matches: 348, Inliers: 37.3563 %, Current pose: 
   0.9195555    0.0350760   -0.3913915  -88.0009254 
  -0.0247482    0.9992004    0.0314024   -0.2937515 
   0.3921800   -0.0191900    0.9196883   91.8416785 
   0.0000000    0.0000000    0.0000000    1.0000000 

Motion:
   0.9999544    0.0015848    0.0094145   -0.0219846 
  -0.0014283    0.9998611   -0.0166048    0.0403679 
  -0.0094395    0.0165906    0.9998178   -0.7987728 
   0.0000000    0.0000000    0.0000000    1.0000000 

angles x: -0.020863 y: -0.281156 z: -0.026907 index: 255
NCC max: 0.998600 min: -0.464264 outliers: 104 disp outliers: 20 
NCC max: 1.000000 min: -0.612793 outliers: 822 disp outliers: 153 
Num matches pre bucket: 389
Max age: 13
Index: 256, Matches: 386, Inliers: 42.7461 %, Current pose: 
   0.9173397    0.0401806   -0.3960724  -88.3302392 
  -0.0218926    0.9984796    0.0505881   -0.2850775 
   0.3975029   -0.0377355    0.9168247   92.5328975 
   0.0000000    0.0000000    0.0000000    1.0000000 

Motion:
   0.9999793    0.0026735    0.0058524    0.0275209 
  -0.0025614    0.9998147   -0.0190766    0.0306547 
  -0.0059023    0.0190612    0.9998009   -0.7645975 
   0.0000000    0.0000000    0.0000000    1.0000000 

angles x: -0.041136 y: -0.285174 z: -0.023861 index: 256
NCC max: 0.997366 min: -0.241580 outliers: 99 disp outliers: 23 
NCC max: 1.000000 min: -0.757490 outliers: 818 disp outliers: 147 
Num matches pre bucket: 400
Max age: 14
Index: 257, Matches: 398, Inliers: 32.4121 %, Current pose: 
   0.9149941    0.0614039   -0.3987673  -88.7126681 
  -0.0378996    0.9970618    0.0665689   -0.2895172 
   0.4016832   -0.0457970    0.9146328   93.2130678 
   0.0000000    0.0000000    0.0000000    1.0000000 

Motion:
   0.9998604   -0.0162347    0.0039519    0.0765389 
   0.0162955    0.9997413   -0.0158687    0.0590590 
  -0.0036933    0.0159309    0.9998663   -0.7743107 
   0.0000000    0.0000000    0.0000000    1.0000000 

angles x: -0.050030 y: -0.288540 z: -0.041397 index: 257
NCC max: 0.998979 min: -0.175405 outliers: 90 disp outliers: 20 
NCC max: 0.998979 min: -0.531533 outliers: 838 disp outliers: 140 
Num matches pre bucket: 446
Max age: 11
Index: 258, Matches: 440, Inliers: 33.8636 %, Current pose: 
   0.9129495    0.0760977   -0.4009143  -89.1361920 
  -0.0574419    0.9966412    0.0583681   -0.2667350 
   0.4040094   -0.0302578    0.9142543   93.8651314 
   0.0000000    0.0000000    0.0000000    1.0000000 

Motion:
   0.9998043   -0.0197169    0.0016419    0.1245248 
   0.0197026    0.9997712    0.0083252    0.0292535 
  -0.0018057   -0.0082912    0.9999640   -0.7672784 
   0.0000000    0.0000000    0.0000000    1.0000000 

angles x: -0.033084 y: -0.290462 z: -0.062836 index: 258
NCC max: 0.999068 min: -0.241453 outliers: 112 disp outliers: 23 
NCC max: 0.999068 min: -0.592445 outliers: 917 disp outliers: 152 
Num matches pre bucket: 412
Max age: 13
Index: 259, Matches: 400, Inliers: 49.25 %, Current pose: 
   0.9105787    0.0667113   -0.4079167  -89.4322064 
  -0.0557481    0.9976938    0.0387197   -0.2402999 
   0.4095591   -0.0125168    0.9121977   94.5352850 
   0.0000000    0.0000000    0.0000000    1.0000000 

Motion:
   0.9999804    0.0013397    0.0061232   -0.0034493 
  -0.0014622    0.9997980    0.0200444    0.0017616 
  -0.0060951   -0.0200530    0.9997803   -0.7330855 
   0.0000000    0.0000000    0.0000000    1.0000000 

angles x: -0.013721 y: -0.294396 z: -0.061146 index: 259
NCC max: 0.995817 min: -0.473965 outliers: 142 disp outliers: 17 
NCC max: 0.998731 min: -0.589858 outliers: 889 disp outliers: 87 
Num matches pre bucket: 373
Max age: 11
Index: 260, Matches: 366, Inliers: 44.8087 %, Current pose: 
   0.9079781    0.0491386   -0.4161264  -89.6824577 
  -0.0445882    0.9987919    0.0206527   -0.2369016 
   0.4166386   -0.0001979    0.9090722   95.2203015 
   0.0000000    0.0000000    0.0000000    1.0000000 

Motion:
   0.9999093    0.0108721    0.0079508   -0.0580301 
  -0.0110173    0.9997691    0.0184480    0.0090383 
  -0.0077484   -0.0185339    0.9997982   -0.7269358 
   0.0000000    0.0000000    0.0000000    1.0000000 

angles x: -0.000218 y: -0.299385 z: -0.049068 index: 260
NCC max: 0.999199 min: -0.498104 outliers: 111 disp outliers: 11 
NCC max: 0.999199 min: -0.778627 outliers: 929 disp outliers: 137 
Num matches pre bucket: 432
Max age: 12
Index: 261, Matches: 420, Inliers: 49.0476 %, Current pose: 
   0.9064082    0.0504021   -0.4193850  -90.0266446 
  -0.0470750    0.9987240    0.0182854   -0.2148139 
   0.4197715    0.0031685    0.9076243   95.9090595 
   0.0000000    0.0000000    0.0000000    1.0000000 

Motion:
   0.9999908   -0.0025615    0.0034499    0.0238927 
   0.0025528    0.9999935    0.0025331   -0.0068940 
  -0.0034564   -0.0025243    0.9999908   -0.7698842 
   0.0000000    0.0000000    0.0000000    1.0000000 

angles x: 0.003491 y: -0.301735 z: -0.051889 index: 261
NCC max: 0.997391 min: -0.518049 outliers: 118 disp outliers: 13 
NCC max: 1.000000 min: -0.518049 outliers: 881 disp outliers: 162 
Num matches pre bucket: 452
Max age: 15
Index: 262, Matches: 448, Inliers: 42.4107 %, Current pose: 
   0.9041224    0.0645715   -0.4223662  -90.3994786 
  -0.0562380    0.9978988    0.0321753   -0.2371165 
   0.4235563   -0.0053374    0.9058541   96.6132002 
   0.0000000    0.0000000    0.0000000    1.0000000 

Motion:
   0.9999482   -0.0092546    0.0042263    0.0375901 
   0.0093116    0.9998631   -0.0136776    0.0500884 
  -0.0040991    0.0137162    0.9998975   -0.7946035 
   0.0000000    0.0000000    0.0000000    1.0000000 

angles x: -0.005892 y: -0.304747 z: -0.062122 index: 262
NCC max: 0.997865 min: -0.383772 outliers: 114 disp outliers: 17 
NCC max: 1.000000 min: -0.655638 outliers: 896 disp outliers: 104 
Num matches pre bucket: 441
Max age: 11
Index: 263, Matches: 434, Inliers: 41.7051 %, Current pose: 
   0.9013254    0.0715823   -0.4271866  -90.7514098 
  -0.0587472    0.9973390    0.0431697   -0.2432451 
   0.4291401   -0.0138139    0.9031323   97.3272237 
   0.0000000    0.0000000    0.0000000    1.0000000 

Motion:
   0.9999774   -0.0027143    0.0061587    0.0104284 
   0.0027798    0.9999393   -0.0106577    0.0411678 
  -0.0061294    0.0106746    0.9999242   -0.7949334 
   0.0000000    0.0000000    0.0000000    1.0000000 

angles x: -0.015294 y: -0.309009 z: -0.065087 index: 263
NCC max: 0.997901 min: -0.356084 outliers: 139 disp outliers: 13 
NCC max: 1.000000 min: -0.663378 outliers: 900 disp outliers: 139 
Num matches pre bucket: 419
Max age: 15
Index: 264, Matches: 414, Inliers: 35.0242 %, Current pose: 
   0.8994323    0.0651852   -0.4321718  -91.0826936 
  -0.0534200    0.9977976    0.0393221   -0.2738562 
   0.4337832   -0.0122810    0.9009336   98.0061409 
   0.0000000    0.0000000    0.0000000    1.0000000 

Motion:
   0.9999732    0.0051133    0.0052321    0.0018292 
  -0.0051350    0.9999783    0.0041370    0.0604762 
  -0.0052108   -0.0041638    0.9999778   -0.7536272 
   0.0000000    0.0000000    0.0000000    1.0000000 

angles x: -0.013631 y: -0.312343 z: -0.059323 index: 264
NCC max: 0.998758 min: -0.264850 outliers: 135 disp outliers: 11 
NCC max: 1.000000 min: -0.493968 outliers: 862 disp outliers: 135 
Num matches pre bucket: 419
Max age: 19
Index: 265, Matches: 409, Inliers: 37.4083 %, Current pose: 
   0.8959116    0.0600724   -0.4401519  -91.3919303 
  -0.0546623    0.9981926    0.0249715   -0.2777353 
   0.4408565    0.0016874    0.8975760   98.6955213 
   0.0000000    0.0000000    0.0000000    1.0000000 

Motion:
   0.9999680   -0.0015559    0.0078452   -0.0270811 
   0.0014396    0.9998893    0.0148097    0.0212854 
  -0.0078674   -0.0147979    0.9998596   -0.7547855 
   0.0000000    0.0000000    0.0000000    1.0000000 

angles x: 0.001880 y: -0.317559 z: -0.060937 index: 265
NCC max: 0.996776 min: -0.263914 outliers: 112 disp outliers: 14 
NCC max: 1.000000 min: -0.847376 outliers: 783 disp outliers: 161 
Num matches pre bucket: 419
Max age: 13
Index: 266, Matches: 403, Inliers: 42.6799 %, Current pose: 
   0.8936869    0.0523655   -0.4456248  -91.7347734 
  -0.0547820    0.9984704    0.0074670   -0.2567777 
   0.4453342    0.0177390    0.8951887   99.3620256 
   0.0000000    0.0000000    0.0000000    1.0000000 

Motion:
   0.9999875   -0.0002456    0.0049953    0.0107253 
   0.0001566    0.9998414    0.0178067   -0.0147955 
  -0.0049989   -0.0178057    0.9998290   -0.7495830 
   0.0000000    0.0000000    0.0000000    1.0000000 

angles x: 0.019813 y: -0.320854 z: -0.061222 index: 266
NCC max: 0.992157 min: -0.401959 outliers: 109 disp outliers: 12 
NCC max: 1.000000 min: -0.654740 outliers: 718 disp outliers: 125 
Num matches pre bucket: 372
Max age: 12
Index: 267, Matches: 369, Inliers: 39.5664 %, Current pose: 
   0.8909215    0.0530338   -0.4510502  -92.0961641 
  -0.0573527    0.9983456    0.0040999   -0.2590547 
   0.4505214    0.0222163    0.8924891  100.0605079 
   0.0000000    0.0000000    0.0000000    1.0000000 

Motion:
   0.9999794   -0.0026196    0.0058567    0.0071589 
   0.0025979    0.9999897    0.0037093    0.0059215 
  -0.0058663   -0.0036940    0.9999760   -0.7863839 
   0.0000000    0.0000000    0.0000000    1.0000000 

angles x: 0.024887 y: -0.324773 z: -0.064286 index: 267
NCC max: 1.000000 min: -0.382493 outliers: 135 disp outliers: 12 
NCC max: 1.000000 min: -0.834469 outliers: 794 disp outliers: 142 
Num matches pre bucket: 407
Max age: 13
Index: 268, Matches: 400, Inliers: 35.75 %, Current pose: 
   0.8889579    0.0611002   -0.4538949  -92.4938586 
  -0.0605832    0.9980397    0.0156964   -0.3005628 
   0.4539642    0.0135449    0.8909169  100.7665982 
   0.0000000    0.0000000    0.0000000    1.0000000 

Motion:
   0.9999869   -0.0032527    0.0039451    0.0304792 
   0.0032974    0.9999298   -0.0113787    0.0561620 
  -0.0039078    0.0113916    0.9999275   -0.8089278 
   0.0000000    0.0000000    0.0000000    1.0000000 

angles x: 0.015202 y: -0.327431 z: -0.068046 index: 268
NCC max: 1.000000 min: -0.625478 outliers: 125 disp outliers: 7 
NCC max: 1.000000 min: -0.868125 outliers: 733 disp outliers: 105 
Num matches pre bucket: 413
Max age: 10
Index: 269, Matches: 400, Inliers: 40.5 %, Current pose: 
   0.8867720    0.0647955   -0.4576428  -92.8688310 
  -0.0621086    0.9978498    0.0209334   -0.3078165 
   0.4580152    0.0098604    0.8888897  101.4535503 
   0.0000000    0.0000000    0.0000000    1.0000000 

Motion:
   0.9999882   -0.0016011    0.0045773    0.0174300 
   0.0016239    0.9999864   -0.0049629    0.0247611 
  -0.0045693    0.0049703    0.9999772   -0.7820762 
   0.0000000    0.0000000    0.0000000    1.0000000 

angles x: 0.011092 y: -0.330512 z: -0.069925 index: 269
NCC max: 0.997296 min: -0.378643 outliers: 123 disp outliers: 4 
NCC max: 1.000000 min: -0.664607 outliers: 763 disp outliers: 77 
Num matches pre bucket: 449
Max age: 10
Index: 270, Matches: 439, Inliers: 45.3303 %, Current pose: 
   0.8846616    0.0664763   -0.4614702  -93.2535998 
  -0.0636039    0.9977372    0.0217952   -0.3059976 
   0.4618749    0.0100699    0.8868879  102.1427595 
   0.0000000    0.0000000    0.0000000    1.0000000 

Motion:
   0.9999892   -0.0015908    0.0043653    0.0221774 
   0.0015934    0.9999986   -0.0005853    0.0168230 
  -0.0043644    0.0005922    0.9999903   -0.7888503 
   0.0000000    0.0000000    0.0000000    1.0000000 

angles x: 0.011354 y: -0.333441 z: -0.071773 index: 270
NCC max: 0.996998 min: -0.332933 outliers: 106 disp outliers: 7 
NCC max: 1.000000 min: -0.644103 outliers: 725 disp outliers: 89 
Num matches pre bucket: 497
Max age: 11
Index: 271, Matches: 487, Inliers: 49.2813 %, Current pose: 
   0.8819885    0.0629389   -0.4670492  -93.5982369 
  -0.0606089    0.9979606    0.0200282   -0.3215966 
   0.4673572    0.0106427    0.8840045  102.8168200 
   0.0000000    0.0000000    0.0000000    1.0000000 

Motion:
   0.9999769    0.0028658    0.0061611   -0.0120064 
  -0.0028790    0.9999936    0.0021453    0.0300843 
  -0.0061549   -0.0021630    0.9999787   -0.7565225 
   0.0000000    0.0000000    0.0000000    1.0000000 

angles x: 0.012039 y: -0.337483 z: -0.068611 index: 271
NCC max: 1.000000 min: -0.396401 outliers: 110 disp outliers: 6 
NCC max: 1.000000 min: -0.703615 outliers: 820 disp outliers: 69 
Num matches pre bucket: 527
Max age: 11
Index: 272, Matches: 511, Inliers: 46.5753 %, Current pose: 
   0.8794457    0.0586024   -0.4723781  -93.9406378 
  -0.0568607    0.9982203    0.0179775   -0.3327664 
   0.4725909    0.0110495    0.8812127  103.4989153 
   0.0000000    0.0000000    0.0000000    1.0000000 

Motion:
   0.9999760    0.0036362    0.0058893   -0.0218642 
  -0.0036504    0.9999905    0.0023902    0.0236786 
  -0.0058805   -0.0024116    0.9999798   -0.7626129 
   0.0000000    0.0000000    0.0000000    1.0000000 

angles x: 0.012538 y: -0.341330 z: -0.064565 index: 272
NCC max: 0.995473 min: -0.368870 outliers: 111 disp outliers: 4 
NCC max: 1.000000 min: -0.792250 outliers: 796 disp outliers: 48 
Num matches pre bucket: 521
Max age: 12
Index: 273, Matches: 508, Inliers: 43.7008 %, Current pose: 
   0.8773497    0.0584166   -0.4762824  -94.3212521 
  -0.0561311    0.9982419    0.0190377   -0.3486635 
   0.4765572    0.0100315    0.8790862  104.1373021 
   0.0000000    0.0000000    0.0000000    1.0000000 

Motion:
   0.9999897    0.0006493    0.0044984    0.0288117 
  -0.0006457    0.9999995   -0.0008089    0.0316994 
  -0.0044989    0.0008060    0.9999896   -0.7421743 
   0.0000000    0.0000000    0.0000000    1.0000000 

angles x: 0.011411 y: -0.344302 z: -0.063891 index: 273
NCC max: 0.997636 min: -0.587379 outliers: 107 disp outliers: 4 
NCC max: 1.000000 min: -0.772844 outliers: 711 disp outliers: 49 
Num matches pre bucket: 483
Max age: 11
Index: 274, Matches: 472, Inliers: 46.1864 %, Current pose: 
   0.8749160    0.0606748   -0.4804586  -94.7016387 
  -0.0581644    0.9981041    0.0201282   -0.3637487 
   0.4807690    0.0103351    0.8767864  104.8086277 
   0.0000000    0.0000000    0.0000000    1.0000000 

Motion:
   0.9999861   -0.0021296    0.0048229    0.0091764 
   0.0021336    0.9999974   -0.0008113    0.0311982 
  -0.0048212    0.0008216    0.9999880   -0.7710655 
   0.0000000    0.0000000    0.0000000    1.0000000 

angles x: 0.011787 y: -0.347519 z: -0.066382 index: 274
NCC max: 1.000000 min: 0.042904 outliers: 98 disp outliers: 3 
NCC max: 1.000000 min: -0.482815 outliers: 712 disp outliers: 48 
Num matches pre bucket: 490
Max age: 13
Index: 275, Matches: 475, Inliers: 40.2105 %, Current pose: 
   0.8723898    0.0602973   -0.4850776  -95.0658735 
  -0.0571768    0.9981380    0.0212430   -0.4021372 
   0.4854553    0.0092030    0.8742130  105.4634169 
   0.0000000    0.0000000    0.0000000    1.0000000 

Motion:
   0.9999853    0.0008808    0.0053425   -0.0023111 
  -0.0008765    0.9999993   -0.0008105    0.0542534 
  -0.0053433    0.0008058    0.9999854   -0.7482919 
   0.0000000    0.0000000    0.0000000    1.0000000 

angles x: 0.010527 y: -0.351035 z: -0.065447 index: 275
NCC max: 0.993593 min: -0.406380 outliers: 93 disp outliers: 6 
NCC max: 1.000000 min: -0.792506 outliers: 650 disp outliers: 17 
Num matches pre bucket: 437
Max age: 13
Index: 276, Matches: 426, Inliers: 45.0704 %, Current pose: 
   0.8695899    0.0557917   -0.4906125  -95.4283700 
  -0.0573885    0.9982821    0.0118044   -0.4242543 
   0.4904283    0.0178905    0.8712979  106.1426484 
   0.0000000    0.0000000    0.0000000    1.0000000 

Motion:
   0.9999837   -0.0003343    0.0057011   -0.0191603 
   0.0002785    0.9999521    0.0097833    0.0301516 
  -0.0057041   -0.0097816    0.9999359   -0.7693972 
   0.0000000    0.0000000    0.0000000    1.0000000 

angles x: 0.020530 y: -0.354765 z: -0.065899 index: 276
NCC max: 1.000000 min: -0.486388 outliers: 87 disp outliers: 6 
NCC max: 1.000000 min: -0.591211 outliers: 611 disp outliers: 18 
Num matches pre bucket: 419
Max age: 9
Index: 277, Matches: 406, Inliers: 47.7833 %, Current pose: 
   0.8669741    0.0505380   -0.4957840  -95.8030999 
  -0.0570069    0.9983716    0.0020820   -0.4573510 
   0.4950819    0.0264580    0.8684434  106.7996059 
   0.0000000    0.0000000    0.0000000    1.0000000 

Motion:
   0.9999857    0.0003183    0.0053425   -0.0022534 
  -0.0003719    0.9999495    0.0100435    0.0345992 
  -0.0053390   -0.0100453    0.9999353   -0.7562466 
   0.0000000    0.0000000    0.0000000    1.0000000 

angles x: 0.030457 y: -0.358261 z: -0.065659 index: 277
NCC max: 1.000000 min: -0.382751 outliers: 113 disp outliers: 5 
NCC max: 1.000000 min: -0.717554 outliers: 674 disp outliers: 40 
Num matches pre bucket: 305
Max age: 10
Index: 278, Matches: 303, Inliers: 45.8746 %, Current pose: 
   0.8649178    0.0484489   -0.4995698  -96.1818834 
  -0.0581187    0.9983024   -0.0038058   -0.4848100 
   0.4985373    0.0323260    0.8662653  107.4322276 
   0.0000000    0.0000000    0.0000000    1.0000000 

Motion:
   0.9999913   -0.0011225    0.0040181    0.0106352 
   0.0010979    0.9999806    0.0061317    0.0253139 
  -0.0040249   -0.0061272    0.9999731   -0.7373515 
   0.0000000    0.0000000    0.0000000    1.0000000 

angles x: 0.037299 y: -0.360901 z: -0.067095 index: 278
NCC max: 0.998803 min: -0.470648 outliers: 110 disp outliers: 4 
NCC max: 1.000000 min: -0.470648 outliers: 714 disp outliers: 40 
Num matches pre bucket: 310
Max age: 8
Index: 279, Matches: 308, Inliers: 44.4805 %, Current pose: 
   0.8630224    0.0533751   -0.5023380  -96.5663903 
  -0.0583422    0.9982796    0.0058379   -0.5025861 
   0.5017854    0.0242693    0.8646516  108.0734042 
   0.0000000    0.0000000    0.0000000    1.0000000 

Motion:
   0.9999929   -0.0002100    0.0037614    0.0090679 
   0.0002455    0.9999554   -0.0094402    0.0227077 
  -0.0037593    0.0094410    0.9999484   -0.7474431 
   0.0000000    0.0000000    0.0000000    1.0000000 

angles x: 0.028061 y: -0.363368 z: -0.067500 index: 279
NCC max: 0.994443 min: -0.434354 outliers: 108 disp outliers: 2 
NCC max: 1.000000 min: -0.556747 outliers: 668 disp outliers: 18 
Num matches pre bucket: 305
Max age: 10
Index: 280, Matches: 304, Inliers: 40.1316 %, Current pose: 
   0.8613335    0.0636147   -0.5040414  -96.9399003 
  -0.0578657    0.9979574    0.0270673   -0.5342878 
   0.5047337    0.0058527    0.8632552  108.6815180 
   0.0000000    0.0000000    0.0000000    1.0000000 

Motion:
   0.9999941    0.0004571    0.0034004    0.0129467 
  -0.0003854    0.9997779   -0.0210695    0.0518384 
  -0.0034093    0.0210681    0.9997722   -0.7123638 
   0.0000000    0.0000000    0.0000000    1.0000000 

angles x: 0.006780 y: -0.365660 z: -0.067081 index: 280
NCC max: 1.000000 min: -0.189317 outliers: 90 disp outliers: 4 
NCC max: 1.000000 min: -0.397189 outliers: 602 disp outliers: 13 
Num matches pre bucket: 343
Max age: 12
Index: 281, Matches: 340, Inliers: 31.4706 %, Current pose: 
   0.8571067    0.0697103   -0.5104004  -97.2200576 
  -0.0514281    0.9974309    0.0498665   -0.5739971 
   0.5125654   -0.0164920    0.8584898  109.3418835 
   0.0000000    0.0000000    0.0000000    1.0000000 

Motion:
   0.9999397    0.0062015    0.0090655   -0.1003980 
  -0.0059973    0.9997316   -0.0223759    0.0700279 
  -0.0092018    0.0223202    0.9997085   -0.7079293 
   0.0000000    0.0000000    0.0000000    1.0000000 

angles x: -0.019208 y: -0.371641 z: -0.059930 index: 281
NCC max: 0.998786 min: -0.475941 outliers: 98 disp outliers: 2 
NCC max: 1.000000 min: -0.774982 outliers: 691 disp outliers: 11 
Num matches pre bucket: 371
Max age: 13
Index: 282, Matches: 366, Inliers: 37.9781 %, Current pose: 
   0.8549324    0.0708646   -0.5138763  -97.5688109 
  -0.0467529    0.9971196    0.0597225   -0.5590899 
   0.5166283   -0.0270335    0.8557829  109.9728340 
   0.0000000    0.0000000    0.0000000    1.0000000 

Motion:
   0.9999785    0.0044446    0.0048309   -0.0271095 
  -0.0043978    0.9999437   -0.0096544    0.0269068 
  -0.0048735    0.0096330    0.9999417   -0.7200630 
   0.0000000    0.0000000    0.0000000    1.0000000 

angles x: -0.031579 y: -0.374749 z: -0.054632 index: 282
NCC max: 0.998324 min: -0.364929 outliers: 111 disp outliers: 4 
NCC max: 1.000000 min: -0.749643 outliers: 695 disp outliers: 6 
Num matches pre bucket: 399
Max age: 11
Index: 283, Matches: 386, Inliers: 53.1088 %, Current pose: 
   0.8527027    0.0655183   -0.5182717  -97.9036058 
  -0.0416891    0.9974743    0.0575073   -0.5461216 
   0.5207305   -0.0274303    0.8532804  110.5907514 
   0.0000000    0.0000000    0.0000000    1.0000000 

Motion:
   0.9999763    0.0047803    0.0049587   -0.0357473 
  -0.0047924    0.9999856    0.0024289    0.0259494 
  -0.0049471   -0.0024526    0.9999848   -0.7015172 
   0.0000000    0.0000000    0.0000000    1.0000000 

angles x: -0.032136 y: -0.377759 z: -0.048852 index: 283
NCC max: 0.997474 min: -0.317266 outliers: 95 disp outliers: 5 
NCC max: 1.000000 min: -0.777295 outliers: 741 disp outliers: 3 
Num matches pre bucket: 451
Max age: 13
Index: 284, Matches: 440, Inliers: 45.4545 %, Current pose: 
   0.8503976    0.0594126   -0.5227753  -98.2297464 
  -0.0394938    0.9980089    0.0491776   -0.5281726 
   0.5246562   -0.0211741    0.8510508  111.1705640 
   0.0000000    0.0000000    0.0000000    1.0000000 

Motion:
   0.9999872    0.0019310    0.0046707   -0.0261442 
  -0.0019709    0.9999616    0.0085335    0.0137406 
  -0.0046540   -0.0085426    0.9999527   -0.6648310 
   0.0000000    0.0000000    0.0000000    1.0000000 

angles x: -0.024875 y: -0.380627 z: -0.046408 index: 284
NCC max: 0.995175 min: -0.406679 outliers: 126 disp outliers: 4 
NCC max: 1.000000 min: -0.721584 outliers: 731 disp outliers: 2 
Num matches pre bucket: 387
Max age: 9
Index: 285, Matches: 379, Inliers: 44.8549 %, Current pose: 
   0.8490659    0.0566400   -0.5252418  -98.5942201 
  -0.0402130    0.9982807    0.0426453   -0.5210371 
   0.5267541   -0.0150871    0.8498838  111.7304357 
   0.0000000    0.0000000    0.0000000    1.0000000 

Motion:
   0.9999967   -0.0008413    0.0024462    0.0148343 
   0.0008251    0.9999776    0.0066431    0.0219674 
  -0.0024518   -0.0066411    0.9999749   -0.6675669 
   0.0000000    0.0000000    0.0000000    1.0000000 

angles x: -0.017750 y: -0.382179 z: -0.047326 index: 285
NCC max: 1.000000 min: -0.065376 outliers: 124 disp outliers: 4 
NCC max: 1.000000 min: -0.669810 outliers: 764 disp outliers: 5 
Num matches pre bucket: 412
Max age: 13
Index: 286, Matches: 411, Inliers: 44.7689 %, Current pose: 
   0.8464745    0.0519025   -0.5298935  -98.9161989 
  -0.0363314    0.9985482    0.0397694   -0.5087114 
   0.5311883   -0.0144120    0.8471312  112.3105955 
   0.0000000    0.0000000    0.0000000    1.0000000 

Motion:
   0.9999793    0.0036613    0.0052952   -0.0351794 
  -0.0036776    0.9999885    0.0030735    0.0127650 
  -0.0052839   -0.0030929    0.9999813   -0.6625762 
   0.0000000    0.0000000    0.0000000    1.0000000 

angles x: -0.017011 y: -0.385480 z: -0.042895 index: 286
NCC max: 0.997450 min: -0.190802 outliers: 138 disp outliers: 1 
NCC max: 1.000000 min: -0.679665 outliers: 714 disp outliers: 5 
Num matches pre bucket: 400
Max age: 9
Index: 287, Matches: 398, Inliers: 50 %, Current pose: 
   0.8436477    0.0476667   -0.5347770  -99.2180866 
  -0.0320369    0.9987456    0.0384815   -0.4990805 
   0.5359405   -0.0153323    0.8441165  112.8808308 
   0.0000000    0.0000000    0.0000000    1.0000000 

Motion:
   0.9999755    0.0040731    0.0056944   -0.0506168 
  -0.0040815    0.9999906    0.0014728    0.0135142 
  -0.0056883   -0.0014960    0.9999827   -0.6431582 
   0.0000000    0.0000000    0.0000000    1.0000000 

angles x: -0.018162 y: -0.389042 z: -0.037956 index: 287
NCC max: 0.998340 min: -0.392956 outliers: 137 disp outliers: 1 
NCC max: 1.000000 min: -0.887914 outliers: 840 disp outliers: 4 
Num matches pre bucket: 406
Max age: 7
Index: 288, Matches: 397, Inliers: 51.3854 %, Current pose: 
   0.8424738    0.0498689   -0.5364242  -99.5702917 
  -0.0338875    0.9986401    0.0396175   -0.4905266 
   0.5376704   -0.0151986    0.8430181  113.4029006 
   0.0000000    0.0000000    0.0000000    1.0000000 

Motion:
   0.9999961   -0.0019308    0.0020168    0.0163119 
   0.0019329    0.9999976   -0.0010689    0.0169566 
  -0.0020147    0.0010728    0.9999974   -0.6293846 
   0.0000000    0.0000000    0.0000000    1.0000000 

angles x: -0.018027 y: -0.390400 z: -0.040202 index: 288
NCC max: 0.998074 min: -0.262127 outliers: 116 disp outliers: 2 
NCC max: 1.000000 min: -0.592147 outliers: 914 disp outliers: 7 
Num matches pre bucket: 482
Max age: 7
Index: 289, Matches: 477, Inliers: 51.5723 %, Current pose: 
   0.8414617    0.0507032   -0.5379325  -99.9000218 
  -0.0319128    0.9985130    0.0441958   -0.5141162 
   0.5393735   -0.0200221    0.8418285  113.9076545 
   0.0000000    0.0000000    0.0000000    1.0000000 

Motion:
   0.9999961    0.0018956    0.0020569    0.0044516 
  -0.0018863    0.9999880   -0.0045189    0.0503791 
  -0.0020655    0.0045150    0.9999877   -0.6012462 
   0.0000000    0.0000000    0.0000000    1.0000000 

angles x: -0.023780 y: -0.391717 z: -0.037907 index: 289
NCC max: 0.991990 min: -0.233331 outliers: 120 disp outliers: 4 
NCC max: 0.999157 min: -0.659749 outliers: 949 disp outliers: 5 
Num matches pre bucket: 444
Max age: 8
Index: 290, Matches: 440, Inliers: 47.7273 %, Current pose: 
   0.8394991    0.0483574   -0.5412050 -100.1931564 
  -0.0274116    0.9985328    0.0467001   -0.5329126 
   0.5426693   -0.0243694    0.8395929  114.3938608 
   0.0000000    0.0000000    0.0000000    1.0000000 

Motion:
   0.9999825    0.0043290    0.0040291   -0.0182783 
  -0.0043193    0.9999878   -0.0023969    0.0447925 
  -0.0040395    0.0023794    0.9999890   -0.5659835 
   0.0000000    0.0000000    0.0000000    1.0000000 

angles x: -0.029017 y: -0.394210 z: -0.032641 index: 290
NCC max: 0.995769 min: -0.461293 outliers: 118 disp outliers: 1 
NCC max: 0.998533 min: -0.523887 outliers: 975 disp outliers: 7 
Num matches pre bucket: 472
Max age: 11
Index: 291, Matches: 464, Inliers: 48.0603 %, Current pose: 
   0.8382592    0.0450893   -0.5434045 -100.4961531 
  -0.0247171    0.9986929    0.0447384   -0.5139691 
   0.5447114   -0.0240710    0.8382780  114.8684906 
   0.0000000    0.0000000    0.0000000    1.0000000 

Motion:
   0.9999935    0.0025809    0.0025114   -0.0040782 
  -0.0025860    0.9999946    0.0020267    0.0061680 
  -0.0025062   -0.0020332    0.9999948   -0.5633689 
   0.0000000    0.0000000    0.0000000    1.0000000 

angles x: -0.028707 y: -0.395728 z: -0.029478 index: 291
NCC max: 0.997975 min: -0.349618 outliers: 131 disp outliers: 2 
NCC max: 1.000000 min: -0.593273 outliers: 1136 disp outliers: 21 
Num matches pre bucket: 470
Max age: 12
Index: 292, Matches: 469, Inliers: 56.7164 %, Current pose: 
   0.8366135    0.0433066   -0.5460790 -100.7675957 
  -0.0231564    0.9987749    0.0437310   -0.5454803 
   0.5473039   -0.0239407    0.8365915  115.2975353 
   0.0000000    0.0000000    0.0000000    1.0000000 

Motion:
   0.9999941    0.0014221    0.0031373   -0.0084550 
  -0.0014255    0.9999984    0.0010816    0.0534995 
  -0.0031358   -0.0010861    0.9999945   -0.5057862 
   0.0000000    0.0000000    0.0000000    1.0000000 

angles x: -0.028609 y: -0.397692 z: -0.027672 index: 292
NCC max: 0.998435 min: -0.485584 outliers: 122 disp outliers: 3 
NCC max: 0.998632 min: -0.571760 outliers: 1114 disp outliers: 11 
Num matches pre bucket: 526
Max age: 13
Index: 293, Matches: 514, Inliers: 45.9144 %, Current pose: 
   0.8366832    0.0424722   -0.5460378 -101.0756038 
  -0.0267817    0.9989687    0.0366653   -0.5711916 
   0.5470319   -0.0160534    0.8369578  115.6848581 
   0.0000000    0.0000000    0.0000000    1.0000000 

Motion:
   0.9999934   -0.0036114   -0.0004241    0.0451387 
   0.0036143    0.9999685    0.0070626    0.0449844 
   0.0003986   -0.0070641    0.9999750   -0.4914142 
   0.0000000    0.0000000    0.0000000    1.0000000 

angles x: -0.019178 y: -0.397461 z: -0.031998 index: 293
NCC max: 0.995997 min: -0.449980 outliers: 141 disp outliers: 6 
NCC max: 0.997999 min: -0.758230 outliers: 1207 disp outliers: 8 
Num matches pre bucket: 518
Max age: 14
Index: 294, Matches: 502, Inliers: 52.3904 %, Current pose: 
   0.8342181    0.0362084   -0.5502447 -101.3180543 
  -0.0249879    0.9992991    0.0278742   -0.5882353 
   0.5508683   -0.0095037    0.8345381  116.1058476 
   0.0000000    0.0000000    0.0000000    1.0000000 

Motion:
   0.9999880    0.0016256    0.0046227   -0.0300791 
  -0.0016668    0.9999589    0.0089143    0.0298114 
  -0.0046080   -0.0089219    0.9999496   -0.4842638 
   0.0000000    0.0000000    0.0000000    1.0000000 

angles x: -0.011387 y: -0.400328 z: -0.029945 index: 294
NCC max: 0.996435 min: -0.274490 outliers: 142 disp outliers: 4 
NCC max: 0.996952 min: -0.824718 outliers: 1361 disp outliers: 10 
Num matches pre bucket: 467
Max age: 12
Index: 295, Matches: 459, Inliers: 59.4771 %, Current pose: 
   0.8309777    0.0305377   -0.5554670 -101.5464759 
  -0.0205648    0.9994960    0.0241840   -0.6116273 
   0.5559255   -0.0086733    0.8311868  116.4996481 
   0.0000000    0.0000000    0.0000000    1.0000000 

Motion:
   0.9999722    0.0042546    0.0061268   -0.0295915 
  -0.0042780    0.9999836    0.0038187    0.0337712 
  -0.0061104   -0.0038448    0.9999739   -0.4536368 
   0.0000000    0.0000000    0.0000000    1.0000000 

angles x: -0.010434 y: -0.404152 z: -0.024743 index: 295
NCC max: 0.994646 min: -0.357216 outliers: 165 disp outliers: 2 
NCC max: 0.997742 min: -0.687114 outliers: 1268 disp outliers: 7 
Num matches pre bucket: 415
Max age: 9
Index: 296, Matches: 407, Inliers: 43.9803 %, Current pose: 
   0.8275936    0.0255857   -0.5607444 -101.7616665 
  -0.0138587    0.9995875    0.0251553   -0.6163051 
   0.5611567   -0.0130472    0.8276068  116.8809084 
   0.0000000    0.0000000    0.0000000    1.0000000 

Motion:
   0.9999581    0.0065540    0.0063900   -0.0359212 
  -0.0065485    0.9999782   -0.0008826    0.0151560 
  -0.0063956    0.0008407    0.9999792   -0.4360828 
   0.0000000    0.0000000    0.0000000    1.0000000 

angles x: -0.015764 y: -0.408135 z: -0.016744 index: 296
NCC max: 0.995269 min: -0.551037 outliers: 164 disp outliers: 3 
NCC max: 0.997220 min: -0.694311 outliers: 1372 disp outliers: 4 
Num matches pre bucket: 442
Max age: 14
Index: 297, Matches: 432, Inliers: 48.6111 %, Current pose: 
   0.8246326    0.0295346   -0.5648972 -102.0218772 
  -0.0143008    0.9994053    0.0313758   -0.6593938 
   0.5654879   -0.0177950    0.8245646  117.2138252 
   0.0000000    0.0000000    0.0000000    1.0000000 

Motion:
   0.9999861   -0.0005742    0.0052338    0.0257016 
   0.0006063    0.9999809   -0.0061482    0.0566726 
  -0.0052302    0.0061513    0.9999674   -0.4201517 
   0.0000000    0.0000000    0.0000000    1.0000000 

angles x: -0.021578 y: -0.411517 z: -0.017340 index: 297
NCC max: 0.995173 min: -0.274860 outliers: 160 disp outliers: 2 
NCC max: 0.997845 min: -0.924364 outliers: 1426 disp outliers: 15 
Num matches pre bucket: 454
Max age: 15
Index: 298, Matches: 442, Inliers: 51.5837 %, Current pose: 
   0.8222767    0.0357637   -0.5679630 -102.3105679 
  -0.0186828    0.9991819    0.0358685   -0.6582998 
   0.5687811   -0.0188827    0.8222721  117.5325868 
   0.0000000    0.0000000    0.0000000    1.0000000 

Motion:
   0.9999822   -0.0045076    0.0039088    0.0560984 
   0.0045248    0.9999800   -0.0044227    0.0152506 
  -0.0038888    0.0044403    0.9999826   -0.4261137 
   0.0000000    0.0000000    0.0000000    1.0000000 

angles x: -0.022960 y: -0.414125 z: -0.022717 index: 298
NCC max: 0.997788 min: -0.460269 outliers: 158 disp outliers: 2 
NCC max: 0.998030 min: -0.639688 outliers: 1415 disp outliers: 6 
Num matches pre bucket: 488
Max age: 16
Index: 299, Matches: 481, Inliers: 44.2827 %, Current pose: 
   0.8187044    0.0450334   -0.5724467 -102.5716358 
  -0.0232378    0.9987017    0.0453318   -0.6341088 
   0.5737449   -0.0238110    0.8186879  117.8564250 
   0.0000000    0.0000000    0.0000000    1.0000000 

Motion:
   0.9999709   -0.0047727    0.0059471    0.0284991 
   0.0048281    0.9999448   -0.0093345   -0.0046920 
  -0.0059022    0.0093629    0.9999387   -0.4156665 
   0.0000000    0.0000000    0.0000000    1.0000000 

angles x: -0.029076 y: -0.418092 z: -0.028376 index: 299
NCC max: 0.993671 min: -0.290072 outliers: 149 disp outliers: 1 
NCC max: 0.995250 min: -0.715860 outliers: 1427 disp outliers: 4 
Num matches pre bucket: 460
Max age: 14
Index: 300, Matches: 452, Inliers: 47.5664 %, Current pose: 
   0.8148428    0.0565238   -0.5769196 -102.8021976 
  -0.0263713    0.9978189    0.0605147   -0.6311502 
   0.5790818   -0.0340959    0.8145562  118.1469046 
   0.0000000    0.0000000    0.0000000    1.0000000 

Motion:
   0.9999734   -0.0034304    0.0064377    0.0197382 
   0.0035269    0.9998807   -0.0150378    0.0199842 
  -0.0063854    0.0150601    0.9998662   -0.3698066 
   0.0000000    0.0000000    0.0000000    1.0000000 

angles x: -0.041834 y: -0.422444 z: -0.032352 index: 300
NCC max: 0.998560 min: -0.243062 outliers: 158 disp outliers: 2 
NCC max: 0.998560 min: -0.632057 outliers: 1346 disp outliers: 7 
Num matches pre bucket: 569
Max age: 9
Index: 301, Matches: 556, Inliers: 53.4173 %, Current pose: 
   0.8102600    0.0616180   -0.5828224 -103.0005530 
  -0.0232954    0.9970579    0.0730264   -0.6828540 
   0.5856074   -0.0455933    0.8093116  118.4013286 
   0.0000000    0.0000000    0.0000000    1.0000000 

Motion:
   0.9999635    0.0025876    0.0081455    0.0105224 
  -0.0024869    0.9999206   -0.0123503    0.0753740 
  -0.0081768    0.0123296    0.9998906   -0.3177386 
   0.0000000    0.0000000    0.0000000    1.0000000 

angles x: -0.056276 y: -0.427671 z: -0.028743 index: 301
NCC max: 0.994580 min: -0.463229 outliers: 166 disp outliers: 3 
NCC max: 0.997787 min: -0.637254 outliers: 1344 disp outliers: 6 
Num matches pre bucket: 509
Max age: 14
Index: 302, Matches: 505, Inliers: 41.9802 %, Current pose: 
   0.8018734    0.0600414   -0.5944696 -103.1061803 
  -0.0155428    0.9966976    0.0797008   -0.7497732 
   0.5972918   -0.0546702    0.8001585  118.6580974 
   0.0000000    0.0000000    0.0000000    1.0000000 

Motion:
   0.9998665    0.0066802    0.0149104   -0.0697063 
  -0.0065846    0.9999575   -0.0064535    0.0870778 
  -0.0149529    0.0063545    0.9998680   -0.2629144 
   0.0000000    0.0000000    0.0000000    1.0000000 

angles x: -0.068218 y: -0.436834 z: -0.019381 index: 302
NCC max: 0.997742 min: -0.319349 outliers: 148 disp outliers: 0 
NCC max: 0.997742 min: -0.845133 outliers: 1361 disp outliers: 6 
Num matches pre bucket: 491
Max age: 10
Index: 303, Matches: 481, Inliers: 52.183 %, Current pose: 
   0.7927809    0.0589828   -0.6066461 -103.2381215 
  -0.0088651    0.9963172    0.0852844   -0.7931702 
   0.6094422   -0.0622339    0.7903841  118.9174890 
   0.0000000    0.0000000    0.0000000    1.0000000 

Motion:
   0.9998626    0.0054455    0.0156597   -0.0538685 
  -0.0053606    0.9999708   -0.0054531    0.0671624 
  -0.0156889    0.0053684    0.9998625   -0.2813596 
   0.0000000    0.0000000    0.0000000    1.0000000 

angles x: -0.078577 y: -0.446425 z: -0.011182 index: 303
NCC max: 0.995067 min: -0.680797 outliers: 165 disp outliers: 6 
NCC max: 0.999634 min: -0.746627 outliers: 1369 disp outliers: 14 
Num matches pre bucket: 451
Max age: 9
Index: 304, Matches: 449, Inliers: 57.9065 %, Current pose: 
   0.7827129    0.0574782   -0.6197232 -103.3945282 
  -0.0024905    0.9960077    0.0892323   -0.8006829 
   0.6223780   -0.0682998    0.7797312  119.1667581 
   0.0000000    0.0000000    0.0000000    1.0000000 

Motion:
   0.9998453    0.0049522    0.0168756   -0.0327368 
  -0.0048869    0.9999804   -0.0039080    0.0334977 
  -0.0168946    0.0038250    0.9998500   -0.2906214 
   0.0000000    0.0000000    0.0000000    1.0000000 

angles x: -0.087371 y: -0.456677 z: -0.003182 index: 304
NCC max: 0.994294 min: -0.334429 outliers: 171 disp outliers: 1 
NCC max: 0.994867 min: -0.629249 outliers: 1467 disp outliers: 7 
Num matches pre bucket: 416
Max age: 17
Index: 305, Matches: 415, Inliers: 60.9639 %, Current pose: 
   0.7723792    0.0596340   -0.6323560 -103.5779361 
  -0.0008643    0.9956805    0.0928415   -0.8098064 
   0.6351611   -0.0711624    0.7690945  119.3743300 
   0.0000000    0.0000000    0.0000000    1.0000000 

Motion:
   0.9998636    0.0001528    0.0165165    0.0098110 
  -0.0000934    0.9999935   -0.0035973    0.0347927 
  -0.0165169    0.0035952    0.9998571   -0.2747744 
   0.0000000    0.0000000    0.0000000    1.0000000 

angles x: -0.092265 y: -0.466875 z: -0.001119 index: 305
NCC max: 0.991004 min: -0.261194 outliers: 184 disp outliers: 1 
NCC max: 0.997901 min: -0.591590 outliers: 1451 disp outliers: 4 
Num matches pre bucket: 422
Max age: 10
Index: 306, Matches: 422, Inliers: 47.1564 %, Current pose: 
   0.7600120    0.0602396   -0.6471113 -103.7763657 
  -0.0016729    0.9958731    0.0907411   -0.7763420 
   0.6499069   -0.0678818    0.7569763  119.5636740 
   0.0000000    0.0000000    0.0000000    1.0000000 

Motion:
   0.9998145   -0.0025920    0.0190864    0.0278089 
   0.0025512    0.9999944    0.0021580   -0.0085199 
  -0.0190919   -0.0021089    0.9998155   -0.2747715 
   0.0000000    0.0000000    0.0000000    1.0000000 

angles x: -0.089436 y: -0.478562 z: -0.002201 index: 306
NCC max: 0.992949 min: -0.408993 outliers: 181 disp outliers: 3 
NCC max: 0.997560 min: -0.683523 outliers: 1371 disp outliers: 5 
Num matches pre bucket: 452
Max age: 11
Index: 307, Matches: 440, Inliers: 59.0909 %, Current pose: 
   0.7454515    0.0569553   -0.6641221 -103.9406053 
  -0.0003081    0.9963721    0.0851033   -0.7795885 
   0.6665598   -0.0632358    0.7427646  119.7312485 
   0.0000000    0.0000000    0.0000000    1.0000000 

Motion:
   0.9997544   -0.0006484    0.0221519    0.0107332 
   0.0005225    0.9999837    0.0056876    0.0231857 
  -0.0221552   -0.0056746    0.9997384   -0.2332673 
   0.0000000    0.0000000    0.0000000    1.0000000 

angles x: -0.084931 y: -0.491768 z: -0.000413 index: 307
NCC max: 0.993312 min: -0.505867 outliers: 182 disp outliers: 3 
NCC max: 0.996554 min: -0.656273 outliers: 1387 disp outliers: 8 
Num matches pre bucket: 506
Max age: 12
Index: 308, Matches: 497, Inliers: 55.5332 %, Current pose: 
   0.7293325    0.0509439   -0.6822600 -104.0876051 
   0.0009934    0.9971439    0.0755181   -0.8057647 
   0.6841587   -0.0557555    0.7271989  119.8767312 
   0.0000000    0.0000000    0.0000000    1.0000000 

Motion:
   0.9997144   -0.0007342    0.0238875    0.0077045 
   0.0005046    0.9999537    0.0096140    0.0417017 
  -0.0238935   -0.0095992    0.9996684   -0.2041102 
   0.0000000    0.0000000    0.0000000    1.0000000 

angles x: -0.076522 y: -0.505751 z: 0.001362 index: 308
NCC max: 0.998288 min: -0.370279 outliers: 148 disp outliers: 10 
NCC max: 0.998288 min: -0.700943 outliers: 1379 disp outliers: 7 
Num matches pre bucket: 585
Max age: 12
Index: 309, Matches: 568, Inliers: 54.5775 %, Current pose: 
   0.7148526    0.0440112   -0.6978888 -104.2525683 
   0.0017240    0.9979035    0.0646970   -0.8098028 
   0.6992731   -0.0474520    0.7132780  120.0054235 
   0.0000000    0.0000000    0.0000000    1.0000000 

Motion:
   0.9997807   -0.0008519    0.0209255    0.0279402 
   0.0006254    0.9999412    0.0108256    0.0173966 
  -0.0209334   -0.0108101    0.9997224   -0.2066581 
   0.0000000    0.0000000    0.0000000    1.0000000 

angles x: -0.066429 y: -0.517811 z: 0.002412 index: 309
NCC max: 0.994023 min: -0.259385 outliers: 164 disp outliers: 4 
NCC max: 0.995046 min: -0.685079 outliers: 1354 disp outliers: 6 
Num matches pre bucket: 572
Max age: 13
Index: 310, Matches: 560, Inliers: 47.8571 %, Current pose: 
   0.6994015    0.0406394   -0.7135726 -104.4382406 
  -0.0018079    0.9984796    0.0550934   -0.7914878 
   0.7147267   -0.0372423    0.6984116  120.1615780 
   0.0000000    0.0000000    0.0000000    1.0000000 

Motion:
   0.9997550   -0.0049378    0.0215773    0.0182848 
   0.0047300    0.9999420    0.0096728   -0.0049261 
  -0.0216238   -0.0095683    0.9997204   -0.2425599 
   0.0000000    0.0000000    0.0000000    1.0000000 

angles x: -0.053274 y: -0.530278 z: -0.002585 index: 310
NCC max: 0.995619 min: -0.460858 outliers: 174 disp outliers: 0 
NCC max: 0.997392 min: -0.563365 outliers: 1429 disp outliers: 7 
Num matches pre bucket: 513
Max age: 14
Index: 311, Matches: 509, Inliers: 33.9882 %, Current pose: 
   0.6845684    0.0470616   -0.7274278 -104.6650949 
  -0.0165984    0.9986614    0.0489889   -0.7594335 
   0.7287596   -0.0214621    0.6844332  120.2531477 
   0.0000000    0.0000000    0.0000000    1.0000000 

Motion:
   0.9996821   -0.0158934    0.0195704    0.0890971 
   0.0157699    0.9998549    0.0064484   -0.0193699 
  -0.0196701   -0.0061377    0.9997877   -0.2292637 
   0.0000000    0.0000000    0.0000000    1.0000000 

angles x: -0.031347 y: -0.541814 z: -0.024242 index: 311
NCC max: 0.993929 min: -0.221606 outliers: 186 disp outliers: 2 
NCC max: 0.997729 min: -0.636119 outliers: 1431 disp outliers: 6 
Num matches pre bucket: 503
Max age: 11
Index: 312, Matches: 495, Inliers: 51.5152 %, Current pose: 
   0.6682756    0.0491522   -0.7422882 -104.8697406 
  -0.0190510    0.9986183    0.0489742   -0.7387376 
   0.7436698   -0.0185869    0.6682887  120.3719132 
   0.0000000    0.0000000    0.0000000    1.0000000 

Motion:
   0.9997531   -0.0035362    0.0219367    0.0488317 
   0.0035272    0.9999937    0.0004450   -0.0084010 
  -0.0219382   -0.0003675    0.9997593   -0.2322894 
   0.0000000    0.0000000    0.0000000    1.0000000 

angles x: -0.027806 y: -0.554202 z: -0.028500 index: 312
NCC max: 0.999030 min: -0.516809 outliers: 182 disp outliers: 3 
NCC max: 0.999030 min: -0.776671 outliers: 1449 disp outliers: 8 
Num matches pre bucket: 490
Max age: 17
Index: 313, Matches: 482, Inliers: 52.6971 %, Current pose: 
   0.6476209    0.0474522   -0.7604837 -105.0220718 
  -0.0136656    0.9986218    0.0506739   -0.7058771 
   0.7618402   -0.0224251    0.6473767  120.5335760 
   0.0000000    0.0000000    0.0000000    1.0000000 

Motion:
   0.9996071    0.0040251    0.0277386   -0.0240593 
  -0.0039905    0.9999912   -0.0013029   -0.0219615 
  -0.0277436    0.0011917    0.9996144   -0.2221673 
   0.0000000    0.0000000    0.0000000    1.0000000 

angles x: -0.034626 y: -0.569367 z: -0.021098 index: 313
NCC max: 0.994853 min: -0.172084 outliers: 169 disp outliers: 1 
NCC max: 0.996148 min: -0.526954 outliers: 1427 disp outliers: 2 
Num matches pre bucket: 511
Max age: 18
Index: 314, Matches: 498, Inliers: 65.0602 %, Current pose: 
   0.6250384    0.0476959   -0.7791355 -105.1729586 
  -0.0086815    0.9984945    0.0541598   -0.6955200 
   0.7805458   -0.0270879    0.6245115  120.6831092 
   0.0000000    0.0000000    0.0000000    1.0000000 

Motion:
   0.9995576    0.0034862    0.0295357   -0.0223175 
  -0.0033928    0.9999891   -0.0032104    0.0009057 
  -0.0295466    0.0031088    0.9995586   -0.2115074 
   0.0000000    0.0000000    0.0000000    1.0000000 

angles x: -0.043347 y: -0.585187 z: -0.013889 index: 314
NCC max: 0.995471 min: -0.439378 outliers: 170 disp outliers: 1 
NCC max: 0.997723 min: -0.690284 outliers: 1367 disp outliers: 1 
Num matches pre bucket: 488
Max age: 16
Index: 315, Matches: 483, Inliers: 54.4513 %, Current pose: 
   0.6032780    0.0504736   -0.7959322 -105.3646012 
  -0.0083695    0.9983411    0.0569656   -0.6624749 
   0.7974870   -0.0277046    0.6026997  120.7869225 
   0.0000000    0.0000000    0.0000000    1.0000000 

Motion:
   0.9996197   -0.0011852    0.0275512    0.0331006 
   0.0012562    0.9999959   -0.0025576   -0.0204413 
  -0.0275480    0.0025912    0.9996171   -0.2169853 
   0.0000000    0.0000000    0.0000000    1.0000000 

angles x: -0.045935 y: -0.599690 z: -0.013872 index: 315
NCC max: 0.995487 min: -0.470423 outliers: 168 disp outliers: 0 
NCC max: 0.995789 min: -0.712338 outliers: 1381 disp outliers: 3 
Num matches pre bucket: 484
Max age: 17
Index: 316, Matches: 477, Inliers: 50.5241 %, Current pose: 
   0.5798575    0.0596622   -0.8125305 -105.5728516 
  -0.0138347    0.9978923    0.0633999   -0.6419657 
   0.8146005   -0.0255218    0.5794607  120.8577923 
   0.0000000    0.0000000    0.0000000    1.0000000 

Motion:
   0.9995644   -0.0071124    0.0286441    0.0633086 
   0.0072878    0.9999553   -0.0060236   -0.0062325 
  -0.0286000    0.0062297    0.9995715   -0.2115764 
   0.0000000    0.0000000    0.0000000    1.0000000 

angles x: -0.044016 y: -0.614616 z: -0.023854 index: 316
NCC max: 0.993357 min: -0.189034 outliers: 163 disp outliers: 3 
NCC max: 0.998837 min: -0.409508 outliers: 1338 disp outliers: 4 
Num matches pre bucket: 478
Max age: 16
Index: 317, Matches: 468, Inliers: 56.6239 %, Current pose: 
   0.5555823    0.0679304   -0.8286819 -105.7772818 
  -0.0161043    0.9973492    0.0709598   -0.6262178 
   0.8313056   -0.0260786    0.5552035  120.9412258 
   0.0000000    0.0000000    0.0000000    1.0000000 

Motion:
   0.9995633   -0.0041395    0.0292604    0.0444727 
   0.0043483    0.9999655   -0.0070753    0.0003567 
  -0.0292301    0.0071994    0.9995468   -0.2168477 
   0.0000000    0.0000000    0.0000000    1.0000000 

angles x: -0.046937 y: -0.629375 z: -0.028978 index: 317
NCC max: 0.995044 min: -0.316008 outliers: 166 disp outliers: 5 
NCC max: 1.000000 min: -0.540109 outliers: 1298 disp outliers: 3 
Num matches pre bucket: 461
Max age: 15
Index: 318, Matches: 455, Inliers: 47.033 %, Current pose: 
   0.5297857    0.0731793   -0.8449686 -105.9742563 
  -0.0163870    0.9969679    0.0760689   -0.6205065 
   0.8479732   -0.0264538    0.5293785  121.0301948 
   0.0000000    0.0000000    0.0000000    1.0000000 

Motion:
   0.9995283   -0.0024690    0.0306110    0.0290046 
   0.0026105    0.9999861   -0.0045850    0.0110741 
  -0.0305993    0.0046627    0.9995209   -0.2139699 
   0.0000000    0.0000000    0.0000000    1.0000000 

angles x: -0.049930 y: -0.644198 z: -0.030921 index: 318
NCC max: 0.994632 min: -0.383652 outliers: 169 disp outliers: 3 
NCC max: 1.000000 min: -0.725242 outliers: 1279 disp outliers: 4 
Num matches pre bucket: 427
Max age: 16
Index: 319, Matches: 420, Inliers: 48.0952 %, Current pose: 
   0.5040473    0.0793899   -0.8600195 -106.1638820 
  -0.0178180    0.9965102    0.0815466   -0.6371503 
   0.8634922   -0.0257795    0.5037029  121.0928817 
   0.0000000    0.0000000    0.0000000    1.0000000 

Motion:
   0.9995473   -0.0037207    0.0298547    0.0411541 
   0.0038695    0.9999804   -0.0049256    0.0332562 
  -0.0298358    0.0050389    0.9995421   -0.1933002 
   0.0000000    0.0000000    0.0000000    1.0000000 

angles x: -0.051135 y: -0.658203 z: -0.035335 index: 319
NCC max: 0.993739 min: -0.318665 outliers: 165 disp outliers: 3 
NCC max: 0.998037 min: -0.698311 outliers: 1280 disp outliers: 2 
Num matches pre bucket: 422
Max age: 15
Index: 320, Matches: 416, Inliers: 44.9519 %, Current pose: 
   0.4775678    0.0903507   -0.8739369 -106.3960708 
  -0.0240380    0.9956697    0.0898002   -0.6480907 
   0.8782660   -0.0218779    0.4776716  121.1498127 
   0.0000000    0.0000000    0.0000000    1.0000000 

Motion:
   0.9995209   -0.0086814    0.0297073    0.0606223 
   0.0089088    0.9999320   -0.0075299    0.0331169 
  -0.0296399    0.0077909    0.9995303   -0.2291302 
   0.0000000    0.0000000    0.0000000    1.0000000 

angles x: -0.045769 y: -0.671887 z: -0.050292 index: 320
NCC max: 0.994398 min: -0.424070 outliers: 152 disp outliers: 4 
NCC max: 1.000000 min: -0.667456 outliers: 1201 disp outliers: 2 
Num matches pre bucket: 442
Max age: 20
Index: 321, Matches: 436, Inliers: 42.6606 %, Current pose: 
   0.4503781    0.0953664   -0.8877301 -106.5864401 
  -0.0242332    0.9952186    0.0946191   -0.6522146 
   0.8925090   -0.0211018    0.4505357  121.2031254 
   0.0000000    0.0000000    0.0000000    1.0000000 

Motion:
   0.9995289   -0.0029625    0.0305480    0.0380562 
   0.0030878    0.9999870   -0.0040531    0.0233841 
  -0.0305356    0.0041456    0.9995251   -0.1926256 
   0.0000000    0.0000000    0.0000000    1.0000000 

angles x: -0.046803 y: -0.685039 z: -0.053755 index: 321
NCC max: 0.992109 min: -0.467768 outliers: 159 disp outliers: 2 
NCC max: 0.997468 min: -0.606971 outliers: 1185 disp outliers: 4 
Num matches pre bucket: 435
Max age: 21
Index: 322, Matches: 430, Inliers: 56.2791 %, Current pose: 
   0.4201906    0.0949471   -0.9024549 -106.7921415 
  -0.0209889    0.9952618    0.0949387   -0.6552900 
   0.9071931   -0.0209508    0.4201925  121.2796840 
   0.0000000    0.0000000    0.0000000    1.0000000 

Motion:
   0.9994313    0.0000400    0.0337210    0.0169158 
  -0.0000551    0.9999999    0.0004443    0.0241955 
  -0.0337210   -0.0004459    0.9994312   -0.2175137 
   0.0000000    0.0000000    0.0000000    1.0000000 

angles x: -0.049819 y: -0.698507 z: -0.049909 index: 322
NCC max: 0.990850 min: -0.214757 outliers: 168 disp outliers: 7 
NCC max: 1.000000 min: -0.619367 outliers: 1139 disp outliers: 4 
Num matches pre bucket: 389
Max age: 14
Index: 323, Matches: 383, Inliers: 56.1358 %, Current pose: 
   0.3879355    0.0883906   -0.9174383 -107.0082405 
  -0.0190511    0.9959472    0.0878988   -0.6480873 
   0.9214896   -0.0166209    0.3880473  121.3340152 
   0.0000000    0.0000000    0.0000000    1.0000000 

Motion:
   0.9993757   -0.0014334    0.0353000    0.0339040 
   0.0011587    0.9999689    0.0078014    0.0128307 
  -0.0353101   -0.0077556    0.9993463   -0.2199737 
   0.0000000    0.0000000    0.0000000    1.0000000 

angles x: -0.042806 y: -0.711503 z: -0.049069 index: 323
NCC max: 0.991260 min: -0.350383 outliers: 161 disp outliers: 3 
NCC max: 1.000000 min: -0.601399 outliers: 1089 disp outliers: 8 
Num matches pre bucket: 403
Max age: 14
Index: 324, Matches: 393, Inliers: 53.944 %, Current pose: 
   0.3541453    0.0797221   -0.9317862 -107.2208741 
  -0.0157171    0.9967265    0.0793047   -0.6547631 
   0.9350583   -0.0134404    0.3542390  121.3807464 
   0.0000000    0.0000000    0.0000000    1.0000000 

Motion:
   0.9993315    0.0001082    0.0365589    0.0315019 
  -0.0004469    0.9999571    0.0092555    0.0242336 
  -0.0365563   -0.0092656    0.9992886   -0.2141536 
   0.0000000    0.0000000    0.0000000    1.0000000 

angles x: -0.037924 y: -0.723898 z: -0.044351 index: 324
NCC max: 0.996901 min: -0.391621 outliers: 147 disp outliers: 5 
NCC max: 1.000000 min: -0.732392 outliers: 1068 disp outliers: 7 
Num matches pre bucket: 335
Max age: 16
Index: 325, Matches: 333, Inliers: 60.0601 %, Current pose: 
   0.3159742    0.0755304   -0.9457566 -107.4734832 
  -0.0128981    0.9970760    0.0753197   -0.6476088 
   0.9486801   -0.0116007    0.3160244  121.4192767 
   0.0000000    0.0000000    0.0000000    1.0000000 

Motion:
   0.9991747   -0.0004164    0.0406162    0.0433573 
   0.0002304    0.9999895    0.0045852    0.0123932 
  -0.0406177   -0.0045720    0.9991643   -0.2516221 
   0.0000000    0.0000000    0.0000000    1.0000000 

angles x: -0.036692 y: -0.736673 z: -0.040797 index: 325
NCC max: 0.989138 min: -0.338796 outliers: 137 disp outliers: 1 
NCC max: 1.000000 min: -0.623052 outliers: 1068 disp outliers: 4 
Num matches pre bucket: 313
Max age: 17
Index: 326, Matches: 312, Inliers: 59.2949 %, Current pose: 
   0.2755045    0.0743230   -0.9584223 -107.7402405 
  -0.0098270    0.9971724    0.0745031   -0.6361884 
   0.9612496   -0.0111075    0.2754558  121.4564961 
   0.0000000    0.0000000    0.0000000    1.0000000 

Motion:
   0.9990974   -0.0001404    0.0424780    0.0378278 
   0.0000850    0.9999991    0.0013051    0.0088515 
  -0.0424782   -0.0013003    0.9990965   -0.2667693 
   0.0000000    0.0000000    0.0000000    1.0000000 

angles x: -0.040302 y: -0.748696 z: -0.035654 index: 326
NCC max: 0.992028 min: -0.423580 outliers: 140 disp outliers: 5 
NCC max: 1.000000 min: -0.725403 outliers: 956 disp outliers: 7 
Num matches pre bucket: 298
Max age: 15
Index: 327, Matches: 296, Inliers: 51.6892 %, Current pose: 
   0.2316724    0.0713540   -0.9701734 -108.0153848 
  -0.0065239    0.9973978    0.0717984   -0.6242501 
   0.9727720   -0.0103044    0.2315350  121.4899493 
   0.0000000    0.0000000    0.0000000    1.0000000 

Motion:
   0.9989675   -0.0000920    0.0454297    0.0312789 
  -0.0000481    0.9999952    0.0030836    0.0080701 
  -0.0454298   -0.0030826    0.9989628   -0.2755405 
   0.0000000    0.0000000    0.0000000    1.0000000 

angles x: -0.044475 y: -0.759773 z: -0.028153 index: 327
NCC max: 0.993842 min: -0.326274 outliers: 121 disp outliers: 0 
NCC max: 1.000000 min: -0.503768 outliers: 962 disp outliers: 2 
Num matches pre bucket: 297
Max age: 14
Index: 328, Matches: 292, Inliers: 58.5616 %, Current pose: 
   0.1857258    0.0655170   -0.9804149 -108.3073613 
  -0.0028679    0.9978065    0.0661359   -0.5979808 
   0.9825974   -0.0094714    0.1855063  121.5043022 
   0.0000000    0.0000000    0.0000000    1.0000000 

Motion:
   0.9988895    0.0002668    0.0471136    0.0401998 
  -0.0005446    0.9999825    0.0058851   -0.0069462 
  -0.0471112   -0.0059042    0.9988722   -0.2906580 
   0.0000000    0.0000000    0.0000000    1.0000000 

angles x: -0.051013 y: -0.769206 z: -0.015440 index: 328
NCC max: 0.992185 min: -0.430410 outliers: 123 disp outliers: 2 
NCC max: 1.000000 min: -0.548635 outliers: 930 disp outliers: 4 
Num matches pre bucket: 256
Max age: 12
Index: 329, Matches: 253, Inliers: 52.1739 %, Current pose: 
   0.1361361    0.0633577   -0.9886621 -108.6128458 
   0.0019498    0.9979338    0.0642204   -0.6023121 
   0.9906882   -0.0106704    0.1357313  121.5167632 
   0.0000000    0.0000000    0.0000000    1.0000000 

Motion:
   0.9987261    0.0014816    0.0504380    0.0292510 
  -0.0015796    0.9999969    0.0019030    0.0238101 
  -0.0504350   -0.0019802    0.9987254   -0.3034341 
   0.0000000    0.0000000    0.0000000    1.0000000 

angles x: -0.078453 y: -0.777145 z: 0.014322 index: 329
NCC max: 0.992536 min: -0.246529 outliers: 117 disp outliers: 1 
NCC max: 1.000000 min: -0.609166 outliers: 908 disp outliers: 3 
Num matches pre bucket: 292
Max age: 12
Index: 330, Matches: 291, Inliers: 52.921 %, Current pose: 
   0.0845367    0.0659877   -0.9942330 -108.9315516 
   0.0055889    0.9977576    0.0666968   -0.6121437 
   0.9964047   -0.0111950    0.0839783  121.5233698 
   0.0000000    0.0000000    0.0000000    1.0000000 

Motion:
   0.9986458    0.0003014    0.0520240    0.0204144 
  -0.0001620    0.9999964   -0.0026827    0.0309142 
  -0.0520246    0.0026706    0.9986422   -0.3167668 
   0.0000000    0.0000000    0.0000000    1.0000000 

angles x: -0.132527 y: -0.782931 z: 0.066016 index: 330
NCC max: 0.991416 min: -0.431078 outliers: 112 disp outliers: 4 
NCC max: 1.000000 min: -0.568261 outliers: 978 disp outliers: 9 
Num matches pre bucket: 293
Max age: 11
Index: 331, Matches: 292, Inliers: 52.3973 %, Current pose: 
   0.0324093    0.0680912   -0.9971526 -109.2742825 
   0.0082983    0.9976239    0.0683931   -0.5739368 
   0.9994402   -0.0104913    0.0317673  121.4929398 
   0.0000000    0.0000000    0.0000000    1.0000000 

Motion:
   0.9986331   -0.0007704    0.0522624    0.0412036 
   0.0008783    0.9999975   -0.0020412   -0.0150984 
  -0.0522607    0.0020843    0.9986313   -0.3434014 
   0.0000000    0.0000000    0.0000000    1.0000000 

angles x: -0.318977 y: -0.786044 z: 0.250663 index: 331
NCC max: 0.989234 min: -0.356143 outliers: 125 disp outliers: 0 
NCC max: 0.993953 min: -0.601631 outliers: 944 disp outliers: 7 
Num matches pre bucket: 297
Max age: 10
Index: 332, Matches: 296, Inliers: 55.0676 %, Current pose: 
  -0.0221323    0.0722091   -0.9971439 -109.6601632 
   0.0164513    0.9972795    0.0718537   -0.5264199 
   0.9996197   -0.0148140   -0.0232600  121.4849616 
   0.0000000    0.0000000    0.0000000    1.0000000 

Motion:
   0.9984794    0.0044179    0.0549496   -0.0013470 
  -0.0041897    0.9999821   -0.0042670   -0.0196417 
  -0.0549674    0.0040303    0.9984800   -0.3883784 
   0.0000000    0.0000000    0.0000000    1.0000000 

angles x: -2.574491 y: -0.786447 z: 2.502383 index: 332
NCC max: 0.986095 min: -0.377333 outliers: 127 disp outliers: 1 
NCC max: 1.000000 min: -0.822930 outliers: 938 disp outliers: 28 
Num matches pre bucket: 308
Max age: 9
Index: 333, Matches: 297, Inliers: 53.8721 %, Current pose: 
  -0.0764806    0.0749824   -0.9942476 -110.0473356 
   0.0239795    0.9970182    0.0733468   -0.4800690 
   0.9967827   -0.0182320   -0.0780506  121.4360812 
   0.0000000    0.0000000    0.0000000    1.0000000 

Motion:
   0.9984908    0.0036254    0.0548001    0.0180005 
  -0.0034824    0.9999903   -0.0027047   -0.0180728 
  -0.0548093    0.0025098    0.9984937   -0.3921601 
   0.0000000    0.0000000    0.0000000    1.0000000 

angles x: -2.912116 y: -0.783813 z: 2.837763 index: 333
NCC max: 0.993854 min: -0.145680 outliers: 121 disp outliers: 9 
NCC max: 0.996914 min: -0.648199 outliers: 884 disp outliers: 65 
Num matches pre bucket: 329
Max age: 16
Index: 334, Matches: 317, Inliers: 59.6215 %, Current pose: 
  -0.1303933    0.0735885   -0.9887276 -110.4472674 
   0.0292125    0.9970939    0.0703586   -0.3911150 
   0.9910319   -0.0197089   -0.1321641  121.3698404 
   0.0000000    0.0000000    0.0000000    1.0000000 

Motion:
   0.9985165    0.0012797    0.0544352    0.0108997 
  -0.0013637    0.9999979    0.0015067   -0.0605706 
  -0.0544332   -0.0015787    0.9985162   -0.4104370 
   0.0000000    0.0000000    0.0000000    1.0000000 

angles x: -2.993559 y: -0.778110 z: 2.921198 index: 334
NCC max: 0.988058 min: -0.288245 outliers: 125 disp outliers: 8 
NCC max: 1.000000 min: -0.637749 outliers: 909 disp outliers: 89 
Num matches pre bucket: 358
Max age: 8
Index: 335, Matches: 330, Inliers: 60.303 %, Current pose: 
  -0.1836409    0.0758729   -0.9800609 -110.8404554 
   0.0331893    0.9969269    0.0709597   -0.3549851 
   0.9824329   -0.0194964   -0.1855947  121.2775494 
   0.0000000    0.0000000    0.0000000    1.0000000 

Motion:
   0.9985375    0.0002163    0.0540636    0.0172652 
  -0.0000922    0.9999974   -0.0022985   -0.0079859 
  -0.0540640    0.0022902    0.9985348   -0.4050406 
   0.0000000    0.0000000    0.0000000    1.0000000 

angles x: -3.036928 y: -0.769736 z: 2.962794 index: 335
NCC max: 0.989531 min: -0.429389 outliers: 134 disp outliers: 18 
NCC max: 0.997008 min: -0.721659 outliers: 814 disp outliers: 115 
Num matches pre bucket: 327
Max age: 16
Index: 336, Matches: 300, Inliers: 56.6667 %, Current pose: 
  -0.2350929    0.0787200   -0.9687799 -111.2610084 
   0.0374525    0.9967084    0.0719008   -0.3108980 
   0.9712511   -0.0193799   -0.2372673  121.1494036 
   0.0000000    0.0000000    0.0000000    1.0000000 

Motion:
   0.9986047    0.0005644    0.0528039    0.0239415 
  -0.0004156    0.9999959   -0.0028275   -0.0133195 
  -0.0528053    0.0028016    0.9986009   -0.4409981 
   0.0000000    0.0000000    0.0000000    1.0000000 

angles x: -3.060094 y: -0.758938 z: 2.983611 index: 336
NCC max: 0.990449 min: -0.430829 outliers: 118 disp outliers: 23 
NCC max: 1.000000 min: -0.585054 outliers: 855 disp outliers: 40 
Num matches pre bucket: 334
Max age: 8
Index: 337, Matches: 312, Inliers: 57.3718 %, Current pose: 
  -0.2846750    0.0801951   -0.9552638 -111.6734752 
   0.0433975    0.9965511    0.0707284   -0.2739533 
   0.9576413   -0.0213214   -0.2871734  121.0081697 
   0.0000000    0.0000000    0.0000000    1.0000000 

Motion:
   0.9986605    0.0022860    0.0516907    0.0162291 
  -0.0022384    0.9999970   -0.0009796   -0.0067508 
  -0.0516928    0.0008626    0.9986627   -0.4371862 
   0.0000000    0.0000000    0.0000000    1.0000000 

angles x: -3.067483 y: -0.745915 z: 2.990312 index: 337
NCC max: 0.997239 min: -0.234485 outliers: 134 disp outliers: 18 
NCC max: 1.000000 min: -0.853484 outliers: 877 disp outliers: 132 
Num matches pre bucket: 350
Max age: 7
Index: 338, Matches: 341, Inliers: 53.6657 %, Current pose: 
  -0.3324777    0.0781839   -0.9398648 -112.0859793 
   0.0492261    0.9966381    0.0654929   -0.1844167 
   0.9418255   -0.0244910   -0.3352087  120.8333558 
   0.0000000    0.0000000    0.0000000    1.0000000 

Motion:
   0.9987154    0.0023122    0.0506184    0.0230883 
  -0.0024590    0.9999930    0.0028376   -0.0612657 
  -0.0506114   -0.0029584    0.9987140   -0.4521613 
   0.0000000    0.0000000    0.0000000    1.0000000 

angles x: -3.068660 y: -0.730843 z: 2.994602 index: 338
NCC max: 0.985674 min: -0.368139 outliers: 127 disp outliers: 18 
NCC max: 1.000000 min: -0.706063 outliers: 835 disp outliers: 119 
Num matches pre bucket: 352
Max age: 8
Index: 339, Matches: 332, Inliers: 45.1807 %, Current pose: 
  -0.3792361    0.0794720   -0.9218808 -112.5604332 
   0.0572132    0.9964124    0.0623612   -0.1423461 
   0.9235295   -0.0290941   -0.3824224  120.6283564 
   0.0000000    0.0000000    0.0000000    1.0000000 

Motion:
   0.9987076    0.0047525    0.0506026    0.0069859 
  -0.0047747    0.9999886    0.0003176   -0.0101782 
  -0.0506005   -0.0005588    0.9987188   -0.5184099 
   0.0000000    0.0000000    0.0000000    1.0000000 

angles x: -3.065660 y: -0.713844 z: 2.991858 index: 339
NCC max: 1.000000 min: -0.354973 outliers: 115 disp outliers: 24 
NCC max: 1.000000 min: -0.596535 outliers: 882 disp outliers: 129 
Num matches pre bucket: 342
Max age: 9
Index: 340, Matches: 337, Inliers: 54.8961 %, Current pose: 
  -0.4242830    0.0803379   -0.9019588 -113.0414665 
   0.0638647    0.9962311    0.0586927   -0.0802039 
   0.9032747   -0.0327010   -0.4278147  120.4058542 
   0.0000000    0.0000000    0.0000000    1.0000000 

Motion:
   0.9987581    0.0036370    0.0496886   -0.0070823 
  -0.0036699    0.9999931    0.0005699   -0.0305388 
  -0.0496861   -0.0007515    0.9987646   -0.5327092 
   0.0000000    0.0000000    0.0000000    1.0000000 

angles x: -3.065304 y: -0.695243 z: 2.992190 index: 340
NCC max: 0.998017 min: -0.396596 outliers: 110 disp outliers: 16 
NCC max: 1.000000 min: -0.581217 outliers: 772 disp outliers: 127 
Num matches pre bucket: 355
Max age: 10
Index: 341, Matches: 353, Inliers: 49.2918 %, Current pose: 
  -0.4656005    0.0820572   -0.8811826 -113.4739192 
   0.0706238    0.9959618    0.0554294   -0.0318395 
   0.8821726   -0.0364245   -0.4695155  120.1648938 
   0.0000000    0.0000000    0.0000000    1.0000000 

Motion:
   0.9989009    0.0041043    0.0466912    0.0078028 
  -0.0041100    0.9999916    0.0000264   -0.0214601 
  -0.0466907   -0.0002182    0.9989094   -0.4968853 
   0.0000000    0.0000000    0.0000000    1.0000000 

angles x: -3.064169 y: -0.676202 z: 2.991057 index: 341
NCC max: 0.997050 min: -0.240670 outliers: 121 disp outliers: 21 
NCC max: 1.000000 min: -0.569579 outliers: 751 disp outliers: 47 
Num matches pre bucket: 321
Max age: 11
Index: 342, Matches: 315, Inliers: 55.873 %, Current pose: 
  -0.5038899    0.0833460   -0.8597374 -113.9205145 
   0.0738882    0.9958447    0.0532350    0.0068763 
   0.8606018   -0.0366998   -0.5079544  119.8847290 
   0.0000000    0.0000000    0.0000000    1.0000000 

Motion:
   0.9990290    0.0008950    0.0440487    0.0132149 
  -0.0008512    0.9999991   -0.0010129   -0.0116150 
  -0.0440496    0.0009744    0.9990289   -0.5283267 
   0.0000000    0.0000000    0.0000000    1.0000000 

angles x: -3.069468 y: -0.656869 z: 2.995995 index: 342
NCC max: 0.997544 min: -0.165345 outliers: 97 disp outliers: 19 
NCC max: 1.000000 min: -0.566698 outliers: 770 disp outliers: 128 
Num matches pre bucket: 340
Max age: 12
Index: 343, Matches: 335, Inliers: 57.9104 %, Current pose: 
  -0.5360567    0.0853725   -0.8398540 -114.3520265 
   0.0760038    0.9957136    0.0527046    0.0033247 
   0.8407536   -0.0355794   -0.5402476  119.5599644 
   0.0000000    0.0000000    0.0000000    1.0000000 

Motion:
   0.9992834    0.0001543    0.0378496    0.0420020 
  -0.0000666    0.9999973   -0.0023183    0.0288207 
  -0.0378498    0.0023141    0.9992808   -0.5376732 
   0.0000000    0.0000000    0.0000000    1.0000000 

angles x: -3.075830 y: -0.639313 z: 3.000748 index: 343
NCC max: 1.000000 min: -0.203680 outliers: 107 disp outliers: 19 
NCC max: 1.000000 min: -0.683382 outliers: 756 disp outliers: 114 
Num matches pre bucket: 320
Max age: 13
Index: 344, Matches: 318, Inliers: 44.3396 %, Current pose: 
  -0.5626896    0.0854513   -0.8222399 -114.8049875 
   0.0766897    0.9957497    0.0510017    0.0215430 
   0.8231033   -0.0343592   -0.5668513  119.2101151 
   0.0000000    0.0000000    0.0000000    1.0000000 

Motion:
   0.9994893   -0.0009628    0.0319395    0.0316885 
   0.0009864    0.9999993   -0.0007235    0.0085446 
  -0.0319388    0.0007547    0.9994895   -0.5716843 
   0.0000000    0.0000000    0.0000000    1.0000000 

angles x: -3.081053 y: -0.623799 z: 3.006136 index: 344
NCC max: 1.000000 min: -0.235049 outliers: 113 disp outliers: 21 
NCC max: 1.000000 min: -0.743439 outliers: 677 disp outliers: 131 
Num matches pre bucket: 263
Max age: 14
Index: 345, Matches: 260, Inliers: 46.5385 %, Current pose: 
  -0.5843353    0.0835946   -0.8071953 -115.2345198 
   0.0754202    0.9959694    0.0485470    0.0471267 
   0.8080000   -0.0325111   -0.5882848  118.8594496 
   0.0000000    0.0000000    0.0000000    1.0000000 

Motion:
   0.9996509   -0.0025948    0.0262945    0.0304173 
   0.0025828    0.9999965    0.0004903   -0.0009745 
  -0.0262957   -0.0004222    0.9996541   -0.5542497 
   0.0000000    0.0000000    0.0000000    1.0000000 

angles x: -3.086385 y: -0.610545 z: 3.013232 index: 345
NCC max: 1.000000 min: -0.249365 outliers: 100 disp outliers: 21 
NCC max: 1.000000 min: -0.559929 outliers: 690 disp outliers: 88 
Num matches pre bucket: 279
Max age: 15
Index: 346, Matches: 277, Inliers: 44.4043 %, Current pose: 
  -0.6002599    0.0789801   -0.7958958 -115.6786933 
   0.0728193    0.9963761    0.0439547    0.0856948 
   0.7964831   -0.0315724   -0.6038359  118.4614215 
   0.0000000    0.0000000    0.0000000    1.0000000 

Motion:
   0.9998035   -0.0035472    0.0195032    0.0475946 
   0.0034856    0.9999888    0.0031923   -0.0159142 
  -0.0195143   -0.0031237    0.9998047   -0.5955547 
   0.0000000    0.0000000    0.0000000    1.0000000 

angles x: -3.089354 y: -0.600400 z: 3.020869 index: 346
NCC max: 1.000000 min: -0.289988 outliers: 105 disp outliers: 18 
NCC max: 1.000000 min: -0.584102 outliers: 688 disp outliers: 135 
Num matches pre bucket: 305
Max age: 14
Index: 347, Matches: 299, Inliers: 49.8328 %, Current pose: 
  -0.6143390    0.0805864   -0.7849162 -116.1702518 
   0.0740615    0.9962684    0.0443191    0.1067506 
   0.7855587   -0.0309052   -0.6180149  118.0837081 
   0.0000000    0.0000000    0.0000000    1.0000000 

Motion:
   0.9998404    0.0004707    0.0178567   -0.0068269 
  -0.0004406    0.9999985   -0.0016861    0.0069624 
  -0.0178574    0.0016779    0.9998391   -0.6201979 
   0.0000000    0.0000000    0.0000000    1.0000000 

angles x: -3.091627 y: -0.591105 z: 3.021617 index: 347
NCC max: 1.000000 min: -0.148345 outliers: 81 disp outliers: 18 
NCC max: 1.000000 min: -0.655313 outliers: 640 disp outliers: 78 
Num matches pre bucket: 323
Max age: 15
Index: 348, Matches: 317, Inliers: 47.9495 %, Current pose: 
  -0.6244041    0.0818870   -0.7767973 -116.6426595 
   0.0735303    0.9962355    0.0459143    0.0925688 
   0.7776328   -0.0284491   -0.6280747  117.6590311 
   0.0000000    0.0000000    0.0000000    1.0000000 

Motion:
   0.9999178   -0.0010954    0.0127750    0.0363123 
   0.0011279    0.9999961   -0.0025402    0.0407309 
  -0.0127722    0.0025544    0.9999152   -0.6330428 
   0.0000000    0.0000000    0.0000000    1.0000000 

angles x: -3.096328 y: -0.584346 z: 3.024372 index: 348
NCC max: 1.000000 min: -0.351932 outliers: 93 disp outliers: 20 
NCC max: 1.000000 min: -0.809665 outliers: 654 disp outliers: 143 
Num matches pre bucket: 306
Max age: 16
Index: 349, Matches: 306, Inliers: 50.9804 %, Current pose: 
  -0.6333621    0.0841065   -0.7692714 -117.1436547 
   0.0748179    0.9960746    0.0473039    0.1063813 
   0.7702303   -0.0275948   -0.6371686  117.2274610 
   0.0000000    0.0000000    0.0000000    1.0000000 

Motion:
   0.9999316    0.0007598    0.0116671    0.0140635 
  -0.0007333    0.9999972   -0.0022681    0.0164695 
  -0.0116688    0.0022594    0.9999294   -0.6610375 
   0.0000000    0.0000000    0.0000000    1.0000000 

angles x: -3.098311 y: -0.578147 z: 3.024009 index: 349
NCC max: 0.997955 min: -0.435756 outliers: 98 disp outliers: 18 
NCC max: 1.000000 min: -0.682874 outliers: 662 disp outliers: 124 
Num matches pre bucket: 329
Max age: 15
Index: 350, Matches: 326, Inliers: 47.8528 %, Current pose: 
  -0.6414818    0.0872903   -0.7621558 -117.6741549 
   0.0764531    0.9958335    0.0497054    0.1113221 
   0.7633191   -0.0263840   -0.6454827  116.7855214 
   0.0000000    0.0000000    0.0000000    1.0000000 

Motion:
   0.9999418    0.0011366    0.0107272   -0.0033430 
  -0.0011020    0.9999942   -0.0032320    0.0297272 
  -0.0107308    0.0032200    0.9999372   -0.6898338 
   0.0000000    0.0000000    0.0000000    1.0000000 

angles x: -3.100740 y: -0.572421 z: 3.022970 index: 350
NCC max: 1.000000 min: -0.402420 outliers: 97 disp outliers: 15 
NCC max: 1.000000 min: -0.870975 outliers: 695 disp outliers: 129 
Num matches pre bucket: 300
Max age: 16
Index: 351, Matches: 299, Inliers: 49.4983 %, Current pose: 
  -0.6478942    0.0868541   -0.7567625 -118.1912419 
   0.0748137    0.9959305    0.0502526    0.1327912 
   0.7580475   -0.0240579   -0.6517554  116.3214940 
   0.0000000    0.0000000    0.0000000    1.0000000 

Motion:
   0.9999642   -0.0020532    0.0082084    0.0151310 
   0.0020629    0.9999972   -0.0011642    0.0123659 
  -0.0082060    0.0011811    0.9999656   -0.6948233 
   0.0000000    0.0000000    0.0000000    1.0000000 

angles x: -3.104697 y: -0.567907 z: 3.026630 index: 351
NCC max: 1.000000 min: -0.153168 outliers: 87 disp outliers: 15 
NCC max: 1.000000 min: -0.825353 outliers: 698 disp outliers: 115 
Num matches pre bucket: 303
Max age: 14
Index: 352, Matches: 301, Inliers: 48.8372 %, Current pose: 
  -0.6525015    0.0878337   -0.7526799 -118.6881679 
   0.0747076    0.9958774    0.0514492    0.1392777 
   0.7540959   -0.0226603   -0.6563733  115.8596287 
   0.0000000    0.0000000    0.0000000    1.0000000 

Motion:
   0.9999816   -0.0004107    0.0060568    0.0235612 
   0.0004208    0.9999985   -0.0016549    0.0267211 
  -0.0060561    0.0016574    0.9999803   -0.6775160 
   0.0000000    0.0000000    0.0000000    1.0000000 

angles x: -3.107083 y: -0.564599 z: 3.027595 index: 352
NCC max: 1.000000 min: -0.392503 outliers: 66 disp outliers: 17 
NCC max: 1.000000 min: -0.656130 outliers: 718 disp outliers: 140 
Num matches pre bucket: 353
Max age: 15
Index: 353, Matches: 345, Inliers: 50.1449 %, Current pose: 
  -0.6564274    0.0890374   -0.7491164 -119.2264341 
   0.0746014    0.9958047    0.0529870    0.1394689 
   0.7506915   -0.0211030   -0.6603158  115.3720823 
   0.0000000    0.0000000    0.0000000    1.0000000 

Motion:
   0.9999865   -0.0003735    0.0051841    0.0126500 
   0.0003835    0.9999981   -0.0019319    0.0374467 
  -0.0051834    0.0019339    0.9999847   -0.7251689 
   0.0000000    0.0000000    0.0000000    1.0000000 

angles x: -3.109645 y: -0.561762 z: 3.028430 index: 353
NCC max: 1.000000 min: -0.186193 outliers: 86 disp outliers: 18 
NCC max: 1.000000 min: -0.567831 outliers: 740 disp outliers: 126 
Num matches pre bucket: 311
Max age: 16
Index: 354, Matches: 308, Inliers: 45.1299 %, Current pose: 
  -0.6597840    0.0918424   -0.7458217 -119.7916139 
   0.0765384    0.9955548    0.0548862    0.1585146 
   0.7475473   -0.0208710   -0.6638806  114.8859671 
   0.0000000    0.0000000    0.0000000    1.0000000 

Motion:
   0.9999875    0.0016964    0.0046933   -0.0109603 
  -0.0016858    0.9999960   -0.0022677    0.0228007 
  -0.0046971    0.0022598    0.9999864   -0.7452911 
   0.0000000    0.0000000    0.0000000    1.0000000 

angles x: -3.110165 y: -0.559253 z: 3.026103 index: 354
NCC max: 1.000000 min: -0.159217 outliers: 103 disp outliers: 18 
NCC max: 1.000000 min: -0.615033 outliers: 724 disp outliers: 112 
Num matches pre bucket: 301
Max age: 10
Index: 355, Matches: 299, Inliers: 40.8027 %, Current pose: 
  -0.6618709    0.0935221   -0.7437611 -120.3569418 
   0.0773683    0.9954108    0.0563152    0.1707733 
   0.7456145   -0.0202701   -0.6660691  114.3736939 
   0.0000000    0.0000000    0.0000000    1.0000000 

Motion:
   0.9999956    0.0006748    0.0028851    0.0068358 
  -0.0006700    0.9999984   -0.0016596    0.0302844 
  -0.0028862    0.0016576    0.9999945   -0.7623685 
   0.0000000    0.0000000    0.0000000    1.0000000 

angles x: -3.111170 y: -0.557700 z: 3.025228 index: 355
NCC max: 0.999099 min: -0.400361 outliers: 96 disp outliers: 17 
NCC max: 1.000000 min: -0.723281 outliers: 782 disp outliers: 139 
Num matches pre bucket: 337
Max age: 10
Index: 356, Matches: 334, Inliers: 44.3114 %, Current pose: 
  -0.6630510    0.0947388   -0.7425550 -120.9396676 
   0.0794593    0.9952623    0.0560287    0.2127956 
   0.7443451   -0.0218530   -0.6674376  113.8779774 
   0.0000000    0.0000000    0.0000000    1.0000000 

Motion:
   0.9999963    0.0019968    0.0018410   -0.0207319 
  -0.0019971    0.9999980    0.0001410    0.0025507 
  -0.0018408   -0.0001447    0.9999983   -0.7659202 
   0.0000000    0.0000000    0.0000000    1.0000000 

angles x: -3.108863 y: -0.556737 z: 3.022323 index: 356
NCC max: 0.996099 min: -0.500243 outliers: 92 disp outliers: 18 
NCC max: 1.000000 min: -0.625137 outliers: 783 disp outliers: 119 
Num matches pre bucket: 340
Max age: 13
Index: 357, Matches: 338, Inliers: 43.1953 %, Current pose: 
  -0.6635616    0.0933196   -0.7422785 -121.5075444 
   0.0798553    0.9953563    0.0537498    0.2384468 
   0.7438475   -0.0236086   -0.6679323  113.3615918 
   0.0000000    0.0000000    0.0000000    1.0000000 

Motion:
   0.9999997    0.0003566    0.0007334    0.0052425 
  -0.0003583    0.9999974    0.0022308    0.0152709 
  -0.0007326   -0.0022311    0.9999972   -0.7678122 
   0.0000000    0.0000000    0.0000000    1.0000000 

angles x: -3.106262 y: -0.556301 z: 3.021825 index: 357
NCC max: 1.000000 min: -0.262462 outliers: 91 disp outliers: 18 
NCC max: 1.000000 min: -0.582127 outliers: 759 disp outliers: 124 
Num matches pre bucket: 320
Max age: 14
Index: 358, Matches: 314, Inliers: 47.7707 %, Current pose: 
  -0.6640522    0.0907888   -0.7421537 -122.0996567 
   0.0803530    0.9955173    0.0498862    0.2831495 
   0.7433560   -0.0265072   -0.6683706  112.8277262 
   0.0000000    0.0000000    0.0000000    1.0000000 

Motion:
   0.9999996    0.0004612    0.0007192    0.0000667 
  -0.0004639    0.9999926    0.0038234   -0.0048965 
  -0.0007174   -0.0038237    0.9999924   -0.7984884 
   0.0000000    0.0000000    0.0000000    1.0000000 

angles x: -3.101954 y: -0.555853 z: 3.021174 index: 358
NCC max: 1.000000 min: -0.202702 outliers: 96 disp outliers: 19 
NCC max: 1.000000 min: -0.639166 outliers: 704 disp outliers: 115 
Num matches pre bucket: 323
Max age: 14
Index: 359, Matches: 316, Inliers: 45.5696 %, Current pose: 
  -0.6649142    0.0896949   -0.7415146 -122.7297686 
   0.0813796    0.9955530    0.0474509    0.3161997 
   0.7424732   -0.0287934   -0.6692567  112.2736690 
   0.0000000    0.0000000    0.0000000    1.0000000 

Motion:
   0.9999987    0.0009672    0.0012810   -0.0102873 
  -0.0009702    0.9999968    0.0023416    0.0076614 
  -0.0012788   -0.0023428    0.9999964   -0.8396119 
   0.0000000    0.0000000    0.0000000    1.0000000 

angles x: -3.098596 y: -0.555130 z: 3.019807 index: 359
NCC max: 0.997282 min: -0.252895 outliers: 115 disp outliers: 20 
NCC max: 1.000000 min: -0.672844 outliers: 750 disp outliers: 139 
Num matches pre bucket: 344
Max age: 11
Index: 360, Matches: 334, Inliers: 40.4192 %, Current pose: 
  -0.6654674    0.0894652   -0.7410460 -123.3648395 
   0.0806779    0.9955960    0.0477469    0.3655829 
   0.7420541   -0.0280121   -0.6697545  111.6905441 
   0.0000000    0.0000000    0.0000000    1.0000000 

Motion:
   0.9999995   -0.0007361    0.0006574    0.0061071 
   0.0007363    0.9999997   -0.0003505   -0.0086835 
  -0.0006571    0.0003510    0.9999997   -0.8635251 
   0.0000000    0.0000000    0.0000000    1.0000000 

angles x: -3.099793 y: -0.554749 z: 3.020947 index: 360
NCC max: 0.999141 min: -0.247018 outliers: 94 disp outliers: 22 
NCC max: 1.000000 min: -0.711176 outliers: 754 disp outliers: 100 
Num matches pre bucket: 401
Max age: 10
Index: 361, Matches: 387, Inliers: 49.8708 %, Current pose: 
  -0.6663608    0.0929370   -0.7398149 -124.0192315 
   0.0806902    0.9953630    0.0523607    0.4027825 
   0.7412506   -0.0248047   -0.6707699  111.1149219 
   0.0000000    0.0000000    0.0000000    1.0000000 

Motion:
   0.9999993   -0.0000452    0.0012008   -0.0123825 
   0.0000509    0.9999888   -0.0047320    0.0095120 
  -0.0012006    0.0047321    0.9999881   -0.8721868 
   0.0000000    0.0000000    0.0000000    1.0000000 

angles x: -3.104630 y: -0.554151 z: 3.021088 index: 361
NCC max: 0.999264 min: -0.599420 outliers: 97 disp outliers: 20 
NCC max: 1.000000 min: -0.599420 outliers: 778 disp outliers: 77 
Num matches pre bucket: 406
Max age: 11
Index: 362, Matches: 380, Inliers: 38.1579 %, Current pose: 
  -0.6672250    0.0992187   -0.7382185 -124.6679827 
   0.0815254    0.9948620    0.0600271    0.3876378 
   0.7403813   -0.0201320   -0.6718856  110.5345293 
   0.0000000    0.0000000    0.0000000    1.0000000 

Motion:
   0.9999989    0.0007726    0.0012662   -0.0019165 
  -0.0007626    0.9999692   -0.0078079    0.0677506 
  -0.0012722    0.0078069    0.9999687   -0.8679685 
   0.0000000    0.0000000    0.0000000    1.0000000 

angles x: -3.111638 y: -0.553601 z: 3.020010 index: 362
NCC max: 0.996195 min: -0.442873 outliers: 111 disp outliers: 16 
NCC max: 1.000000 min: -0.520795 outliers: 786 disp outliers: 87 
Num matches pre bucket: 421
Max age: 11
Index: 363, Matches: 398, Inliers: 39.9497 %, Current pose: 
  -0.6681493    0.0979252   -0.7375549 -125.3474556 
   0.0801227    0.9950061    0.0595241    0.4017657 
   0.7397005   -0.0193239   -0.6726587  109.9315243 
   0.0000000    0.0000000    0.0000000    1.0000000 

Motion:
   0.9999984   -0.0014735    0.0010555   -0.0090782 
   0.0014731    0.9999988    0.0004206    0.0408279 
  -0.0010562   -0.0004190    0.9999994   -0.9076060 
   0.0000000    0.0000000    0.0000000    1.0000000 

angles x: -3.112873 y: -0.552953 z: 3.022245 index: 363
NCC max: 0.996178 min: -0.189220 outliers: 111 disp outliers: 22 
NCC max: 1.000000 min: -0.704018 outliers: 787 disp outliers: 116 
Num matches pre bucket: 377
Max age: 12
Index: 364, Matches: 359, Inliers: 44.8468 %, Current pose: 
  -0.6694368    0.0940589   -0.7368903 -125.9871782 
   0.0795571    0.9953244    0.0547716    0.4273326 
   0.7385967   -0.0219587   -0.6737899  109.3601188 
   0.0000000    0.0000000    0.0000000    1.0000000 

Motion:
   0.9999984   -0.0006675    0.0016585   -0.0082496 
   0.0006598    0.9999890    0.0046429    0.0221769 
  -0.0016615   -0.0046418    0.9999878   -0.8578130 
   0.0000000    0.0000000    0.0000000    1.0000000 

angles x: -3.109014 y: -0.551920 z: 3.023306 index: 364
NCC max: 1.000000 min: -0.330869 outliers: 99 disp outliers: 17 
NCC max: 1.000000 min: -0.546316 outliers: 776 disp outliers: 122 
Num matches pre bucket: 414
Max age: 13
Index: 365, Matches: 400, Inliers: 46 %, Current pose: 
  -0.6700574    0.0924660   -0.7365278 -126.6775551 
   0.0804702    0.9954122    0.0517592    0.4680952 
   0.7379347   -0.0245869   -0.6744240  108.7381894 
   0.0000000    0.0000000    0.0000000    1.0000000 

Motion:
   0.9999992    0.0008650    0.0009533   -0.0069290 
  -0.0008678    0.9999953    0.0029495    0.0079694 
  -0.0009507   -0.0029503    0.9999952   -0.9300357 
   0.0000000    0.0000000    0.0000000    1.0000000 

angles x: -3.105153 y: -0.551364 z: 3.022071 index: 365
NCC max: 0.997633 min: -0.254083 outliers: 107 disp outliers: 21 
NCC max: 1.000000 min: -0.385328 outliers: 737 disp outliers: 95 
Num matches pre bucket: 363
Max age: 13
Index: 366, Matches: 356, Inliers: 44.1011 %, Current pose: 
  -0.6707236    0.0922598   -0.7359470 -127.3454028 
   0.0813577    0.9953978    0.0506377    0.4928396 
   0.7372318   -0.0259110   -0.6751429  108.1235862 
   0.0000000    0.0000000    0.0000000    1.0000000 

Motion:
   0.9999991    0.0008391    0.0010108    0.0031507 
  -0.0008402    0.9999991    0.0010441    0.0210600 
  -0.0010099   -0.0010450    0.9999989   -0.9076984 
   0.0000000    0.0000000    0.0000000    1.0000000 

angles x: -3.103233 y: -0.550805 z: 3.020884 index: 366
NCC max: 0.996449 min: -0.434678 outliers: 111 disp outliers: 22 
NCC max: 1.000000 min: -0.695456 outliers: 814 disp outliers: 88 
Num matches pre bucket: 347
Max age: 8
Index: 367, Matches: 347, Inliers: 44.0922 %, Current pose: 
  -0.6713110    0.0897944   -0.7357163 -128.0282390 
   0.0816339    0.9955526    0.0470199    0.5534070 
   0.7366664   -0.0284944   -0.6756557  107.4984614 
   0.0000000    0.0000000    0.0000000    1.0000000 

Motion:
   0.9999996    0.0002354    0.0008280   -0.0028313 
  -0.0002383    0.9999936    0.0035664   -0.0167958 
  -0.0008271   -0.0035666    0.9999933   -0.9275908 
   0.0000000    0.0000000    0.0000000    1.0000000 

angles x: -3.099445 y: -0.550293 z: 3.020583 index: 367
NCC max: 0.998445 min: -0.286303 outliers: 127 disp outliers: 19 
NCC max: 1.000000 min: -0.613372 outliers: 804 disp outliers: 71 
Num matches pre bucket: 352
Max age: 8
Index: 368, Matches: 350, Inliers: 44.8571 %, Current pose: 
  -0.6722633    0.0853854   -0.7353716 -128.7098285 
   0.0808219    0.9958540    0.0417446    0.5608002 
   0.7358871   -0.0313708   -0.6763771  106.8618544 
   0.0000000    0.0000000    0.0000000    1.0000000 

Motion:
   0.9999989   -0.0008716    0.0011890    0.0096657 
   0.0008654    0.9999861    0.0052014    0.0308644 
  -0.0011935   -0.0052004    0.9999858   -0.9321165 
   0.0000000    0.0000000    0.0000000    1.0000000 

angles x: -3.095245 y: -0.549531 z: 3.021943 index: 368
NCC max: 0.989977 min: -0.235906 outliers: 112 disp outliers: 19 
NCC max: 1.000000 min: -0.566286 outliers: 801 disp outliers: 118 
Num matches pre bucket: 356
Max age: 10
Index: 369, Matches: 352, Inliers: 45.7386 %, Current pose: 
  -0.6727873    0.0787347   -0.7356344 -129.3959440 
   0.0814785    0.9961580    0.0321008    0.5487579 
   0.7353356   -0.0383414   -0.6766177  106.2253733 
   0.0000000    0.0000000    0.0000000    1.0000000 

Motion:
   0.9999995    0.0006264    0.0007858    0.0073985 
  -0.0006340    0.9999535    0.0096182    0.0416136 
  -0.0007797   -0.0096187    0.9999534   -0.9349980 
   0.0000000    0.0000000    0.0000000    1.0000000 

angles x: -3.084987 y: -0.548996 z: 3.021074 index: 369
NCC max: 0.993398 min: -0.352860 outliers: 108 disp outliers: 18 
NCC max: 1.000000 min: -0.556150 outliers: 805 disp outliers: 102 
Num matches pre bucket: 345
Max age: 11
Index: 370, Matches: 342, Inliers: 50.5848 %, Current pose: 
  -0.6732684    0.0726933   -0.7358161 -130.1194307 
   0.0802168    0.9964627    0.0250453    0.5452751 
   0.7350340   -0.0421627   -0.6767181  105.5464879 
   0.0000000    0.0000000    0.0000000    1.0000000 

Motion:
   0.9999990   -0.0012832    0.0005174    0.0121825 
   0.0012795    0.9999744    0.0070396    0.0274395 
  -0.0005264   -0.0070389    0.9999751   -0.9916800 
   0.0000000    0.0000000    0.0000000    1.0000000 

angles x: -3.079369 y: -0.548620 z: 3.023006 index: 370
NCC max: 0.998199 min: -0.715317 outliers: 121 disp outliers: 22 
NCC max: 1.000000 min: -0.647430 outliers: 837 disp outliers: 107 
Num matches pre bucket: 407
Max age: 11
Index: 371, Matches: 398, Inliers: 48.4925 %, Current pose: 
  -0.6716369    0.0711157   -0.7374595 -130.7965310 
   0.0775268    0.9966640    0.0255046    0.5111897 
   0.7368131   -0.0400430   -0.6749097  104.8644645 
   0.0000000    0.0000000    0.0000000    1.0000000 

Motion:
   0.9999935   -0.0026370   -0.0024718    0.0504008 
   0.0026363    0.9999965   -0.0002686    0.0548140 
   0.0024725    0.0002620    0.9999969   -0.9587688 
   0.0000000    0.0000000    0.0000000    1.0000000 

angles x: -3.082331 y: -0.549973 z: 3.026672 index: 371
NCC max: 0.998534 min: -0.263614 outliers: 130 disp outliers: 17 
NCC max: 0.999548 min: -0.461355 outliers: 817 disp outliers: 70 
Num matches pre bucket: 419
Max age: 11
Index: 372, Matches: 400, Inliers: 45 %, Current pose: 
  -0.6705152    0.0750398   -0.7380911 -131.4639790 
   0.0770164    0.9965368    0.0313501    0.4784265 
   0.7378875   -0.0358244   -0.6739723  104.2140305 
   0.0000000    0.0000000    0.0000000    1.0000000 

Motion:
   0.9999987   -0.0004719   -0.0015654    0.0349364 
   0.0004629    0.9999834   -0.0057442    0.0594334 
   0.0015680    0.0057435    0.9999823   -0.9299849 
   0.0000000    0.0000000    0.0000000    1.0000000 

angles x: -3.088489 y: -0.550894 z: 3.027232 index: 372
NCC max: 0.997078 min: -0.370005 outliers: 99 disp outliers: 18 
NCC max: 1.000000 min: -0.503569 outliers: 848 disp outliers: 80 
Num matches pre bucket: 463
Max age: 12
Index: 373, Matches: 451, Inliers: 47.4501 %, Current pose: 
  -0.6703474    0.0789053   -0.7378403 -132.1872157 
   0.0754381    0.9964254    0.0380212    0.4863324 
   0.7382029   -0.0301738   -0.6739036  103.5472861 
   0.0000000    0.0000000    0.0000000    1.0000000 

Motion:
   0.9999987   -0.0015716   -0.0003859    0.0067764 
   0.0015690    0.9999766   -0.0066650    0.0290713 
   0.0003964    0.0066643    0.9999777   -0.9832553 
   0.0000000    0.0000000    0.0000000    1.0000000 

angles x: -3.096848 y: -0.551154 z: 3.029528 index: 373
NCC max: 0.995716 min: -0.483531 outliers: 132 disp outliers: 19 
NCC max: 1.000000 min: -0.530865 outliers: 891 disp outliers: 83 
Num matches pre bucket: 475
Max age: 12
Index: 374, Matches: 467, Inliers: 40.8994 %, Current pose: 
  -0.6707354    0.0833117   -0.7370029 -132.9416356 
   0.0754524    0.9961808    0.0439414    0.4894175 
   0.7378489   -0.0261356   -0.6744597  102.8716362 
   0.0000000    0.0000000    0.0000000    1.0000000 

Motion:
   0.9999999   -0.0000057    0.0005254   -0.0077213 
   0.0000088    0.9999821   -0.0059819    0.0421202 
  -0.0005254    0.0059819    0.9999820   -1.0118438 
   0.0000000    0.0000000    0.0000000    1.0000000 

angles x: -3.102862 y: -0.550934 z: 3.029572 index: 374
NCC max: 0.996612 min: -0.890405 outliers: 143 disp outliers: 21 
NCC max: 1.000000 min: -0.578232 outliers: 915 disp outliers: 103 
Num matches pre bucket: 459
Max age: 14
Index: 375, Matches: 450, Inliers: 39.1111 %, Current pose: 
  -0.6706190    0.0875388   -0.7366187 -133.7006316 
   0.0773135    0.9958527    0.0479595    0.5102951 
   0.7377620   -0.0247880   -0.6746056  102.1875861 
   0.0000000   -0.0000000   -0.0000000    1.0000000 

Motion:
   0.9999983    0.0018660    0.0000546   -0.0059450 
  -0.0018657    0.9999901   -0.0040386    0.0286944 
  -0.0000621    0.0040385    0.9999918   -1.0215560 
   0.0000000    0.0000000    0.0000000    1.0000000 

angles x: -3.104865 y: -0.551007 z: 3.026813 index: 375
NCC max: 0.999634 min: -0.557195 outliers: 134 disp outliers: 20 
NCC max: 1.000000 min: -0.901535 outliers: 786 disp outliers: 114 
Num matches pre bucket: 550
Max age: 16
Index: 376, Matches: 529, Inliers: 41.5879 %, Current pose: 
  -0.6709786    0.0893175   -0.7360776 -134.4344402 
   0.0776648    0.9957236    0.0500275    0.5198149 
   0.7373981   -0.0236000   -0.6750460  101.5259217 
   0.0000000   -0.0000000   -0.0000000    1.0000000 

Motion:
   0.9999998    0.0003274    0.0005273   -0.0051991 
  -0.0003263    0.9999977   -0.0021179    0.0404476 
  -0.0005279    0.0021177    0.9999976   -0.9872702 
   0.0000000    0.0000000    0.0000000    1.0000000 

angles x: -3.106646 y: -0.550752 z: 3.026357 index: 376
NCC max: 0.995157 min: -0.591374 outliers: 122 disp outliers: 25 
NCC max: 1.000000 min: -0.764275 outliers: 798 disp outliers: 147 
Num matches pre bucket: 500
Max age: 9
Index: 377, Matches: 488, Inliers: 45.9016 %, Current pose: 
  -0.6713633    0.0895678   -0.7356962 -135.1789602 
   0.0777886    0.9957034    0.0502361    0.5307218 
   0.7370348   -0.0235021   -0.6754461  100.8577889 
   0.0000000   -0.0000000   -0.0000000    1.0000000 

Motion:
   0.9999999    0.0000974    0.0005347   -0.0082548 
  -0.0000973    1.0000000   -0.0002513    0.0401224 
  -0.0005347    0.0002513    0.9999998   -0.9995761 
   0.0000000    0.0000000    0.0000000    1.0000000 

angles x: -3.106812 y: -0.550459 z: 3.026240 index: 377
NCC max: 0.992424 min: -0.495834 outliers: 122 disp outliers: 23 
NCC max: 1.000000 min: -0.620633 outliers: 650 disp outliers: 143 
Num matches pre bucket: 422
Max age: 10
Index: 378, Matches: 414, Inliers: 44.2029 %, Current pose: 
  -0.6719701    0.0885684   -0.7352631 -135.9270939 
   0.0758686    0.9958322    0.0506184    0.5547400 
   0.7366819   -0.0217693   -0.6758890  100.1677575 
   0.0000000   -0.0000000   -0.0000000    1.0000000 

Motion:
   0.9999979   -0.0019578    0.0005883    0.0037880 
   0.0019580    0.9999980   -0.0004287    0.0273214 
  -0.0005874    0.0004299    0.9999997   -1.0176756 
   0.0000000    0.0000000    0.0000000    1.0000000 

angles x: -3.109395 y: -0.550080 z: 3.029164 index: 378
NCC max: 1.000000 min: -0.419596 outliers: 86 disp outliers: 25 
NCC max: 1.000000 min: -0.655361 outliers: 612 disp outliers: 148 
Num matches pre bucket: 402
Max age: 10
Index: 379, Matches: 380, Inliers: 38.9474 %, Current pose: 
  -0.6713544    0.0884445   -0.7358402 -136.6171896 
   0.0745060    0.9958783    0.0517232    0.5613787 
   0.7373820   -0.0200999   -0.6751769   99.5118661 
   0.0000000   -0.0000000   -0.0000000    1.0000000 

Motion:
   0.9999986   -0.0013176   -0.0009948    0.0198491 
   0.0013166    0.9999986   -0.0010348    0.0412404 
   0.0009962    0.0010335    0.9999990   -0.9509862 
   0.0000000    0.0000000    0.0000000    1.0000000 

angles x: -3.111832 y: -0.550617 z: 3.031066 index: 379
NCC max: 1.000000 min: -0.330263 outliers: 77 disp outliers: 21 
NCC max: 1.000000 min: -0.631876 outliers: 538 disp outliers: 106 
Num matches pre bucket: 467
Max age: 11
Index: 380, Matches: 440, Inliers: 42.9545 %, Current pose: 
  -0.6714075    0.0909491   -0.7354864 -137.3325041 
   0.0729539    0.9957318    0.0565328    0.5458535 
   0.7374888   -0.0157000   -0.6751768   98.8443661 
   0.0000000   -0.0000000   -0.0000000    1.0000000 

Motion:
   0.9999988   -0.0015525   -0.0001134    0.0131389 
   0.0015520    0.9999872   -0.0048213    0.0700364 
   0.0001208    0.0048211    0.9999884   -0.9759070 
   0.0000000    0.0000000    0.0000000    1.0000000 

angles x: -3.118344 y: -0.550716 z: 3.033359 index: 380
NCC max: 1.000000 min: -0.203604 outliers: 87 disp outliers: 23 
NCC max: 1.000000 min: -0.778490 outliers: 569 disp outliers: 148 
Num matches pre bucket: 415
Max age: 9
Index: 381, Matches: 407, Inliers: 46.4373 %, Current pose: 
  -0.6718412    0.0920968   -0.7349474 -138.0628908 
   0.0732606    0.9956369    0.0577939    0.5765017 
   0.7370633   -0.0150144   -0.6756569   98.1846143 
   0.0000000   -0.0000000   -0.0000000    1.0000000 

Motion:
   0.9999998    0.0002726    0.0006236   -0.0066703 
  -0.0002718    0.9999991   -0.0013124    0.0268461 
  -0.0006240    0.0013122    0.9999989   -0.9843329 
   0.0000000    0.0000000    0.0000000    1.0000000 

angles x: -3.119375 y: -0.550397 z: 3.032977 index: 381
NCC max: 1.000000 min: -0.357921 outliers: 72 disp outliers: 23 
NCC max: 1.000000 min: -0.804272 outliers: 518 disp outliers: 134 
Num matches pre bucket: 437
Max age: 13
Index: 382, Matches: 434, Inliers: 37.5576 %, Current pose: 
  -0.6710318    0.0906424   -0.7358670 -138.7629002 
   0.0721742    0.9957710    0.0568417    0.5735563 
   0.7379073   -0.0149680   -0.6747361   97.5045521 
   0.0000000   -0.0000000   -0.0000000    1.0000000 

Motion:
   0.9999987   -0.0010198   -0.0012279    0.0323069 
   0.0010211    0.9999989    0.0010453    0.0562043 
   0.0012268   -0.0010466    0.9999987   -0.9738089 
   0.0000000    0.0000000    0.0000000    1.0000000 

angles x: -3.119413 y: -0.551035 z: 3.034448 index: 382
NCC max: 1.000000 min: -0.476597 outliers: 75 disp outliers: 28 
NCC max: 1.000000 min: -0.629529 outliers: 532 disp outliers: 134 
Num matches pre bucket: 369
Max age: 14
Index: 383, Matches: 359, Inliers: 48.468 %, Current pose: 
  -0.6721756    0.0894938   -0.7349632 -139.5126308 
   0.0736476    0.9958266    0.0539023    0.6018691 
   0.7367198   -0.0178964   -0.6759613   96.8429465 
   0.0000000   -0.0000000   -0.0000000    1.0000000 

Motion:
   0.9999976    0.0013813    0.0017266   -0.0186179 
  -0.0013862    0.9999951    0.0028243    0.0270612 
  -0.0017227   -0.0028267    0.9999945   -0.9997703 
   0.0000000    0.0000000    0.0000000    1.0000000 

angles x: -3.115123 y: -0.550062 z: 3.032462 index: 383
NCC max: 1.000000 min: -0.176177 outliers: 68 disp outliers: 28 
NCC max: 1.000000 min: -0.816250 outliers: 536 disp outliers: 130 
Num matches pre bucket: 408
Max age: 13
Index: 384, Matches: 401, Inliers: 39.6509 %, Current pose: 
  -0.6731343    0.0895403   -0.7340795 -140.2716616 
   0.0753952    0.9957799    0.0523259    0.6323694 
   0.7356669   -0.0201237   -0.6770445   96.1539821 
   0.0000000   -0.0000000    0.0000000    1.0000000 

Motion:
   0.9999975    0.0016733    0.0015106   -0.0063809 
  -0.0016756    0.9999975    0.0014688    0.0237279 
  -0.0015081   -0.0014713    0.9999978   -1.0252444 
   0.0000000    0.0000000    0.0000000    1.0000000 

angles x: -3.111879 y: -0.549240 z: 3.030051 index: 384
NCC max: 1.000000 min: -0.519090 outliers: 84 disp outliers: 22 
NCC max: 1.000000 min: -0.755991 outliers: 589 disp outliers: 149 
Num matches pre bucket: 319
Max age: 13
Index: 385, Matches: 318, Inliers: 48.4277 %, Current pose: 
  -0.6734075    0.0900550   -0.7337659 -141.0044087 
   0.0752950    0.9957461    0.0531064    0.6344963 
   0.7354271   -0.0194867   -0.6773236   95.4788412 
   0.0000000   -0.0000000    0.0000000    1.0000000 

Motion:
   0.9999999   -0.0001194    0.0003577    0.0029193 
   0.0001197    0.9999997   -0.0008108    0.0507133 
  -0.0003576    0.0008108    0.9999996   -0.9950667 
   0.0000000    0.0000000    0.0000000    1.0000000 

angles x: -3.112830 y: -0.549049 z: 3.030243 index: 385
NCC max: 1.000000 min: -0.429855 outliers: 75 disp outliers: 19 
NCC max: 1.000000 min: -0.835628 outliers: 546 disp outliers: 121 
Num matches pre bucket: 315
Max age: 14
Index: 386, Matches: 310, Inliers: 41.6129 %, Current pose: 
  -0.6741804    0.0891233   -0.7331697 -141.7191983 
   0.0746982    0.9958304    0.0523639    0.6351295 
   0.7347795   -0.0194637   -0.6780267   94.8181939 
   0.0000000   -0.0000000    0.0000000    1.0000000 

Motion:
   0.9999993   -0.0006513    0.0009740    0.0034856 
   0.0006506    0.9999996    0.0006726    0.0502153 
  -0.0009745   -0.0006719    0.9999993   -0.9720317 
   0.0000000    0.0000000    0.0000000    1.0000000 

angles x: -3.112894 y: -0.548471 z: 3.031244 index: 386
NCC max: 1.000000 min: -0.291799 outliers: 69 disp outliers: 16 
NCC max: 1.000000 min: -0.909129 outliers: 549 disp outliers: 103 
Num matches pre bucket: 321
Max age: 14
Index: 387, Matches: 320, Inliers: 38.4375 %, Current pose: 
  -0.6754500    0.0877140   -0.7321704 -142.4426183 
   0.0747780    0.9959294    0.0503273    0.6430475 
   0.7336045   -0.0207566   -0.6792596   94.1642559 
   0.0000000   -0.0000000    0.0000000    1.0000000 

Motion:
   0.9999985   -0.0000108    0.0017317   -0.0094943 
   0.0000075    0.9999982    0.0019150    0.0419947 
  -0.0017317   -0.0019150    0.9999967   -0.9742589 
   0.0000000    0.0000000    0.0000000    1.0000000 

angles x: -3.111044 y: -0.547465 z: 3.031333 index: 387
NCC max: 1.000000 min: -0.182868 outliers: 89 disp outliers: 23 
NCC max: 1.000000 min: -0.785428 outliers: 529 disp outliers: 86 
Num matches pre bucket: 301
Max age: 10
Index: 388, Matches: 289, Inliers: 40.8304 %, Current pose: 
  -0.6750464    0.0847344   -0.7328932 -143.1806987 
   0.0751745    0.9961123    0.0459258    0.6938385 
   0.7339354   -0.0240928   -0.6787919   93.4623703 
   0.0000000    0.0000000    0.0000000    1.0000000 

Motion:
   0.9999998    0.0004234   -0.0005003    0.0130819 
  -0.0004212    0.9999900    0.0044570   -0.0049632 
   0.0005022   -0.0044567    0.9999899   -1.0197010 
   0.0000000    0.0000000    0.0000000    1.0000000 

angles x: -3.106114 y: -0.547694 z: 3.030688 index: 388
NCC max: 0.994812 min: -0.517870 outliers: 88 disp outliers: 25 
NCC max: 0.998215 min: -0.627800 outliers: 643 disp outliers: 158 
Num matches pre bucket: 357
Max age: 12
Index: 389, Matches: 349, Inliers: 47.5645 %, Current pose: 
  -0.6751211    0.0833378   -0.7329845 -143.9109325 
   0.0747780    0.9962117    0.0443910    0.7205578 
   0.7339072   -0.0248418   -0.6787953   92.7787416 
   0.0000000    0.0000000    0.0000000    1.0000000 

Motion:
   0.9999999   -0.0004006    0.0000556    0.0067258 
   0.0004005    0.9999987    0.0015365    0.0172556 
  -0.0000562   -0.0015364    0.9999988   -1.0004802 
   0.0000000    0.0000000    0.0000000    1.0000000 

angles x: -3.105012 y: -0.547631 z: 3.031280 index: 389
NCC max: 0.992373 min: -0.218839 outliers: 77 disp outliers: 20 
NCC max: 1.000000 min: -0.528098 outliers: 593 disp outliers: 100 
Num matches pre bucket: 358
Max age: 9
Index: 390, Matches: 354, Inliers: 38.9831 %, Current pose: 
  -0.6737427    0.0804841   -0.7345700 -144.6097056 
   0.0686420    0.9965695    0.0462325    0.7165486 
   0.7357711   -0.0192735   -0.6769560   92.0741029 
  -0.0000000    0.0000000    0.0000000    1.0000000 

Motion:
   0.9999785   -0.0060442   -0.0025479    0.0479346 
   0.0060399    0.9999804   -0.0016721    0.0466547 
   0.0025579    0.0016567    0.9999954   -0.9901217 
   0.0000000    0.0000000    0.0000000    1.0000000 

angles x: -3.113129 y: -0.548935 z: 3.040061 index: 390
NCC max: 0.996985 min: -0.298894 outliers: 71 disp outliers: 19 
NCC max: 1.000000 min: -0.732677 outliers: 573 disp outliers: 152 
Num matches pre bucket: 426
Max age: 10
Index: 391, Matches: 415, Inliers: 42.6506 %, Current pose: 
  -0.6731798    0.0789870   -0.7352483 -145.3531004 
   0.0662074    0.9967237    0.0464588    0.7062780 
   0.7365090   -0.0174038   -0.6762038   91.3776178 
   0.0000000    0.0000000   -0.0000000    1.0000000 

Motion:
   0.9999966   -0.0023951   -0.0010257    0.0132092 
   0.0023950    0.9999971   -0.0001589    0.0568340 
   0.0010260    0.0001564    0.9999995   -1.0170685 
   0.0000000    0.0000000    0.0000000    1.0000000 

angles x: -3.115861 y: -0.549451 z: 3.043558 index: 391
NCC max: 0.994560 min: -0.331871 outliers: 64 disp outliers: 16 
NCC max: 1.000000 min: -0.907357 outliers: 607 disp outliers: 117 
Num matches pre bucket: 418
Max age: 7
Index: 392, Matches: 413, Inliers: 41.6465 %, Current pose: 
  -0.6716754    0.0763053   -0.7369054 -146.0604457 
   0.0655440    0.9969017    0.0434853    0.7211701 
   0.7379404   -0.0190917   -0.6745957   90.7210194 
   0.0000000    0.0000000   -0.0000000    1.0000000 

Motion:
   0.9999976   -0.0005673   -0.0021048    0.0084480 
   0.0005739    0.9999950    0.0031214    0.0265926 
   0.0021030   -0.0031226    0.9999929   -0.9648326 
   0.0000000    0.0000000    0.0000000    1.0000000 

angles x: -3.113299 y: -0.550573 z: 3.044318 index: 392
NCC max: 0.994555 min: -0.839972 outliers: 86 disp outliers: 18 
NCC max: 1.000000 min: -0.791139 outliers: 624 disp outliers: 123 
Num matches pre bucket: 429
Max age: 8
Index: 393, Matches: 425, Inliers: 44.9412 %, Current pose: 
  -0.6704250    0.0705533   -0.7386153 -146.7898104 
   0.0630238    0.9972862    0.0380565    0.7492886 
   0.7392958   -0.0210363   -0.6730521   90.0439240 
   0.0000000    0.0000000   -0.0000000    1.0000000 

Motion:
   0.9999951   -0.0024428   -0.0019454    0.0098174 
   0.0024536    0.9999815    0.0055672    0.0091733 
   0.0019318   -0.0055719    0.9999826   -0.9955105 
   0.0000000    0.0000000    0.0000000    1.0000000 

angles x: -3.110348 y: -0.551532 z: 3.047862 index: 393
NCC max: 0.998710 min: -0.340408 outliers: 86 disp outliers: 15 
NCC max: 1.000000 min: -0.511542 outliers: 569 disp outliers: 134 
Num matches pre bucket: 463
Max age: 8
Index: 394, Matches: 459, Inliers: 44.2266 %, Current pose: 
  -0.6696480    0.0731593   -0.7390665 -147.5569832 
   0.0647570    0.9970980    0.0400269    0.7465658 
   0.7398501   -0.0210558   -0.6724422   89.3784914 
   0.0000000    0.0000000   -0.0000000    1.0000000 

Motion:
   0.9999980    0.0017717   -0.0008810   -0.0212390 
  -0.0017734    0.9999966   -0.0019188    0.0448295 
   0.0008776    0.0019204    0.9999978   -1.0143478 
   0.0000000    0.0000000    0.0000000    1.0000000 

angles x: -3.110291 y: -0.552086 z: 3.045189 index: 394
NCC max: 0.995795 min: -0.321731 outliers: 93 disp outliers: 17 
NCC max: 1.000000 min: -0.574590 outliers: 573 disp outliers: 111 
Num matches pre bucket: 445
Max age: 9
Index: 395, Matches: 438, Inliers: 48.6301 %, Current pose: 
  -0.6695106    0.0775586   -0.7387424 -148.3132017 
   0.0673487    0.9967759    0.0436118    0.7614458 
   0.7397430   -0.0205548   -0.6725754   88.7231807 
   0.0000000    0.0000000   -0.0000000    1.0000000 

Motion:
   0.9999966    0.0025964    0.0000741   -0.0225369 
  -0.0025961    0.9999901   -0.0036012    0.0303494 
  -0.0000835    0.0036010    0.9999935   -1.0000454 
   0.0000000    0.0000000    0.0000000    1.0000000 

angles x: -3.111041 y: -0.552149 z: 3.041336 index: 395
NCC max: 0.993943 min: -0.308711 outliers: 112 disp outliers: 15 
NCC max: 1.000000 min: -0.793492 outliers: 637 disp outliers: 90 
Num matches pre bucket: 367
Max age: 8
Index: 396, Matches: 359, Inliers: 40.9471 %, Current pose: 
  -0.6691703    0.0890715   -0.7377516 -149.1012078 
   0.0714993    0.9959017    0.0553862    0.7845955 
   0.7396614   -0.0156860   -0.6727964   88.0514368 
   0.0000000    0.0000000    0.0000000    1.0000000 

Motion:
   0.9999913    0.0041653   -0.0000155   -0.0321024 
  -0.0041652    0.9999215   -0.0118178    0.0365971 
  -0.0000338    0.0118178    0.9999302   -1.0345818 
   0.0000000    0.0000000    0.0000000    1.0000000 

angles x: -3.118282 y: -0.552441 z: 3.035149 index: 396
NCC max: 0.996505 min: -0.408685 outliers: 100 disp outliers: 17 
NCC max: 1.000000 min: -0.592713 outliers: 610 disp outliers: 103 
Num matches pre bucket: 375
Max age: 9
Index: 397, Matches: 369, Inliers: 34.4173 %, Current pose: 
  -0.6687178    0.1011068   -0.7366098 -149.8803898 
   0.0743030    0.9948390    0.0690966    0.8248980 
   0.7397943   -0.0085262   -0.6727791   87.3690529 
   0.0000000    0.0000000    0.0000000    1.0000000 

Motion:
   0.9999960    0.0028304   -0.0002679   -0.0192238 
  -0.0028338    0.9999014   -0.0137550    0.0328680 
   0.0002290    0.0137557    0.9999054   -1.0358314 
   0.0000000    0.0000000    0.0000000    1.0000000 

angles x: -3.128920 y: -0.552943 z: 3.030934 index: 397
NCC max: 0.995370 min: -0.646054 outliers: 89 disp outliers: 15 
NCC max: 1.000000 min: -0.648885 outliers: 616 disp outliers: 133 
Num matches pre bucket: 363
Max age: 13
Index: 398, Matches: 361, Inliers: 38.7812 %, Current pose: 
  -0.6679436    0.1073703   -0.7364258 -150.6346726 
   0.0773627    0.9941943    0.0747842    0.8299257 
   0.7401800   -0.0070202   -0.6723722   86.6975323 
  -0.0000000   -0.0000000    0.0000000    1.0000000 

Motion:
   0.9999949    0.0031189   -0.0006183   -0.0071612 
  -0.0031224    0.9999790   -0.0056715    0.0712748 
   0.0006006    0.0056734    0.9999837   -1.0073611 
   0.0000000    0.0000000    0.0000000    1.0000000 

angles x: -3.131152 y: -0.553537 z: 3.026284 index: 398
NCC max: 0.997873 min: -0.097444 outliers: 89 disp outliers: 18 
NCC max: 1.000000 min: -0.655906 outliers: 636 disp outliers: 149 
Num matches pre bucket: 367
Max age: 10
Index: 399, Matches: 363, Inliers: 38.292 %, Current pose: 
  -0.6678839    0.1002688   -0.7374803 -151.3560232 
   0.0773854    0.9948683    0.0651810    0.8491141 
   0.7402314   -0.0135369   -0.6722159   86.0511017 
  -0.0000000    0.0000000    0.0000000    1.0000000 

Motion:
   1.0000000    0.0000287   -0.0000769   -0.0047551 
  -0.0000279    0.9999533    0.0096617    0.0444883 
   0.0000771   -0.0096617    0.9999533   -0.9677736 
   0.0000000    0.0000000    0.0000000    1.0000000 

angles x: -3.121458 y: -0.553372 z: 3.026240 index: 399
NCC max: 0.994632 min: -0.204753 outliers: 99 disp outliers: 21 
NCC max: 1.000000 min: -0.443315 outliers: 634 disp outliers: 139 
Num matches pre bucket: 277
Max age: 10
Index: 400, Matches: 276, Inliers: 32.6087 %, Current pose: 
  -0.6685275    0.0927991   -0.7378749 -152.0695853 
   0.0762898    0.9955073    0.0560805    0.8470844 
   0.7397641   -0.0188009   -0.6726036   85.4161266 
   0.0000000    0.0000000    0.0000000    1.0000000 

Motion:
   0.9999991   -0.0011482    0.0007174   -0.0071492 
   0.0011417    0.9999580    0.0090890    0.0563004 
  -0.0007278   -0.0090881    0.9999584   -0.9534922 
   0.0000000    0.0000000    0.0000000    1.0000000 

angles x: -3.113647 y: -0.552758 z: 3.027968 index: 400
NCC max: 0.990822 min: -0.381159 outliers: 91 disp outliers: 17 
NCC max: 0.996778 min: -0.878186 outliers: 630 disp outliers: 148 
Num matches pre bucket: 291
Max age: 7
Index: 401, Matches: 289, Inliers: 40.8304 %, Current pose: 
  -0.6681077    0.0937874   -0.7381301 -152.7727906 
   0.0774991    0.9953999    0.0563291    0.8553890 
   0.7400176   -0.0195705   -0.6723027   84.7690689 
   0.0000000    0.0000000    0.0000000    1.0000000 

Motion:
   0.9999991    0.0012381   -0.0004125    0.0083736 
  -0.0012382    0.9999992   -0.0002176    0.0450221 
   0.0004122    0.0002181    0.9999999   -0.9545435 
   0.0000000    0.0000000    0.0000000    1.0000000 

angles x: -3.112491 y: -0.553032 z: 3.026111 index: 401
NCC max: 0.997056 min: -0.401270 outliers: 79 disp outliers: 19 
NCC max: 0.998120 min: -0.801501 outliers: 662 disp outliers: 144 
Num matches pre bucket: 331
Max age: 13
Index: 402, Matches: 327, Inliers: 43.1193 %, Current pose: 
  -0.6690001    0.1003241   -0.7364604 -153.5158791 
   0.0783389    0.9948471    0.0643597    0.8789203 
   0.7391224   -0.0146368   -0.6734121   84.1117980 
   0.0000000    0.0000000    0.0000000    1.0000000 

Motion:
   0.9999988    0.0007698    0.0013079   -0.0131661 
  -0.0007590    0.9999663   -0.0081730    0.0415193 
  -0.0013142    0.0081720    0.9999657   -0.9913839 
   0.0000000    0.0000000    0.0000000    1.0000000 

angles x: -3.119861 y: -0.552476 z: 3.025025 index: 402
NCC max: 0.997078 min: -0.414540 outliers: 78 disp outliers: 16 
NCC max: 1.000000 min: -0.544258 outliers: 561 disp outliers: 103 
Num matches pre bucket: 326
Max age: 11
Index: 403, Matches: 320, Inliers: 42.1875 %, Current pose: 
  -0.6703961    0.1032749   -0.7347812 -154.2732371 
   0.0803250    0.9945480    0.0664990    0.9129727 
   0.7376428   -0.0144406   -0.6750367   83.4557504 
   0.0000000    0.0000000    0.0000000    1.0000000 

Motion:
   0.9999960    0.0018575    0.0021523   -0.0265364 
  -0.0018525    0.9999956   -0.0023245    0.0348755 
  -0.0021566    0.0023205    0.9999950   -1.0016131 
   0.0000000    0.0000000    0.0000000    1.0000000 

angles x: -3.120203 y: -0.551384 z: 3.022344 index: 403
NCC max: 0.995207 min: -0.698775 outliers: 92 disp outliers: 18 
NCC max: 1.000000 min: -0.724648 outliers: 664 disp outliers: 117 
Num matches pre bucket: 373
Max age: 14
Index: 404, Matches: 368, Inliers: 48.3696 %, Current pose: 
  -0.6722101    0.1015194   -0.7333672 -155.0337814 
   0.0819897    0.9946691    0.0625388    0.9454743 
   0.7358065   -0.0180893   -0.6769501   82.8003968 
   0.0000000    0.0000000    0.0000000    1.0000000 

Motion:
   0.9999953    0.0014947    0.0026831   -0.0316968 
  -0.0015048    0.9999918    0.0037609    0.0330268 
  -0.0026775   -0.0037650    0.9999893   -1.0034325 
   0.0000000    0.0000000    0.0000000    1.0000000 

angles x: -3.114877 y: -0.549858 z: 3.020222 index: 404
NCC max: 0.995435 min: -0.199093 outliers: 111 disp outliers: 18 
NCC max: 0.996933 min: -0.857740 outliers: 726 disp outliers: 149 
Num matches pre bucket: 373
Max age: 9
Index: 405, Matches: 370, Inliers: 38.6486 %, Current pose: 
  -0.6723305    0.1003387   -0.7334193 -155.7466570 
   0.0845932    0.9946947    0.0585364    0.9499691 
   0.7354018   -0.0226864   -0.6772515   82.1596802 
   0.0000000    0.0000000    0.0000000    1.0000000 

Motion:
   0.9999965    0.0025847    0.0005251   -0.0084841 
  -0.0025868    0.9999887    0.0039796    0.0525225 
  -0.0005148   -0.0039809    0.9999919   -0.9570261 
   0.0000000    0.0000000    0.0000000    1.0000000 

angles x: -3.108107 y: -0.549580 z: 3.016429 index: 405
NCC max: 0.993591 min: -0.334979 outliers: 111 disp outliers: 22 
NCC max: 1.000000 min: -0.699536 outliers: 762 disp outliers: 131 
Num matches pre bucket: 355
Max age: 10
Index: 406, Matches: 353, Inliers: 42.7762 %, Current pose: 
  -0.6728518    0.1017435   -0.7327474 -156.4686455 
   0.0820580    0.9946496    0.0627587    0.9586301 
   0.7352122   -0.0179005   -0.6776007   81.4671975 
   0.0000000    0.0000000    0.0000000    1.0000000 

Motion:
   0.9999966   -0.0025698    0.0003624    0.0226197 
   0.0025713    0.9999876   -0.0042743    0.0524472 
  -0.0003514    0.0042752    0.9999908   -0.9988055 
   0.0000000    0.0000000    0.0000000    1.0000000 

angles x: -3.115181 y: -0.549371 z: 3.020236 index: 406
NCC max: 0.996028 min: -0.461900 outliers: 91 disp outliers: 19 
NCC max: 1.000000 min: -0.781730 outliers: 670 disp outliers: 140 
Num matches pre bucket: 406
Max age: 8
Index: 407, Matches: 405, Inliers: 37.037 %, Current pose: 
  -0.6736574    0.1113213   -0.7306116 -157.2246929 
   0.0841916    0.9937143    0.0737810    0.9737887 
   0.7342326   -0.0118083   -0.6787953   80.7958431 
   0.0000000    0.0000000    0.0000000    1.0000000 

Motion:
   0.9999969    0.0020578    0.0013879   -0.0176629 
  -0.0020421    0.9999351   -0.0112049    0.0611733 
  -0.0014109    0.0112020    0.9999363   -1.0092076 
   0.0000000    0.0000000    0.0000000    1.0000000 

angles x: -3.124198 y: -0.548897 z: 3.017260 index: 407
NCC max: 0.992545 min: -0.301086 outliers: 83 disp outliers: 15 
NCC max: 1.000000 min: -0.820997 outliers: 733 disp outliers: 179 
Num matches pre bucket: 424
Max age: 10
Index: 408, Matches: 418, Inliers: 43.3014 %, Current pose: 
  -0.6742188    0.1165823   -0.7292719 -157.9405804 
   0.0848462    0.9931510    0.0803251    1.0108709 
   0.7336417   -0.0077192   -0.6794927   80.1327151 
   0.0000000   -0.0000000    0.0000000    1.0000000 

Motion:
   0.9999995    0.0005949    0.0008597    0.0006872 
  -0.0005892    0.9999776   -0.0066609    0.0415127 
  -0.0008636    0.0066604    0.9999774   -0.9756459 
   0.0000000    0.0000000    0.0000000    1.0000000 

angles x: -3.130233 y: -0.548594 z: 3.016407 index: 408
NCC max: 0.994149 min: -0.418943 outliers: 105 disp outliers: 25 
NCC max: 1.000000 min: -0.848241 outliers: 735 disp outliers: 182 
Num matches pre bucket: 361
Max age: 8
Index: 409, Matches: 356, Inliers: 42.4157 %, Current pose: 
  -0.6746879    0.1186291   -0.7285076 -158.6336085 
   0.0863590    0.9929081    0.0817046    1.0409003 
   0.7330337   -0.0077881   -0.6801478   79.4973096 
   0.0000000   -0.0000000    0.0000000    1.0000000 

Motion:
   0.9999986    0.0014524    0.0008767   -0.0043974 
  -0.0014511    0.9999979   -0.0014654    0.0474483 
  -0.0008788    0.0014642    0.9999985   -0.9394994 
   0.0000000    0.0000000    0.0000000    1.0000000 

angles x: -3.130143 y: -0.548202 z: 3.014287 index: 409
NCC max: 0.998757 min: -0.607604 outliers: 106 disp outliers: 20 
NCC max: 1.000000 min: -0.564744 outliers: 690 disp outliers: 138 
Num matches pre bucket: 394
Max age: 8
Index: 410, Matches: 392, Inliers: 37.7551 %, Current pose: 
  -0.6764440    0.1162550   -0.7272609 -159.3314515 
   0.0883180    0.9931419    0.0766101    1.0888675 
   0.7311795   -0.0124077   -0.6820722   78.8692490 
   0.0000000   -0.0000000    0.0000000    1.0000000 

Motion:
   0.9999948    0.0017512    0.0027004   -0.0170630 
  -0.0017644    0.9999865    0.0048907    0.0256967 
  -0.0026918   -0.0048954    0.9999844   -0.9395714 
   0.0000000    0.0000000    0.0000000    1.0000000 

angles x: -3.123404 y: -0.546640 z: 3.011765 index: 410
NCC max: 0.997678 min: -0.126022 outliers: 100 disp outliers: 26 
NCC max: 1.000000 min: -0.715456 outliers: 688 disp outliers: 66 
Num matches pre bucket: 389
Max age: 7
Index: 411, Matches: 382, Inliers: 37.4346 %, Current pose: 
  -0.6773659    0.1129956   -0.7269164 -160.0367405 
   0.0887455    0.9934679    0.0717336    1.1145501 
   0.7302737   -0.0159206   -0.6829692   78.2228725 
   0.0000000    0.0000000    0.0000000    1.0000000 

Motion:
   0.9999991    0.0003286    0.0013211   -0.0079862 
  -0.0003350    0.9999885    0.0047915    0.0438890 
  -0.0013195   -0.0047919    0.9999876   -0.9559836 
   0.0000000    0.0000000    0.0000000    1.0000000 

angles x: -3.118286 y: -0.545798 z: 3.011319 index: 411
NCC max: 0.997758 min: -0.393782 outliers: 99 disp outliers: 27 
NCC max: 0.997758 min: -0.667607 outliers: 773 disp outliers: 125 
Num matches pre bucket: 385
Max age: 8
Index: 412, Matches: 379, Inliers: 39.0501 %, Current pose: 
  -0.6780660    0.1054811   -0.7273928 -160.7207343 
   0.0832609    0.9943017    0.0665716    1.1805550 
   0.7302699   -0.0154234   -0.6829846   77.5621531 
   0.0000000    0.0000000    0.0000000    1.0000000 

Motion:
   0.9999847   -0.0055278    0.0001180    0.0132150 
   0.0055272    0.9999713    0.0051826   -0.0036708 
  -0.0001467   -0.0051818    0.9999866   -0.9531874 
   0.0000000    0.0000000    0.0000000    1.0000000 

angles x: -3.119014 y: -0.545397 z: 3.019413 index: 412
NCC max: 0.994206 min: -0.711131 outliers: 87 disp outliers: 25 
NCC max: 1.000000 min: -0.605299 outliers: 777 disp outliers: 177 
Num matches pre bucket: 419
Max age: 10
Index: 413, Matches: 417, Inliers: 39.8082 %, Current pose: 
  -0.6770498    0.1020716   -0.7288243 -161.4091927 
   0.0799937    0.9946743    0.0649927    1.1923319 
   0.7315768   -0.0142980   -0.6816091   76.9041408 
   0.0000000    0.0000000    0.0000000    1.0000000 

Motion:
   0.9999933   -0.0031616   -0.0018492    0.0143238 
   0.0031648    0.9999935    0.0017363    0.0491496 
   0.0018437   -0.0017421    0.9999968   -0.9510378 
   0.0000000    0.0000000    0.0000000    1.0000000 

angles x: -3.120619 y: -0.546287 z: 3.023988 index: 413
NCC max: 1.000000 min: -0.326780 outliers: 99 disp outliers: 26 
NCC max: 1.000000 min: -0.526080 outliers: 749 disp outliers: 142 
Num matches pre bucket: 333
Max age: 10
Index: 414, Matches: 333, Inliers: 48.6486 %, Current pose: 
  -0.6763178    0.0997839   -0.7298202 -162.0969038 
   0.0777135    0.9949186    0.0640128    1.2163666 
   0.7324991   -0.0134238   -0.6806356   76.2461716 
   0.0000000    0.0000000    0.0000000    1.0000000 

Motion:
   0.9999967   -0.0022065   -0.0013104    0.0149828 
   0.0022079    0.9999970    0.0010874    0.0358775 
   0.0013080   -0.0010903    0.9999986   -0.9512813 
   0.0000000    0.0000000    0.0000000    1.0000000 

angles x: -3.121873 y: -0.546924 z: 3.027188 index: 414
NCC max: 1.000000 min: -0.258629 outliers: 105 disp outliers: 22 
NCC max: 1.000000 min: -0.564606 outliers: 763 disp outliers: 128 
Num matches pre bucket: 323
Max age: 10
Index: 415, Matches: 321, Inliers: 43.3022 %, Current pose: 
  -0.6760270    0.0986936   -0.7302377 -162.8212069 
   0.0747048    0.9950636    0.0653267    1.2198057 
   0.7330803   -0.0103896   -0.6800627   75.5639690 
   0.0000000    0.0000000    0.0000000    1.0000000 

Motion:
   0.9999953   -0.0029722   -0.0008004    0.0102039 
   0.0029712    0.9999948   -0.0012602    0.0609740 
   0.0008042    0.0012578    0.9999989   -0.9930786 
   0.0000000    0.0000000    0.0000000    1.0000000 

angles x: -3.126316 y: -0.547293 z: 3.031534 index: 415
NCC max: 1.000000 min: -0.425981 outliers: 104 disp outliers: 21 
NCC max: 1.000000 min: -0.564783 outliers: 817 disp outliers: 227 
Num matches pre bucket: 341
Max age: 12
Index: 416, Matches: 337, Inliers: 31.454 %, Current pose: 
  -0.6755510    0.0994944   -0.7305694 -163.4811113 
   0.0726824    0.9950138    0.0682996    1.2106818 
   0.7337221   -0.0069597   -0.6794141   74.9424524 
   0.0000000    0.0000000    0.0000000    1.0000000 

Motion:
   0.9999976   -0.0019720   -0.0009161    0.0108845 
   0.0019693    0.9999938   -0.0029206    0.0704097 
   0.0009218    0.0029188    0.9999953   -0.9037499 
   0.0000000    0.0000000    0.0000000    1.0000000 

angles x: -3.131349 y: -0.547796 z: 3.034415 index: 416
NCC max: 0.998365 min: -0.282366 outliers: 96 disp outliers: 23 
NCC max: 1.000000 min: -0.617386 outliers: 774 disp outliers: 220 
Num matches pre bucket: 373
Max age: 9
Index: 417, Matches: 364, Inliers: 39.8352 %, Current pose: 
  -0.6749767    0.0980759   -0.7312917 -164.1808991 
   0.0725302    0.9951456    0.0665174    1.2482908 
   0.7342655   -0.0081430   -0.6788136   74.2974902 
   0.0000000    0.0000000    0.0000000    1.0000000 

Motion:
   0.9999997   -0.0000981   -0.0007991   -0.0014948 
   0.0000996    0.9999983    0.0018493    0.0259540 
   0.0007990   -0.0018494    0.9999980   -0.9520598 
   0.0000000    0.0000000    0.0000000    1.0000000 

angles x: -3.129597 y: -0.548204 z: 3.034548 index: 417
NCC max: 0.997078 min: -0.412962 outliers: 114 disp outliers: 23 
NCC max: 1.000000 min: -0.571308 outliers: 781 disp outliers: 249 
Num matches pre bucket: 351
Max age: 8
Index: 418, Matches: 351, Inliers: 41.3105 %, Current pose: 
  -0.6758380    0.0938708   -0.7310481 -164.8644871 
   0.0704726    0.9955423    0.0626830    1.2834264 
   0.7336734   -0.0091553   -0.6794406   73.6694745 
   0.0000000    0.0000000    0.0000000    1.0000000 

Motion:
   0.9999973   -0.0021273    0.0008949   -0.0037125 
   0.0021239    0.9999906    0.0037887    0.0234403 
  -0.0009029   -0.0037868    0.9999924   -0.9286374 
   0.0000000    0.0000000    0.0000000    1.0000000 

angles x: -3.128119 y: -0.547545 z: 3.037694 index: 418
NCC max: 0.996293 min: -0.211772 outliers: 111 disp outliers: 23 
NCC max: 1.000000 min: -0.640915 outliers: 750 disp outliers: 226 
Num matches pre bucket: 360
Max age: 7
Index: 419, Matches: 357, Inliers: 39.7759 %, Current pose: 
  -0.6762746    0.0912685   -0.7309739 -165.5660390 
   0.0696041    0.9957726    0.0599353    1.3022614 
   0.7333539   -0.0103460   -0.6797683   73.0254283 
   0.0000000    0.0000000    0.0000000    1.0000000 

Motion:
   0.9999995   -0.0009027    0.0004817   -0.0034389 
   0.0009013    0.9999959    0.0027259    0.0386109 
  -0.0004842   -0.0027255    0.9999962   -0.9517472 
   0.0000000    0.0000000    0.0000000    1.0000000 

angles x: -3.126374 y: -0.547190 z: 3.039031 index: 419
NCC max: 0.984280 min: -0.540722 outliers: 107 disp outliers: 23 
NCC max: 0.996368 min: -0.812059 outliers: 749 disp outliers: 234 
Num matches pre bucket: 386
Max age: 16
Index: 420, Matches: 386, Inliers: 38.8601 %, Current pose: 
  -0.6761518    0.0916546   -0.7310391 -166.2641664 
   0.0719600    0.9957034    0.0582799    1.3452535 
   0.7332397   -0.0131995   -0.6798421   72.3948260 
   0.0000000    0.0000000    0.0000000    1.0000000 

Motion:
   0.9999972    0.0023583    0.0001291   -0.0127511 
  -0.0023585    0.9999959    0.0016533    0.0128555 
  -0.0001252   -0.0016536    0.9999986   -0.9415740 
   0.0000000    0.0000000    0.0000000    1.0000000 

angles x: -3.122180 y: -0.547168 z: 3.035566 index: 420
NCC max: 0.995227 min: -0.285741 outliers: 101 disp outliers: 21 
NCC max: 0.996373 min: -0.548740 outliers: 651 disp outliers: 198 
Num matches pre bucket: 390
Max age: 12
Index: 421, Matches: 383, Inliers: 38.6423 %, Current pose: 
  -0.6752881    0.1006139   -0.7306592 -166.9903641 
   0.0802916    0.9947925    0.0627789    1.3578637 
   0.7331707   -0.0162720   -0.6798500   71.7690842 
   0.0000000    0.0000000    0.0000000    1.0000000 

Motion:
   0.9999649    0.0083759   -0.0000989   -0.0326296 
  -0.0083763    0.9999547   -0.0045139    0.0503389 
   0.0000611    0.0045146    0.9999898   -0.9568052 
   0.0000000    0.0000000    0.0000000    1.0000000 

angles x: -3.117663 y: -0.547584 z: 3.023248 index: 421
NCC max: 0.989108 min: -0.409076 outliers: 100 disp outliers: 21 
NCC max: 0.995805 min: -0.647862 outliers: 730 disp outliers: 192 
Num matches pre bucket: 343
Max age: 18
Index: 422, Matches: 341, Inliers: 28.4457 %, Current pose: 
  -0.6742196    0.1014823   -0.7315253 -167.6541407 
   0.0802898    0.9947152    0.0639936    1.3695411 
   0.7341535   -0.0155883   -0.6788045   71.1441928 
   0.0000000    0.0000000    0.0000000    1.0000000 

Motion:
   0.9999989    0.0000898   -0.0014490    0.0102974 
  -0.0000914    0.9999994   -0.0011042    0.0460049 
   0.0014489    0.0011043    0.9999983   -0.9104958 
   0.0000000    0.0000000    0.0000000    1.0000000 

angles x: -3.118632 y: -0.548425 z: 3.023065 index: 422
NCC max: 0.997047 min: -0.326138 outliers: 86 disp outliers: 25 
NCC max: 0.998141 min: -0.632197 outliers: 665 disp outliers: 171 
Num matches pre bucket: 358
Max age: 11
Index: 423, Matches: 356, Inliers: 44.382 %, Current pose: 
  -0.6739828    0.0972461   -0.7323185 -168.3206104 
   0.0795872    0.9950867    0.0588923    1.3715266 
   0.7344475   -0.0185908   -0.6784109   70.5202565 
   0.0000000    0.0000000    0.0000000    1.0000000 

Motion:
   0.9999997   -0.0006794   -0.0004178    0.0089013 
   0.0006816    0.9999865    0.0051607    0.0512364 
   0.0004143   -0.0051610    0.9999866   -0.9114701 
   0.0000000    0.0000000    0.0000000    1.0000000 

angles x: -3.114196 y: -0.548538 z: 3.024052 index: 423
NCC max: 0.991374 min: -0.501785 outliers: 101 disp outliers: 30 
NCC max: 0.997929 min: -0.603439 outliers: 788 disp outliers: 237 
Num matches pre bucket: 388
Max age: 20
Index: 424, Matches: 384, Inliers: 40.8854 %, Current pose: 
  -0.6733083    0.0911845   -0.7337175 -169.0206519 
   0.0827232    0.9954257    0.0477966    1.4180448 
   0.7347195   -0.0285136   -0.6777715   69.8989983 
   0.0000000    0.0000000    0.0000000    1.0000000 

Motion:
   0.9999948    0.0031811   -0.0004938   -0.0187414 
  -0.0031754    0.9999323    0.0111907   -0.0001868 
   0.0005294   -0.0111891    0.9999373   -0.9369272 
   0.0000000    0.0000000    0.0000000    1.0000000 

angles x: -3.099548 y: -0.548739 z: 3.019345 index: 424
NCC max: 0.991492 min: -0.296835 outliers: 88 disp outliers: 32 
NCC max: 0.996593 min: -0.835520 outliers: 777 disp outliers: 245 
Num matches pre bucket: 376
Max age: 12
Index: 425, Matches: 369, Inliers: 42.2764 %, Current pose: 
  -0.6722850    0.0876113   -0.7350899 -169.6800283 
   0.0833538    0.9956163    0.0424298    1.4258761 
   0.7355848   -0.0327476   -0.6766406   69.2976041 
   0.0000000    0.0000000    0.0000000    1.0000000 

Motion:
   0.9999989    0.0006964   -0.0013072   -0.0015651 
  -0.0006892    0.9999846    0.0055005    0.0302776 
   0.0013110   -0.0054996    0.9999840   -0.8919609 
   0.0000000    0.0000000    0.0000000    1.0000000 

angles x: -3.093233 y: -0.549417 z: 3.018236 index: 425
NCC max: 0.996213 min: -0.376086 outliers: 98 disp outliers: 29 
NCC max: 1.000000 min: -0.773967 outliers: 737 disp outliers: 140 
Num matches pre bucket: 343
Max age: 12
Index: 426, Matches: 335, Inliers: 38.806 %, Current pose: 
  -0.6717673    0.0865712   -0.7356861 -170.3273898 
   0.0783389    0.9958808    0.0456568    1.4244961 
   0.7366082   -0.0269621   -0.6757820   68.6716576 
   0.0000000    0.0000000    0.0000000    1.0000000 

Motion:
   0.9999868   -0.0049811   -0.0012858    0.0263092 
   0.0049771    0.9999827   -0.0031389    0.0405403 
   0.0013014    0.0031324    0.9999942   -0.8991953 
   0.0000000    0.0000000    0.0000000    1.0000000 

angles x: -3.101716 y: -0.550062 z: 3.025501 index: 426
NCC max: 0.997827 min: -0.512239 outliers: 115 disp outliers: 24 
NCC max: 0.997827 min: -0.645556 outliers: 845 disp outliers: 185 
Num matches pre bucket: 388
Max age: 8
Index: 427, Matches: 377, Inliers: 44.8276 %, Current pose: 
  -0.6705461    0.0873736   -0.7367047 -170.9754020 
   0.0763388    0.9958953    0.0486305    1.4209077 
   0.7379298   -0.0236301   -0.6744637   68.0482646 
   0.0000000    0.0000000    0.0000000    1.0000000 

Motion:
   0.9999964   -0.0019218   -0.0018828    0.0257721 
   0.0019164    0.9999941   -0.0028414    0.0454620 
   0.0018883    0.0028378    0.9999942   -0.8976751 
   0.0000000    0.0000000    0.0000000    1.0000000 

angles x: -3.106571 y: -0.551111 z: 3.028235 index: 427
NCC max: 0.996074 min: -0.269048 outliers: 111 disp outliers: 25 
NCC max: 1.000000 min: -0.697911 outliers: 846 disp outliers: 187 
Num matches pre bucket: 385
Max age: 11
Index: 428, Matches: 378, Inliers: 46.0317 %, Current pose: 
  -0.6706605    0.0869438   -0.7366514 -171.6446410 
   0.0773254    0.9958907    0.0471423    1.4344497 
   0.7377231   -0.0253454   -0.6746275   67.4426796 
   0.0000000    0.0000000    0.0000000    1.0000000 

Motion:
   0.9999995    0.0009775    0.0002717   -0.0031252 
  -0.0009779    0.9999984    0.0014733    0.0293511 
  -0.0002702   -0.0014736    0.9999989   -0.9021785 
   0.0000000    0.0000000    0.0000000    1.0000000 

angles x: -3.104041 y: -0.550963 z: 3.026802 index: 428
NCC max: 0.994586 min: -0.519646 outliers: 122 disp outliers: 21 
NCC max: 1.000000 min: -0.788287 outliers: 765 disp outliers: 195 
Num matches pre bucket: 438
Max age: 17
Index: 429, Matches: 430, Inliers: 40.9302 %, Current pose: 
  -0.6708784    0.0853909   -0.7366346 -172.2833191 
   0.0766442    0.9960127    0.0456556    1.4319295 
   0.7375959   -0.0258294   -0.6747481   66.8612136 
   0.0000000    0.0000000    0.0000000    1.0000000 

Motion:
   0.9999997   -0.0006942    0.0002142    0.0006047 
   0.0006939    0.9999987    0.0014762    0.0420285 
  -0.0002152   -0.0014761    0.9999989   -0.8627005 
   0.0000000    0.0000000    0.0000000    1.0000000 

angles x: -3.103331 y: -0.550804 z: 3.027841 index: 429
NCC max: 0.997955 min: -0.381706 outliers: 120 disp outliers: 24 
NCC max: 0.997955 min: -0.601819 outliers: 835 disp outliers: 194 
Num matches pre bucket: 398
Max age: 9
Index: 430, Matches: 390, Inliers: 49.2308 %, Current pose: 
  -0.6712699    0.0868676   -0.7361051 -172.9294418 
   0.0781103    0.9958694    0.0462919    1.4186373 
   0.7370858   -0.0264230   -0.6752824   66.3068644 
   0.0000000    0.0000000    0.0000000    1.0000000 

Motion:
   0.9999987    0.0014400    0.0006996   -0.0240815 
  -0.0014395    0.9999987   -0.0006937    0.0547168 
  -0.0007006    0.0006927    0.9999995   -0.8493412 
   0.0000000    0.0000000    0.0000000    1.0000000 

angles x: -3.102484 y: -0.550458 z: 3.025752 index: 430
NCC max: 0.993650 min: -0.181580 outliers: 111 disp outliers: 18 
NCC max: 0.999285 min: -0.682307 outliers: 888 disp outliers: 226 
Num matches pre bucket: 371
Max age: 7
Index: 431, Matches: 362, Inliers: 42.5414 %, Current pose: 
  -0.6716845    0.0858147   -0.7358503 -173.5541741 
   0.0781146    0.9959354    0.0448427    1.4299294 
   0.7367075   -0.0273605   -0.6756578   65.7318566 
   0.0000000    0.0000000    0.0000000    1.0000000 

Motion:
   0.9999998   -0.0000217    0.0005608    0.0031074 
   0.0000209    0.9999990    0.0014111    0.0266325 
  -0.0005608   -0.0014111    0.9999988   -0.8487243 
   0.0000000    0.0000000    0.0000000    1.0000000 

angles x: -3.101120 y: -0.550123 z: 3.025816 index: 431
NCC max: 0.988788 min: -0.284957 outliers: 121 disp outliers: 22 
NCC max: 1.000000 min: -0.705439 outliers: 821 disp outliers: 156 
Num matches pre bucket: 318
Max age: 12
Index: 432, Matches: 313, Inliers: 48.8818 %, Current pose: 
  -0.6716778    0.0859555   -0.7358400 -174.1892467 
   0.0767226    0.9959764    0.0463100    1.4210077 
   0.7368599   -0.0253502   -0.6755700   65.1382214 
   0.0000000    0.0000000    0.0000000    1.0000000 

Motion:
   0.9999990   -0.0013899   -0.0001703    0.0115463 
   0.0013897    0.9999980   -0.0014600    0.0484250 
   0.0001723    0.0014598    0.9999989   -0.8679408 
   0.0000000    0.0000000    0.0000000    1.0000000 

angles x: -3.104086 y: -0.550204 z: 3.027860 index: 432
NCC max: 0.994730 min: -0.285063 outliers: 120 disp outliers: 24 
NCC max: 0.996500 min: -0.766142 outliers: 947 disp outliers: 211 
Num matches pre bucket: 303
Max age: 10
Index: 433, Matches: 300, Inliers: 42.6667 %, Current pose: 
  -0.6713785    0.0836350   -0.7363804 -174.7813412 
   0.0755013    0.9961610    0.0443031    1.4348796 
   0.7372588   -0.0258536   -0.6751156   64.5787885 
   0.0000000    0.0000000    0.0000000    1.0000000 

Motion:
   0.9999991   -0.0012008   -0.0005463    0.0138800 
   0.0012019    0.9999972    0.0020562    0.0212379 
   0.0005438   -0.0020568    0.9999977   -0.8143032 
   0.0000000    0.0000000    0.0000000    1.0000000 

angles x: -3.103316 y: -0.550450 z: 3.029606 index: 433
NCC max: 0.992593 min: -0.500000 outliers: 130 disp outliers: 20 
NCC max: 1.000000 min: -0.681992 outliers: 918 disp outliers: 179 
Num matches pre bucket: 361
Max age: 9
Index: 434, Matches: 353, Inliers: 47.3088 %, Current pose: 
  -0.6718001    0.0867067   -0.7356403 -175.3723575 
   0.0780833    0.9958817    0.0460731    1.4448534 
   0.7366055   -0.0264893   -0.6758037   64.0499342 
   0.0000000    0.0000000    0.0000000    1.0000000 

Motion:
   0.9999964    0.0025537    0.0008659   -0.0082666 
  -0.0025521    0.9999950   -0.0018451    0.0273033 
  -0.0008706    0.0018429    0.9999979   -0.7926367 
   0.0000000    0.0000000    0.0000000    1.0000000 

angles x: -3.102416 y: -0.550054 z: 3.025882 index: 434
NCC max: 0.989821 min: -0.416114 outliers: 133 disp outliers: 19 
NCC max: 1.000000 min: -0.574341 outliers: 973 disp outliers: 190 
Num matches pre bucket: 368
Max age: 12
Index: 435, Matches: 364, Inliers: 37.3626 %, Current pose: 
  -0.6721405    0.0910288   -0.7348067 -175.9503450 
   0.0788545    0.9955703    0.0512029    1.4310968 
   0.7362126   -0.0235273   -0.6763412   63.5224481 
   0.0000000    0.0000000    0.0000000    1.0000000 

Motion:
   0.9999996    0.0007489    0.0005515    0.0009379 
  -0.0007460    0.9999862   -0.0051956    0.0538989 
  -0.0005554    0.0051952    0.9999864   -0.7807653 
   0.0000000    0.0000000    0.0000000    1.0000000 

angles x: -3.106821 y: -0.549841 z: 3.024808 index: 435
NCC max: 0.989962 min: -0.541300 outliers: 138 disp outliers: 19 
NCC max: 1.000000 min: -0.533426 outliers: 937 disp outliers: 171 
Num matches pre bucket: 376
Max age: 10
Index: 436, Matches: 370, Inliers: 42.4324 %, Current pose: 
  -0.6716764    0.0948048   -0.7347537 -176.5336383 
   0.0784769    0.9953031    0.0566835    1.4366004 
   0.7366765   -0.0195883   -0.6759616   62.9709968 
   0.0000000    0.0000000    0.0000000    1.0000000 

Motion:
   0.9999997   -0.0003446   -0.0006741    0.0140251 
   0.0003409    0.9999851   -0.0054524    0.0390192 
   0.0006760    0.0054521    0.9999849   -0.8016488 
   0.0000000    0.0000000    0.0000000    1.0000000 

angles x: -3.112622 y: -0.550300 z: 3.025283 index: 436
NCC max: 0.990926 min: -0.309961 outliers: 147 disp outliers: 17 
NCC max: 1.000000 min: -0.642720 outliers: 1021 disp outliers: 181 
Num matches pre bucket: 410
Max age: 9
Index: 437, Matches: 408, Inliers: 49.2647 %, Current pose: 
  -0.6714574    0.0976610   -0.7345796 -177.1051435 
   0.0786996    0.9950696    0.0603558    1.4407050 
   0.7368523   -0.0172848   -0.6758328   62.4418544 
   0.0000000    0.0000000    0.0000000    1.0000000 

Motion:
   0.9999999    0.0002389   -0.0002671    0.0058353 
  -0.0002399    0.9999932   -0.0036690    0.0425834 
   0.0002662    0.0036690    0.9999932   -0.7776756 
   0.0000000    0.0000000    0.0000000    1.0000000 

angles x: -3.116023 y: -0.550524 z: 3.024918 index: 437
NCC max: 0.994039 min: -0.544139 outliers: 141 disp outliers: 20 
NCC max: 1.000000 min: -0.737342 outliers: 1084 disp outliers: 154 
Num matches pre bucket: 419
Max age: 12
Index: 438, Matches: 414, Inliers: 49.0338 %, Current pose: 
  -0.6720298    0.1008991   -0.7336180 -177.6905602 
   0.0805876    0.9947550    0.0629928    1.4582460 
   0.7361261   -0.0167875   -0.6766362   61.9283192 
   0.0000000    0.0000000    0.0000000    1.0000000 

Motion:
   0.9999978    0.0018354    0.0010252   -0.0168044 
  -0.0018326    0.9999946   -0.0027337    0.0329981 
  -0.0010302    0.0027318    0.9999957   -0.7780537 
   0.0000000    0.0000000    0.0000000    1.0000000 

angles x: -3.116787 y: -0.550062 z: 3.022246 index: 438
NCC max: 0.988575 min: -0.559261 outliers: 143 disp outliers: 19 
NCC max: 1.000000 min: -0.758557 outliers: 1079 disp outliers: 115 
Num matches pre bucket: 468
Max age: 8
Index: 439, Matches: 462, Inliers: 40.2597 %, Current pose: 
  -0.6727891    0.1035719   -0.7325488 -178.2509899 
   0.0818422    0.9944945    0.0654416    1.4590321 
   0.7352936   -0.0159250   -0.6775616   61.4268312 
   0.0000000    0.0000000    0.0000000    1.0000000 

Motion:
   0.9999986    0.0011853    0.0011994   -0.0083744 
  -0.0011823    0.9999960   -0.0025608    0.0492768 
  -0.0012024    0.0025594    0.9999960   -0.7503825 
   0.0000000    0.0000000    0.0000000    1.0000000 

angles x: -3.118094 y: -0.549481 z: 3.020541 index: 439
NCC max: 0.999018 min: -0.408422 outliers: 145 disp outliers: 22 
NCC max: 1.000000 min: -0.869317 outliers: 1049 disp outliers: 186 
Num matches pre bucket: 475
Max age: 10
Index: 440, Matches: 466, Inliers: 44.206 %, Current pose: 
  -0.6729715    0.1035593   -0.7323830 -178.7740742 
   0.0827942    0.9944745    0.0645414    1.4616906 
   0.7350201   -0.0172025   -0.6778271   60.9366110 
   0.0000000    0.0000000    0.0000000    1.0000000 

Motion:
   0.9999995    0.0009322    0.0003812    0.0080808 
  -0.0009325    0.9999992    0.0008736    0.0430934 
  -0.0003804   -0.0008739    0.9999995   -0.7155542 
   0.0000000    0.0000000    0.0000000    1.0000000 

angles x: -3.116219 y: -0.549283 z: 3.019180 index: 440
NCC max: 0.995623 min: -0.592341 outliers: 141 disp outliers: 21 
NCC max: 1.000000 min: -0.698987 outliers: 1126 disp outliers: 157 
Num matches pre bucket: 476
Max age: 7
Index: 441, Matches: 470, Inliers: 42.3404 %, Current pose: 
  -0.6737926    0.1038550   -0.7315857 -179.2980251 
   0.0822281    0.9944627    0.0654404    1.4686805 
   0.7343310   -0.0160637   -0.6786014   60.4479608 
   0.0000000    0.0000000    0.0000000    1.0000000 

Motion:
   0.9999993   -0.0006361    0.0010319    0.0052220 
   0.0006371    0.9999993   -0.0009893    0.0396142 
  -0.0010313    0.0009899    0.9999990   -0.7153712 
   0.0000000    0.0000000    0.0000000    1.0000000 

angles x: -3.117925 y: -0.548699 z: 3.020155 index: 441
NCC max: 0.997295 min: -0.381510 outliers: 141 disp outliers: 20 
NCC max: 1.000000 min: -0.807903 outliers: 1056 disp outliers: 176 
Num matches pre bucket: 459
Max age: 8
Index: 442, Matches: 449, Inliers: 46.1024 %, Current pose: 
  -0.6749654    0.1031347   -0.7306059 -179.8362284 
   0.0841460    0.9944822    0.0626466    1.5298380 
   0.7330356   -0.0191932   -0.6799194   59.9628381 
   0.0000000    0.0000000    0.0000000    1.0000000 

Motion:
   0.9999966    0.0018063    0.0018625   -0.0128025 
  -0.0018112    0.9999948    0.0026520   -0.0146236 
  -0.0018577   -0.0026553    0.9999947   -0.7268901 
   0.0000000    0.0000000    0.0000000    1.0000000 

angles x: -3.113371 y: -0.547664 z: 3.017565 index: 442
NCC max: 0.993832 min: -0.361650 outliers: 147 disp outliers: 17 
NCC max: 1.000000 min: -0.586051 outliers: 1104 disp outliers: 167 
Num matches pre bucket: 440
Max age: 10
Index: 443, Matches: 440, Inliers: 52.2727 %, Current pose: 
  -0.6772283    0.1027355   -0.7285652 -180.3437663 
   0.0874141    0.9944251    0.0589700    1.5355916 
   0.7305618   -0.0237507   -0.6824334   59.5138630 
   0.0000000    0.0000000    0.0000000    1.0000000 

Motion:
   0.9999890    0.0030642    0.0035401   -0.0162179 
  -0.0030761    0.9999895    0.0033867    0.0357571 
  -0.0035297   -0.0033976    0.9999880   -0.6765093 
   0.0000000    0.0000000    0.0000000    1.0000000 

angles x: -3.106804 y: -0.545710 z: 3.013226 index: 443
NCC max: 0.994379 min: -0.141991 outliers: 160 disp outliers: 20 
NCC max: 1.000000 min: -0.700570 outliers: 1210 disp outliers: 148 
Num matches pre bucket: 430
Max age: 10
Index: 444, Matches: 424, Inliers: 40.8019 %, Current pose: 
  -0.6810508    0.1048140   -0.7246957 -180.8637043 
   0.0939833    0.9940287    0.0554450    1.5368539 
   0.7261797   -0.0303484   -0.6868348   59.0828411 
   0.0000000    0.0000000    0.0000000    1.0000000 

Motion:
   0.9999615    0.0062439    0.0061628   -0.0412235 
  -0.0062623    0.9999760    0.0029648    0.0401612 
  -0.0061441   -0.0030033    0.9999766   -0.6729077 
   0.0000000    0.0000000    0.0000000    1.0000000 

angles x: -3.097435 y: -0.542373 z: 3.004461 index: 444
NCC max: 0.995452 min: -0.385101 outliers: 164 disp outliers: 25 
NCC max: 1.000000 min: -0.690956 outliers: 1232 disp outliers: 164 
Num matches pre bucket: 459
Max age: 12
Index: 445, Matches: 454, Inliers: 47.5771 %, Current pose: 
  -0.6858160    0.1062886   -0.7199716 -181.3399427 
   0.0972867    0.9937882    0.0540404    1.5387244 
   0.7212432   -0.0329819   -0.6918963   58.6357083 
   0.0000000    0.0000000    0.0000000    1.0000000 

Motion:
   0.9999710    0.0029341    0.0070271   -0.0043024 
  -0.0029392    0.9999954    0.0007268    0.0340125 
  -0.0070249   -0.0007475    0.9999750   -0.6523487 
   0.0000000    0.0000000    0.0000000    1.0000000 

angles x: -3.093960 y: -0.538449 z: 3.000677 index: 445
NCC max: 0.994037 min: -0.254920 outliers: 179 disp outliers: 21 
NCC max: 1.000000 min: -0.587366 outliers: 1273 disp outliers: 148 
Num matches pre bucket: 444
Max age: 12
Index: 446, Matches: 441, Inliers: 49.4331 %, Current pose: 
  -0.6937067    0.1077387   -0.7121540 -181.8055994 
   0.1010232    0.9935294    0.0519004    1.5493905 
   0.7131377   -0.0359404   -0.7001021   58.2015686 
   0.0000000    0.0000000    0.0000000    1.0000000 

Motion:
   0.9999290    0.0031419    0.0114912   -0.0145053 
  -0.0031535    0.9999945    0.0009889    0.0239691 
  -0.0114880   -0.0010251    0.9999335   -0.6361150 
   0.0000000    0.0000000    0.0000000    1.0000000 

angles x: -3.090302 y: -0.531936 z: 2.996981 index: 446
NCC max: 0.990903 min: -0.178370 outliers: 179 disp outliers: 16 
NCC max: 1.000000 min: -0.726512 outliers: 1391 disp outliers: 164 
Num matches pre bucket: 443
Max age: 12
Index: 447, Matches: 436, Inliers: 45.8716 %, Current pose: 
  -0.7022301    0.1122734   -0.7030416 -182.2625596 
   0.1066576    0.9929334    0.0520336    1.5628848 
   0.7039155   -0.0384452   -0.7092425   57.7628625 
   0.0000000    0.0000000    0.0000000    1.0000000 

Motion:
   0.9999053    0.0050111    0.0128189   -0.0135185 
  -0.0049922    0.9999864   -0.0015068    0.0210394 
  -0.0128262    0.0014426    0.9999167   -0.6331132 
   0.0000000    0.0000000    0.0000000    1.0000000 

angles x: -3.087440 y: -0.524687 z: 2.990860 index: 447
NCC max: 0.992435 min: -0.364657 outliers: 175 disp outliers: 24 
NCC max: 1.000000 min: -0.698182 outliers: 1347 disp outliers: 156 
Num matches pre bucket: 459
Max age: 9
Index: 448, Matches: 458, Inliers: 50.2183 %, Current pose: 
  -0.7124003    0.1164133   -0.6920504 -182.7294750 
   0.1113302    0.9924045    0.0523335    1.5673762 
   0.6928863   -0.0397637   -0.7199496   57.3226228 
   0.0000000    0.0000000    0.0000000    1.0000000 

Motion:
   0.9998765    0.0039218    0.0152155   -0.0280946 
  -0.0038917    0.9999904   -0.0020029    0.0323924 
  -0.0152232    0.0019434    0.9998822   -0.6403145 
   0.0000000    0.0000000    0.0000000    1.0000000 

angles x: -3.086417 y: -0.515939 z: 2.986572 index: 448
NCC max: 0.998784 min: -0.468255 outliers: 163 disp outliers: 18 
NCC max: 1.000000 min: -0.547061 outliers: 1229 disp outliers: 165 
Num matches pre bucket: 536
Max age: 14
Index: 449, Matches: 529, Inliers: 44.0454 %, Current pose: 
  -0.7241063    0.1205859   -0.6790649 -183.1846108 
   0.1167922    0.9918158    0.0515843    1.5945878 
   0.6797276   -0.0419570   -0.7322636   56.8625909 
   0.0000000    0.0000000    0.0000000    1.0000000 

Motion:
   0.9998300    0.0045810    0.0178606   -0.0200485 
  -0.0045578    0.9999887   -0.0013394    0.0085925 
  -0.0178665    0.0012578    0.9998396   -0.6473350 
   0.0000000    0.0000000    0.0000000    1.0000000 

angles x: -3.084358 y: -0.505539 z: 2.981678 index: 449
NCC max: 0.991024 min: -0.357984 outliers: 155 disp outliers: 17 
NCC max: 1.000000 min: -0.533934 outliers: 1240 disp outliers: 134 
Num matches pre bucket: 553
Max age: 15
Index: 450, Matches: 528, Inliers: 34.4697 %, Current pose: 
  -0.7384541    0.1266640   -0.6623004 -183.6103341 
   0.1242579    0.9909400    0.0509704    1.5758775 
   0.6627560   -0.0446567   -0.7475026   56.4689617 
   0.0000000    0.0000000    0.0000000    1.0000000 

Motion:
   0.9997252    0.0063866    0.0225558   -0.0511721 
  -0.0063386    0.9999775   -0.0021957    0.0548864 
  -0.0225694    0.0020521    0.9997432   -0.5752420 
   0.0000000    0.0000000    0.0000000    1.0000000 

angles x: -3.081922 y: -0.492252 z: 2.974887 index: 450
NCC max: 0.992770 min: -0.504076 outliers: 146 disp outliers: 19 
NCC max: 1.000000 min: -0.890369 outliers: 1239 disp outliers: 144 
Num matches pre bucket: 494
Max age: 16
Index: 451, Matches: 492, Inliers: 36.3821 %, Current pose: 
  -0.7532595    0.1323935   -0.6442609 -184.0129938 
   0.1307484    0.9901236    0.0505983    1.5641318 
   0.6445968   -0.0461224   -0.7631302   56.0226041 
   0.0000000    0.0000000    0.0000000    1.0000000 

Motion:
   0.9997045    0.0053673    0.0237105   -0.0140508 
  -0.0053038    0.9999822   -0.0027407    0.0443522 
  -0.0237248    0.0026141    0.9997151   -0.5994525 
   0.0000000    0.0000000    0.0000000    1.0000000 

angles x: -3.081228 y: -0.478046 z: 2.969728 index: 451
NCC max: 1.000000 min: -0.307500 outliers: 142 disp outliers: 14 
NCC max: 1.000000 min: -0.636164 outliers: 1262 disp outliers: 175 
Num matches pre bucket: 532
Max age: 17
Index: 452, Matches: 525, Inliers: 44.9524 %, Current pose: 
  -0.7710426    0.1348551   -0.6223402 -184.3962691 
   0.1330117    0.9898675    0.0497012    1.5818202 
   0.6227368   -0.0444567   -0.7811673   55.5766257 
   0.0000000    0.0000000    0.0000000    1.0000000 

Motion:
   0.9996004    0.0008948    0.0282535   -0.0201472 
  -0.0008140    0.9999956   -0.0028700    0.0143507 
  -0.0282560    0.0028459    0.9995967   -0.5877906 
   0.0000000    0.0000000    0.0000000    1.0000000 

angles x: -3.084743 y: -0.460693 z: 2.970765 index: 452
NCC max: 0.997288 min: -0.661133 outliers: 155 disp outliers: 16 
NCC max: 1.000000 min: -0.662877 outliers: 1184 disp outliers: 147 
Num matches pre bucket: 513
Max age: 12
Index: 453, Matches: 508, Inliers: 44.2913 %, Current pose: 
  -0.7889049    0.1336317   -0.5998096 -184.7225048 
   0.1290497    0.9903308    0.0509023    1.5851561 
   0.6008121   -0.0372482   -0.7985220   55.0877790 
   0.0000000    0.0000000    0.0000000    1.0000000 

Motion:
   0.9995923   -0.0053559    0.0280464    0.0359056 
   0.0054940    0.9999732   -0.0048467    0.0220832 
  -0.0280197    0.0049988    0.9995949   -0.5862040 
   0.0000000    0.0000000    0.0000000    1.0000000 

angles x: -3.094980 y: -0.443057 z: 2.979448 index: 453
NCC max: 0.997975 min: -0.197878 outliers: 135 disp outliers: 15 
NCC max: 1.000000 min: -0.635482 outliers: 1190 disp outliers: 148 
Num matches pre bucket: 538
Max age: 20
Index: 454, Matches: 533, Inliers: 45.0281 %, Current pose: 
  -0.8075938    0.1326013   -0.5746382 -185.0297813 
   0.1244516    0.9907702    0.0537228    1.5780656 
   0.5764581   -0.0281284   -0.8166424   54.5846865 
   0.0000000   -0.0000000    0.0000000    1.0000000 

Motion:
   0.9995182   -0.0061440    0.0304229    0.0427395 
   0.0063488    0.9999578   -0.0066419    0.0336190 
  -0.0303808    0.0068318    0.9995150   -0.5870386 
   0.0000000    0.0000000    0.0000000    1.0000000 

angles x: -3.107162 y: -0.423674 z: 2.988694 index: 454
NCC max: 0.996407 min: -0.451774 outliers: 149 disp outliers: 15 
NCC max: 1.000000 min: -0.769781 outliers: 1090 disp outliers: 125 
Num matches pre bucket: 482
Max age: 13
Index: 455, Matches: 480, Inliers: 43.3333 %, Current pose: 
  -0.8266921    0.1311835   -0.5471482 -185.2937957 
   0.1208778    0.9911426    0.0549995    1.5588768 
   0.5495169   -0.0206704   -0.8352269   54.0859327 
   0.0000000   -0.0000000    0.0000000    1.0000000 

Motion:
   0.9994483   -0.0053154    0.0327840    0.0581346 
   0.0054906    0.9999711   -0.0052558    0.0433437 
  -0.0327551    0.0054329    0.9994486   -0.5599721 
   0.0000000    0.0000000    0.0000000    1.0000000 

angles x: -3.116849 y: -0.402520 z: 2.996403 index: 455
NCC max: 0.993242 min: -0.351350 outliers: 143 disp outliers: 14 
NCC max: 1.000000 min: -0.668494 outliers: 1161 disp outliers: 137 
Num matches pre bucket: 482
Max age: 14
Index: 456, Matches: 476, Inliers: 44.7479 %, Current pose: 
  -0.8464464    0.1281097   -0.5168331 -185.5316581 
   0.1166002    0.9916634    0.0548454    1.5696318 
   0.5195507   -0.0138391   -0.8543275   53.5822823 
   0.0000000   -0.0000000    0.0000000    1.0000000 

Motion:
   0.9993467   -0.0062117    0.0356018    0.0590801 
   0.0063579    0.9999718   -0.0039952    0.0128370 
  -0.0355760    0.0042190    0.9993581   -0.5538075 
   0.0000000    0.0000000    0.0000000    1.0000000 

angles x: -3.125395 y: -0.379206 z: 3.004702 index: 456
NCC max: 0.996469 min: -0.664461 outliers: 137 disp outliers: 18 
NCC max: 1.000000 min: -0.672846 outliers: 1111 disp outliers: 120 
Num matches pre bucket: 528
Max age: 14
Index: 457, Matches: 525, Inliers: 46.8571 %, Current pose: 
  -0.8672456    0.1311746   -0.4802897 -185.7905363 
   0.1189845    0.9913214    0.0558983    1.5820790 
   0.4834539   -0.0086695   -0.8753269   53.0910257 
   0.0000000   -0.0000000    0.0000000    1.0000000 

Motion:
   0.9991294    0.0001994    0.0417190    0.0115080 
   0.0000518    0.9999819   -0.0060193    0.0173601 
  -0.0417195    0.0060163    0.9991113   -0.5550425 
   0.0000000    0.0000000    0.0000000    1.0000000 

angles x: -3.131689 y: -0.351783 z: 3.005246 index: 457
NCC max: 0.996487 min: -0.237084 outliers: 141 disp outliers: 16 
NCC max: 1.000000 min: -0.752534 outliers: 1173 disp outliers: 151 
Num matches pre bucket: 452
Max age: 15
Index: 458, Matches: 449, Inliers: 40.7572 %, Current pose: 
  -0.8878584    0.1270438   -0.4422300 -185.9453195 
   0.1136624    0.9918971    0.0567539    1.5557567 
   0.4458569    0.0001245   -0.8951042   52.6285283 
   0.0000000   -0.0000000    0.0000000    1.0000000 

Motion:
   0.9990666   -0.0076538    0.0425123    0.0717739 
   0.0079024    0.9999526   -0.0056815    0.0458309 
  -0.0424668    0.0060121    0.9990798   -0.4809392 
   0.0000000    0.0000000    0.0000000    1.0000000 

angles x: 3.141454 y: -0.323181 z: 3.014266 index: 458
NCC max: 0.997067 min: -0.313423 outliers: 127 disp outliers: 20 
NCC max: 1.000000 min: -0.717606 outliers: 1190 disp outliers: 157 
Num matches pre bucket: 465
Max age: 16
Index: 459, Matches: 463, Inliers: 36.7171 %, Current pose: 
  -0.9089365    0.1084355   -0.4025869 -186.0330683 
   0.0961127    0.9940757    0.0507536    1.5490070 
   0.4057054    0.0074380   -0.9139736   52.1312408 
   0.0000000   -0.0000000    0.0000000    1.0000000 

Motion:
   0.9988178   -0.0200903    0.0442652    0.1226429 
   0.0200300    0.9997977    0.0018064    0.0199236 
  -0.0442925   -0.0009177    0.9990182   -0.4894916 
   0.0000000    0.0000000    0.0000000    1.0000000 

angles x: 3.133455 y: -0.292554 z: 3.036242 index: 459
NCC max: 0.993036 min: -0.206682 outliers: 133 disp outliers: 19 
NCC max: 1.000000 min: -0.569393 outliers: 1241 disp outliers: 147 
Num matches pre bucket: 486
Max age: 16
Index: 460, Matches: 483, Inliers: 28.1573 %, Current pose: 
  -0.9268050    0.0829541   -0.3662665 -186.0319512 
   0.0712352    0.9964248    0.0454217    1.5281405 
   0.3687250    0.0160060   -0.9294007   51.6189205 
   0.0000000    0.0000000    0.0000000    1.0000000 

Motion:
   0.9988471   -0.0269428    0.0397301    0.1914270 
   0.0268628    0.9996359    0.0025468    0.0288993 
  -0.0397843   -0.0014766    0.9992072   -0.4747939 
   0.0000000    0.0000000    0.0000000    1.0000000 

angles x: 3.124372 y: -0.264605 z: 3.064883 index: 460
NCC max: 0.993808 min: -0.440667 outliers: 143 disp outliers: 23 
NCC max: 1.000000 min: -0.495529 outliers: 1168 disp outliers: 137 
Num matches pre bucket: 514
Max age: 17
Index: 461, Matches: 507, Inliers: 30.1775 %, Current pose: 
  -0.9440032    0.0604763   -0.3243464 -186.0681474 
   0.0498964    0.9979188    0.0408454    1.4981051 
   0.3261416    0.0223744   -0.9450561   51.1204892 
   0.0000000    0.0000000    0.0000000    1.0000000 

Motion:
   0.9987178   -0.0233707    0.0449069    0.1298885 
   0.0232872    0.9997260    0.0023819    0.0433141 
  -0.0449502   -0.0013331    0.9989883   -0.4815588 
   0.0000000    0.0000000    0.0000000    1.0000000 

angles x: 3.117922 y: -0.233107 z: 3.088786 index: 461
NCC max: 0.997179 min: -0.676756 outliers: 146 disp outliers: 19 
NCC max: 1.000000 min: -0.717549 outliers: 1122 disp outliers: 172 
Num matches pre bucket: 512
Max age: 18
Index: 462, Matches: 510, Inliers: 32.7451 %, Current pose: 
  -0.9587220    0.0510083   -0.2797323 -186.1396942 
   0.0426203    0.9984429    0.0359912    1.4293273 
   0.2811326    0.0225833   -0.9594032   50.6508368 
   0.0000000    0.0000000    0.0000000    1.0000000 

Motion:
   0.9988523   -0.0091582    0.0470128    0.0663725 
   0.0090321    0.9999550    0.0028950    0.0829265 
  -0.0470372   -0.0024670    0.9988901   -0.4681246 
   0.0000000    0.0000000    0.0000000    1.0000000 

angles x: 3.118058 y: -0.200374 z: 3.097167 index: 462
NCC max: 0.995237 min: -0.404668 outliers: 129 disp outliers: 33 
NCC max: 1.000000 min: -0.755623 outliers: 1103 disp outliers: 51 
Num matches pre bucket: 483
Max age: 19
Index: 463, Matches: 476, Inliers: 43.2773 %, Current pose: 
  -0.9712725    0.0464360   -0.2333952 -186.2037173 
   0.0406628    0.9987377    0.0294894    1.4343829 
   0.2344700    0.0191517   -0.9719347   50.1745981 
   0.0000000    0.0000000    0.0000000    1.0000000 

Motion:
   0.9988306   -0.0036484    0.0482086    0.0492742 
   0.0034315    0.9999836    0.0045819    0.0070446 
  -0.0482245   -0.0044111    0.9988268   -0.4779647 
   0.0000000    0.0000000    0.0000000    1.0000000 

angles x: 3.121891 y: -0.166740 z: 3.099752 index: 463
NCC max: 0.994017 min: -0.384755 outliers: 158 disp outliers: 31 
NCC max: 1.000000 min: -0.697459 outliers: 1204 disp outliers: 164 
Num matches pre bucket: 448
Max age: 18
Index: 464, Matches: 444, Inliers: 50.4505 %, Current pose: 
  -0.9816111    0.0443548   -0.1856673 -186.2501713 
   0.0398343    0.9988137    0.0280091    1.4461163 
   0.1866893    0.0200981   -0.9822134   49.6833407 
   0.0000000    0.0000000    0.0000000    1.0000000 

Motion:
   0.9988047   -0.0022226    0.0488282    0.0456454 
   0.0022464    0.9999974   -0.0004319    0.0002143 
  -0.0488271    0.0005410    0.9988071   -0.4914732 
   0.0000000    0.0000000    0.0000000    1.0000000 

angles x: 3.121133 y: -0.132528 z: 3.101034 index: 464
NCC max: 0.995079 min: -0.480881 outliers: 144 disp outliers: 31 
NCC max: 1.000000 min: -0.836731 outliers: 1216 disp outliers: 144 
Num matches pre bucket: 497
Max age: 20
Index: 465, Matches: 486, Inliers: 52.0576 %, Current pose: 
  -0.9897623    0.0432755   -0.1360069 -186.2829473 
   0.0395692    0.9987712    0.0298385    1.4745569 
   0.1371310    0.0241514   -0.9902584   49.1930155 
   0.0000000    0.0000000    0.0000000    1.0000000 

Motion:
   0.9987387   -0.0016223    0.0501828    0.0336730 
   0.0018144    0.9999912   -0.0037820   -0.0151452 
  -0.0501762    0.0038682    0.9987329   -0.4908551 
   0.0000000    0.0000000    0.0000000    1.0000000 

angles x: 3.117208 y: -0.097217 z: 3.101635 index: 465
NCC max: 0.999962 min: -0.381058 outliers: 143 disp outliers: 20 
NCC max: 1.000000 min: -0.619353 outliers: 1242 disp outliers: 92 
Num matches pre bucket: 440
Max age: 17
Index: 466, Matches: 430, Inliers: 32.093 %, Current pose: 
  -0.9957679    0.0281044   -0.0875010 -186.2267499 
   0.0246393    0.9988784    0.0404326    1.4657159 
   0.0885392    0.0381055   -0.9953436   48.6471272 
   0.0000000    0.0000000    0.0000000    1.0000000 

Motion:
   0.9986899   -0.0163450    0.0484898    0.1045099 
   0.0169336    0.9997876   -0.0117517    0.0280530 
  -0.0482874    0.0125574    0.9987545   -0.5380716 
   0.0000000    0.0000000    0.0000000    1.0000000 

angles x: 3.103328 y: -0.062692 z: 3.116854 index: 466
NCC max: 0.999094 min: -0.360188 outliers: 129 disp outliers: 9 
NCC max: 1.000000 min: -0.780293 outliers: 1134 disp outliers: 58 
Num matches pre bucket: 556
Max age: 11
Index: 467, Matches: 536, Inliers: 31.903 %, Current pose: 
  -0.9992024    0.0056660   -0.0395273 -186.1080979 
   0.0034545    0.9984363    0.0557949    1.4279604 
   0.0397817    0.0556139   -0.9976595   48.1493252 
   0.0000000    0.0000000    0.0000000    1.0000000 

Motion:
   0.9985811   -0.0231155    0.0479744    0.1384912 
   0.0238827    0.9995949   -0.0154813    0.0647089 
  -0.0475971    0.0166051    0.9987286   -0.4898403 
   0.0000000    0.0000000    0.0000000    1.0000000 

angles x: 3.085906 y: -0.028156 z: 3.138135 index: 467
NCC max: 1.000000 min: -0.436687 outliers: 140 disp outliers: 10 
NCC max: 1.000000 min: -0.699461 outliers: 1239 disp outliers: 55 
Num matches pre bucket: 472
Max age: 18
Index: 468, Matches: 460, Inliers: 44.3478 %, Current pose: 
  -0.9999606    0.0002459    0.0088698 -186.0212967 
   0.0008024    0.9980261    0.0627955    1.4460467 
  -0.0088369    0.0628001   -0.9979870   47.6703698 
   0.0000000    0.0000000    0.0000000    1.0000000 

Motion:
   0.9988143   -0.0053561    0.0483867    0.0825507 
   0.0057002    0.9999594   -0.0069781    0.0120065 
  -0.0483474    0.0072456    0.9988043   -0.4798969 
   0.0000000    0.0000000    0.0000000    1.0000000 

angles x: 3.078749 y: 0.006255 z: 3.140790 index: 468
NCC max: 0.994515 min: -0.247238 outliers: 129 disp outliers: 16 
NCC max: 1.000000 min: -0.860086 outliers: 1222 disp outliers: 76 
Num matches pre bucket: 387
Max age: 19
Index: 469, Matches: 383, Inliers: 48.564 %, Current pose: 
  -0.9980572    0.0030534    0.0622295 -185.9807973 
   0.0067605    0.9982084    0.0594493    1.4806051 
  -0.0619365    0.0597545   -0.9962897   47.2051540 
   0.0000000    0.0000000    0.0000000    1.0000000 

Motion:
   0.9985707    0.0026121    0.0533838    0.0113733 
  -0.0027803    0.9999914    0.0030758   -0.0068214 
  -0.0533753   -0.0032198    0.9985693   -0.4680645 
   0.0000000    0.0000000    0.0000000    1.0000000 

angles x: 3.081687 y: 0.043850 z: 3.134819 index: 469
NCC max: 0.997559 min: -0.507739 outliers: 133 disp outliers: 21 
NCC max: 1.000000 min: -0.685921 outliers: 1167 disp outliers: 118 
Num matches pre bucket: 385
Max age: 11
Index: 470, Matches: 378, Inliers: 39.418 %, Current pose: 
  -0.9927922    0.0154773    0.1188451 -185.9817864 
   0.0217816    0.9984131    0.0519320    1.5310408 
  -0.1178528    0.0541463   -0.9915538   46.7373730 
   0.0000000    0.0000000    0.0000000    1.0000000 

Motion:
   0.9983100    0.0116690    0.0569294   -0.0572098 
  -0.0120511    0.9999071    0.0063727   -0.0250118 
  -0.0568497   -0.0070480    0.9983579   -0.4663317 
   0.0000000    0.0000000    0.0000000    1.0000000 

angles x: 3.087039 y: 0.083508 z: 3.119656 index: 470
NCC max: 1.000000 min: -0.401705 outliers: 110 disp outliers: 24 
NCC max: 1.000000 min: -0.567717 outliers: 1072 disp outliers: 175 
Num matches pre bucket: 414
Max age: 10
Index: 471, Matches: 396, Inliers: 53.2828 %, Current pose: 
  -0.9852229    0.0190106    0.1702186 -185.8867593 
   0.0268221    0.9986842    0.0437095    1.5589100 
  -0.1691637    0.0476292   -0.9844364   46.2820122 
   0.0000000    0.0000000    0.0000000    1.0000000 

Motion:
   0.9986422    0.0023713    0.0520389    0.0158448 
  -0.0027338    0.9999725    0.0068960   -0.0079505 
  -0.0520211   -0.0070289    0.9986213   -0.4656673 
   0.0000000    0.0000000    0.0000000    1.0000000 

angles x: 3.093248 y: 0.120005 z: 3.114375 index: 471
NCC max: 0.991759 min: -0.365523 outliers: 107 disp outliers: 34 
NCC max: 0.999045 min: -0.751945 outliers: 1027 disp outliers: 191 
Num matches pre bucket: 358
Max age: 12
Index: 472, Matches: 346, Inliers: 51.1561 %, Current pose: 
  -0.9757152    0.0180637    0.2182971 -185.7386916 
   0.0274515    0.9988206    0.0400483    1.5495878 
  -0.2173162    0.0450683   -0.9750603   45.8690681 
   0.0000000    0.0000000    0.0000000    1.0000000 

Motion:
   0.9987953   -0.0014841    0.0490490    0.0549884 
   0.0013697    0.9999963    0.0023658    0.0252472 
  -0.0490523   -0.0022958    0.9987936   -0.4345948 
   0.0000000    0.0000000    0.0000000    1.0000000 

angles x: 3.095405 y: 0.154398 z: 3.113465 index: 472
NCC max: 1.000000 min: -0.304440 outliers: 105 disp outliers: 30 
NCC max: 1.000000 min: -0.780495 outliers: 965 disp outliers: 224 
Num matches pre bucket: 319
Max age: 10
Index: 473, Matches: 317, Inliers: 45.4259 %, Current pose: 
  -0.9640934    0.0156954    0.2650990 -185.5615309 
   0.0255695    0.9991002    0.0338369    1.5717771 
  -0.2643294    0.0394004   -0.9636273   45.4579767 
   0.0000000    0.0000000    0.0000000    1.0000000 

Motion:
   0.9988256   -0.0037887    0.0483024    0.0615685 
   0.0035502    0.9999811    0.0050207   -0.0087528 
  -0.0483205   -0.0048434    0.9988201   -0.4438549 
   0.0000000    0.0000000    0.0000000    1.0000000 

angles x: 3.100728 y: 0.188132 z: 3.115077 index: 473
NCC max: 1.000000 min: -0.721837 outliers: 105 disp outliers: 30 
NCC max: 1.000000 min: -0.766332 outliers: 885 disp outliers: 69 
Num matches pre bucket: 317
Max age: 19
Index: 474, Matches: 312, Inliers: 43.2692 %, Current pose: 
  -0.9489963    0.0188566    0.3147227 -185.4125008 
   0.0303107    0.9990428    0.0315395    1.5802033 
  -0.3138267    0.0394703   -0.9486595   45.0583474 
   0.0000000    0.0000000    0.0000000    1.0000000 

Motion:
   0.9986498    0.0030237    0.0518596    0.0157593 
  -0.0030677    0.9999950    0.0007687    0.0045451 
  -0.0518570   -0.0009267    0.9986541   -0.4262811 
   0.0000000    0.0000000    0.0000000    1.0000000 

angles x: 3.100010 y: 0.223933 z: 3.109664 index: 474
NCC max: 0.991567 min: -0.439204 outliers: 97 disp outliers: 35 
NCC max: 1.000000 min: -0.603730 outliers: 851 disp outliers: 196 
Num matches pre bucket: 308
Max age: 10
Index: 475, Matches: 305, Inliers: 38.6885 %, Current pose: 
  -0.9314773    0.0244368    0.3629778 -185.2348798 
   0.0361856    0.9990171    0.0256028    1.6410182 
  -0.3619953    0.0369830   -0.9314460   44.6493126 
   0.0000000    0.0000000    0.0000000    1.0000000 

Motion:
   0.9986692    0.0042984    0.0513945    0.0151806 
  -0.0045158    0.9999813    0.0041150   -0.0499683 
  -0.0513759   -0.0043416    0.9986700   -0.4470233 
   0.0000000    0.0000000    0.0000000    1.0000000 

angles x: 3.101909 y: 0.259067 z: 3.102765 index: 475
NCC max: 0.993661 min: -0.364932 outliers: 112 disp outliers: 31 
NCC max: 1.000000 min: -0.662982 outliers: 908 disp outliers: 224 
Num matches pre bucket: 348
Max age: 21
Index: 476, Matches: 333, Inliers: 49.8498 %, Current pose: 
  -0.9126657    0.0274593    0.4077833 -185.0463625 
   0.0404510    0.9989105    0.0232693    1.6549878 
  -0.4067001    0.0377323   -0.9127822   44.2163550 
   0.0000000    0.0000000    0.0000000    1.0000000 

Motion:
   0.9988147    0.0030676    0.0485775   -0.0045957 
  -0.0030905    0.9999951    0.0003964   -0.0027945 
  -0.0485760   -0.0005460    0.9988193   -0.4723953 
   0.0000000    0.0000000    0.0000000    1.0000000 

angles x: 3.100278 y: 0.291986 z: 3.097300 index: 476
NCC max: 0.998094 min: -0.413232 outliers: 108 disp outliers: 32 
NCC max: 1.000000 min: -0.821762 outliers: 887 disp outliers: 204 
Num matches pre bucket: 344
Max age: 7
Index: 477, Matches: 342, Inliers: 45.9064 %, Current pose: 
  -0.8944474    0.0177090    0.4468223 -184.7775324 
   0.0351907    0.9989042    0.0308547    1.6195849 
  -0.4457862    0.0433219   -0.8940905   43.8241171 
   0.0000000    0.0000000    0.0000000    1.0000000 

Motion:
   0.9990563   -0.0062292    0.0429839    0.0668460 
   0.0066252    0.9999368   -0.0090782    0.0475958 
  -0.0429246    0.0093544    0.9990345   -0.4697231 
   0.0000000    0.0000000    0.0000000    1.0000000 

angles x: 3.093177 y: 0.320972 z: 3.102269 index: 477
NCC max: 0.994408 min: -0.449965 outliers: 106 disp outliers: 36 
NCC max: 1.000000 min: -0.813626 outliers: 826 disp outliers: 181 
Num matches pre bucket: 372
Max age: 10
Index: 478, Matches: 366, Inliers: 42.3497 %, Current pose: 
  -0.8742550    0.0070892    0.4854153 -184.5042259 
   0.0322911    0.9985282    0.0435747    1.6162947 
  -0.4843919    0.0537700   -0.8731971   43.3807104 
   0.0000000    0.0000000    0.0000000    1.0000000 

Motion:
   0.9990467   -0.0042113    0.0434499    0.0242632 
   0.0048280    0.9998890   -0.0140984    0.0251898 
  -0.0433858    0.0142947    0.9989561   -0.5197053 
   0.0000000    0.0000000    0.0000000    1.0000000 

angles x: 3.080092 y: 0.349958 z: 3.104674 index: 478
NCC max: 0.995813 min: -0.081647 outliers: 114 disp outliers: 34 
NCC max: 1.000000 min: -0.675456 outliers: 911 disp outliers: 176 
Num matches pre bucket: 372
Max age: 13
Index: 479, Matches: 371, Inliers: 54.4474 %, Current pose: 
  -0.8552588    0.0050711    0.5181763 -184.2305372 
   0.0376333    0.9979195    0.0523484    1.6368153 
  -0.5168328    0.0642722   -0.8536703   42.9494205 
   0.0000000    0.0000000    0.0000000    1.0000000 

Motion:
   0.9992791    0.0037247    0.0377811    0.0103976 
  -0.0033424    0.9999426   -0.0101766    0.0058541 
  -0.0378168    0.0100430    0.9992342   -0.5110726 
   0.0000000    0.0000000    0.0000000    1.0000000 

angles x: 3.066445 y: 0.374671 z: 3.097619 index: 479
NCC max: 0.992547 min: -0.306947 outliers: 104 disp outliers: 22 
NCC max: 1.000000 min: -0.723595 outliers: 944 disp outliers: 84 
Num matches pre bucket: 352
Max age: 11
Index: 480, Matches: 348, Inliers: 44.2529 %, Current pose: 
  -0.8376794    0.0071099    0.5461159 -183.9588980 
   0.0470113    0.9971428    0.0591281    1.6404514 
  -0.5441352    0.0752040   -0.8356203   42.5298953 
   0.0000000    0.0000000    0.0000000    1.0000000 

Motion:
   0.9994288    0.0076928    0.0329074   -0.0009028 
  -0.0074229    0.9999379   -0.0083164    0.0259930 
  -0.0329693    0.0080673    0.9994238   -0.4991252 
   0.0000000    0.0000000    0.0000000    1.0000000 

angles x: 3.051837 y: 0.395777 z: 3.085531 index: 480
NCC max: 0.993347 min: -0.620507 outliers: 110 disp outliers: 23 
NCC max: 1.000000 min: -0.758597 outliers: 964 disp outliers: 155 
Num matches pre bucket: 346
Max age: 11
Index: 481, Matches: 338, Inliers: 51.7751 %, Current pose: 
  -0.8206731    0.0061817    0.5713645 -183.6660076 
   0.0500235    0.9968795    0.0610653    1.6564085 
  -0.5692041    0.0786964   -0.8184214   42.1200948 
   0.0000000    0.0000000    0.0000000    1.0000000 

Motion:
   0.9995366    0.0012392    0.0304136    0.0063089 
  -0.0011351    0.9999934   -0.0034408    0.0145319 
  -0.0304177    0.0034047    0.9995315   -0.5037111 
   0.0000000    0.0000000    0.0000000    1.0000000 

angles x: 3.045731 y: 0.415197 z: 3.080714 index: 481
NCC max: 0.997288 min: -0.432343 outliers: 85 disp outliers: 23 
NCC max: 1.000000 min: -0.626305 outliers: 835 disp outliers: 164 
Num matches pre bucket: 395
Max age: 12
Index: 482, Matches: 389, Inliers: 50.1285 %, Current pose: 
  -0.8057652    0.0013500    0.5922336 -183.3552213 
   0.0481708    0.9968334    0.0632666    1.6797655 
  -0.5902728    0.0795063   -0.8032787   41.7508249 
   0.0000000    0.0000000    0.0000000    1.0000000 

Motion:
   0.9996652   -0.0034128    0.0256479    0.0313257 
   0.0035019    0.9999880   -0.0034264    0.0056567 
  -0.0256359    0.0035150    0.9996652   -0.4821624 
   0.0000000    0.0000000    0.0000000    1.0000000 

angles x: 3.042937 y: 0.431563 z: 3.081881 index: 482
NCC max: 0.996035 min: -0.495649 outliers: 118 disp outliers: 24 
NCC max: 1.000000 min: -0.801318 outliers: 924 disp outliers: 201 
Num matches pre bucket: 378
Max age: 13
Index: 483, Matches: 376, Inliers: 49.734 %, Current pose: 
  -0.7926918   -0.0003899    0.6096225 -183.0379385 
   0.0467120    0.9970210    0.0613772    1.7004169 
  -0.6078303    0.0771299   -0.7903121   41.3682469 
   0.0000000    0.0000000    0.0000000    1.0000000 

Motion:
   0.9997593   -0.0028324    0.0217538    0.0180003 
   0.0028137    0.9999956    0.0008904    0.0090420 
  -0.0217562   -0.0008290    0.9997630   -0.4970463 
   0.0000000    0.0000000    0.0000000    1.0000000 

angles x: 3.044307 y: 0.445243 z: 3.082732 index: 483
NCC max: 0.995787 min: -0.420283 outliers: 119 disp outliers: 22 
NCC max: 1.000000 min: -0.660981 outliers: 930 disp outliers: 206 
Num matches pre bucket: 422
Max age: 14
Index: 484, Matches: 416, Inliers: 55.5288 %, Current pose: 
  -0.7825637   -0.0020319    0.6225672 -182.7132574 
   0.0457669    0.9971012    0.0607830    1.7089758 
  -0.6208860    0.0760595   -0.7802022   40.9992444 
   0.0000000    0.0000000    0.0000000    1.0000000 

Motion:
   0.9998630   -0.0019532    0.0164344    0.0245833 
   0.0019559    0.9999981   -0.0001502    0.0201918 
  -0.0164341    0.0001823    0.9998649   -0.4905526 
   0.0000000    0.0000000    0.0000000    1.0000000 

angles x: 3.044413 y: 0.455488 z: 3.083176 index: 484
NCC max: 0.999036 min: -0.216600 outliers: 106 disp outliers: 28 
NCC max: 1.000000 min: -0.662398 outliers: 1023 disp outliers: 195 
Num matches pre bucket: 378
Max age: 15
Index: 485, Matches: 373, Inliers: 52.5469 %, Current pose: 
  -0.7743172   -0.0043483    0.6327828 -182.3798272 
   0.0436810    0.9972239    0.0603036    1.7106677 
  -0.6312883    0.0743347   -0.7719776   40.6276126 
   0.0000000    0.0000000    0.0000000    1.0000000 

Motion:
   0.9999097   -0.0028878    0.0131231    0.0235000 
   0.0028893    0.9999958   -0.0000889    0.0273877 
  -0.0131228    0.0001268    0.9999139   -0.4979824 
   0.0000000    0.0000000    0.0000000    1.0000000 

angles x: 3.045597 y: 0.463657 z: 3.085240 index: 485
NCC max: 0.996777 min: -0.554031 outliers: 102 disp outliers: 27 
NCC max: 1.000000 min: -0.728054 outliers: 895 disp outliers: 139 
Num matches pre bucket: 369
Max age: 9
Index: 486, Matches: 356, Inliers: 48.8764 %, Current pose: 
  -0.7679310   -0.0074611    0.6404891 -182.0372767 
   0.0400165    0.9974201    0.0595978    1.7071823 
  -0.6392813    0.0713971   -0.7656513   40.2585548 
   0.0000000    0.0000000    0.0000000    1.0000000 

Motion:
   0.9999410   -0.0042762    0.0099905    0.0272629 
   0.0042734    0.9999908    0.0003098    0.0323819 
  -0.0099917   -0.0002671    0.9999500   -0.5017617 
   0.0000000    0.0000000    0.0000000    1.0000000 

angles x: 3.048611 y: 0.469909 z: 3.089530 index: 486
NCC max: 0.998731 min: -0.342319 outliers: 93 disp outliers: 20 
NCC max: 0.998731 min: -0.719851 outliers: 806 disp outliers: 119 
Num matches pre bucket: 367
Max age: 13
Index: 487, Matches: 356, Inliers: 51.6854 %, Current pose: 
  -0.7622634   -0.0071977    0.6472269 -181.6874642 
   0.0368503    0.9978337    0.0544968    1.7170827 
  -0.6462171    0.0653914   -0.7603469   39.8732705 
   0.0000000    0.0000000    0.0000000    1.0000000 

Motion:
   0.9999549   -0.0036955    0.0087517    0.0173071 
   0.0036536    0.9999818    0.0047916    0.0178332 
  -0.0087693   -0.0047594    0.9999502   -0.5198974 
   0.0000000    0.0000000    0.0000000    1.0000000 

angles x: 3.055802 y: 0.475289 z: 3.093287 index: 487
NCC max: 0.996240 min: -0.244594 outliers: 75 disp outliers: 20 
NCC max: 1.000000 min: -0.568431 outliers: 826 disp outliers: 185 
Num matches pre bucket: 361
Max age: 15
Index: 488, Matches: 344, Inliers: 57.5581 %, Current pose: 
  -0.7576627   -0.0040419    0.6526338 -181.3477480 
   0.0382167    0.9979902    0.0505477    1.7352694 
  -0.6515264    0.0632396   -0.7559855   39.4814558 
   0.0000000    0.0000000    0.0000000    1.0000000 

Motion:
   0.9999744    0.0009831    0.0070891    0.0014176 
  -0.0010092    0.9999927    0.0036872    0.0080011 
  -0.0070854   -0.0036942    0.9999681   -0.5188358 
   0.0000000    0.0000000    0.0000000    1.0000000 

angles x: 3.058135 y: 0.479495 z: 3.091195 index: 488
NCC max: 0.994904 min: -0.508943 outliers: 116 disp outliers: 25 
NCC max: 1.000000 min: -0.698059 outliers: 861 disp outliers: 227 
Num matches pre bucket: 341
Max age: 15
Index: 489, Matches: 331, Inliers: 50.4532 %, Current pose: 
  -0.7537078   -0.0027211    0.6572041 -181.0170973 
   0.0403701    0.9979114    0.0504299    1.7335790 
  -0.6559686    0.0645408   -0.7520237   39.0872348 
   0.0000000    0.0000000    0.0000000    1.0000000 

Motion:
   0.9999800    0.0018522    0.0060483   -0.0093143 
  -0.0018515    0.9999983   -0.0001257    0.0280300 
  -0.0060485    0.0001145    0.9999817   -0.5136833 
   0.0000000    0.0000000    0.0000000    1.0000000 

angles x: 3.055980 y: 0.483086 z: 3.088082 index: 489
NCC max: 0.997056 min: -0.416404 outliers: 111 disp outliers: 23 
NCC max: 1.000000 min: -0.711961 outliers: 858 disp outliers: 236 
Num matches pre bucket: 333
Max age: 16
Index: 490, Matches: 320, Inliers: 45.625 %, Current pose: 
  -0.7501869    0.0028732    0.6612196 -180.6484875 
   0.0472058    0.9976717    0.0492221    1.7649347 
  -0.6595387    0.0681392   -0.7485758   38.6295838 
   0.0000000    0.0000000    0.0000000    1.0000000 

Motion:
   0.9999641    0.0065814    0.0053434   -0.0267926 
  -0.0065867    0.9999778    0.0009584   -0.0011578 
  -0.0053370   -0.0009936    0.9999853   -0.5878619 
   0.0000000    0.0000000    0.0000000    1.0000000 

angles x: 3.050818 y: 0.486086 z: 3.078750 index: 490
NCC max: 0.993685 min: -0.539910 outliers: 101 disp outliers: 21 
NCC max: 1.000000 min: -0.607912 outliers: 900 disp outliers: 204 
Num matches pre bucket: 394
Max age: 17
Index: 491, Matches: 383, Inliers: 50.6527 %, Current pose: 
  -0.7484737    0.0021168    0.6631611 -180.2470861 
   0.0424511    0.9980969    0.0447264    1.7830192 
  -0.6618044    0.0616284   -0.7471391   38.2189056 
   0.0000000    0.0000000    0.0000000    1.0000000 

Motion:
   0.9999847   -0.0048931    0.0025948    0.0278821 
   0.0048816    0.9999784    0.0043946    0.0064097 
  -0.0026163   -0.0043818    0.9999870   -0.5738364 
   0.0000000    0.0000000    0.0000000    1.0000000 

angles x: 3.059293 y: 0.487732 z: 3.084936 index: 491
NCC max: 0.995561 min: -0.323059 outliers: 106 disp outliers: 22 
NCC max: 1.000000 min: -0.795563 outliers: 880 disp outliers: 208 
Num matches pre bucket: 399
Max age: 13
Index: 492, Matches: 385, Inliers: 42.3377 %, Current pose: 
  -0.7466680   -0.0009745    0.6651962 -179.8527392 
   0.0347582    0.9985757    0.0404781    1.7954171 
  -0.6642882    0.0533447   -0.7455706   37.8198155 
   0.0000000    0.0000000    0.0000000    1.0000000 

Motion:
   0.9999657   -0.0078276    0.0027091    0.0289044 
   0.0078163    0.9999608    0.0041605    0.0092933 
  -0.0027416   -0.0041392    0.9999877   -0.5603698 
   0.0000000    0.0000000    0.0000000    1.0000000 

angles x: 3.070166 y: 0.489517 z: 3.095075 index: 492
NCC max: 0.997319 min: -0.554761 outliers: 105 disp outliers: 27 
NCC max: 0.998981 min: -0.719507 outliers: 955 disp outliers: 159 
Num matches pre bucket: 327
Max age: 14
Index: 493, Matches: 321, Inliers: 50.7788 %, Current pose: 
  -0.7451475   -0.0060706    0.6668721 -179.4350208 
   0.0291679    0.9987050    0.0416829    1.8116768 
  -0.6662616    0.0505112   -0.7440055   37.3810498 
   0.0000000    0.0000000    0.0000000    1.0000000 

Motion:
   0.9999813   -0.0056890    0.0022565    0.0184548 
   0.0056919    0.9999830   -0.0012721    0.0084598 
  -0.0022492    0.0012849    0.9999966   -0.6056866 
   0.0000000    0.0000000    0.0000000    1.0000000 

angles x: 3.073806 y: 0.491018 z: 3.102469 index: 493
NCC max: 0.998825 min: -0.201036 outliers: 96 disp outliers: 22 
NCC max: 0.999280 min: -0.913945 outliers: 876 disp outliers: 182 
Num matches pre bucket: 401
Max age: 11
Index: 494, Matches: 392, Inliers: 44.6429 %, Current pose: 
  -0.7444332   -0.0032571    0.6676890 -179.0485991 
   0.0348228    0.9984378    0.0436959    1.8299260 
  -0.6667883    0.0557795   -0.7431568   36.9347833 
   0.0000000    0.0000000    0.0000000    1.0000000 

Motion:
   0.9999836    0.0056166    0.0011039   -0.0105356 
  -0.0056143    0.9999821   -0.0020546    0.0079304 
  -0.0011154    0.0020483    0.9999973   -0.5904529 
   0.0000000    0.0000000    0.0000000    1.0000000 

angles x: 3.066676 y: 0.491561 z: 3.094849 index: 494
NCC max: 0.998288 min: -0.236695 outliers: 95 disp outliers: 26 
NCC max: 0.999164 min: -0.838148 outliers: 914 disp outliers: 204 
Num matches pre bucket: 364
Max age: 12
Index: 495, Matches: 359, Inliers: 32.8691 %, Current pose: 
  -0.7440487    0.0043525    0.6681112 -178.6696887 
   0.0450736    0.9980276    0.0436949    1.8423569 
  -0.6666032    0.0626253   -0.7427774   36.4650200 
   0.0000000    0.0000000    0.0000000    1.0000000 

Motion:
   0.9999474    0.0102439    0.0005671   -0.0317782 
  -0.0102439    0.9999475   -0.0000246    0.0153635 
  -0.0005673    0.0000188    0.9999998   -0.6026270 
   0.0000000    0.0000000    0.0000000    1.0000000 

angles x: 3.057479 y: 0.491632 z: 3.081088 index: 495
NCC max: 0.997264 min: -0.172689 outliers: 106 disp outliers: 27 
NCC max: 1.000000 min: -0.725861 outliers: 944 disp outliers: 213 
Num matches pre bucket: 389
Max age: 13
Index: 496, Matches: 387, Inliers: 49.0956 %, Current pose: 
  -0.7445368    0.0081938    0.6675311 -178.2594625 
   0.0478278    0.9980099    0.0410947    1.8453921 
  -0.6658660    0.0625231   -0.7434470   35.9940468 
   0.0000000    0.0000000    0.0000000    1.0000000 

Motion:
   0.9999958    0.0027928   -0.0007534   -0.0083217 
  -0.0027908    0.9999926    0.0026416    0.0230562 
   0.0007607   -0.0026395    0.9999962   -0.6241072 
   0.0000000    0.0000000    0.0000000    1.0000000 

angles x: 3.057691 y: 0.491079 z: 3.077442 index: 496
NCC max: 0.998257 min: -0.436130 outliers: 115 disp outliers: 24 
NCC max: 0.998257 min: -0.867109 outliers: 994 disp outliers: 216 
Num matches pre bucket: 405
Max age: 10
Index: 497, Matches: 401, Inliers: 38.1546 %, Current pose: 
  -0.7446538    0.0082284    0.6674002 -177.8081902 
   0.0383248    0.9988014    0.0304468    1.8655612 
  -0.6663497    0.0482503   -0.7440766   35.5412587 
   0.0000000    0.0000000    0.0000000    1.0000000 

Motion:
   0.9999547   -0.0095153   -0.0001090    0.0335534 
   0.0095159    0.9998978    0.0106667   -0.0020110 
   0.0000075   -0.0106672    0.9999431   -0.6387023 
   0.0000000    0.0000000    0.0000000    1.0000000 

angles x: 3.076838 y: 0.491146 z: 3.090171 index: 497
NCC max: 0.996285 min: -0.607662 outliers: 107 disp outliers: 22 
NCC max: 0.996285 min: -0.702458 outliers: 995 disp outliers: 151 
Num matches pre bucket: 386
Max age: 13
Index: 498, Matches: 384, Inliers: 38.0208 %, Current pose: 
  -0.7451332    0.0172210    0.6666933 -177.3778893 
   0.0359390    0.9992509    0.0143562    1.8754992 
  -0.6659466    0.0346576   -0.7451939   35.0837115 
   0.0000000    0.0000000    0.0000000    1.0000000 

Motion:
   0.9999970   -0.0023674   -0.0006925    0.0155723 
   0.0023783    0.9998671    0.0161294   -0.0014833 
   0.0006542   -0.0161310    0.9998697   -0.6279828 
   0.0000000    0.0000000    0.0000000    1.0000000 

angles x: 3.095118 y: 0.490678 z: 3.093398 index: 498
NCC max: 0.993869 min: -0.331274 outliers: 97 disp outliers: 27 
NCC max: 1.000000 min: -0.662927 outliers: 848 disp outliers: 230 
Num matches pre bucket: 355
Max age: 25
Index: 499, Matches: 352, Inliers: 40.625 %, Current pose: 
  -0.7455327    0.0247394    0.6660097 -176.9311237 
   0.0369767    0.9993070    0.0042718    1.8826553 
  -0.6654425    0.0278116   -0.7459308   34.5828128 
   0.0000000    0.0000000    0.0000000    1.0000000 

Motion:
   0.9999993    0.0010475   -0.0006272   -0.0005056 
  -0.0010411    0.9999483    0.0101148   -0.0042730 
   0.0006377   -0.0101142    0.9999486   -0.6712166 
   0.0000000    0.0000000    0.0000000    1.0000000 

angles x: 3.104326 y: 0.490269 z: 3.092036 index: 499
NCC max: 0.996969 min: -0.637882 outliers: 94 disp outliers: 25 
NCC max: 1.000000 min: -0.617110 outliers: 872 disp outliers: 146 
Num matches pre bucket: 381
Max age: 12
Index: 500, Matches: 374, Inliers: 42.5134 %, Current pose: 
  -0.7454379    0.0273708    0.6660129 -176.4816727 
   0.0398290    0.9992003    0.0035152    1.8908722 
  -0.6653841    0.0291470   -0.7459319   34.0529764 
   0.0000000    0.0000000    0.0000000    1.0000000 

Motion:
   0.9999959    0.0028543    0.0000319   -0.0178342 
  -0.0028544    0.9999956    0.0007560   -0.0050690 
  -0.0000297   -0.0007561    0.9999997   -0.6945909 
   0.0000000    0.0000000    0.0000000    1.0000000 

angles x: 3.102538 y: 0.490280 z: 3.088213 index: 500
NCC max: 0.996850 min: -0.426639 outliers: 97 disp outliers: 21 
NCC max: 0.997940 min: -0.627670 outliers: 843 disp outliers: 146 
Num matches pre bucket: 379
Max age: 9
Index: 501, Matches: 372, Inliers: 40.0538 %, Current pose: 
  -0.7456147    0.0221666    0.6660085 -175.9879977 
   0.0364949    0.9993050    0.0075975    1.8956748 
  -0.6653772    0.0299707   -0.7459054   33.5140161 
   0.0000000    0.0000000    0.0000000    1.0000000 

Motion:
   0.9999944   -0.0033361   -0.0001347    0.0093042 
   0.0033355    0.9999861   -0.0040801    0.0004107 
   0.0001483    0.0040797    0.9999917   -0.7308417 
   0.0000000    0.0000000    0.0000000    1.0000000 

angles x: 3.101434 y: 0.490212 z: 3.092686 index: 501
NCC max: 0.994662 min: -0.242851 outliers: 73 disp outliers: 27 
NCC max: 0.997835 min: -0.826745 outliers: 765 disp outliers: 163 
Num matches pre bucket: 373
Max age: 11
Index: 502, Matches: 367, Inliers: 37.8747 %, Current pose: 
  -0.7463971    0.0079039    0.6654539 -175.4395717 
   0.0244097    0.9995818    0.0155064    1.8695912 
  -0.6650531    0.0278175   -0.7462778   32.9766156 
   0.0000000    0.0000000    0.0000000    1.0000000 

Motion:
   0.9999266   -0.0120844   -0.0008547    0.0525804 
   0.0120773    0.9998959   -0.0078909    0.0366871 
   0.0009499    0.0078800    0.9999685   -0.7655978 
   0.0000000    0.0000000    0.0000000    1.0000000 

angles x: 3.104335 y: 0.489780 z: 3.108901 index: 502
NCC max: 0.995258 min: -0.097160 outliers: 78 disp outliers: 29 
NCC max: 0.997776 min: -0.765775 outliers: 749 disp outliers: 146 
Num matches pre bucket: 376
Max age: 10
Index: 503, Matches: 374, Inliers: 37.7005 %, Current pose: 
  -0.7462157    0.0003266    0.6657042 -174.9313195 
   0.0170925    0.9996796    0.0186692    1.8535662 
  -0.6654848    0.0253098   -0.7459822   32.4456592 
   0.0000000    0.0000000    0.0000000    1.0000000 

Motion:
   0.9999731   -0.0073247    0.0003294    0.0261963 
   0.0073257    0.9999681   -0.0031694    0.0292922 
  -0.0003062    0.0031717    0.9999949   -0.7341305 
   0.0000000    0.0000000    0.0000000    1.0000000 

angles x: 3.107677 y: 0.490060 z: 3.118691 index: 503
NCC max: 1.000000 min: -0.403061 outliers: 71 disp outliers: 25 
NCC max: 1.000000 min: -0.794120 outliers: 701 disp outliers: 151 
Num matches pre bucket: 358
Max age: 11
Index: 504, Matches: 354, Inliers: 48.5876 %, Current pose: 
  -0.7471876   -0.0049091    0.6645950 -174.4120941 
   0.0143908    0.9996188    0.0235630    1.8394737 
  -0.6644573    0.0271701   -0.7468321   31.9110596 
   0.0000000    0.0000000    0.0000000    1.0000000 

Motion:
   0.9999954   -0.0026751   -0.0014639    0.0329430 
   0.0026680    0.9999846   -0.0048743    0.0311612 
   0.0014769    0.0048704    0.9999870   -0.7439987 
   0.0000000    0.0000000    0.0000000    1.0000000 

angles x: 3.105228 y: 0.489241 z: 3.122335 index: 504
NCC max: 0.995809 min: -0.673769 outliers: 70 disp outliers: 29 
NCC max: 0.997094 min: -0.780316 outliers: 707 disp outliers: 221 
Num matches pre bucket: 371
Max age: 12
Index: 505, Matches: 361, Inliers: 44.3213 %, Current pose: 
  -0.7469074   -0.0110337    0.6648365 -173.8865144 
   0.0142376    0.9993677    0.0325807    1.8353171 
  -0.6647756    0.0338005   -0.7462780   31.3070238 
   0.0000000    0.0000000    0.0000000    1.0000000 

Motion:
   0.9999999   -0.0001632    0.0004204   -0.0089297 
   0.0001670    0.9999592   -0.0090281    0.0303697 
  -0.0004189    0.0090282    0.9999592   -0.8000678 
   0.0000000    0.0000000    0.0000000    1.0000000 

angles x: 3.096332 y: 0.489563 z: 3.122533 index: 505
NCC max: 0.996760 min: -0.327107 outliers: 80 disp outliers: 36 
NCC max: 1.000000 min: -0.692337 outliers: 598 disp outliers: 226 
Num matches pre bucket: 345
Max age: 11
Index: 506, Matches: 339, Inliers: 37.7581 %, Current pose: 
  -0.7471631   -0.0178574    0.6644008 -173.3357904 
   0.0148891    0.9989384    0.0435927    1.8514676 
  -0.6644739    0.0424632   -0.7461041   30.6898612 
   0.0000000    0.0000000    0.0000000    1.0000000 

Motion:
   0.9999997    0.0006641   -0.0003740    0.0011518 
  -0.0006682    0.9999391   -0.0110155    0.0199079 
   0.0003666    0.0110157    0.9999393   -0.8270729 
   0.0000000    0.0000000    0.0000000    1.0000000 

angles x: 3.084741 y: 0.489438 z: 3.121668 index: 506
NCC max: 0.995592 min: -0.403794 outliers: 85 disp outliers: 31 
NCC max: 1.000000 min: -0.688563 outliers: 588 disp outliers: 169 
Num matches pre bucket: 377
Max age: 14
Index: 507, Matches: 370, Inliers: 39.1892 %, Current pose: 
  -0.7474882   -0.0260492    0.6637641 -172.7710779 
   0.0083642    0.9987825    0.0486161    1.8432016 
  -0.6642224    0.0418918   -0.7463603   30.1181027 
   0.0000000    0.0000000    0.0000000    1.0000000 

Motion:
   0.9999786   -0.0065015   -0.0006881    0.0424103 
   0.0064980    0.9999663   -0.0050231    0.0469182 
   0.0007207    0.0050185    0.9999871   -0.8011719 
   0.0000000    0.0000000    0.0000000    1.0000000 

angles x: 3.085523 y: 0.489257 z: 3.130404 index: 507
NCC max: 0.992489 min: -0.315646 outliers: 92 disp outliers: 34 
NCC max: 1.000000 min: -0.763193 outliers: 551 disp outliers: 213 
Num matches pre bucket: 337
Max age: 10
Index: 508, Matches: 334, Inliers: 36.5269 %, Current pose: 
  -0.7490697   -0.0280854    0.6618956 -172.1899753 
   0.0033950    0.9989251    0.0462282    1.7938870 
  -0.6624825    0.0368753   -0.7481692   29.5632579 
   0.0000000    0.0000000    0.0000000    1.0000000 

Motion:
   0.9999849   -0.0048491   -0.0025900    0.0678788 
   0.0048553    0.9999853    0.0023995    0.0860421 
   0.0025783   -0.0024121    0.9999938   -0.7974673 
   0.0000000    0.0000000    0.0000000    1.0000000 

angles x: 3.092345 y: 0.487817 z: 3.137060 index: 508
NCC max: 0.998040 min: 0.032629 outliers: 81 disp outliers: 27 
NCC max: 1.000000 min: -0.666982 outliers: 602 disp outliers: 122 
Num matches pre bucket: 336
Max age: 16
Index: 509, Matches: 335, Inliers: 36.1194 %, Current pose: 
  -0.7476098   -0.0201705    0.6638318 -171.6399767 
   0.0060880    0.9992886    0.0372198    1.8503807 
  -0.6641103    0.0318673   -0.7469551   28.8891161 
   0.0000000    0.0000000    0.0000000    1.0000000 

Motion:
   0.9999940    0.0025892    0.0023087   -0.0368642 
  -0.0026098    0.9999561    0.0090024   -0.0238766 
  -0.0022853   -0.0090084    0.9999568   -0.8707629 
   0.0000000    0.0000000    0.0000000    1.0000000 

angles x: 3.098956 y: 0.489028 z: 3.133450 index: 509
NCC max: 0.998778 min: -0.708113 outliers: 83 disp outliers: 24 
NCC max: 1.000000 min: -0.742458 outliers: 599 disp outliers: 184 
Num matches pre bucket: 339
Max age: 11
Index: 510, Matches: 339, Inliers: 35.1032 %, Current pose: 
  -0.7474405   -0.0178956    0.6640877 -171.0507236 
   0.0111060    0.9991608    0.0394250    1.8866544 
  -0.6642359    0.0368432   -0.7466145   28.2157753 
   0.0000000    0.0000000    0.0000000    1.0000000 

Motion:
   0.9999874    0.0050070    0.0003930   -0.0072284 
  -0.0050061    0.9999850   -0.0022114   -0.0008903 
  -0.0004041    0.0022094    0.9999975   -0.8954719 
   0.0000000    0.0000000    0.0000000    1.0000000 

angles x: 3.092286 y: 0.489174 z: 3.126735 index: 510
NCC max: 0.996873 min: -0.161277 outliers: 90 disp outliers: 30 
NCC max: 1.000000 min: -0.638289 outliers: 606 disp outliers: 243 
Num matches pre bucket: 350
Max age: 13
Index: 511, Matches: 346, Inliers: 39.0173 %, Current pose: 
  -0.7469062   -0.0242455    0.6644873 -170.4598625 
   0.0156024    0.9984208    0.0539675    1.9004555 
  -0.6647464    0.0506762   -0.7453484   27.5130284 
   0.0000000    0.0000000    0.0000000    1.0000000 

Motion:
   0.9999896    0.0044642    0.0009132   -0.0260460 
  -0.0044504    0.9998839   -0.0145740    0.0361591 
  -0.0009781    0.0145698    0.9998934   -0.9171557 
   0.0000000    0.0000000    0.0000000    1.0000000 

angles x: 3.073707 y: 0.489797 z: 3.120706 index: 511
NCC max: 0.993811 min: -0.468788 outliers: 74 disp outliers: 27 
NCC max: 1.000000 min: -0.671628 outliers: 465 disp outliers: 189 
Num matches pre bucket: 338
Max age: 14
Index: 512, Matches: 333, Inliers: 27.6276 %, Current pose: 
  -0.7448258   -0.0228984    0.6668659 -169.8797451 
   0.0211621    0.9980976    0.0579081    1.9783823 
  -0.6669233    0.0572438   -0.7429243   26.7517006 
   0.0000000    0.0000000    0.0000000    1.0000000 

Motion:
   0.9999800    0.0053903    0.0033049   -0.0773099 
  -0.0053770    0.9999775   -0.0040174   -0.0209135 
  -0.0033265    0.0039996    0.9999865   -0.9569820 
   0.0000000    0.0000000    0.0000000    1.0000000 

angles x: 3.064693 y: 0.491657 z: 3.113188 index: 512
NCC max: 0.997099 min: -0.158232 outliers: 81 disp outliers: 25 
NCC max: 1.000000 min: -0.583597 outliers: 585 disp outliers: 180 
Num matches pre bucket: 313
Max age: 13
Index: 513, Matches: 307, Inliers: 34.202 %, Current pose: 
  -0.7433395   -0.0167386    0.6687048 -169.3221081 
   0.0271792    0.9981055    0.0551967    2.0132895 
  -0.6683619    0.0592047   -0.7414764   26.0514231 
   0.0000000    0.0000000    0.0000000    1.0000000 

Motion:
   0.9999798    0.0058892    0.0024084   -0.0544739 
  -0.0058956    0.9999791    0.0026514    0.0159527 
  -0.0023927   -0.0026655    0.9999936   -0.8940606 
   0.0000000    0.0000000    0.0000000    1.0000000 

angles x: 3.061915 y: 0.492850 z: 3.105045 index: 513
NCC max: 0.993885 min: -0.627707 outliers: 79 disp outliers: 25 
NCC max: 1.000000 min: -0.537211 outliers: 496 disp outliers: 204 
Num matches pre bucket: 324
Max age: 13
Index: 514, Matches: 320, Inliers: 32.1875 %, Current pose: 
  -0.7448957   -0.0066832    0.6671474 -168.7482660 
   0.0321398    0.9984295    0.0458872    2.0440261 
  -0.6664063    0.0556232   -0.7435111   25.4291670 
   0.0000000    0.0000000    0.0000000    1.0000000 

Motion:
   0.9999846    0.0050931   -0.0022168    0.0117892 
  -0.0050720    0.9999430    0.0093977    0.0077586 
   0.0022646   -0.0093863    0.9999534   -0.8469020 
   0.0000000    0.0000000    0.0000000    1.0000000 

angles x: 3.066920 y: 0.491232 z: 3.098473 index: 514
NCC max: 0.992777 min: -0.300564 outliers: 73 disp outliers: 29 
NCC max: 1.000000 min: -0.684930 outliers: 588 disp outliers: 259 
Num matches pre bucket: 302
Max age: 12
Index: 515, Matches: 301, Inliers: 29.5681 %, Current pose: 
  -0.7448753    0.0062793    0.6671741 -168.1801839 
   0.0380644    0.9987270    0.0330978    2.0894357 
  -0.6661170    0.0500493   -0.7441661   24.7538199 
   0.0000000    0.0000000    0.0000000    1.0000000 

Motion:
   0.9999824    0.0059313    0.0000703   -0.0284383 
  -0.0059317    0.9999004    0.0128058   -0.0151183 
   0.0000056   -0.0128059    0.9999180   -0.8830831 
   0.0000000    0.0000000    0.0000000    1.0000000 

angles x: 3.074438 y: 0.490976 z: 3.090535 index: 515
NCC max: 0.999625 min: -0.575256 outliers: 87 disp outliers: 35 
NCC max: 1.000000 min: -0.630196 outliers: 535 disp outliers: 271 
Num matches pre bucket: 310
Max age: 15
Index: 516, Matches: 297, Inliers: 33.3333 %, Current pose: 
  -0.7446394    0.0106667    0.6673818 -167.5954268 
   0.0399013    0.9987955    0.0285568    2.0810539 
  -0.6662733    0.0478939   -0.7441681   24.0863734 
   0.0000000    0.0000000    0.0000000    1.0000000 

Motion:
   0.9999983    0.0018282    0.0003345   -0.0089342 
  -0.0018297    0.9999881    0.0045334    0.0341009 
  -0.0003263   -0.0045340    0.9999897   -0.8867092 
   0.0000000    0.0000000    0.0000000    1.0000000 

angles x: 3.077322 y: 0.491102 z: 3.088059 index: 516
NCC max: 0.998555 min: -0.390398 outliers: 87 disp outliers: 41 
NCC max: 0.998555 min: -0.740262 outliers: 567 disp outliers: 247 
Num matches pre bucket: 289
Max age: 8
Index: 517, Matches: 286, Inliers: 38.8112 %, Current pose: 
  -0.7448154    0.0093866    0.6672046 -166.9518943 
   0.0375533    0.9989059    0.0278685    2.0871148 
  -0.6662130    0.0458127   -0.7443530   23.3698257 
   0.0000000    0.0000000    0.0000000    1.0000000 

Motion:
   0.9999972   -0.0023441   -0.0002294    0.0017120 
   0.0023443    0.9999970    0.0006976    0.0207322 
   0.0002277   -0.0006982    0.9999997   -0.9629012 
   0.0000000    0.0000000    0.0000000    1.0000000 

angles x: 3.080123 y: 0.491000 z: 3.091216 index: 517
NCC max: 0.994622 min: -0.303233 outliers: 63 disp outliers: 36 
NCC max: 1.000000 min: -0.890055 outliers: 565 disp outliers: 235 
Num matches pre bucket: 310
Max age: 12
Index: 518, Matches: 307, Inliers: 34.5277 %, Current pose: 
  -0.7455816    0.0042136    0.6664010 -166.3027899 
   0.0373062    0.9986758    0.0354244    2.0846478 
  -0.6653693    0.0512727   -0.7447515   22.6520671 
   0.0000000    0.0000000    0.0000000    1.0000000 

Motion:
   0.9999993   -0.0002154   -0.0011462    0.0064777 
   0.0002067    0.9999717   -0.0075220    0.0365301 
   0.0011478    0.0075218    0.9999711   -0.9670283 
   0.0000000    0.0000000    0.0000000    1.0000000 

angles x: 3.072856 y: 0.490382 z: 3.091598 index: 518
NCC max: 0.998113 min: -0.171199 outliers: 81 disp outliers: 42 
NCC max: 1.000000 min: -0.727361 outliers: 603 disp outliers: 271 
Num matches pre bucket: 283
Max age: 13
Index: 519, Matches: 280, Inliers: 39.6429 %, Current pose: 
  -0.7447272   -0.0025361    0.6673642 -165.6616546 
   0.0357528    0.9984051    0.0436915    2.1114908 
  -0.6664106    0.0563984   -0.7434488   21.9181640 
   0.0000000    0.0000000    0.0000000    1.0000000 

Motion:
   0.9999979   -0.0016012    0.0012899   -0.0125695 
   0.0016119    0.9999640   -0.0083249    0.0162167 
  -0.0012766    0.0083270    0.9999645   -0.9746629 
   0.0000000    0.0000000    0.0000000    1.0000000 

angles x: 3.065877 y: 0.491275 z: 3.093621 index: 519
NCC max: 0.994023 min: -0.339840 outliers: 71 disp outliers: 37 
NCC max: 1.000000 min: -0.612574 outliers: 594 disp outliers: 285 
Num matches pre bucket: 306
Max age: 11
Index: 520, Matches: 305, Inliers: 41.6393 %, Current pose: 
  -0.7447034   -0.0032786    0.6673875 -165.0354337 
   0.0393353    0.9980340    0.0487952    2.1248472 
  -0.6662354    0.0625898   -0.7431103   21.1979182 
   0.0000000    0.0000000    0.0000000    1.0000000 

Motion:
   0.9999936    0.0035866    0.0000421   -0.0140298 
  -0.0035863    0.9999805   -0.0051148    0.0338031 
  -0.0000605    0.0051146    0.9999869   -0.9538058 
   0.0000000    0.0000000    0.0000000    1.0000000 

angles x: 3.057564 y: 0.491270 z: 3.088822 index: 520
NCC max: 1.000000 min: -0.562769 outliers: 77 disp outliers: 38 
NCC max: 1.000000 min: -0.727797 outliers: 605 disp outliers: 295 
Num matches pre bucket: 307
Max age: 11
Index: 521, Matches: 307, Inliers: 30.2932 %, Current pose: 
  -0.7439431    0.0045414    0.6682275 -164.4179045 
   0.0537904    0.9971389    0.0531086    2.1351846 
  -0.6660745    0.0754540   -0.7420590   20.4066942 
   0.0000000    0.0000000   -0.0000000    1.0000000 

Motion:
   0.9998952    0.0144342    0.0010931   -0.0681636 
  -0.0144293    0.9998863   -0.0043842    0.0465887 
  -0.0011563    0.0043680    0.9999898   -1.0003339 
   0.0000000    0.0000000    0.0000000    1.0000000 

angles x: 3.040259 y: 0.491561 z: 3.069414 index: 521
NCC max: 0.998337 min: -0.372821 outliers: 92 disp outliers: 40 
NCC max: 1.000000 min: -0.504427 outliers: 540 disp outliers: 195 
Num matches pre bucket: 276
Max age: 14
Index: 522, Matches: 275, Inliers: 22.9091 %, Current pose: 
  -0.7364753    0.0194282    0.6761854 -163.9202811 
   0.0706357    0.9963318    0.0483069    2.2516122 
  -0.6727665    0.0833397   -0.7351461   19.5654074 
   0.0000000    0.0000000   -0.0000000    1.0000000 

Motion:
   0.9998078    0.0163261    0.0108507   -0.2077262 
  -0.0163709    0.9998578    0.0040533   -0.0555560 
  -0.0107830   -0.0042302    0.9999329   -0.9605785 
   0.0000000    0.0000000    0.0000000    1.0000000 

angles x: 3.028710 y: 0.497453 z: 3.045975 index: 522
NCC max: 0.989871 min: -0.096146 outliers: 107 disp outliers: 32 
NCC max: 1.000000 min: -0.716500 outliers: 678 disp outliers: 275 
Num matches pre bucket: 292
Max age: 10
Index: 523, Matches: 291, Inliers: 31.2715 %, Current pose: 
  -0.7343377    0.0177411    0.6785524 -163.3478973 
   0.0766237    0.9954354    0.0568969    2.2579509 
  -0.6744457    0.0937747   -0.7323451   18.8312883 
   0.0000000    0.0000000   -0.0000000    1.0000000 

Motion:
   0.9999784    0.0058676    0.0029691   -0.0752862 
  -0.0058411    0.9999437   -0.0088554    0.0523774 
  -0.0030209    0.0088379    0.9999564   -0.9263816 
   0.0000000    0.0000000    0.0000000    1.0000000 

angles x: 3.014239 y: 0.499175 z: 3.037625 index: 523
NCC max: 0.997627 min: -0.440200 outliers: 118 disp outliers: 26 
NCC max: 1.000000 min: -0.927032 outliers: 689 disp outliers: 229 
Num matches pre bucket: 335
Max age: 16
Index: 524, Matches: 333, Inliers: 39.6396 %, Current pose: 
  -0.7334571    0.0148319    0.6795739 -162.7120603 
   0.0871402    0.9935643    0.0723646    2.2800506 
  -0.6741270    0.1122945   -0.7300293   18.0621827 
   0.0000000   -0.0000000   -0.0000000    1.0000000 

Motion:
   0.9999443    0.0105140    0.0009625   -0.0540414 
  -0.0104977    0.9998225   -0.0156434    0.0549781 
  -0.0011268    0.0156324    0.9998772   -0.9951671 
   0.0000000    0.0000000    0.0000000    1.0000000 

angles x: 2.988967 y: 0.499666 z: 3.023340 index: 524
NCC max: 0.995399 min: -0.321085 outliers: 104 disp outliers: 33 
NCC max: 1.000000 min: -0.616832 outliers: 685 disp outliers: 230 
Num matches pre bucket: 352
Max age: 9
Index: 525, Matches: 349, Inliers: 34.6705 %, Current pose: 
  -0.7319032    0.0098133    0.6813380 -162.0775638 
   0.0934719    0.9918900    0.0861228    2.2958159 
  -0.6749672    0.1267195   -0.7268848   17.3176305 
   0.0000000   -0.0000000   -0.0000000    1.0000000 

Motion:
   0.9999784    0.0062197    0.0021276   -0.0396319 
  -0.0061892    0.9998820   -0.0140624    0.0724854 
  -0.0022148    0.0140489    0.9998989   -0.9748680 
   0.0000000    0.0000000    0.0000000    1.0000000 

angles x: 2.968995 y: 0.500965 z: 3.014570 index: 525
NCC max: 0.996496 min: -0.657063 outliers: 108 disp outliers: 33 
NCC max: 1.000000 min: -0.725520 outliers: 639 disp outliers: 198 
Num matches pre bucket: 310
Max age: 12
Index: 526, Matches: 303, Inliers: 42.9043 %, Current pose: 
  -0.7322181    0.0147455    0.6809106 -161.4363684 
   0.0959827    0.9920218    0.0817322    2.3353900 
  -0.6742730    0.1252014   -0.7277916   16.6168706 
   0.0000000   -0.0000000   -0.0000000    1.0000000 

Motion:
   0.9999966    0.0025752   -0.0005029   -0.0068070 
  -0.0025730    0.9999867    0.0044754    0.0390230 
   0.0005144   -0.0044741    0.9999899   -0.9498384 
   0.0000000    0.0000000    0.0000000    1.0000000 

angles x: 2.971231 y: 0.500431 z: 3.011251 index: 526
NCC max: 1.000000 min: -0.563152 outliers: 95 disp outliers: 31 
NCC max: 1.000000 min: -0.750683 outliers: 686 disp outliers: 220 
Num matches pre bucket: 310
Max age: 11
Index: 527, Matches: 303, Inliers: 33.6634 %, Current pose: 
  -0.7329808    0.0219615    0.6798948 -160.7956953 
   0.0885385    0.9940567    0.0633422    2.3726256 
  -0.6744628    0.1066255   -0.7305689   15.9695146 
   0.0000000   -0.0000000   -0.0000000    1.0000000 

Motion:
   0.9999720   -0.0074197   -0.0009896    0.0296868 
   0.0074369    0.9997994    0.0185991    0.0179402 
   0.0008514   -0.0186060    0.9998265   -0.9108869 
   0.0000000    0.0000000    0.0000000    1.0000000 

angles x: 2.996667 y: 0.499837 z: 3.021383 index: 527
NCC max: 0.996490 min: -0.274885 outliers: 86 disp outliers: 30 
NCC max: 1.000000 min: -0.644094 outliers: 700 disp outliers: 212 
Num matches pre bucket: 299
Max age: 14
Index: 528, Matches: 295, Inliers: 31.5254 %, Current pose: 
  -0.7355045    0.0348649    0.6766221 -160.1701770 
   0.0852633    0.9954985    0.0413874    2.3970495 
  -0.6721334    0.0881317   -0.7351663   15.3783389 
   0.0000000   -0.0000000   -0.0000000    1.0000000 

Motion:
   0.9999887   -0.0030628   -0.0036252    0.0606402 
   0.0031431    0.9997447    0.0223753    0.0059787 
   0.0035557   -0.0223864    0.9997431   -0.8588629 
   0.0000000    0.0000000    0.0000000    1.0000000 

angles x: 3.022282 y: 0.497481 z: 3.026183 index: 528
NCC max: 0.995692 min: -0.376720 outliers: 83 disp outliers: 29 
NCC max: 1.000000 min: -0.651930 outliers: 667 disp outliers: 181 
Num matches pre bucket: 308
Max age: 13
Index: 529, Matches: 303, Inliers: 37.2937 %, Current pose: 
  -0.7360116    0.0410435    0.6757236 -159.5529787 
   0.0874619    0.9955600    0.0347948    2.3964534 
  -0.6712953    0.0847094   -0.7363335   14.6864246 
   0.0000000   -0.0000000   -0.0000000    1.0000000 

Motion:
   0.9999971    0.0022448   -0.0008682   -0.0101616 
  -0.0022390    0.9999751    0.0066991    0.0338732 
   0.0008832   -0.0066971    0.9999772   -0.9265144 
   0.0000000    0.0000000    0.0000000    1.0000000 

angles x: 3.027054 y: 0.496839 z: 3.023315 index: 529
NCC max: 0.998288 min: -0.369534 outliers: 99 disp outliers: 33 
NCC max: 1.000000 min: -0.647713 outliers: 610 disp outliers: 243 
Num matches pre bucket: 270
Max age: 14
Index: 530, Matches: 268, Inliers: 30.2239 %, Current pose: 
  -0.7369200    0.0378457    0.6749197 -158.9621439 
   0.0901036    0.9950215    0.0425856    2.3452142 
  -0.6699479    0.0921949   -0.7366613   14.0400031 
   0.0000000   -0.0000000   -0.0000000    1.0000000 

Motion:
   0.9999952    0.0027068   -0.0015140    0.0069461 
  -0.0027184    0.9999667   -0.0076914    0.0882203 
   0.0014932    0.0076955    0.9999693   -0.8727777 
   0.0000000    0.0000000    0.0000000    1.0000000 

angles x: 3.017088 y: 0.495961 z: 3.019926 index: 530
NCC max: 1.000000 min: -0.356317 outliers: 82 disp outliers: 25 
NCC max: 1.000000 min: -0.831913 outliers: 593 disp outliers: 167 
Num matches pre bucket: 319
Max age: 12
Index: 531, Matches: 313, Inliers: 40.2556 %, Current pose: 
  -0.7364345    0.0351834    0.6755933 -158.3554765 
   0.0930889    0.9944173    0.0496851    2.3431907 
  -0.6700736    0.0994800   -0.7355985   13.3429823 
   0.0000000   -0.0000000   -0.0000000    1.0000000 

Motion:
   0.9999954    0.0029772    0.0005474   -0.0200961 
  -0.0029732    0.9999697   -0.0071893    0.0500072 
  -0.0005688    0.0071876    0.9999740   -0.9224873 
   0.0000000    0.0000000    0.0000000    1.0000000 

angles x: 3.007171 y: 0.496301 z: 3.015855 index: 531
NCC max: 0.996815 min: -0.229011 outliers: 75 disp outliers: 27 
NCC max: 1.000000 min: -0.855549 outliers: 620 disp outliers: 219 
Num matches pre bucket: 367
Max age: 13
Index: 532, Matches: 354, Inliers: 39.2655 %, Current pose: 
  -0.7378370    0.0314748    0.6742447 -157.7308072 
   0.0899313    0.9945904    0.0519843    2.3522240 
  -0.6689611    0.0989916   -0.7366761   12.6905706 
   0.0000000   -0.0000000   -0.0000000    1.0000000 

Motion:
   0.9999934   -0.0030786   -0.0019227    0.0236536 
   0.0030745    0.9999930   -0.0021377    0.0359375 
   0.0019293    0.0021317    0.9999959   -0.9022657 
   0.0000000    0.0000000    0.0000000    1.0000000 

angles x: 3.008017 y: 0.495277 z: 3.020306 index: 532
NCC max: 0.996244 min: -0.213698 outliers: 73 disp outliers: 33 
NCC max: 1.000000 min: -0.802686 outliers: 541 disp outliers: 190 
Num matches pre bucket: 386
Max age: 10
Index: 533, Matches: 361, Inliers: 40.1662 %, Current pose: 
  -0.7407051    0.0271708    0.6712807 -157.1247887 
   0.0862949    0.9947527    0.0549560    2.3181169 
  -0.6662651    0.0986343   -0.7391631   12.0559587 
   0.0000000   -0.0000000   -0.0000000    1.0000000 

Motion:
   0.9999856   -0.0034401   -0.0041089    0.0290045 
   0.0034293    0.9999907   -0.0026303    0.0800567 
   0.0041179    0.0026161    0.9999881   -0.8740158 
   0.0000000    0.0000000    0.0000000    1.0000000 

angles x: 3.008936 y: 0.492970 z: 3.025612 index: 533
NCC max: 0.995870 min: -0.143934 outliers: 77 disp outliers: 24 
NCC max: 1.000000 min: -0.665118 outliers: 563 disp outliers: 194 
Num matches pre bucket: 377
Max age: 11
Index: 534, Matches: 360, Inliers: 43.3333 %, Current pose: 
  -0.7464335    0.0233948    0.6650486 -156.5111973 
   0.0820257    0.9949953    0.0570620    2.2850000 
  -0.6603853    0.0971441   -0.7446168   11.4125456 
   0.0000000   -0.0000000   -0.0000000    1.0000000 

Motion:
   0.9999572   -0.0038225   -0.0084262    0.0358211 
   0.0038106    0.9999917   -0.0014199    0.0811001 
   0.0084315    0.0013878    0.9999635   -0.8852746 
   0.0000000    0.0000000    0.0000000    1.0000000 

angles x: 3.011863 y: 0.488075 z: 3.032142 index: 534
NCC max: 0.997695 min: -0.235109 outliers: 51 disp outliers: 25 
NCC max: 1.000000 min: -0.707418 outliers: 523 disp outliers: 164 
Num matches pre bucket: 425
Max age: 12
Index: 535, Matches: 414, Inliers: 42.029 %, Current pose: 
  -0.7536386    0.0204662    0.6569703 -155.9013691 
   0.0772300    0.9953489    0.0575863    2.3051538 
  -0.6527360    0.0941371   -0.7517140   10.7512313 
   0.0000000   -0.0000000   -0.0000000    1.0000000 

Motion:
   0.9999333   -0.0041972   -0.0107612    0.0263700 
   0.0042008    0.9999911    0.0003116    0.0297133 
   0.0107598   -0.0003567    0.9999420   -0.8989188 
   0.0000000    0.0000000    0.0000000    1.0000000 

angles x: 3.017011 y: 0.481742 z: 3.039473 index: 535
NCC max: 0.997749 min: -0.416819 outliers: 67 disp outliers: 23 
NCC max: 1.000000 min: -0.674966 outliers: 505 disp outliers: 105 
Num matches pre bucket: 416
Max age: 12
Index: 536, Matches: 398, Inliers: 47.7387 %, Current pose: 
  -0.7617167    0.0213497    0.6475584 -155.3619125 
   0.0766925    0.9954015    0.0573948    2.2782176 
  -0.6433552    0.0933814   -0.7598513   10.1453423 
   0.0000000   -0.0000000   -0.0000000    1.0000000 

Motion:
   0.9999232    0.0001828   -0.0123897    0.0231770 
  -0.0001685    0.9999993    0.0011515    0.0718740 
   0.0123899   -0.0011493    0.9999226   -0.8081692 
   0.0000000    0.0000000    0.0000000    1.0000000 

angles x: 3.019311 y: 0.474218 z: 3.041247 index: 536
NCC max: 0.996817 min: -0.233397 outliers: 74 disp outliers: 24 
NCC max: 1.000000 min: -0.685786 outliers: 508 disp outliers: 159 
Num matches pre bucket: 442
Max age: 10
Index: 537, Matches: 419, Inliers: 44.1527 %, Current pose: 
  -0.7712245    0.0211201    0.6362127 -154.7846485 
   0.0768264    0.9952320    0.0600917    2.2977272 
  -0.6319101    0.0952221   -0.7691699    9.4414090 
   0.0000000   -0.0000000   -0.0000000    1.0000000 

Motion:
   0.9998893    0.0009991   -0.0148458   -0.0011212 
  -0.0010223    0.9999983   -0.0015571    0.0354215 
   0.0148442    0.0015721    0.9998886   -0.9098794 
   0.0000000    0.0000000    0.0000000    1.0000000 

angles x: 3.018421 y: 0.465153 z: 3.042304 index: 537
NCC max: 0.995732 min: -0.237316 outliers: 68 disp outliers: 31 
NCC max: 1.000000 min: -0.821645 outliers: 566 disp outliers: 170 
Num matches pre bucket: 475
Max age: 11
Index: 538, Matches: 452, Inliers: 45.5752 %, Current pose: 
  -0.7817523    0.0214939    0.6232185 -154.2413533 
   0.0800314    0.9945991    0.0660875    2.3410637 
  -0.6184321    0.1015411   -0.7792504    8.7234166 
   0.0000000   -0.0000000   -0.0000000    1.0000000 

Motion:
   0.9998486    0.0042508   -0.0168722   -0.0227755 
  -0.0043300    0.9999798   -0.0046605    0.0181257 
   0.0168521    0.0047329    0.9998468   -0.9009514 
   0.0000000    0.0000000    0.0000000    1.0000000 

angles x: 3.012017 y: 0.454694 z: 3.039574 index: 538
NCC max: 0.998169 min: -0.499737 outliers: 85 disp outliers: 25 
NCC max: 1.000000 min: -0.607669 outliers: 630 disp outliers: 144 
Num matches pre bucket: 458
Max age: 10
Index: 539, Matches: 435, Inliers: 37.931 %, Current pose: 
  -0.7942130    0.0193038    0.6073328 -153.6832125 
   0.0805670    0.9940160    0.0737637    2.3735739 
  -0.6022746    0.1075151   -0.7910157    7.9686286 
   0.0000000   -0.0000000   -0.0000000    1.0000000 

Motion:
   0.9997917    0.0019055   -0.0203210   -0.0139262 
  -0.0020290    0.9999796   -0.0060587    0.0380613 
   0.0203091    0.0060987    0.9997751   -0.9384244 
   0.0000000    0.0000000    0.0000000    1.0000000 

angles x: 3.006500 y: 0.442110 z: 3.040496 index: 539
NCC max: 0.997722 min: -0.153170 outliers: 101 disp outliers: 27 
NCC max: 1.000000 min: -0.808171 outliers: 731 disp outliers: 212 
Num matches pre bucket: 443
Max age: 11
Index: 540, Matches: 431, Inliers: 45.7077 %, Current pose: 
  -0.8089289    0.0207283    0.5875410 -153.1781692 
   0.0802020    0.9939260    0.0753570    2.4165767 
  -0.5824103    0.1080804   -0.8056779    7.2561665 
   0.0000000   -0.0000000   -0.0000000    1.0000000 

Motion:
   0.9996944    0.0014889   -0.0246774   -0.0098501 
  -0.0014792    0.9999988    0.0004114    0.0237928 
   0.0246780   -0.0003747    0.9996954   -0.8739892 
   0.0000000    0.0000000    0.0000000    1.0000000 

angles x: 3.008240 y: 0.426568 z: 3.042770 index: 540
NCC max: 0.994102 min: -0.602865 outliers: 114 disp outliers: 35 
NCC max: 1.000000 min: -0.750586 outliers: 731 disp outliers: 251 
Num matches pre bucket: 465
Max age: 14
Index: 541, Matches: 452, Inliers: 48.2301 %, Current pose: 
  -0.8254852    0.0255215    0.5638464 -152.7054533 
   0.0824758    0.9937087    0.0757681    2.4327355 
  -0.5583653    0.1090491   -0.8223968    6.5551422 
   0.0000000   -0.0000000   -0.0000000    1.0000000 

Motion:
   0.9995713    0.0045155   -0.0289287   -0.0025403 
  -0.0044590    0.9999880    0.0020193    0.0483246 
   0.0289374   -0.0018895    0.9995794   -0.8442836 
   0.0000000    0.0000000    0.0000000    1.0000000 

angles x: 3.009763 y: 0.407971 z: 3.042011 index: 541
NCC max: 0.999440 min: -0.385701 outliers: 106 disp outliers: 33 
NCC max: 1.000000 min: -0.798413 outliers: 698 disp outliers: 213 
Num matches pre bucket: 530
Max age: 12
Index: 542, Matches: 498, Inliers: 40.1606 %, Current pose: 
  -0.8421249    0.0310232    0.5383895 -152.2637005 
   0.0859090    0.9933123    0.0771381    2.4867152 
  -0.5323958    0.1112124   -0.8391582    5.7816432 
   0.0000000   -0.0000000   -0.0000000    1.0000000 

Motion:
   0.9995185    0.0058189   -0.0304793   -0.0444339 
  -0.0057822    0.9999824    0.0012930    0.0186994 
   0.0304863   -0.0011161    0.9995346   -0.8910870 
   0.0000000    0.0000000    0.0000000    1.0000000 

angles x: 3.009832 y: 0.388094 z: 3.039930 index: 542
NCC max: 0.999051 min: -0.537157 outliers: 107 disp outliers: 29 
NCC max: 1.000000 min: -0.635640 outliers: 829 disp outliers: 225 
Num matches pre bucket: 580
Max age: 11
Index: 543, Matches: 557, Inliers: 41.1131 %, Current pose: 
  -0.8584005    0.0378371    0.5115827 -151.8705446 
   0.0907684    0.9927433    0.0788789    2.5003651 
  -0.5048858    0.1141452   -0.8556058    5.0273457 
   0.0000000   -0.0000000   -0.0000000    1.0000000 

Motion:
   0.9994773    0.0073814   -0.0314731   -0.0445879 
  -0.0073484    0.9999723    0.0011636    0.0576726 
   0.0314808   -0.0009317    0.9995039   -0.8475898 
   0.0000000    0.0000000    0.0000000    1.0000000 

angles x: 3.008967 y: 0.367251 z: 3.036243 index: 543
NCC max: 0.998660 min: -0.403988 outliers: 115 disp outliers: 24 
NCC max: 1.000000 min: -0.669853 outliers: 827 disp outliers: 209 
Num matches pre bucket: 609
Max age: 12
Index: 544, Matches: 587, Inliers: 40.0341 %, Current pose: 
  -0.8743612    0.0447326    0.4832095 -151.4594636 
   0.0926181    0.9928213    0.0756819    2.5375740 
  -0.4763552    0.1109272   -0.8722275    4.2270000 
   0.0000000   -0.0000000   -0.0000000    1.0000000 

Motion:
   0.9994639    0.0044890   -0.0324302   -0.0252617 
  -0.0042873    0.9999710    0.0062871    0.0334496 
   0.0324575   -0.0061447    0.9994542   -0.8995378 
   0.0000000    0.0000000    0.0000000    1.0000000 

angles x: 3.015095 y: 0.345618 z: 3.036060 index: 544
NCC max: 0.996985 min: -0.559132 outliers: 139 disp outliers: 20 
NCC max: 1.000000 min: -0.691603 outliers: 847 disp outliers: 189 
Num matches pre bucket: 560
Max age: 17
Index: 545, Matches: 547, Inliers: 38.2084 %, Current pose: 
  -0.8889973    0.0602052    0.4539374 -151.1043457 
   0.0948236    0.9940357    0.0538660    2.5785684 
  -0.4479870    0.0909307   -0.8894039    3.4623221 
   0.0000000   -0.0000000   -0.0000000    1.0000000 

Motion:
   0.9994881    0.0046818   -0.0316489   -0.0307541 
  -0.0038908    0.9996796    0.0250100    0.0074028 
   0.0317559   -0.0248740    0.9991861   -0.8435171 
   0.0000000    0.0000000    0.0000000    1.0000000 

angles x: 3.039709 y: 0.324085 z: 3.035331 index: 545
NCC max: 0.998393 min: -0.536865 outliers: 105 disp outliers: 21 
NCC max: 1.000000 min: -0.676455 outliers: 793 disp outliers: 112 
Num matches pre bucket: 694
Max age: 10
Index: 546, Matches: 655, Inliers: 32.0611 %, Current pose: 
  -0.9035623    0.0728307    0.4222214 -150.7194631 
   0.0945306    0.9950498    0.0306572    2.6092537 
  -0.4178985    0.0676135   -0.9059742    2.6400453 
   0.0000000   -0.0000000   -0.0000000    1.0000000 

Motion:
   0.9994412    0.0015678   -0.0333882    0.0012365 
  -0.0006820    0.9996479    0.0265241   -0.0029676 
   0.0334180   -0.0264865    0.9990904   -0.9084079 
   0.0000000    0.0000000    0.0000000    1.0000000 

angles x: 3.067100 y: 0.301443 z: 3.037352 index: 546
NCC max: 0.995945 min: -0.447234 outliers: 95 disp outliers: 20 
NCC max: 1.000000 min: -0.922316 outliers: 825 disp outliers: 177 
Num matches pre bucket: 702
Max age: 11
Index: 547, Matches: 655, Inliers: 33.8931 %, Current pose: 
  -0.9174603    0.0769844    0.3903075 -150.3910768 
   0.0905206    0.9957600    0.0163745    2.5990968 
  -0.3873920    0.0503538   -0.9205389    1.8897503 
   0.0000000   -0.0000000    0.0000000    1.0000000 

Motion:
   0.9994301   -0.0029397   -0.0336291    0.0115425 
   0.0035268    0.9998422    0.0174124    0.0226135 
   0.0335726   -0.0175211    0.9992827   -0.8186811 
   0.0000000    0.0000000    0.0000000    1.0000000 

angles x: 3.086947 y: 0.278668 z: 3.043247 index: 547
NCC max: 0.998041 min: -0.536670 outliers: 108 disp outliers: 17 
NCC max: 1.000000 min: -0.762878 outliers: 867 disp outliers: 175 
Num matches pre bucket: 631
Max age: 11
Index: 548, Matches: 606, Inliers: 36.1386 %, Current pose: 
  -0.9302940    0.0744546    0.3591790 -150.0337144 
   0.0859419    0.9961701    0.0160974    2.5991676 
  -0.3566048    0.0458438   -0.9331299    1.0327995 
   0.0000000   -0.0000000    0.0000000    1.0000000 

Motion:
   0.9994332   -0.0039971   -0.0334249    0.0268532 
   0.0041053    0.9999865    0.0031710    0.0126081 
   0.0334117   -0.0033064    0.9994362   -0.9280046 
   0.0000000    0.0000000    0.0000000    1.0000000 

angles x: 3.092503 y: 0.255894 z: 3.049473 index: 548
NCC max: 0.998259 min: -0.648866 outliers: 111 disp outliers: 18 
NCC max: 1.000000 min: -0.702773 outliers: 832 disp outliers: 185 
Num matches pre bucket: 584
Max age: 12
Index: 549, Matches: 567, Inliers: 35.8025 %, Current pose: 
  -0.9414527    0.0688882    0.3300322 -149.7183858 
   0.0788523    0.9967433    0.0168829    2.5635070 
  -0.3277943    0.0419182   -0.9438187    0.2215253 
   0.0000000   -0.0000000    0.0000000    1.0000000 

Motion:
   0.9994976   -0.0065724   -0.0310060    0.0337479 
   0.0066275    0.9999766    0.0016730    0.0478293 
   0.0309943   -0.0018777    0.9995178   -0.8691623 
   0.0000000    0.0000000    0.0000000    1.0000000 

angles x: 3.097208 y: 0.234674 z: 3.058032 index: 549
NCC max: 0.998197 min: -0.552308 outliers: 130 disp outliers: 9 
NCC max: 1.000000 min: -0.761318 outliers: 873 disp outliers: 169 
Num matches pre bucket: 558
Max age: 13
Index: 550, Matches: 551, Inliers: 39.02 %, Current pose: 
  -0.9494584    0.0715036    0.3056403 -149.4751665 
   0.0798230    0.9966993    0.0147921    2.5183311 
  -0.3035738    0.0384417   -0.9520321   -0.6019239 
   0.0000000   -0.0000000    0.0000000    1.0000000 

Motion:
   0.9996742    0.0014313   -0.0254855   -0.0154449 
  -0.0013261    0.9999905    0.0041437    0.0592904 
   0.0254912   -0.0041085    0.9996666   -0.8576195 
   0.0000000    0.0000000    0.0000000    1.0000000 

angles x: 3.101236 y: 0.217059 z: 3.057718 index: 550
NCC max: 0.995328 min: -0.226006 outliers: 122 disp outliers: 12 
NCC max: 1.000000 min: -0.800915 outliers: 890 disp outliers: 153 
Num matches pre bucket: 504
Max age: 14
Index: 551, Matches: 493, Inliers: 35.0913 %, Current pose: 
  -0.9552398    0.0798785    0.2848443 -149.2688075 
   0.0861411    0.9962376    0.0095049    2.5224017 
  -0.2830134    0.0336163   -0.9585267   -1.4245850 
   0.0000000   -0.0000000    0.0000000    1.0000000 

Motion:
   0.9997520    0.0066742   -0.0212478   -0.0360525 
  -0.0065236    0.9999532    0.0071468    0.0071159 
   0.0212945   -0.0070064    0.9997487   -0.8473615 
   0.0000000    0.0000000    0.0000000    1.0000000 

angles x: 3.106536 y: 0.202248 z: 3.051658 index: 551
NCC max: 0.991637 min: -0.250115 outliers: 126 disp outliers: 17 
NCC max: 1.000000 min: -0.837317 outliers: 857 disp outliers: 162 
Num matches pre bucket: 406
Max age: 12
Index: 552, Matches: 402, Inliers: 32.8358 %, Current pose: 
  -0.9616545    0.0761967    0.2634667 -148.9736370 
   0.0821950    0.9965464    0.0118029    2.5384558 
  -0.2616575    0.0330060   -0.9645963   -2.2408010 
   0.0000000   -0.0000000    0.0000000    1.0000000 

Motion:
   0.9997436   -0.0037257   -0.0223349    0.0689634 
   0.0037163    0.9999930   -0.0004608   -0.0115496 
   0.0223365    0.0003777    0.9997504   -0.8652760 
   0.0000000    0.0000000    0.0000000    1.0000000 

angles x: 3.107388 y: 0.186738 z: 3.056327 index: 552
NCC max: 0.996057 min: -0.337979 outliers: 123 disp outliers: 14 
NCC max: 1.000000 min: -0.645251 outliers: 851 disp outliers: 166 
Num matches pre bucket: 378
Max age: 11
Index: 553, Matches: 375, Inliers: 32 %, Current pose: 
  -0.9673206    0.0683155    0.2441800 -148.7223773 
   0.0771599    0.9966577    0.0268292    2.4981906 
  -0.2415310    0.0447934   -0.9693587   -3.1437138 
   0.0000000   -0.0000000    0.0000000    1.0000000 

Motion:
   0.9997687   -0.0047852   -0.0209662    0.0280741 
   0.0045038    0.9998995   -0.0134452    0.0634102 
   0.0210284    0.0133477    0.9996898   -0.9355186 
   0.0000000    0.0000000    0.0000000    1.0000000 

angles x: 3.095416 y: 0.172179 z: 3.061995 index: 553
NCC max: 0.997386 min: -0.199241 outliers: 130 disp outliers: 18 
NCC max: 1.000000 min: -0.644111 outliers: 823 disp outliers: 178 
Num matches pre bucket: 376
Max age: 9
Index: 554, Matches: 375, Inliers: 38.1333 %, Current pose: 
  -0.9718725    0.0684550    0.2253391 -148.5157966 
   0.0777240    0.9964447    0.0325117    2.4837836 
  -0.2223124    0.0491114   -0.9737378   -3.9535907 
   0.0000000   -0.0000000    0.0000000    1.0000000 

Motion:
   0.9998048    0.0011121   -0.0197261    0.0218443 
  -0.0011943    0.9999906   -0.0041574    0.0399885 
   0.0197213    0.0041801    0.9997968   -0.8346901 
   0.0000000    0.0000000    0.0000000    1.0000000 

angles x: 3.091199 y: 0.158379 z: 3.061789 index: 554
NCC max: 0.997347 min: -0.292011 outliers: 118 disp outliers: 25 
NCC max: 1.000000 min: -0.678307 outliers: 857 disp outliers: 168 
Num matches pre bucket: 476
Max age: 8
Index: 555, Matches: 463, Inliers: 45.5724 %, Current pose: 
  -0.9757041    0.0699257    0.2076341 -148.3472133 
   0.0782338    0.9964193    0.0320645    2.4783666 
  -0.2046485    0.0475295   -0.9776809   -4.8138665 
   0.0000000   -0.0000000    0.0000000    1.0000000 

Motion:
   0.9998365    0.0011132   -0.0180468   -0.0111430 
  -0.0010796    0.9999977    0.0018710    0.0344977 
   0.0180489   -0.0018512    0.9998354   -0.8759052 
   0.0000000    0.0000000    0.0000000    1.0000000 

angles x: 3.093016 y: 0.145706 z: 3.061582 index: 555
NCC max: 0.998496 min: -0.747636 outliers: 104 disp outliers: 28 
NCC max: 1.000000 min: -0.882903 outliers: 850 disp outliers: 176 
Num matches pre bucket: 536
Max age: 14
Index: 556, Matches: 513, Inliers: 41.1306 %, Current pose: 
  -0.9788768    0.0717162    0.1914601 -148.1836657 
   0.0776586    0.9966981    0.0237059    2.4543108 
  -0.1891279    0.0380737   -0.9812141   -5.6922346 
   0.0000000   -0.0000000    0.0000000    1.0000000 

Motion:
   0.9998744   -0.0000574   -0.0158514   -0.0041628 
   0.0002100    0.9999537    0.0096255    0.0456900 
   0.0158501   -0.0096276    0.9998280   -0.8926097 
   0.0000000    0.0000000    0.0000000    1.0000000 

angles x: 3.102809 y: 0.134563 z: 3.062424 index: 556
NCC max: 0.996319 min: -0.559132 outliers: 104 disp outliers: 20 
NCC max: 1.000000 min: -0.887282 outliers: 877 disp outliers: 197 
Num matches pre bucket: 432
Max age: 15
Index: 557, Matches: 428, Inliers: 40.8879 %, Current pose: 
  -0.9809703    0.0771760    0.1781604 -148.0615090 
   0.0812219    0.9965752    0.0155173    2.4737809 
  -0.1763527    0.0296925   -0.9838791   -6.6096169 
   0.0000000   -0.0000000    0.0000000    1.0000000 

Motion:
   0.9999099    0.0038879   -0.0128516   -0.0435322 
  -0.0037689    0.9999500    0.0092661   -0.0015915 
   0.0128869   -0.0092168    0.9998745   -0.9246589 
   0.0000000    0.0000000    0.0000000    1.0000000 

angles x: 3.111423 y: 0.125450 z: 3.058984 index: 557
NCC max: 0.997556 min: -0.417748 outliers: 127 disp outliers: 22 
NCC max: 1.000000 min: -0.728312 outliers: 907 disp outliers: 178 
Num matches pre bucket: 355
Max age: 16
Index: 558, Matches: 350, Inliers: 34.5714 %, Current pose: 
  -0.9814859    0.0872257    0.1705200 -147.9700274 
   0.0923118    0.9954846    0.0221138    2.5229032 
  -0.1678211    0.0374453   -0.9851060   -7.5673338 
   0.0000000   -0.0000000    0.0000000    1.0000000 

Motion:
   0.9999020    0.0112654   -0.0083138   -0.0754719 
  -0.0113143    0.9999189   -0.0058543   -0.0210181 
   0.0082471    0.0059478    0.9999483   -0.9601384 
   0.0000000    0.0000000    0.0000000    1.0000000 

angles x: 3.103600 y: 0.119475 z: 3.047815 index: 558
NCC max: 0.991273 min: -0.268809 outliers: 109 disp outliers: 15 
NCC max: 1.000000 min: -0.700522 outliers: 846 disp outliers: 161 
Num matches pre bucket: 438
Max age: 9
Index: 559, Matches: 432, Inliers: 27.0833 %, Current pose: 
  -0.9810066    0.0947876    0.1692374 -147.9077378 
   0.1030772    0.9938335    0.0408675    2.5935816 
  -0.1643201    0.0575358   -0.9847276   -8.5864744 
   0.0000000   -0.0000000   -0.0000000    1.0000000 

Motion:
   0.9999358    0.0108897   -0.0031291   -0.1136441 
  -0.0109459    0.9997682   -0.0185383   -0.0175098 
   0.0029265    0.0185714    0.9998233   -1.0170061 
   0.0000000    0.0000000    0.0000000    1.0000000 

angles x: 3.083231 y: 0.117131 z: 3.036904 index: 559
NCC max: 0.999627 min: -0.183345 outliers: 98 disp outliers: 15 
NCC max: 1.000000 min: -0.890138 outliers: 772 disp outliers: 132 
Num matches pre bucket: 501
Max age: 9
Index: 560, Matches: 476, Inliers: 29.6218 %, Current pose: 
  -0.9812693    0.0959910    0.1670221 -147.7576253 
   0.1080099    0.9920611    0.0644096    2.5672082 
  -0.1595134    0.0812432   -0.9838471   -9.5353776 
   0.0000000   -0.0000000   -0.0000000    1.0000000 

Motion:
   0.9999762    0.0051539   -0.0045762   -0.0012134 
  -0.0052588    0.9997167   -0.0232141    0.0888465 
   0.0044552    0.0232376    0.9997200   -0.9569490 
   0.0000000    0.0000000    0.0000000    1.0000000 

angles x: 3.059202 y: 0.113822 z: 3.031962 index: 560
NCC max: 1.000000 min: -0.243414 outliers: 111 disp outliers: 15 
NCC max: 1.000000 min: -0.630313 outliers: 749 disp outliers: 146 
Num matches pre bucket: 518
Max age: 9
Index: 561, Matches: 499, Inliers: 43.6874 %, Current pose: 
  -0.9817200    0.0954356    0.1646752 -147.5856591 
   0.1073537    0.9920912    0.0650398    2.6041165 
  -0.1571657    0.0815294   -0.9842012  -10.4334850 
   0.0000000   -0.0000000   -0.0000000    1.0000000 

Motion:
   0.9999969   -0.0005035   -0.0024273    0.0237087 
   0.0005026    0.9999998   -0.0003724    0.0201941 
   0.0024275    0.0003712    0.9999970   -0.9146374 
   0.0000000    0.0000000    0.0000000    1.0000000 

angles x: 3.058943 y: 0.112134 z: 3.032673 index: 561
NCC max: 0.998664 min: -0.494929 outliers: 129 disp outliers: 17 
NCC max: 1.000000 min: -0.650207 outliers: 786 disp outliers: 160 
Num matches pre bucket: 414
Max age: 8
Index: 562, Matches: 411, Inliers: 34.5499 %, Current pose: 
  -0.9827632    0.0898789    0.1615498 -147.3853920 
   0.1004358    0.9932282    0.0583990    2.6357678 
  -0.1552069    0.0736178   -0.9851351  -11.3725357 
   0.0000000   -0.0000000   -0.0000000    1.0000000 

Motion:
   0.9999736   -0.0068030   -0.0025495    0.0478891 
   0.0068206    0.9999526    0.0069455    0.0196940 
   0.0025022   -0.0069627    0.9999726   -0.9592933 
   0.0000000    0.0000000    0.0000000    1.0000000 

angles x: 3.067003 y: 0.110626 z: 3.039749 index: 562
NCC max: 0.998577 min: -0.528658 outliers: 103 disp outliers: 17 
NCC max: 1.000000 min: -0.643191 outliers: 841 disp outliers: 139 
Num matches pre bucket: 458
Max age: 8
Index: 563, Matches: 457, Inliers: 25.1641 %, Current pose: 
  -0.9854048    0.0768117    0.1519122 -147.1128148 
   0.0852410    0.9951167    0.0497677    2.6231012 
  -0.1473477    0.0619905   -0.9871402  -12.3083034 
   0.0000000   -0.0000000   -0.0000000    1.0000000 

Motion:
   0.9998502   -0.0147508   -0.0090566    0.1317954 
   0.0148363    0.9998452    0.0094537    0.0496763 
   0.0089157   -0.0095867    0.9999143   -0.9645114 
   0.0000000    0.0000000    0.0000000    1.0000000 

angles x: 3.078877 y: 0.104828 z: 3.055304 index: 563
NCC max: 0.998377 min: -0.261199 outliers: 95 disp outliers: 19 
NCC max: 1.000000 min: -0.821196 outliers: 742 disp outliers: 163 
Num matches pre bucket: 425
Max age: 10
Index: 564, Matches: 418, Inliers: 19.378 %, Current pose: 
  -0.9873401    0.0644874    0.1449166 -146.8932899 
   0.0727626    0.9959643    0.0525431    2.5649610 
  -0.1409434    0.0624224   -0.9880478  -13.1872244 
   0.0000000   -0.0000000   -0.0000000    1.0000000 

Motion:
   0.9998998   -0.0121691   -0.0072369    0.0970981 
   0.0121530    0.9999236   -0.0022564    0.0986133 
   0.0072638    0.0021683    0.9999713   -0.8971739 
   0.0000000    0.0000000    0.0000000    1.0000000 

angles x: 3.078499 y: 0.100164 z: 3.068030 index: 564
NCC max: 0.997974 min: -0.304819 outliers: 102 disp outliers: 18 
NCC max: 1.000000 min: -0.547600 outliers: 771 disp outliers: 140 
Num matches pre bucket: 435
Max age: 9
Index: 565, Matches: 426, Inliers: 33.3333 %, Current pose: 
  -0.9881790    0.0553433    0.1429664 -146.6965008 
   0.0635624    0.9965388    0.0535740    2.5766685 
  -0.1395066    0.0620280   -0.9882765  -14.1976241 
   0.0000000   -0.0000000   -0.0000000    1.0000000 

Motion:
   0.9999563   -0.0091275   -0.0020246    0.0527612 
   0.0091257    0.9999580   -0.0009052    0.0401152 
   0.0020327    0.0008867    0.9999975   -1.0273157 
   0.0000000    0.0000000    0.0000000    1.0000000 

angles x: 3.078911 y: 0.099079 z: 3.077358 index: 565
NCC max: 0.996565 min: -0.226369 outliers: 118 disp outliers: 18 
NCC max: 1.000000 min: -0.864478 outliers: 784 disp outliers: 83 
Num matches pre bucket: 375
Max age: 12
Index: 566, Matches: 371, Inliers: 33.6927 %, Current pose: 
  -0.9885112    0.0516182    0.1420607 -146.5119630 
   0.0602458    0.9965483    0.0571139    2.6429345 
  -0.1386222    0.0650163   -0.9882089  -15.2278124 
   0.0000000   -0.0000000   -0.0000000    1.0000000 

Motion:
   0.9999941   -0.0032686   -0.0010992    0.0356184 
   0.0032648    0.9999886   -0.0034854   -0.0085838 
   0.0011106    0.0034818    0.9999933   -1.0480415 
   0.0000000    0.0000000    0.0000000    1.0000000 

angles x: 3.075895 y: 0.098438 z: 3.080722 index: 566
NCC max: 0.997605 min: -0.495424 outliers: 101 disp outliers: 26 
NCC max: 1.000000 min: -0.775307 outliers: 782 disp outliers: 109 
Num matches pre bucket: 388
Max age: 10
Index: 567, Matches: 387, Inliers: 37.4677 %, Current pose: 
  -0.9884609    0.0489671    0.1433431 -146.3736707 
   0.0580979    0.9964929    0.0602205    2.6738770 
  -0.1398916    0.0678535   -0.9878392  -16.2124625 
   0.0000000   -0.0000000   -0.0000000    1.0000000 

Motion:
   0.9999969   -0.0022204    0.0011389   -0.0028454 
   0.0022240    0.9999925   -0.0031835    0.0292062 
  -0.0011318    0.0031860    0.9999943   -0.9943625 
   0.0000000    0.0000000    0.0000000    1.0000000 

angles x: 3.073012 y: 0.099339 z: 3.082884 index: 567
NCC max: 0.996835 min: -0.531012 outliers: 92 disp outliers: 17 
NCC max: 1.000000 min: -0.571588 outliers: 794 disp outliers: 59 
Num matches pre bucket: 478
Max age: 10
Index: 568, Matches: 471, Inliers: 36.0934 %, Current pose: 
  -0.9884731    0.0484519    0.1434341 -146.2048263 
   0.0577605    0.9964368    0.0614604    2.7184926 
  -0.1399451    0.0690368   -0.9877496  -17.2569851 
   0.0000000   -0.0000000   -0.0000000    1.0000000 

Motion:
   0.9999999   -0.0003404    0.0000308    0.0181454 
   0.0003405    0.9999992   -0.0012461    0.0194730 
  -0.0000304    0.0012462    0.9999992   -1.0586869 
   0.0000000    0.0000000    0.0000000    1.0000000 

angles x: 3.071813 y: 0.099379 z: 3.083225 index: 568
NCC max: 0.996297 min: -0.478914 outliers: 96 disp outliers: 22 
NCC max: 1.000000 min: -0.735303 outliers: 815 disp outliers: 141 
Num matches pre bucket: 433
Max age: 8
Index: 569, Matches: 432, Inliers: 36.3426 %, Current pose: 
  -0.9885397    0.0453364    0.1439928 -146.0307434 
   0.0542640    0.9968004    0.0586885    2.7493868 
  -0.1408714    0.0658295   -0.9878369  -18.2737405 
   0.0000000   -0.0000000   -0.0000000    1.0000000 

Motion:
   0.9999935   -0.0035513    0.0006905    0.0271796 
   0.0035494    0.9999899    0.0027435    0.0282449 
  -0.0007002   -0.0027410    0.9999960   -1.0312683 
   0.0000000    0.0000000    0.0000000    1.0000000 

angles x: 3.075051 y: 0.100011 z: 3.086755 index: 569
NCC max: 0.993671 min: -0.473056 outliers: 100 disp outliers: 21 
NCC max: 1.000000 min: -0.659454 outliers: 801 disp outliers: 101 
Num matches pre bucket: 438
Max age: 9
Index: 570, Matches: 427, Inliers: 31.8501 %, Current pose: 
  -0.9887357    0.0424458    0.1435270 -145.8566836 
   0.0509515    0.9971235    0.0561133    2.7580840 
  -0.1407324    0.0627941   -0.9880543  -19.2926149 
   0.0000000   -0.0000000   -0.0000000    1.0000000 

Motion:
   0.9999945   -0.0033017   -0.0003600    0.0282674 
   0.0033026    0.9999912    0.0026012    0.0479190 
   0.0003514   -0.0026024    0.9999966   -1.0321736 
   0.0000000    0.0000000    0.0000000    1.0000000 

angles x: 3.078125 y: 0.099887 z: 3.090106 index: 570
NCC max: 0.997203 min: -0.440234 outliers: 103 disp outliers: 21 
NCC max: 1.000000 min: -0.699160 outliers: 803 disp outliers: 112 
Num matches pre bucket: 441
Max age: 10
Index: 571, Matches: 441, Inliers: 33.3333 %, Current pose: 
  -0.9895265    0.0388287    0.1390313 -145.6536785 
   0.0459561    0.9977690    0.0484256    2.8095854 
  -0.1368408    0.0543078   -0.9891033  -20.3501627 
   0.0000000    0.0000000   -0.0000000    1.0000000 

Motion:
   0.9999796   -0.0047702   -0.0042389    0.0537963 
   0.0048036    0.9999572    0.0079021   -0.0018358 
   0.0042010   -0.0079223    0.9999598   -1.0767420 
   0.0000000    0.0000000    0.0000000    1.0000000 

angles x: 3.086742 y: 0.097073 z: 3.095184 index: 571
NCC max: 0.995808 min: -0.314578 outliers: 109 disp outliers: 22 
NCC max: 1.000000 min: -0.852623 outliers: 785 disp outliers: 102 
Num matches pre bucket: 396
Max age: 7
Index: 572, Matches: 395, Inliers: 29.1139 %, Current pose: 
  -0.9896433    0.0351675    0.1391742 -145.4926527 
   0.0419726    0.9980470    0.0462661    2.8376509 
  -0.1372754    0.0516284   -0.9891865  -21.4003680 
   0.0000000    0.0000000   -0.0000000    1.0000000 

Motion:
   0.9999920   -0.0040027    0.0002207    0.0140128 
   0.0040023    0.9999897    0.0021546    0.0205469 
  -0.0002293   -0.0021537    0.9999977   -1.0625581 
   0.0000000    0.0000000    0.0000000    1.0000000 

angles x: 3.089447 y: 0.097360 z: 3.099206 index: 572
NCC max: 0.997521 min: -0.089660 outliers: 87 disp outliers: 18 
NCC max: 1.000000 min: -0.515623 outliers: 749 disp outliers: 110 
Num matches pre bucket: 397
Max age: 8
Index: 573, Matches: 396, Inliers: 25.2525 %, Current pose: 
  -0.9903044    0.0309370    0.1354254 -145.3219952 
   0.0376778    0.9981605    0.0474977    2.8495076 
  -0.1337068    0.0521397   -0.9896484  -22.4322853 
   0.0000000    0.0000000    0.0000000    1.0000000 

Motion:
   0.9999842   -0.0041254   -0.0038207    0.0305818 
   0.0041212    0.9999909   -0.0010893    0.0366893 
   0.0038251    0.0010735    0.9999921   -1.0449098 
   0.0000000    0.0000000    0.0000000    1.0000000 

angles x: 3.088956 y: 0.094808 z: 3.103564 index: 573
NCC max: 0.999369 min: -0.439516 outliers: 105 disp outliers: 14 
NCC max: 1.000000 min: -0.695768 outliers: 687 disp outliers: 99 
Num matches pre bucket: 376
Max age: 10
Index: 574, Matches: 373, Inliers: 22.5201 %, Current pose: 
  -0.9905752    0.0283035    0.1340137 -145.1651396 
   0.0352789    0.9981277    0.0499640    2.8609606 
  -0.1323486    0.0542210   -0.9897191  -23.4802022 
   0.0000000    0.0000000    0.0000000    1.0000000 

Motion:
   0.9999962   -0.0023321   -0.0014947    0.0162829 
   0.0023285    0.9999944   -0.0024179    0.0409480 
   0.0015004    0.0024144    0.9999960   -1.0587364 
   0.0000000    0.0000000    0.0000000    1.0000000 

angles x: 3.086863 y: 0.093839 z: 3.105993 index: 574
NCC max: 0.997827 min: -0.183726 outliers: 93 disp outliers: 22 
NCC max: 1.000000 min: -0.812167 outliers: 656 disp outliers: 99 
Num matches pre bucket: 397
Max age: 7
Index: 575, Matches: 395, Inliers: 26.5823 %, Current pose: 
  -0.9905281    0.0301335    0.1339628 -145.0320046 
   0.0375536    0.9978769    0.0532116    2.8476493 
  -0.1320749    0.0577383   -0.9895567  -24.5640596 
   0.0000000    0.0000000    0.0000000    1.0000000 

Motion:
   0.9999974    0.0022866   -0.0001510   -0.0107766 
  -0.0022871    0.9999921   -0.0032485    0.0718513 
   0.0001435    0.0032488    0.9999947   -1.0896652 
   0.0000000    0.0000000    0.0000000    1.0000000 

angles x: 3.083311 y: 0.093660 z: 3.103698 index: 575
NCC max: 0.997780 min: -0.241950 outliers: 101 disp outliers: 19 
NCC max: 1.000000 min: -0.839165 outliers: 590 disp outliers: 151 
Num matches pre bucket: 350
Max age: 8
Index: 576, Matches: 347, Inliers: 28.2421 %, Current pose: 
  -0.9904573    0.0308291    0.1343278 -144.9044863 
   0.0385260    0.9977383    0.0550814    2.8475335 
  -0.1323259    0.0597309   -0.9894049  -25.6386337 
   0.0000000    0.0000000    0.0000000    1.0000000 

Motion:
   0.9999995    0.0009580    0.0003096   -0.0158881 
  -0.0009574    0.9999978   -0.0018859    0.0603695 
  -0.0003114    0.0018856    0.9999982   -1.0803118 
   0.0000000    0.0000000    0.0000000    1.0000000 

angles x: 3.081295 y: 0.093847 z: 3.102715 index: 576
NCC max: 1.000000 min: -0.556164 outliers: 92 disp outliers: 20 
NCC max: 1.000000 min: -0.748424 outliers: 482 disp outliers: 127 
Num matches pre bucket: 296
Max age: 9
Index: 577, Matches: 296, Inliers: 18.9189 %, Current pose: 
  -0.9906361    0.0311751    0.1329222 -144.7624784 
   0.0392659    0.9975038    0.0586883    2.8664280 
  -0.1307608    0.0633580   -0.9893874  -26.7286671 
   0.0000000    0.0000000    0.0000000    1.0000000 

Motion:
   0.9999985    0.0008262   -0.0015318   -0.0025974 
  -0.0008317    0.9999933   -0.0035552    0.0457879 
   0.0015289    0.0035564    0.9999925   -1.0984501 
   0.0000000    0.0000000    0.0000000    1.0000000 

angles x: 3.077642 y: 0.092746 z: 3.101976 index: 577
NCC max: 0.999455 min: -0.403711 outliers: 93 disp outliers: 20 
NCC max: 1.000000 min: -0.498283 outliers: 378 disp outliers: 61 
Num matches pre bucket: 238
Max age: 9
Index: 578, Matches: 238, Inliers: 19.3277 %, Current pose: 
  -0.9910453    0.0266855    0.1308320 -144.6042129 
   0.0352898    0.9973325    0.0638952    2.8828658 
  -0.1287779    0.0679401   -0.9893434  -27.7913311 
   0.0000000    0.0000000    0.0000000    1.0000000 

Motion:
   0.9999900   -0.0038533   -0.0022496    0.0194206 
   0.0038417    0.9999794   -0.0051403    0.0515802 
   0.0022693    0.0051316    0.9999843   -1.0730961 
   0.0000000    0.0000000    0.0000000    1.0000000 

angles x: 3.073028 y: 0.091337 z: 3.105999 index: 578
NCC max: 0.994463 min: -0.492223 outliers: 77 disp outliers: 21 
NCC max: 1.000000 min: -0.743198 outliers: 457 disp outliers: 77 
Num matches pre bucket: 225
Max age: 10
Index: 579, Matches: 223, Inliers: 27.8027 %, Current pose: 
  -0.9912169    0.0262421    0.1296164 -144.4541252 
   0.0354753    0.9969546    0.0694474    2.8854393 
  -0.1273992    0.0734356   -0.9891292  -28.8255204 
   0.0000000   -0.0000000    0.0000000    1.0000000 

Motion:
   0.9999990    0.0002740   -0.0013746    0.0169233 
  -0.0002816    0.9999847   -0.0055191    0.0694421 
   0.0013731    0.0055195    0.9999838   -1.0425794 
   0.0000000    0.0000000    0.0000000    1.0000000 

angles x: 3.067486 y: 0.090374 z: 3.105818 index: 579
NCC max: 0.997667 min: -0.258169 outliers: 83 disp outliers: 22 
NCC max: 1.000000 min: -0.674517 outliers: 448 disp outliers: 78 
Num matches pre bucket: 209
Max age: 9
Index: 580, Matches: 208, Inliers: 28.8462 %, Current pose: 
  -0.9918598    0.0247947    0.1248976 -144.2745496 
   0.0331837    0.9972980    0.0655410    2.9204322 
  -0.1229350    0.0691520   -0.9900025  -29.8870051 
   0.0000000    0.0000000    0.0000000    1.0000000 

Motion:
   0.9999872   -0.0019736   -0.0046581    0.0464589 
   0.0019926    0.9999897    0.0040732    0.0340530 
   0.0046500   -0.0040825    0.9999809   -1.0755945 
   0.0000000    0.0000000    0.0000000    1.0000000 

angles x: 3.071856 y: 0.087180 z: 3.108149 index: 580
NCC max: 0.998450 min: -0.381509 outliers: 71 disp outliers: 19 
NCC max: 1.000000 min: -0.820848 outliers: 475 disp outliers: 104 
Num matches pre bucket: 364
Max age: 12
Index: 581, Matches: 349, Inliers: 37.5358 %, Current pose: 
  -0.9916075    0.0270799    0.1264168 -144.1858669 
   0.0351788    0.9974387    0.0622780    2.9126010 
  -0.1244065    0.0662025   -0.9900203  -30.9310159 
   0.0000000    0.0000000    0.0000000    1.0000000 

Motion:
   0.9999969    0.0018942    0.0016190   -0.0416677 
  -0.0018994    0.9999930    0.0032147    0.0745258 
  -0.0016129   -0.0032177    0.9999935   -1.0443153 
   0.0000000    0.0000000    0.0000000    1.0000000 

angles x: 3.074822 y: 0.088223 z: 3.106131 index: 581
NCC max: 0.995820 min: -0.050761 outliers: 84 disp outliers: 20 
NCC max: 1.000000 min: -0.868475 outliers: 560 disp outliers: 77 
Num matches pre bucket: 369
Max age: 6
Index: 582, Matches: 346, Inliers: 43.6416 %, Current pose: 
  -0.9917901    0.0261200    0.1251805 -144.0450280 
   0.0336920    0.9977035    0.0587583    2.9421359 
  -0.1233583    0.0624935   -0.9903925  -31.9708267 
   0.0000000    0.0000000    0.0000000    1.0000000 

Motion:
   0.9999983   -0.0014185   -0.0011534    0.0104182 
   0.0014226    0.9999926    0.0035671    0.0318356 
   0.0011483   -0.0035687    0.9999930   -1.0491865 
   0.0000000    0.0000000    0.0000000    1.0000000 

angles x: 3.078577 y: 0.087464 z: 3.107635 index: 582
NCC max: 0.995575 min: -0.352480 outliers: 96 disp outliers: 17 
NCC max: 1.000000 min: -0.857906 outliers: 605 disp outliers: 61 
Num matches pre bucket: 361
Max age: 9
Index: 583, Matches: 353, Inliers: 37.9603 %, Current pose: 
  -0.9916693    0.0272680    0.1258906 -143.9344623 
   0.0352186    0.9974938    0.0613666    2.9300200 
  -0.1239017    0.0652891   -0.9901443  -33.0077506 
   0.0000000    0.0000000    0.0000000    1.0000000 

Motion:
   0.9999987    0.0014923    0.0006430   -0.0184053 
  -0.0014906    0.9999954   -0.0026373    0.0767704 
  -0.0006469    0.0026363    0.9999963   -1.0398799 
   0.0000000    0.0000000    0.0000000    1.0000000 

angles x: 3.075749 y: 0.087862 z: 3.106093 index: 583
NCC max: 0.997352 min: -0.358985 outliers: 93 disp outliers: 20 
NCC max: 1.000000 min: -0.785413 outliers: 560 disp outliers: 80 
Num matches pre bucket: 348
Max age: 15
Index: 584, Matches: 344, Inliers: 36.3372 %, Current pose: 
  -0.9919864    0.0256466    0.1237142 -143.7955033 
   0.0337133    0.9974085    0.0635580    2.9516379 
  -0.1217635    0.0672195   -0.9902804  -34.0192338 
   0.0000000    0.0000000    0.0000000    1.0000000 

Motion:
   0.9999965   -0.0013705   -0.0022494    0.0139549 
   0.0013657    0.9999968   -0.0021207    0.0428657 
   0.0022523    0.0021177    0.9999952   -1.0202172 
   0.0000000    0.0000000    0.0000000    1.0000000 

angles x: 3.073817 y: 0.086343 z: 3.107620 index: 584
NCC max: 1.000000 min: -0.946106 outliers: 76 disp outliers: 19 
NCC max: 1.000000 min: -0.931270 outliers: 555 disp outliers: 94 
Num matches pre bucket: 293
Max age: 9
Index: 585, Matches: 292, Inliers: 31.1644 %, Current pose: 
  -0.9925188    0.0228632    0.1199320 -143.6459764 
   0.0310688    0.9972691    0.0670011    2.9741891 
  -0.1180726    0.0702260   -0.9905186  -35.0488978 
   0.0000000   -0.0000000    0.0000000    1.0000000 

Motion:
   0.9999896   -0.0024033   -0.0038890    0.0261325 
   0.0023903    0.9999916   -0.0033305    0.0464008 
   0.0038969    0.0033212    0.9999869   -1.0393453 
   0.0000000    0.0000000    0.0000000    1.0000000 

angles x: 3.070813 y: 0.083722 z: 3.110300 index: 585
NCC max: 0.998391 min: -0.361662 outliers: 86 disp outliers: 20 
NCC max: 1.000000 min: -0.852439 outliers: 502 disp outliers: 97 
Num matches pre bucket: 321
Max age: 9
Index: 586, Matches: 313, Inliers: 28.754 %, Current pose: 
  -0.9928476    0.0208302    0.1175578 -143.5281080 
   0.0286256    0.9974735    0.0650171    3.0043498 
  -0.1159065    0.0679172   -0.9909354  -36.0853242 
   0.0000000    0.0000000    0.0000000    1.0000000 

Motion:
   0.9999946   -0.0022919   -0.0023487   -0.0039666 
   0.0022967    0.9999952    0.0020568    0.0378516 
   0.0023440   -0.0020621    0.9999951   -1.0428489 
   0.0000000    0.0000000    0.0000000    1.0000000 

angles x: 3.073161 y: 0.082171 z: 3.112769 index: 586
NCC max: 0.998899 min: -0.547313 outliers: 70 disp outliers: 26 
NCC max: 1.000000 min: -0.846953 outliers: 480 disp outliers: 99 
Num matches pre bucket: 338
Max age: 7
Index: 587, Matches: 336, Inliers: 27.6786 %, Current pose: 
  -0.9935138    0.0176273    0.1123366 -143.3905064 
   0.0248025    0.9977180    0.0627985    3.0209568 
  -0.1109733    0.0651775   -0.9916838  -37.1018576 
   0.0000000    0.0000000    0.0000000    1.0000000 

Motion:
   0.9999803   -0.0034922   -0.0052154    0.0234892 
   0.0035045    0.9999911    0.0023543    0.0472604 
   0.0052071   -0.0023725    0.9999836   -1.0245804 
   0.0000000    0.0000000    0.0000000    1.0000000 

angles x: 3.075963 y: 0.078653 z: 3.116633 index: 587
NCC max: 0.997941 min: -0.174296 outliers: 61 disp outliers: 25 
NCC max: 1.000000 min: -0.834360 outliers: 447 disp outliers: 145 
Num matches pre bucket: 330
Max age: 8
Index: 588, Matches: 329, Inliers: 32.8267 %, Current pose: 
  -0.9939079    0.0156772    0.1090929 -143.2753446 
   0.0223840    0.9979155    0.0605271    3.0390844 
  -0.1079166    0.0626003   -0.9921871  -38.1342413 
   0.0000000    0.0000000    0.0000000    1.0000000 

Motion:
   0.9999923   -0.0022208   -0.0032274    0.0026432 
   0.0022283    0.9999948    0.0023491    0.0447322 
   0.0032222   -0.0023562    0.9999920   -1.0379783 
   0.0000000    0.0000000    0.0000000    1.0000000 

angles x: 3.078583 y: 0.076472 z: 3.119075 index: 588
NCC max: 0.995396 min: -0.731847 outliers: 67 disp outliers: 24 
NCC max: 1.000000 min: -0.774324 outliers: 440 disp outliers: 135 
Num matches pre bucket: 304
Max age: 7
Index: 589, Matches: 302, Inliers: 30.1325 %, Current pose: 
  -0.9942940    0.0145514    0.1056777 -143.1637376 
   0.0213358    0.9977630    0.0633543    3.0683394 
  -0.1045194    0.0652475   -0.9923802  -39.1380512 
   0.0000000    0.0000000    0.0000000    1.0000000 

Motion:
   0.9999936   -0.0008394   -0.0034762    0.0054284 
   0.0008298    0.9999959   -0.0027586    0.0346825 
   0.0034785    0.0027557    0.9999902   -1.0098089 
   0.0000000    0.0000000    0.0000000    1.0000000 

angles x: 3.075939 y: 0.074065 z: 3.120138 index: 589
NCC max: 0.997172 min: -0.220941 outliers: 59 disp outliers: 27 
NCC max: 0.998284 min: -0.763804 outliers: 392 disp outliers: 128 
Num matches pre bucket: 251
Max age: 7
Index: 590, Matches: 248, Inliers: 49.5968 %, Current pose: 
  -0.9945384    0.0144862    0.1033612 -143.0640967 
   0.0214708    0.9975363    0.0667862    3.0842765 
  -0.1021391    0.0686407   -0.9923991  -40.1465752 
   0.0000000    0.0000000    0.0000000    1.0000000 

Motion:
   0.9999971    0.0002865   -0.0023794   -0.0042552 
  -0.0002946    0.9999942   -0.0033886    0.0518847 
   0.0023784    0.0033893    0.9999914   -1.0122217 
   0.0000000    0.0000000    0.0000000    1.0000000 

angles x: 3.072536 y: 0.072384 z: 3.120007 index: 590
NCC max: 0.995672 min: -0.345826 outliers: 61 disp outliers: 18 
NCC max: 1.000000 min: -0.537220 outliers: 430 disp outliers: 124 
Num matches pre bucket: 298
Max age: 8
Index: 591, Matches: 296, Inliers: 33.7838 %, Current pose: 
  -0.9946624    0.0164619    0.1018611 -142.9792601 
   0.0236829    0.9972593    0.0700928    3.1085831 
  -0.1004281    0.0721310   -0.9923262  -41.1599847 
   0.0000000    0.0000000    0.0000000    1.0000000 

Motion:
   0.9999961    0.0023222   -0.0015631   -0.0179667 
  -0.0023273    0.9999919   -0.0032780    0.0474617 
   0.0015555    0.0032816    0.9999934   -1.0159780 
   0.0000000    0.0000000    0.0000000    1.0000000 

angles x: 3.069031 y: 0.071181 z: 3.117787 index: 591
NCC max: 0.993850 min: -0.179594 outliers: 67 disp outliers: 16 
NCC max: 1.000000 min: -0.726278 outliers: 531 disp outliers: 161 
Num matches pre bucket: 283
Max age: 8
Index: 592, Matches: 282, Inliers: 32.6241 %, Current pose: 
  -0.9949031    0.0172356    0.0993519 -142.8728290 
   0.0244385    0.9971236    0.0717443    3.1258712 
  -0.0978296    0.0738066   -0.9924626  -42.1808417 
   0.0000000   -0.0000000    0.0000000    1.0000000 

Motion:
   0.9999963    0.0009371   -0.0025501    0.0055961 
  -0.0009411    0.9999983   -0.0015935    0.0562732 
   0.0025486    0.0015959    0.9999955   -1.0249769 
   0.0000000    0.0000000    0.0000000    1.0000000 

angles x: 3.067362 y: 0.069341 z: 3.117034 index: 592
NCC max: 0.992707 min: -0.474382 outliers: 75 disp outliers: 17 
NCC max: 1.000000 min: -0.904317 outliers: 621 disp outliers: 161 
Num matches pre bucket: 342
Max age: 7
Index: 593, Matches: 339, Inliers: 37.7581 %, Current pose: 
  -0.9950422    0.0191764    0.0975874 -142.7798643 
   0.0261772    0.9971347    0.0709725    3.1311631 
  -0.0959468    0.0731752   -0.9926931  -43.2019016 
   0.0000000   -0.0000000    0.0000000    1.0000000 

Motion:
   0.9999967    0.0018703   -0.0017577   -0.0056022 
  -0.0018688    0.9999979    0.0008203    0.0676568 
   0.0017592   -0.0008170    0.9999981   -1.0230469 
   0.0000000    0.0000000    0.0000000    1.0000000 

angles x: 3.068012 y: 0.068006 z: 3.115291 index: 593
NCC max: 0.999142 min: -0.350004 outliers: 85 disp outliers: 24 
NCC max: 1.000000 min: -0.841077 outliers: 635 disp outliers: 158 
Num matches pre bucket: 346
Max age: 7
Index: 594, Matches: 343, Inliers: 31.7784 %, Current pose: 
  -0.9951809    0.0204494    0.0958998 -142.6814890 
   0.0271714    0.9972243    0.0693208    3.1564235 
  -0.0942161    0.0715924   -0.9929742  -44.1918616 
   0.0000000   -0.0000000    0.0000000    1.0000000 

Motion:
   0.9999980    0.0011153   -0.0016611    0.0039448 
  -0.0011125    0.9999979    0.0017018    0.0436717 
   0.0016630   -0.0016999    0.9999972   -0.9941900 
   0.0000000    0.0000000    0.0000000    1.0000000 

angles x: 3.069618 y: 0.066775 z: 3.114296 index: 594
NCC max: 0.998890 min: -0.147911 outliers: 77 disp outliers: 19 
NCC max: 1.000000 min: -0.584795 outliers: 551 disp outliers: 158 
Num matches pre bucket: 341
Max age: 10
Index: 595, Matches: 336, Inliers: 31.5476 %, Current pose: 
  -0.9954917    0.0188018    0.0929666 -142.5571127 
   0.0251777    0.9973749    0.0678927    3.1902654 
  -0.0914460    0.0699273   -0.9933518  -45.1950976 
   0.0000000    0.0000000    0.0000000    1.0000000 

Motion:
   0.9999941   -0.0017962   -0.0029186    0.0312215 
   0.0018006    0.9999972    0.0015059    0.0340620 
   0.0029159   -0.0015111    0.9999946   -1.0104268 
   0.0000000    0.0000000    0.0000000    1.0000000 

angles x: 3.071313 y: 0.064803 z: 3.116306 index: 595
NCC max: 1.000000 min: -0.298486 outliers: 86 disp outliers: 26 
NCC max: 1.000000 min: -0.548801 outliers: 553 disp outliers: 86 
Num matches pre bucket: 343
Max age: 13
Index: 596, Matches: 337, Inliers: 31.7507 %, Current pose: 
  -0.9955294    0.0191383    0.0924927 -142.4829909 
   0.0255662    0.9973016    0.0688184    3.2261804 
  -0.0909260    0.0708754   -0.9933323  -46.2176022 
   0.0000000   -0.0000000    0.0000000    1.0000000 

Motion:
   0.9999998    0.0004231   -0.0004937   -0.0201000 
  -0.0004236    0.9999995   -0.0009155    0.0352337 
   0.0004933    0.0009157    0.9999995   -1.0250141 
   0.0000000    0.0000000    0.0000000    1.0000000 

angles x: 3.070362 y: 0.064436 z: 3.115917 index: 596
NCC max: 0.989131 min: -0.157506 outliers: 97 disp outliers: 20 
NCC max: 1.000000 min: -0.866117 outliers: 550 disp outliers: 167 
Num matches pre bucket: 297
Max age: 8
Index: 597, Matches: 296, Inliers: 31.0811 %, Current pose: 
  -0.9955549    0.0238448    0.0911144 -142.3575165 
   0.0294567    0.9977181    0.0607524    3.3142046 
  -0.0894578    0.0631663   -0.9939856  -47.2577693 
   0.0000000    0.0000000    0.0000000    1.0000000 

Motion:
   0.9999914    0.0039836   -0.0011930    0.0292727 
  -0.0039738    0.9999591    0.0081217   -0.0251118 
   0.0012253   -0.0081169    0.9999663   -1.0506913 
   0.0000000    0.0000000    0.0000000    1.0000000 

angles x: 3.078130 y: 0.063385 z: 3.112013 index: 597
NCC max: 0.997784 min: -0.447976 outliers: 78 disp outliers: 22 
NCC max: 1.000000 min: -0.848699 outliers: 567 disp outliers: 94 
Num matches pre bucket: 301
Max age: 9
Index: 598, Matches: 297, Inliers: 34.0067 %, Current pose: 
  -0.9954331    0.0262717    0.0917753 -142.2829126 
   0.0310138    0.9982357    0.0506331    3.3238795 
  -0.0902831    0.0532482   -0.9944916  -48.2478793 
   0.0000000    0.0000000    0.0000000    1.0000000 

Motion:
   0.9999984    0.0015043    0.0009260   -0.0154271 
  -0.0015136    0.9999477    0.0101110    0.0411038 
  -0.0009108   -0.0101124    0.9999485   -0.9919927 
   0.0000000    0.0000000    0.0000000    1.0000000 

angles x: 3.088101 y: 0.063955 z: 3.110447 index: 598
NCC max: 1.000000 min: -0.164337 outliers: 76 disp outliers: 28 
NCC max: 1.000000 min: -0.866230 outliers: 556 disp outliers: 185 
Num matches pre bucket: 314
Max age: 10
Index: 599, Matches: 306, Inliers: 38.5621 %, Current pose: 
  -0.9954986    0.0267665    0.0909181 -142.1663159 
   0.0307062    0.9986367    0.0422133    3.3581508 
  -0.0896643    0.0448151   -0.9949633  -49.2824575 
   0.0000000    0.0000000    0.0000000    1.0000000 

Motion:
   0.9999998   -0.0002758   -0.0006371    0.0222547 
   0.0002812    0.9999642    0.0084524    0.0090192 
   0.0006347   -0.0084525    0.9999641   -1.0414148 
   0.0000000    0.0000000    0.0000000    1.0000000 

angles x: 3.096581 y: 0.063503 z: 3.110757 index: 599
NCC max: 0.986513 min: -0.462728 outliers: 75 disp outliers: 25 
NCC max: 1.000000 min: -0.606876 outliers: 490 disp outliers: 152 
Num matches pre bucket: 282
Max age: 8
Index: 600, Matches: 279, Inliers: 38.7097 %, Current pose: 
  -0.9953208    0.0289101    0.0921993 -142.0907327 
   0.0326535    0.9986916    0.0393544    3.3539871 
  -0.0909410    0.0421809   -0.9949626  -50.2555139 
   0.0000000    0.0000000    0.0000000    1.0000000 

Motion:
   0.9999973    0.0018921    0.0013686   -0.0131252 
  -0.0018960    0.9999942    0.0028181    0.0430175 
  -0.0013633   -0.0028207    0.9999951   -0.9749596 
   0.0000000    0.0000000    0.0000000    1.0000000 

angles x: 3.099224 y: 0.064409 z: 3.108797 index: 600
NCC max: 1.000000 min: -0.255634 outliers: 71 disp outliers: 25 
NCC max: 1.000000 min: -0.835299 outliers: 512 disp outliers: 167 
Num matches pre bucket: 298
Max age: 12
Index: 601, Matches: 290, Inliers: 39.3103 %, Current pose: 
  -0.9950562    0.0303311    0.0945683 -142.0191350 
   0.0345592    0.9984600    0.0433965    3.3210587 
  -0.0931064    0.0464502   -0.9945721  -51.2367243 
   0.0000000    0.0000000    0.0000000    1.0000000 

Motion:
   0.9999958    0.0018195    0.0022540   -0.0189752 
  -0.0018102    0.9999898   -0.0041259    0.0762835 
  -0.0022614    0.0041218    0.9999889   -0.9812263 
   0.0000000    0.0000000    0.0000000    1.0000000 

angles x: 3.094923 y: 0.065954 z: 3.106876 index: 601
NCC max: 0.997792 min: -0.534375 outliers: 77 disp outliers: 26 
NCC max: 1.000000 min: -0.879993 outliers: 571 disp outliers: 187 
Num matches pre bucket: 320
Max age: 11
Index: 602, Matches: 317, Inliers: 42.2713 %, Current pose: 
  -0.9947763    0.0326077    0.0967309 -141.9440975 
   0.0372780    0.9982050    0.0468733    3.3104730 
  -0.0950289    0.0502344   -0.9942062  -52.2211273 
   0.0000000    0.0000000    0.0000000    1.0000000 

Motion:
   0.9999944    0.0026338    0.0020565   -0.0185065 
  -0.0026265    0.9999902   -0.0035594    0.0575708 
  -0.0020658    0.0035540    0.9999916   -0.9854619 
   0.0000000    0.0000000    0.0000000    1.0000000 

angles x: 3.091108 y: 0.067330 z: 3.104136 index: 602
NCC max: 1.000000 min: -0.347122 outliers: 101 disp outliers: 29 
NCC max: 1.000000 min: -0.988013 outliers: 546 disp outliers: 177 
Num matches pre bucket: 292
Max age: 7
Index: 603, Matches: 291, Inliers: 31.2715 %, Current pose: 
  -0.9943266    0.0373077    0.0996130 -141.8661539 
   0.0424933    0.9978220    0.0504531    3.2860185 
  -0.0975138    0.0543997   -0.9937463  -53.1325992 
   0.0000000    0.0000000    0.0000000    1.0000000 

Motion:
   0.9999832    0.0050958    0.0027585   -0.0103405 
  -0.0050856    0.9999802   -0.0037045    0.0710771 
  -0.0027773    0.0036904    0.9999893   -0.9123022 
   0.0000000    0.0000000    0.0000000    1.0000000 

angles x: 3.086905 y: 0.069114 z: 3.098883 index: 603
NCC max: 0.997836 min: -0.242930 outliers: 79 disp outliers: 31 
NCC max: 1.000000 min: -0.815118 outliers: 578 disp outliers: 185 
Num matches pre bucket: 339
Max age: 8
Index: 604, Matches: 334, Inliers: 37.7246 %, Current pose: 
  -0.9941718    0.0392675    0.1004019 -141.7686945 
   0.0446906    0.9976285    0.0523470    3.2835338 
  -0.0981082    0.0565290   -0.9935689  -54.1032295 
   0.0000000    0.0000000    0.0000000    1.0000000 

Motion:
   0.9999974    0.0021660    0.0007171    0.0017756 
  -0.0021646    0.9999958   -0.0019305    0.0535205 
  -0.0007212    0.0019289    0.9999979   -0.9740431 
   0.0000000    0.0000000    0.0000000    1.0000000 

angles x: 3.084759 y: 0.069546 z: 3.096670 index: 604
NCC max: 0.996717 min: -0.365510 outliers: 86 disp outliers: 31 
NCC max: 1.000000 min: -0.976638 outliers: 625 disp outliers: 162 
Num matches pre bucket: 295
Max age: 9
Index: 605, Matches: 293, Inliers: 32.0819 %, Current pose: 
  -0.9939501    0.0414525    0.1017101 -141.6876125 
   0.0472325    0.9973635    0.0550927    3.2833407 
  -0.0991582    0.0595634   -0.9932874  -55.0751901 
   0.0000000   -0.0000000    0.0000000    1.0000000 

Motion:
   0.9999962    0.0024852    0.0011985   -0.0157772 
  -0.0024818    0.9999930   -0.0028094    0.0547249 
  -0.0012055    0.0028065    0.9999953   -0.9736724 
   0.0000000    0.0000000    0.0000000    1.0000000 

angles x: 3.081698 y: 0.070305 z: 3.094108 index: 605
NCC max: 0.997006 min: -0.134389 outliers: 71 disp outliers: 33 
NCC max: 1.000000 min: -0.961825 outliers: 655 disp outliers: 179 
Num matches pre bucket: 351
Max age: 10
Index: 606, Matches: 348, Inliers: 31.0345 %, Current pose: 
  -0.9938765    0.0409171    0.1026411 -141.5987530 
   0.0467423    0.9973914    0.0550049    3.2859919 
  -0.1001227    0.0594657   -0.9931965  -56.0731217 
   0.0000000   -0.0000000    0.0000000    1.0000000 

Motion:
   0.9999994   -0.0005433    0.0009385   -0.0117243 
   0.0005432    0.9999999    0.0000441    0.0530625 
  -0.0009386   -0.0000436    0.9999996   -1.0004086 
   0.0000000    0.0000000    0.0000000    1.0000000 

angles x: 3.081791 y: 0.070988 z: 3.094597 index: 606
NCC max: 0.998504 min: -0.477901 outliers: 99 disp outliers: 37 
NCC max: 1.000000 min: -0.671572 outliers: 651 disp outliers: 219 
Num matches pre bucket: 261
Max age: 8
Index: 607, Matches: 259, Inliers: 32.8185 %, Current pose: 
  -0.9935577    0.0426911    0.1049793 -141.5234926 
   0.0485608    0.9973591    0.0540067    3.2883729 
  -0.1023965    0.0587567   -0.9930069  -57.0406356 
   0.0000000   -0.0000000    0.0000000    1.0000000 

Motion:
   0.9999957    0.0016916    0.0023910   -0.0244101 
  -0.0016937    0.9999982    0.0008845    0.0512602 
  -0.0023895   -0.0008886    0.9999968   -0.9687773 
   0.0000000    0.0000000    0.0000000    1.0000000 

angles x: 3.082491 y: 0.072608 z: 3.092756 index: 607
NCC max: 0.994356 min: -0.353951 outliers: 101 disp outliers: 36 
NCC max: 1.000000 min: -0.715377 outliers: 631 disp outliers: 190 
Num matches pre bucket: 318
Max age: 10
Index: 608, Matches: 310, Inliers: 35.1613 %, Current pose: 
  -0.9930590    0.0474795    0.1076078 -141.4429850 
   0.0532902    0.9972356    0.0517813    3.2923657 
  -0.1048517    0.0571563   -0.9928440  -58.0073967 
   0.0000000   -0.0000000    0.0000000    1.0000000 

Motion:
   0.9999857    0.0045940    0.0027459   -0.0216306 
  -0.0045997    0.9999872    0.0020852    0.0474523 
  -0.0027363   -0.0020978    0.9999941   -0.9687130 
   0.0000000    0.0000000    0.0000000    1.0000000 

angles x: 3.084088 y: 0.074365 z: 3.087981 index: 608
NCC max: 0.998009 min: -0.357087 outliers: 115 disp outliers: 36 
NCC max: 1.000000 min: -0.717958 outliers: 576 disp outliers: 200 
Num matches pre bucket: 229
Max age: 6
Index: 609, Matches: 228, Inliers: 30.2632 %, Current pose: 
  -0.9927281    0.0497043    0.1096375 -141.3234490 
   0.0555111    0.9971771    0.0505613    3.2652608 
  -0.1068149    0.0562797   -0.9926848  -58.9492792 
   0.0000000   -0.0000000    0.0000000    1.0000000 

Motion:
   0.9999956    0.0021182    0.0020997    0.0195643 
  -0.0021205    0.9999971    0.0011067    0.0740958 
  -0.0020973   -0.0011111    0.9999972   -0.9467276 
   0.0000000    0.0000000    0.0000000    1.0000000 

angles x: 3.084959 y: 0.075767 z: 3.085733 index: 609
NCC max: 1.000000 min: -0.556485 outliers: 89 disp outliers: 40 
NCC max: 1.000000 min: -0.619663 outliers: 585 disp outliers: 156 
Num matches pre bucket: 300
Max age: 11
Index: 610, Matches: 295, Inliers: 33.5593 %, Current pose: 
  -0.9922889    0.0487664    0.1139502 -141.2134364 
   0.0547764    0.9972350    0.0502191    3.2662119 
  -0.1111861    0.0560737   -0.9922164  -59.8782766 
   0.0000000   -0.0000000    0.0000000    1.0000000 

Motion:
   0.9999901   -0.0009568    0.0043503    0.0058206 
   0.0009564    0.9999995    0.0001046    0.0457789 
  -0.0043504   -0.0001005    0.9999905   -0.9343502 
   0.0000000    0.0000000    0.0000000    1.0000000 

angles x: 3.085139 y: 0.078870 z: 3.086447 index: 610
NCC max: 0.999775 min: -0.376841 outliers: 85 disp outliers: 42 
NCC max: 1.000000 min: -0.665880 outliers: 575 disp outliers: 217 
Num matches pre bucket: 304
Max age: 9
Index: 611, Matches: 303, Inliers: 36.3036 %, Current pose: 
  -0.9919444    0.0486433    0.1169625 -141.1112456 
   0.0543851    0.9974409    0.0464096    3.2697262 
  -0.1144057    0.0523968   -0.9920514  -60.8327786 
   0.0000000   -0.0000000    0.0000000    1.0000000 

Motion:
   0.9999947   -0.0005539    0.0032141   -0.0080239 
   0.0005422    0.9999932    0.0036446    0.0415366 
  -0.0032161   -0.0036428    0.9999882   -0.9590306 
   0.0000000    0.0000000    0.0000000    1.0000000 

angles x: 3.088825 y: 0.081150 z: 3.086821 index: 611
NCC max: 0.997665 min: -0.366642 outliers: 81 disp outliers: 36 
NCC max: 1.000000 min: -0.819706 outliers: 585 disp outliers: 158 
Num matches pre bucket: 346
Max age: 9
Index: 612, Matches: 344, Inliers: 35.7558 %, Current pose: 
  -0.9918499    0.0487911    0.1176997 -140.9925188 
   0.0544828    0.9974714    0.0456331    3.2617059 
  -0.1151756    0.0516737   -0.9920002  -61.7577140 
   0.0000000   -0.0000000    0.0000000    1.0000000 

Motion:
   0.9999997    0.0000617    0.0007795    0.0116661 
  -0.0000622    0.9999997    0.0007360    0.0500021 
  -0.0007794   -0.0007360    0.9999994   -0.9311442 
   0.0000000    0.0000000    0.0000000    1.0000000 

angles x: 3.089549 y: 0.081696 z: 3.086717 index: 612
NCC max: 0.995824 min: -0.189653 outliers: 88 disp outliers: 32 
NCC max: 1.000000 min: -0.601924 outliers: 486 disp outliers: 183 
Num matches pre bucket: 308
Max age: 10
Index: 613, Matches: 306, Inliers: 33.3333 %, Current pose: 
  -0.9917003    0.0465065    0.1198653 -140.8862609 
   0.0521044    0.9976720    0.0439970    3.2918481 
  -0.1175401    0.0498773   -0.9918148  -62.7078851 
   0.0000000   -0.0000000    0.0000000    1.0000000 

Motion:
   0.9999944   -0.0024872    0.0022547   -0.0078778 
   0.0024838    0.9999958    0.0015223    0.0123782 
  -0.0022584   -0.0015167    0.9999963   -0.9564566 
   0.0000000    0.0000000    0.0000000    1.0000000 

angles x: 3.091346 y: 0.083363 z: 3.089100 index: 613
NCC max: 0.997253 min: -0.289361 outliers: 80 disp outliers: 35 
NCC max: 1.000000 min: -0.915083 outliers: 568 disp outliers: 191 
Num matches pre bucket: 371
Max age: 8
Index: 614, Matches: 370, Inliers: 34.5946 %, Current pose: 
  -0.9917365    0.0435200    0.1206842 -140.7688513 
   0.0497070    0.9975740    0.0487371    3.2945181 
  -0.1182704    0.0543332   -0.9914938  -63.6174957 
   0.0000000   -0.0000000    0.0000000    1.0000000 

Motion:
   0.9999969   -0.0024299    0.0006145    0.0087266 
   0.0024329    0.9999856   -0.0047817    0.0416489 
  -0.0006029    0.0047831    0.9999884   -0.9161729 
   0.0000000    0.0000000    0.0000000    1.0000000 

angles x: 3.086848 y: 0.083882 z: 3.091513 index: 614
NCC max: 0.996325 min: 0.016976 outliers: 64 disp outliers: 35 
NCC max: 1.000000 min: -0.729524 outliers: 620 disp outliers: 214 
Num matches pre bucket: 375
Max age: 8
Index: 615, Matches: 374, Inliers: 36.8984 %, Current pose: 
  -0.9917989    0.0420256    0.1207013 -140.6501829 
   0.0487862    0.9973694    0.0536119    3.2985669 
  -0.1181307    0.0590607   -0.9912401  -64.5686475 
   0.0000000   -0.0000000    0.0000000    1.0000000 

Motion:
   0.9999996   -0.0009137   -0.0001909    0.0051375 
   0.0009128    0.9999877   -0.0048777    0.0471505 
   0.0001954    0.0048775    0.9999881   -0.9573603 
   0.0000000    0.0000000    0.0000000    1.0000000 

angles x: 3.082080 y: 0.083789 z: 3.092443 index: 615
NCC max: 0.999172 min: -0.419865 outliers: 62 disp outliers: 36 
NCC max: 1.000000 min: -0.875899 outliers: 623 disp outliers: 177 
Num matches pre bucket: 459
Max age: 9
Index: 616, Matches: 454, Inliers: 39.207 %, Current pose: 
  -0.9917347    0.0421241    0.1211936 -140.5561737 
   0.0493461    0.9971414    0.0572188    3.2844147 
  -0.1184369    0.0627263   -0.9909784  -65.4902819 
   0.0000000   -0.0000000    0.0000000    1.0000000 

Motion:
   0.9999998    0.0005431    0.0003413   -0.0152250 
  -0.0005418    0.9999933   -0.0036338    0.0679625 
  -0.0003433    0.0036337    0.9999933   -0.9239033 
   0.0000000    0.0000000    0.0000000    1.0000000 

angles x: 3.078380 y: 0.084017 z: 3.091876 index: 616
NCC max: 0.997978 min: -0.353168 outliers: 68 disp outliers: 31 
NCC max: 1.000000 min: -0.820869 outliers: 541 disp outliers: 166 
Num matches pre bucket: 453
Max age: 10
Index: 617, Matches: 437, Inliers: 38.4439 %, Current pose: 
  -0.9921156    0.0396557    0.1188866 -140.4278883 
   0.0467002    0.9972777    0.0570646    3.3043198 
  -0.1163001    0.0621667   -0.9912667  -66.3904553 
   0.0000000   -0.0000000    0.0000000    1.0000000 

Motion:
   0.9999941   -0.0025203   -0.0023151    0.0216542 
   0.0025210    0.9999968    0.0002632    0.0310226 
   0.0023145   -0.0002691    0.9999973   -0.9086991 
   0.0000000    0.0000000    0.0000000    1.0000000 

angles x: 3.078960 y: 0.082487 z: 3.094556 index: 617
NCC max: 0.997377 min: -0.440237 outliers: 72 disp outliers: 34 
NCC max: 1.000000 min: -0.774711 outliers: 523 disp outliers: 116 
Num matches pre bucket: 445
Max age: 7
Index: 618, Matches: 419, Inliers: 36.0382 %, Current pose: 
  -0.9924440    0.0383650    0.1165461 -140.3119595 
   0.0453304    0.9973035    0.0577145    3.2987090 
  -0.1140176    0.0625615   -0.9915070  -67.2603752 
   0.0000000    0.0000000    0.0000000    1.0000000 

Motion:
   0.9999964   -0.0012372   -0.0023797    0.0161210 
   0.0012359    0.9999991   -0.0005433    0.0555715 
   0.0023804    0.0005404    0.9999970   -0.8757189 
   0.0000000    0.0000000    0.0000000    1.0000000 

angles x: 3.078579 y: 0.080861 z: 3.095949 index: 618
NCC max: 0.999264 min: -0.190529 outliers: 86 disp outliers: 29 
NCC max: 1.000000 min: -0.868840 outliers: 546 disp outliers: 171 
Num matches pre bucket: 441
Max age: 12
Index: 619, Matches: 416, Inliers: 45.4327 %, Current pose: 
  -0.9929943    0.0361578    0.1124942 -140.2040552 
   0.0429082    0.9973839    0.0581748    3.3091915 
  -0.1100964    0.0625942   -0.9919480  -68.1408779 
   0.0000000    0.0000000    0.0000000    1.0000000 

Motion:
   0.9999892   -0.0021916   -0.0040918    0.0097583 
   0.0021904    0.9999976   -0.0002849    0.0407577 
   0.0040924    0.0002760    0.9999916   -0.8861613 
   0.0000000    0.0000000    0.0000000    1.0000000 

angles x: 3.078574 y: 0.078067 z: 3.098409 index: 619
NCC max: 0.996810 min: -0.492781 outliers: 75 disp outliers: 32 
NCC max: 1.000000 min: -0.676951 outliers: 455 disp outliers: 176 
Num matches pre bucket: 402
Max age: 10
Index: 620, Matches: 383, Inliers: 47.5196 %, Current pose: 
  -0.9934605    0.0374662    0.1078546 -140.1211620 
   0.0440722    0.9972531    0.0595307    3.3037143 
  -0.1053279    0.0638948   -0.9923827  -69.0149764 
   0.0000000    0.0000000    0.0000000    1.0000000 

Motion:
   0.9999878    0.0014426   -0.0047148   -0.0094744 
  -0.0014480    0.9999983   -0.0011506    0.0582069 
   0.0047132    0.0011574    0.9999882   -0.8760546 
   0.0000000    0.0000000    0.0000000    1.0000000 

angles x: 3.077296 y: 0.074686 z: 3.097260 index: 620
NCC max: 0.995240 min: -0.331198 outliers: 73 disp outliers: 27 
NCC max: 1.000000 min: -0.665402 outliers: 438 disp outliers: 157 
Num matches pre bucket: 364
Max age: 11
Index: 621, Matches: 361, Inliers: 45.1524 %, Current pose: 
  -0.9941215    0.0396743    0.1007395 -140.0429790 
   0.0458936    0.9971315    0.0601881    3.3204004 
  -0.0980626    0.0644575   -0.9930906  -69.8953556 
   0.0000000   -0.0000000    0.0000000    1.0000000 

Motion:
   0.9999717    0.0022559   -0.0071729   -0.0093747 
  -0.0022583    0.9999974   -0.0003275    0.0370070 
   0.0071721    0.0003437    0.9999742   -0.8831767 
   0.0000000    0.0000000    0.0000000    1.0000000 

angles x: 3.076777 y: 0.069533 z: 3.095460 index: 621
NCC max: 0.996368 min: -0.546576 outliers: 83 disp outliers: 26 
NCC max: 1.000000 min: -0.710939 outliers: 559 disp outliers: 142 
Num matches pre bucket: 354
Max age: 12
Index: 622, Matches: 348, Inliers: 43.3908 %, Current pose: 
  -0.9946810    0.0426088    0.0937776 -139.9908984 
   0.0485329    0.9969063    0.0618247    3.3342699 
  -0.0908532    0.0660472   -0.9936717  -70.7291170 
   0.0000000   -0.0000000    0.0000000    1.0000000 

Motion:
   0.9999704    0.0030742   -0.0070571   -0.0246194 
  -0.0030835    0.9999944   -0.0012966    0.0390219 
   0.0070530    0.0013183    0.9999743   -0.8342265 
   0.0000000    0.0000000    0.0000000    1.0000000 

angles x: 3.075222 y: 0.064425 z: 3.092839 index: 622
NCC max: 0.998640 min: 0.008560 outliers: 70 disp outliers: 29 
NCC max: 1.000000 min: -0.645379 outliers: 517 disp outliers: 132 
Num matches pre bucket: 388
Max age: 13
Index: 623, Matches: 373, Inliers: 41.0188 %, Current pose: 
  -0.9952626    0.0458474    0.0857341 -139.9157013 
   0.0515175    0.9965456    0.0651373    3.3419176 
  -0.0824515    0.0692456   -0.9941865  -71.4824515 
   0.0000000   -0.0000000    0.0000000    1.0000000 

Motion:
   0.9999601    0.0035056   -0.0082186    0.0123333 
  -0.0035295    0.9999896   -0.0028967    0.0410962 
   0.0082083    0.0029256    0.9999620   -0.7559001 
   0.0000000    0.0000000    0.0000000    1.0000000 

angles x: 3.072054 y: 0.058475 z: 3.089876 index: 623
NCC max: 0.999651 min: -0.283221 outliers: 65 disp outliers: 38 
NCC max: 1.000000 min: -0.726028 outliers: 604 disp outliers: 174 
Num matches pre bucket: 429
Max age: 8
Index: 624, Matches: 422, Inliers: 45.4976 %, Current pose: 
  -0.9954797    0.0520566    0.0794368 -139.8961869 
   0.0572750    0.9962472    0.0648934    3.3941616 
  -0.0757606    0.0691498   -0.9947254  -72.2812127 
   0.0000000   -0.0000000    0.0000000    1.0000000 

Motion:
   0.9999610    0.0061910   -0.0062956   -0.0440807 
  -0.0061872    0.9999807    0.0006081    0.0021705 
   0.0062993   -0.0005691    0.9999800   -0.7994885 
   0.0000000    0.0000000    0.0000000    1.0000000 

angles x: 3.072188 y: 0.053742 z: 3.084121 index: 624
NCC max: 0.997589 min: -0.578731 outliers: 88 disp outliers: 22 
NCC max: 1.000000 min: -0.757894 outliers: 651 disp outliers: 150 
Num matches pre bucket: 479
Max age: 9
Index: 625, Matches: 475, Inliers: 52.2105 %, Current pose: 
  -0.9959334    0.0537329    0.0723144 -139.8627277 
   0.0585306    0.9961049    0.0659485    3.4187678 
  -0.0684891    0.0699129   -0.9951992  -73.0494789 
   0.0000000   -0.0000000    0.0000000    1.0000000 

Motion:
   0.9999727    0.0017301   -0.0071877   -0.0207349 
  -0.0017347    0.9999983   -0.0006352    0.0274035 
   0.0071866    0.0006476    0.9999740   -0.7686202 
   0.0000000    0.0000000    0.0000000    1.0000000 

angles x: 3.071458 y: 0.048584 z: 3.082891 index: 625
NCC max: 0.998900 min: -0.326632 outliers: 103 disp outliers: 26 
NCC max: 1.000000 min: -0.716294 outliers: 750 disp outliers: 148 
Num matches pre bucket: 462
Max age: 7
Index: 626, Matches: 451, Inliers: 51.4412 %, Current pose: 
  -0.9963244    0.0554204    0.0653164 -139.8341946 
   0.0598241    0.9959232    0.0675138    3.4354021 
  -0.0613084    0.0711731   -0.9955781  -73.8007169 
   0.0000000   -0.0000000    0.0000000    1.0000000 

Motion:
   0.9999733    0.0017694   -0.0070892   -0.0186241 
  -0.0017776    0.9999978   -0.0011440    0.0353201 
   0.0070871    0.0011566    0.9999742   -0.7509029 
   0.0000000    0.0000000    0.0000000    1.0000000 

angles x: 3.070225 y: 0.043493 z: 3.081620 index: 626
NCC max: 0.996886 min: -0.430013 outliers: 94 disp outliers: 24 
NCC max: 1.000000 min: -0.969046 outliers: 709 disp outliers: 121 
Num matches pre bucket: 511
Max age: 10
Index: 627, Matches: 484, Inliers: 45.4545 %, Current pose: 
  -0.9966816    0.0574094    0.0577054 -139.7788445 
   0.0612865    0.9958128    0.0678296    3.4400876 
  -0.0535697    0.0711411   -0.9960267  -74.4497032 
   0.0000000   -0.0000000    0.0000000    1.0000000 

Motion:
   0.9999689    0.0019875   -0.0076291    0.0201132 
  -0.0019864    0.9999980    0.0001543    0.0383261 
   0.0076294   -0.0001391    0.9999709   -0.6499194 
   0.0000000    0.0000000    0.0000000    1.0000000 

angles x: 3.070289 y: 0.038004 z: 3.080179 index: 627
NCC max: 0.998547 min: -0.332305 outliers: 92 disp outliers: 25 
NCC max: 1.000000 min: -0.803483 outliers: 661 disp outliers: 129 
Num matches pre bucket: 502
Max age: 11
Index: 628, Matches: 487, Inliers: 45.1745 %, Current pose: 
  -0.9968465    0.0597969    0.0521676 -139.7649915 
   0.0631981    0.9958038    0.0661877    3.4525752 
  -0.0479908    0.0692759   -0.9964425  -75.1268409 
   0.0000000   -0.0000000    0.0000000    1.0000000 

Motion:
   0.9999826    0.0022910   -0.0054366   -0.0194763 
  -0.0022802    0.9999954    0.0019950    0.0336458 
   0.0054411   -0.0019826    0.9999832   -0.6762780 
   0.0000000    0.0000000    0.0000000    1.0000000 

angles x: 3.072181 y: 0.034047 z: 3.078279 index: 628
NCC max: 0.997698 min: -0.378645 outliers: 89 disp outliers: 27 
NCC max: 1.000000 min: -0.803736 outliers: 646 disp outliers: 145 
Num matches pre bucket: 446
Max age: 12
Index: 629, Matches: 430, Inliers: 48.8372 %, Current pose: 
  -0.9969378    0.0626193    0.0468384 -139.7579821 
   0.0655996    0.9957229    0.0650590    3.4555682 
  -0.0425641    0.0679323   -0.9967816  -75.7756831 
   0.0000000   -0.0000000    0.0000000    1.0000000 

Motion:
   0.9999824    0.0027618   -0.0052533   -0.0208258 
  -0.0027541    0.9999951    0.0014806    0.0406582 
   0.0052573   -0.0014661    0.9999851   -0.6472771 
   0.0000000    0.0000000    0.0000000    1.0000000 

angles x: 3.073546 y: 0.030199 z: 3.075886 index: 629
NCC max: 0.997776 min: -0.336879 outliers: 107 disp outliers: 26 
NCC max: 1.000000 min: -0.793772 outliers: 603 disp outliers: 140 
Num matches pre bucket: 434
Max age: 11
Index: 630, Matches: 429, Inliers: 41.2587 %, Current pose: 
  -0.9970080    0.0654149    0.0411827 -139.7374702 
   0.0680292    0.9955208    0.0656529    3.4375025 
  -0.0367036    0.0682581   -0.9969923  -76.3993056 
   0.0000000   -0.0000000    0.0000000    1.0000000 

Motion:
   0.9999799    0.0028129   -0.0056868   -0.0012097 
  -0.0028141    0.9999960   -0.0002069    0.0592103 
   0.0056862    0.0002229    0.9999838   -0.6214055 
   0.0000000    0.0000000    0.0000000    1.0000000 

angles x: 3.073235 y: 0.026045 z: 3.073465 index: 630
NCC max: 0.997670 min: -0.515040 outliers: 107 disp outliers: 31 
NCC max: 1.000000 min: -0.813178 outliers: 619 disp outliers: 123 
Num matches pre bucket: 364
Max age: 9
Index: 631, Matches: 360, Inliers: 43.3333 %, Current pose: 
  -0.9969278    0.0688754    0.0372977 -139.7518343 
   0.0711314    0.9954768    0.0629791    3.4793697 
  -0.0327913    0.0654386   -0.9973177  -77.0163358 
   0.0000000   -0.0000000    0.0000000    1.0000000 

Motion:
   0.9999875    0.0033606   -0.0036936   -0.0375312 
  -0.0033497    0.9999900    0.0029506   -0.0003108 
   0.0037035   -0.0029382    0.9999888   -0.6174761 
   0.0000000    0.0000000    0.0000000    1.0000000 

angles x: 3.076072 y: 0.023271 z: 3.070363 index: 631
NCC max: 0.995345 min: -0.288739 outliers: 105 disp outliers: 29 
NCC max: 1.000000 min: -0.670147 outliers: 563 disp outliers: 138 
Num matches pre bucket: 400
Max age: 10
Index: 632, Matches: 383, Inliers: 40.7311 %, Current pose: 
  -0.9967489    0.0730474    0.0339955 -139.7686723 
   0.0751755    0.9949693    0.0662170    3.4995268 
  -0.0289875    0.0685574   -0.9972260  -77.6026322 
   0.0000000   -0.0000000    0.0000000    1.0000000 

Motion:
   0.9999846    0.0042870   -0.0035322   -0.0352939 
  -0.0042976    0.9999863   -0.0029867    0.0213692 
   0.0035193    0.0030019    0.9999893   -0.5854323 
   0.0000000    0.0000000    0.0000000    1.0000000 

angles x: 3.072953 y: 0.020580 z: 3.066314 index: 632
NCC max: 0.994586 min: -0.345998 outliers: 89 disp outliers: 15 
NCC max: 1.000000 min: -0.682223 outliers: 625 disp outliers: 80 
Num matches pre bucket: 444
Max age: 10
Index: 633, Matches: 435, Inliers: 42.7586 %, Current pose: 
  -0.9966553    0.0757055    0.0307715 -139.7694582 
   0.0777251    0.9944559    0.0708255    3.4934554 
  -0.0252390    0.0729803   -0.9970140  -78.1471995 
   0.0000000   -0.0000000    0.0000000    1.0000000 

Motion:
   0.9999897    0.0028007   -0.0035661   -0.0140557 
  -0.0028162    0.9999866   -0.0043543    0.0458399 
   0.0035539    0.0043643    0.9999842   -0.5424870 
   0.0000000    0.0000000    0.0000000    1.0000000 

angles x: 3.068524 y: 0.017924 z: 3.063764 index: 633
NCC max: 0.998621 min: -0.170825 outliers: 94 disp outliers: 8 
NCC max: 0.998621 min: -0.769871 outliers: 681 disp outliers: 31 
Num matches pre bucket: 433
Max age: 11
Index: 634, Matches: 427, Inliers: 42.1546 %, Current pose: 
  -0.9964177    0.0794752    0.0289051 -139.7927924 
   0.0814252    0.9939225    0.0740815    3.4903676 
  -0.0228418    0.0761698   -0.9968332  -78.6600029 
   0.0000000   -0.0000000    0.0000000    1.0000000 

Motion:
   0.9999903    0.0038725   -0.0021207   -0.0347125 
  -0.0038790    0.9999877   -0.0031017    0.0439837 
   0.0021087    0.0031099    0.9999929   -0.5102762 
   0.0000000    0.0000000    0.0000000    1.0000000 

angles x: 3.065329 y: 0.016229 z: 3.060056 index: 634
NCC max: 0.996603 min: 0.017580 outliers: 86 disp outliers: 7 
NCC max: 1.000000 min: -0.579453 outliers: 645 disp outliers: 14 
Num matches pre bucket: 473
Max age: 16
Index: 635, Matches: 460, Inliers: 36.3043 %, Current pose: 
  -0.9964814    0.0797236    0.0258652 -139.7888770 
   0.0814677    0.9938202    0.0753953    3.5040990 
  -0.0196946    0.0772372   -0.9968182  -79.1342157 
   0.0000000   -0.0000000    0.0000000    1.0000000 

Motion:
   0.9999950    0.0002769   -0.0031359   -0.0065565 
  -0.0002802    0.9999994   -0.0010644    0.0226681 
   0.0031357    0.0010653    0.9999945   -0.4738405 
   0.0000000    0.0000000    0.0000000    1.0000000 

angles x: 3.064263 y: 0.013993 z: 3.060019 index: 635
NCC max: 0.995001 min: -0.205196 outliers: 107 disp outliers: 6 
NCC max: 1.000000 min: -0.688294 outliers: 641 disp outliers: 4 
Num matches pre bucket: 441
Max age: 11
Index: 636, Matches: 434, Inliers: 35.7143 %, Current pose: 
  -0.9962604    0.0828153    0.0246327 -139.7986176 
   0.0845229    0.9932780    0.0790869    3.4894343 
  -0.0179176    0.0808732   -0.9965633  -79.5648655 
   0.0000000   -0.0000000    0.0000000    1.0000000 

Motion:
   0.9999937    0.0031912   -0.0015353   -0.0161808 
  -0.0031966    0.9999885   -0.0035854    0.0502009 
   0.0015238    0.0035903    0.9999924   -0.4277701 
   0.0000000    0.0000000    0.0000000    1.0000000 

angles x: 3.060618 y: 0.012736 z: 3.056955 index: 636
NCC max: 0.998855 min: -0.091243 outliers: 98 disp outliers: 5 
NCC max: 1.000000 min: -0.622395 outliers: 622 disp outliers: 3 
Num matches pre bucket: 457
Max age: 12
Index: 637, Matches: 452, Inliers: 25.885 %, Current pose: 
  -0.9959866    0.0866845    0.0222824 -139.7941073 
   0.0882101    0.9928535    0.0803801    3.5097368 
  -0.0151554    0.0820230   -0.9965152  -79.9893371 
   0.0000000   -0.0000000    0.0000000    1.0000000 

Motion:
   0.9999893    0.0039085   -0.0024543   -0.0037317 
  -0.0039112    0.9999918   -0.0010841    0.0142680 
   0.0024500    0.0010937    0.9999964   -0.4247249 
   0.0000000    0.0000000    0.0000000    1.0000000 

angles x: 3.059468 y: 0.010776 z: 3.053257 index: 637
NCC max: 0.999102 min: -0.339635 outliers: 94 disp outliers: 2 
NCC max: 1.000000 min: -0.780997 outliers: 503 disp outliers: 3 
Num matches pre bucket: 483
Max age: 13
Index: 638, Matches: 472, Inliers: 15.8898 %, Current pose: 
  -0.9955476    0.0904920    0.0263868 -139.9219638 
   0.0924305    0.9920827    0.0850203    3.4598159 
  -0.0184843    0.0870807   -0.9960298  -80.3623137 
   0.0000000   -0.0000000    0.0000000    1.0000000 

Motion:
   0.9999855    0.0039552    0.0036663   -0.1295672 
  -0.0039368    0.9999797   -0.0050171    0.0935748 
  -0.0036860    0.0050026    0.9999807   -0.3638777 
   0.0000000    0.0000000    0.0000000    1.0000000 

angles x: 3.054387 y: 0.013151 z: 3.049014 index: 638
NCC max: 0.999149 min: -0.186458 outliers: 95 disp outliers: 3 
NCC max: 1.000000 min: -0.588451 outliers: 405 disp outliers: 1 
Num matches pre bucket: 450
Max age: 14
Index: 639, Matches: 446, Inliers: 16.8161 %, Current pose: 
  -0.9956757    0.0892821    0.0256650 -139.9047932 
   0.0912447    0.9917816    0.0896867    3.4247300 
  -0.0174467    0.0916407   -0.9956393  -80.7117547 
   0.0000000   -0.0000000    0.0000000    1.0000000 

Motion:
   0.9999988   -0.0010976   -0.0011376    0.0142011 
   0.0010924    0.9999888   -0.0045995    0.0652875 
   0.0011427    0.0045982    0.9999888   -0.3452112 
   0.0000000    0.0000000    0.0000000    1.0000000 

angles x: 3.049809 y: 0.012414 z: 3.050207 index: 639
NCC max: 0.999396 min: -0.290054 outliers: 93 disp outliers: 2 
NCC max: 1.000000 min: -0.751540 outliers: 395 disp outliers: 1 
Num matches pre bucket: 522
Max age: 15
Index: 640, Matches: 504, Inliers: 17.4603 %, Current pose: 
  -0.9962307    0.0854147    0.0151231 -139.7676857 
   0.0864458    0.9920334    0.0916345    3.3677140 
  -0.0071757    0.0925965   -0.9956779  -80.8123351 
   0.0000000   -0.0000000    0.0000000    1.0000000 

Motion:
   0.9999356   -0.0038677   -0.0106709    0.1407978 
   0.0038570    0.9999920   -0.0010283    0.0541641 
   0.0106748    0.0009870    0.9999425   -0.0969945 
   0.0000000    0.0000000    0.0000000    1.0000000 

angles x: 3.048861 y: 0.005104 z: 3.055037 index: 640
NCC max: 1.000000 min: -0.286457 outliers: 102 disp outliers: 7 
NCC max: 1.000000 min: -0.504076 outliers: 457 disp outliers: 7 
Num matches pre bucket: 485
Max age: 16
Index: 641, Matches: 469, Inliers: 27.0789 %, Current pose: 
  -0.9961556    0.0857057    0.0181283 -139.7934233 
   0.0870265    0.9918713    0.0928321    3.3826425 
  -0.0100247    0.0940529   -0.9955167  -81.1098127 
   0.0000000   -0.0000000    0.0000000    1.0000000 

Motion:
   0.9999958    0.0003186    0.0028911   -0.0299199 
  -0.0003144    0.9999989   -0.0014606    0.0153774 
  -0.0028916    0.0014596    0.9999948   -0.2970632 
   0.0000000    0.0000000    0.0000000    1.0000000 

angles x: 3.047396 y: 0.007131 z: 3.054451 index: 641
NCC max: 1.000000 min: -0.386634 outliers: 77 disp outliers: 30 
NCC max: 1.000000 min: -0.692149 outliers: 502 disp outliers: 70 
Num matches pre bucket: 491
Max age: 12
Index: 642, Matches: 483, Inliers: 32.7122 %, Current pose: 
  -0.9961620    0.0851673    0.0201922 -139.7973593 
   0.0866797    0.9919407    0.0924139    3.3932330 
  -0.0121588    0.0938095   -0.9955159  -81.3522188 
   0.0000000   -0.0000000    0.0000000    1.0000000 

Motion:
   0.9999977   -0.0005453    0.0020922   -0.0077863 
   0.0005448    0.9999998    0.0002390    0.0125700 
  -0.0020923   -0.0002378    0.9999978   -0.2422184 
   0.0000000    0.0000000    0.0000000    1.0000000 

angles x: 3.047638 y: 0.008649 z: 3.054798 index: 642
NCC max: 1.000000 min: -0.294097 outliers: 87 disp outliers: 23 
NCC max: 1.000000 min: -0.765569 outliers: 590 disp outliers: 101 
Num matches pre bucket: 448
Max age: 10
Index: 643, Matches: 435, Inliers: 27.8161 %, Current pose: 
  -0.9962047    0.0848893    0.0192378 -139.7216044 
   0.0862778    0.9922605    0.0893044    3.4424987 
  -0.0115079    0.0906253   -0.9958186  -81.5736949 
   0.0000000   -0.0000000    0.0000000    1.0000000 

Motion:
   0.9999997   -0.0003412   -0.0006860    0.0686682 
   0.0003434    0.9999948    0.0031939   -0.0352438 
   0.0006849   -0.0031941    0.9999947   -0.2264069 
   0.0000000    0.0000000    0.0000000    1.0000000 

angles x: 3.050837 y: 0.008184 z: 3.055202 index: 643
NCC max: 1.000000 min: -0.397962 outliers: 85 disp outliers: 19 
NCC max: 1.000000 min: -0.524282 outliers: 595 disp outliers: 125 
Num matches pre bucket: 556
Max age: 11
Index: 644, Matches: 536, Inliers: 34.1418 %, Current pose: 
  -0.9962615    0.0839067    0.0205600 -139.7035882 
   0.0853678    0.9926822    0.0854076    3.4631032 
  -0.0132433    0.0868435   -0.9961339  -81.7828204 
   0.0000000   -0.0000000    0.0000000    1.0000000 

Motion:
   0.9999981   -0.0010650    0.0016458    0.0134203 
   0.0010588    0.9999923    0.0037847   -0.0038042 
  -0.0016498   -0.0037830    0.9999915   -0.2104473 
   0.0000000    0.0000000    0.0000000    1.0000000 

angles x: 3.054632 y: 0.009416 z: 3.056113 index: 644
NCC max: 0.998297 min: -0.100848 outliers: 103 disp outliers: 24 
NCC max: 1.000000 min: -0.521375 outliers: 771 disp outliers: 133 
Num matches pre bucket: 544
Max age: 10
Index: 645, Matches: 524, Inliers: 43.7023 %, Current pose: 
  -0.9961390    0.0846825    0.0231490 -139.7065498 
   0.0862235    0.9933268    0.0765984    3.5096942 
  -0.0165080    0.0782986   -0.9967933  -81.9809179 
   0.0000000   -0.0000000    0.0000000    1.0000000 

Motion:
   0.9999943    0.0005762    0.0033276   -0.0102376 
  -0.0006047    0.9999630    0.0085828   -0.0305186 
  -0.0033226   -0.0085848    0.9999576   -0.2009625 
   0.0000000    0.0000000    0.0000000    1.0000000 

angles x: 3.063203 y: 0.011734 z: 3.055250 index: 645
NCC max: 0.998469 min: -0.443568 outliers: 101 disp outliers: 24 
NCC max: 1.000000 min: -0.760373 outliers: 872 disp outliers: 134 
Num matches pre bucket: 570
Max age: 12
Index: 646, Matches: 562, Inliers: 54.0925 %, Current pose: 
  -0.9960228    0.0855277    0.0249702 -139.6922035 
   0.0871394    0.9935307    0.0728248    3.5024203 
  -0.0185801    0.0747111   -0.9970321  -82.1652247 
   0.0000000   -0.0000000    0.0000000    1.0000000 

Motion:
   0.9999974    0.0007574    0.0021383    0.0114986 
  -0.0007651    0.9999932    0.0036113    0.0197696 
  -0.0021356   -0.0036129    0.9999912   -0.1835883 
   0.0000000    0.0000000    0.0000000    1.0000000 

angles x: 3.066799 y: 0.013206 z: 3.054327 index: 646
NCC max: 0.996378 min: -0.587507 outliers: 106 disp outliers: 21 
NCC max: 1.000000 min: -0.587507 outliers: 917 disp outliers: 131 
Num matches pre bucket: 582
Max age: 10
Index: 647, Matches: 574, Inliers: 45.6446 %, Current pose: 
  -0.9958100    0.0873305    0.0271250 -139.6811210 
   0.0891119    0.9933101    0.0734447    3.4925193 
  -0.0205295    0.0755541   -0.9969303  -82.3341268 
   0.0000000   -0.0000000    0.0000000    1.0000000 

Motion:
   0.9999961    0.0018323    0.0020926    0.0084510 
  -0.0018306    0.9999980   -0.0008116    0.0216282 
  -0.0020941    0.0008077    0.9999975   -0.1679570 
   0.0000000    0.0000000    0.0000000    1.0000000 

angles x: 3.065951 y: 0.014595 z: 3.052344 index: 647
NCC max: 0.998806 min: -0.358156 outliers: 118 disp outliers: 22 
NCC max: 1.000000 min: -0.575738 outliers: 936 disp outliers: 42 
Num matches pre bucket: 618
Max age: 13
Index: 648, Matches: 604, Inliers: 41.8874 %, Current pose: 
  -0.9958135    0.0865373    0.0294400 -139.6688525 
   0.0885529    0.9931724    0.0759411    3.5012441 
  -0.0226672    0.0782302   -0.9966776  -82.5226313 
   0.0000000   -0.0000000    0.0000000    1.0000000 

Motion:
   0.9999976   -0.0007171    0.0020900    0.0071716 
   0.0007227    0.9999961   -0.0026995    0.0050198 
  -0.0020880    0.0027010    0.9999942   -0.1889019 
   0.0000000    0.0000000    0.0000000    1.0000000 

angles x: 3.063262 y: 0.016116 z: 3.052901 index: 648
NCC max: 0.996106 min: -0.273819 outliers: 111 disp outliers: 24 
NCC max: 1.000000 min: -0.553615 outliers: 904 disp outliers: 105 
Num matches pre bucket: 639
Max age: 14
Index: 649, Matches: 626, Inliers: 45.5272 %, Current pose: 
  -0.9960522    0.0827961    0.0320116 -139.6434893 
   0.0850488    0.9934010    0.0769497    3.5051799 
  -0.0254292    0.0793685   -0.9965209  -82.7031969 
   0.0000000   -0.0000000    0.0000000    1.0000000 

Motion:
   0.9999900   -0.0037169    0.0024796    0.0203367 
   0.0037199    0.9999923   -0.0012273    0.0083214 
  -0.0024751    0.0012365    0.9999962   -0.1810522 
   0.0000000    0.0000000    0.0000000    1.0000000 

angles x: 3.062115 y: 0.018074 z: 3.056413 index: 649
NCC max: 0.998443 min: -0.615091 outliers: 110 disp outliers: 24 
NCC max: 1.000000 min: -0.780932 outliers: 884 disp outliers: 123 
Num matches pre bucket: 665
Max age: 14
Index: 650, Matches: 651, Inliers: 44.3932 %, Current pose: 
  -0.9959886    0.0819339    0.0359655 -139.6364502 
   0.0844653    0.9935500    0.0756570    3.5044464 
  -0.0295347    0.0783914   -0.9964851  -82.8480221 
   0.0000000   -0.0000000    0.0000000    1.0000000 

Motion:
   0.9999914   -0.0009002    0.0040483    0.0027954 
   0.0008964    0.9999991    0.0009576    0.0115051 
  -0.0040492   -0.0009539    0.9999913   -0.1445139 
   0.0000000    0.0000000    0.0000000    1.0000000 

angles x: 3.063087 y: 0.020991 z: 3.056990 index: 650
NCC max: 0.995931 min: -0.596886 outliers: 121 disp outliers: 28 
NCC max: 1.000000 min: -0.842776 outliers: 903 disp outliers: 136 
Num matches pre bucket: 652
Max age: 16
Index: 651, Matches: 640, Inliers: 51.0938 %, Current pose: 
  -0.9955707    0.0846613    0.0408835 -139.6524041 
   0.0874984    0.9934512    0.0734765    3.5221912 
  -0.0343952    0.0767283   -0.9964586  -83.0041099 
   0.0000000   -0.0000000    0.0000000    1.0000000 

Motion:
   0.9999835    0.0026668    0.0050879   -0.0228045 
  -0.0026757    0.9999949    0.0017478   -0.0043015 
  -0.0050833   -0.0017614    0.9999855   -0.1561866 
   0.0000000    0.0000000    0.0000000    1.0000000 

angles x: 3.064743 y: 0.024450 z: 3.053930 index: 651
NCC max: 0.997247 min: -0.345708 outliers: 108 disp outliers: 22 
NCC max: 1.000000 min: -0.727189 outliers: 810 disp outliers: 123 
Num matches pre bucket: 705
Max age: 18
Index: 652, Matches: 672, Inliers: 45.3869 %, Current pose: 
  -0.9950264    0.0881341    0.0464193 -139.6636090 
   0.0913763    0.9931300    0.0730975    3.5109900 
  -0.0396580    0.0769756   -0.9962439  -83.1428980 
   0.0000000   -0.0000000    0.0000000    1.0000000 

Motion:
   0.9999785    0.0034947    0.0055514   -0.0156297 
  -0.0034941    0.9999939   -0.0001280    0.0227950 
  -0.0055518    0.0001086    0.9999846   -0.1369279 
   0.0000000    0.0000000    0.0000000    1.0000000 

angles x: 3.064480 y: 0.028202 z: 3.050016 index: 652
NCC max: 0.999262 min: -0.813210 outliers: 100 disp outliers: 22 
NCC max: 1.000000 min: -0.777951 outliers: 831 disp outliers: 75 
Num matches pre bucket: 710
Max age: 15
Index: 653, Matches: 675, Inliers: 43.1111 %, Current pose: 
  -0.9948056    0.0879753    0.0512065 -139.6433235 
   0.0915352    0.9932016    0.0719159    3.5180440 
  -0.0445316    0.0762295   -0.9960954  -83.2653672 
   0.0000000   -0.0000000    0.0000000    1.0000000 

Motion:
   0.9999881   -0.0001978    0.0048771    0.0140807 
   0.0001942    0.9999997    0.0007411    0.0005452 
  -0.0048773   -0.0007401    0.9999878   -0.1235370 
   0.0000000    0.0000000    0.0000000    1.0000000 

angles x: 3.065213 y: 0.031668 z: 3.049838 index: 653
NCC max: 1.000000 min: -0.608154 outliers: 108 disp outliers: 14 
NCC max: 1.000000 min: -0.744722 outliers: 891 disp outliers: 60 
Num matches pre bucket: 673
Max age: 16
Index: 654, Matches: 641, Inliers: 45.5538 %, Current pose: 
  -0.9945601    0.0867156    0.0577112 -139.6229171 
   0.0907305    0.9933397    0.0710233    3.5234994 
  -0.0511680    0.0758731   -0.9958038  -83.3938711 
   0.0000000   -0.0000000    0.0000000    1.0000000 

Motion:
   0.9999776   -0.0012836    0.0065652    0.0132251 
   0.0012816    0.9999991    0.0003005    0.0025614 
  -0.0065655   -0.0002921    0.9999784   -0.1295299 
   0.0000000    0.0000000    0.0000000    1.0000000 

angles x: 3.065547 y: 0.036385 z: 3.050618 index: 654
NCC max: 0.997190 min: -0.503662 outliers: 117 disp outliers: 18 
NCC max: 1.000000 min: -0.683408 outliers: 846 disp outliers: 36 
Num matches pre bucket: 610
Max age: 19
Index: 655, Matches: 587, Inliers: 44.1227 %, Current pose: 
  -0.9946620    0.0814822    0.0633094 -139.5676631 
   0.0859310    0.9937644    0.0710512    3.5236433 
  -0.0571252    0.0761122   -0.9954615  -83.5202535 
   0.0000000   -0.0000000    0.0000000    1.0000000 

Motion:
   0.9999707   -0.0052283    0.0055855    0.0477271 
   0.0052312    0.9999862   -0.0005099    0.0049739 
  -0.0055828    0.0005391    0.9999843   -0.1293171 
   0.0000000    0.0000000    0.0000000    1.0000000 

angles x: 3.065282 y: 0.040606 z: 3.055414 index: 655
NCC max: 0.997126 min: -0.511654 outliers: 118 disp outliers: 21 
NCC max: 1.000000 min: -0.844160 outliers: 891 disp outliers: 102 
Num matches pre bucket: 603
Max age: 14
Index: 656, Matches: 585, Inliers: 37.265 %, Current pose: 
  -0.9944011    0.0768250    0.0725557 -139.5828879 
   0.0819461    0.9941429    0.0704603    3.5444927 
  -0.0667176    0.0760114   -0.9948724  -83.6588693 
   0.0000000   -0.0000000    0.0000000    1.0000000 

Motion:
   0.9999460   -0.0046689    0.0092823   -0.0260962 
   0.0046707    0.9999891   -0.0001677   -0.0090212 
  -0.0092814    0.0002110    0.9999569   -0.1382694 
   0.0000000    0.0000000    0.0000000    1.0000000 

angles x: 3.065338 y: 0.047413 z: 3.059371 index: 656
NCC max: 0.999163 min: -0.351523 outliers: 122 disp outliers: 24 
NCC max: 1.000000 min: -0.778819 outliers: 910 disp outliers: 38 
Num matches pre bucket: 603
Max age: 21
Index: 657, Matches: 590, Inliers: 42.7119 %, Current pose: 
  -0.9940516    0.0744411    0.0794983 -139.5554352 
   0.0807019    0.9936279    0.0786816    3.4501536 
  -0.0731346    0.0846293   -0.9937249  -83.7651643 
   0.0000000   -0.0000000    0.0000000    1.0000000 

Motion:
   0.9999786   -0.0016978    0.0063217    0.0271289 
   0.0017533    0.9999599   -0.0087829    0.1006900 
  -0.0063066    0.0087938    0.9999414   -0.1003877 
   0.0000000    0.0000000    0.0000000    1.0000000 

angles x: 3.056634 y: 0.051988 z: 3.060585 index: 657
NCC max: 0.998472 min: -0.578393 outliers: 132 disp outliers: 20 
NCC max: 1.000000 min: -0.808450 outliers: 963 disp outliers: 125 
Num matches pre bucket: 597
Max age: 23
Index: 658, Matches: 581, Inliers: 51.8072 %, Current pose: 
  -0.9937857    0.0720765    0.0848232 -139.5211659 
   0.0787099    0.9938691    0.0776465    3.4849695 
  -0.0787067    0.0838404   -0.9933660  -83.8614201 
   0.0000000   -0.0000000    0.0000000    1.0000000 

Motion:
   0.9999825   -0.0024310    0.0054015    0.0237400 
   0.0024278    0.9999969    0.0006149   -0.0290024 
  -0.0054030   -0.0006018    0.9999852   -0.1012275 
   0.0000000    0.0000000    0.0000000    1.0000000 

angles x: 3.057392 y: 0.055941 z: 3.062556 index: 658
NCC max: 0.998751 min: -0.635697 outliers: 120 disp outliers: 26 
NCC max: 1.000000 min: -0.783977 outliers: 1025 disp outliers: 140 
Num matches pre bucket: 627
Max age: 21
Index: 659, Matches: 610, Inliers: 57.541 %, Current pose: 
  -0.9934090    0.0714739    0.0896110 -139.5093853 
   0.0785652    0.9938311    0.0782762    3.4780694 
  -0.0834635    0.0848005   -0.9928961  -83.9209519 
   0.0000000   -0.0000000    0.0000000    1.0000000 

Motion:
   0.9999886   -0.0005155    0.0047460    0.0072764 
   0.0005203    0.9999994   -0.0010078    0.0110639 
  -0.0047455    0.0010103    0.9999882   -0.0596245 
   0.0000000    0.0000000    0.0000000    1.0000000 

angles x: 3.056392 y: 0.059327 z: 3.062670 index: 659
NCC max: 0.997020 min: -0.369939 outliers: 110 disp outliers: 22 
NCC max: 1.000000 min: -0.959766 outliers: 995 disp outliers: 119 
Num matches pre bucket: 666
Max age: 25
Index: 660, Matches: 643, Inliers: 53.4992 %, Current pose: 
  -0.9928012    0.0729307    0.0950100 -139.5196102 
   0.0803671    0.9937909    0.0769466    3.4636842 
  -0.0888083    0.0840284   -0.9924980  -83.9530850 
   0.0000000   -0.0000000    0.0000000    1.0000000 

Motion:
   0.9999839    0.0013810    0.0055024   -0.0118489 
  -0.0013859    0.9999986    0.0008941    0.0177416 
  -0.0055012   -0.0009017    0.9999845   -0.0298137 
   0.0000000    0.0000000    0.0000000    1.0000000 

angles x: 3.057131 y: 0.063137 z: 3.060819 index: 660
NCC max: 0.997627 min: -0.402922 outliers: 132 disp outliers: 26 
NCC max: 1.000000 min: -0.787092 outliers: 1083 disp outliers: 84 
Num matches pre bucket: 660
Max age: 14
Index: 661, Matches: 636, Inliers: 57.2327 %, Current pose: 
  -0.9923954    0.0725707    0.0994226 -139.5271204 
   0.0803743    0.9937962    0.0768701    3.4584784 
  -0.0932273    0.0842766   -0.9920716  -83.9924116 
   0.0000000   -0.0000000    0.0000000    1.0000000 

Motion:
   0.9999902   -0.0003345    0.0044249   -0.0107010 
   0.0003358    0.9999999   -0.0002801    0.0090328 
  -0.0044248    0.0002816    0.9999902   -0.0378680 
   0.0000000    0.0000000    0.0000000    1.0000000 

angles x: 3.056846 y: 0.066283 z: 3.060779 index: 661
NCC max: 0.997644 min: -0.508986 outliers: 128 disp outliers: 24 
NCC max: 1.000000 min: -0.917773 outliers: 1102 disp outliers: 144 
Num matches pre bucket: 729
Max age: 15
Index: 662, Matches: 704, Inliers: 60.2273 %, Current pose: 
  -0.9921979    0.0730895    0.1010008 -139.5127472 
   0.0809259    0.9938338    0.0757989    3.4729058 
  -0.0948379    0.0833810   -0.9919946  -84.0147992 
   0.0000000   -0.0000000    0.0000000    1.0000000 

Motion:
   0.9999985    0.0004267    0.0016599    0.0109703 
  -0.0004283    0.9999995    0.0009429   -0.0135222 
  -0.0016595   -0.0009436    0.9999982   -0.0247536 
   0.0000000    0.0000000    0.0000000    1.0000000 

angles x: 3.057736 y: 0.067430 z: 3.060210 index: 662
NCC max: 0.997189 min: -0.580370 outliers: 140 disp outliers: 21 
NCC max: 1.000000 min: -0.962091 outliers: 1079 disp outliers: 121 
Num matches pre bucket: 686
Max age: 16
Index: 663, Matches: 663, Inliers: 51.4329 %, Current pose: 
  -0.9919031    0.0722655    0.1044314 -139.5245317 
   0.0802295    0.9940121    0.0741836    3.4822448 
  -0.0984452    0.0819614   -0.9917615  -84.0320980 
   0.0000000   -0.0000000    0.0000000    1.0000000 

Motion:
   0.9999932   -0.0009714    0.0035554   -0.0141413 
   0.0009666    0.9999986    0.0013386   -0.0070136 
  -0.0035567   -0.0013351    0.9999928   -0.0166184 
   0.0000000    0.0000000    0.0000000    1.0000000 

angles x: 3.059138 y: 0.069990 z: 3.060884 index: 663
NCC max: 0.997994 min: -0.486224 outliers: 152 disp outliers: 26 
NCC max: 1.000000 min: -0.872082 outliers: 1121 disp outliers: 142 
Num matches pre bucket: 698
Max age: 17
Index: 664, Matches: 674, Inliers: 65.8754 %, Current pose: 
  -0.9918426    0.0723069    0.1049760 -139.5277325 
   0.0803852    0.9939475    0.0748769    3.4803803 
  -0.0989265    0.0827046   -0.9916519  -84.0413295 
   0.0000000   -0.0000000    0.0000000    1.0000000 

Motion:
   0.9999999    0.0001198    0.0004953   -0.0039381 
  -0.0001194    0.9999997   -0.0007375    0.0028481 
  -0.0004954    0.0007375    0.9999996   -0.0086789 
   0.0000000    0.0000000    0.0000000    1.0000000 

angles x: 3.058384 y: 0.070336 z: 3.060723 index: 664
NCC max: 0.997707 min: -0.535823 outliers: 151 disp outliers: 28 
NCC max: 1.000000 min: -0.898561 outliers: 1182 disp outliers: 163 
Num matches pre bucket: 735
Max age: 18
Index: 665, Matches: 700, Inliers: 71.8571 %, Current pose: 
  -0.9917802    0.0726578    0.1053229 -139.5349698 
   0.0807863    0.9938996    0.0750813    3.4765669 
  -0.0992252    0.0829728   -0.9915997  -84.0381167 
   0.0000000   -0.0000000    0.0000000    1.0000000 

Motion:
   0.9999999    0.0003785    0.0003327   -0.0065509 
  -0.0003784    0.9999999   -0.0002327    0.0040494 
  -0.0003328    0.0002326    0.9999999    0.0042344 
   0.0000000    0.0000000    0.0000000    1.0000000 

angles x: 3.058111 y: 0.070551 z: 3.060316 index: 665
NCC max: 0.997091 min: -0.659617 outliers: 122 disp outliers: 25 
NCC max: 1.000000 min: -0.897203 outliers: 1048 disp outliers: 152 
Num matches pre bucket: 661
Max age: 19
Index: 666, Matches: 637, Inliers: 61.3815 %, Current pose: 
  -0.9915670    0.0748803    0.1057720 -139.5480201 
   0.0829608    0.9937882    0.0741786    3.4746921 
  -0.0995605    0.0823280   -0.9916198  -84.0272858 
   0.0000000   -0.0000000    0.0000000    1.0000000 

Motion:
   0.9999976    0.0021489    0.0005182   -0.0117064 
  -0.0021493    0.9999973    0.0008651    0.0019487 
  -0.0005163   -0.0008662    0.9999995    0.0122595 
   0.0000000    0.0000000    0.0000000    1.0000000 

angles x: 3.058759 y: 0.070801 z: 3.058121 index: 666
NCC max: 0.999148 min: -0.515674 outliers: 113 disp outliers: 26 
NCC max: 1.000000 min: -0.840182 outliers: 981 disp outliers: 153 
Num matches pre bucket: 702
Max age: 20
Index: 667, Matches: 663, Inliers: 50.5279 %, Current pose: 
  -0.9914674    0.0761427    0.1058050 -139.5589729 
   0.0840377    0.9938379    0.0722765    3.4418696 
  -0.0996497    0.0805514   -0.9917567  -84.0191251 
   0.0000000   -0.0000000    0.0000000    1.0000000 

Motion:
   0.9999994    0.0010704    0.0001789   -0.0072878 
  -0.0010707    0.9999976    0.0018989    0.0327968 
  -0.0001768   -0.0018991    0.9999982    0.0116246 
   0.0000000    0.0000000    0.0000000    1.0000000 

angles x: 3.060550 y: 0.070866 z: 3.057034 index: 667
NCC max: 0.998771 min: -0.535455 outliers: 105 disp outliers: 24 
NCC max: 1.000000 min: -0.952122 outliers: 907 disp outliers: 157 
Num matches pre bucket: 688
Max age: 21
Index: 668, Matches: 648, Inliers: 64.5062 %, Current pose: 
  -0.9914988    0.0759918    0.1056194 -139.5571667 
   0.0838191    0.9938941    0.0717551    3.4420755 
  -0.0995217    0.0799980   -0.9918144  -84.0217823 
   0.0000000   -0.0000000    0.0000000    1.0000000 

Motion:
   1.0000000   -0.0002094   -0.0001460    0.0015092 
   0.0002095    0.9999998    0.0005369   -0.0001293 
   0.0001459   -0.0005370    0.9999998   -0.0028410 
   0.0000000    0.0000000    0.0000000    1.0000000 

angles x: 3.061109 y: 0.070772 z: 3.057256 index: 668
NCC max: 1.000000 min: -0.512493 outliers: 109 disp outliers: 28 
NCC max: 1.000000 min: -0.954704 outliers: 903 disp outliers: 164 
Num matches pre bucket: 682
Max age: 22
Index: 669, Matches: 642, Inliers: 58.4112 %, Current pose: 
  -0.9915983    0.0754032    0.1051059 -139.5440362 
   0.0830914    0.9940243    0.0707924    3.4720550 
  -0.0991398    0.0789310   -0.9919381  -84.0188140 
   0.0000000   -0.0000000    0.0000000    1.0000000 

Motion:
   0.9999997   -0.0007002   -0.0004415    0.0108234 
   0.0007006    0.9999992    0.0010054   -0.0310248 
   0.0004408   -0.0010057    0.9999994   -0.0005580 
   0.0000000    0.0000000    0.0000000    1.0000000 

angles x: 3.062187 y: 0.070493 z: 3.057992 index: 669
NCC max: 0.998565 min: -0.530672 outliers: 122 disp outliers: 29 
NCC max: 1.000000 min: -0.925788 outliers: 945 disp outliers: 107 
Num matches pre bucket: 672
Max age: 23
Index: 670, Matches: 631, Inliers: 63.8669 %, Current pose: 
  -0.9914432    0.0762644    0.1059444 -139.5536693 
   0.0840175    0.9939494    0.0707505    3.4719740 
  -0.0999076    0.0790463   -0.9918519  -84.0189199 
   0.0000000   -0.0000000    0.0000000    1.0000000 

Motion:
   0.9999993    0.0008717    0.0008434   -0.0095544 
  -0.0008716    0.9999996   -0.0000292    0.0008235 
  -0.0008435    0.0000284    0.9999996    0.0009212 
   0.0000000    0.0000000    0.0000000    1.0000000 

angles x: 3.062065 y: 0.071045 z: 3.057052 index: 670
NCC max: 0.999049 min: -0.494734 outliers: 129 disp outliers: 26 
NCC max: 1.000000 min: -0.944190 outliers: 1022 disp outliers: 144 
Num matches pre bucket: 688
Max age: 24
Index: 671, Matches: 642, Inliers: 71.6511 %, Current pose: 
  -0.9913630    0.0767688    0.1063299 -139.5641900 
   0.0846013    0.9938665    0.0712186    3.4680249 
  -0.1002104    0.0795992   -0.9917771  -84.0166104 
   0.0000000   -0.0000000    0.0000000    1.0000000 

Motion:
   0.9999998    0.0005624    0.0003501   -0.0098643 
  -0.0005622    0.9999997   -0.0005008    0.0045487 
  -0.0003504    0.0005006    0.9999998    0.0036905 
   0.0000000    0.0000000    0.0000000    1.0000000 

angles x: 3.061505 y: 0.071266 z: 3.056461 index: 671
NCC max: 0.997589 min: -0.507780 outliers: 121 disp outliers: 23 
NCC max: 1.000000 min: -0.952114 outliers: 1008 disp outliers: 103 
Num matches pre bucket: 702
Max age: 25
Index: 672, Matches: 657, Inliers: 61.035 %, Current pose: 
  -0.9911588    0.0773800    0.1077799 -139.5887503 
   0.0853397    0.9937972    0.0713034    3.4738565 
  -0.1015939    0.0798709   -0.9916145  -84.0264820 
   0.0000000   -0.0000000    0.0000000    1.0000000 

Motion:
   0.9999987    0.0006394    0.0014464   -0.0258437 
  -0.0006391    0.9999998   -0.0002095   -0.0031064 
  -0.0014465    0.0002085    0.9999989   -0.0075576 
   0.0000000    0.0000000    0.0000000    1.0000000 

angles x: 3.061220 y: 0.072256 z: 3.055704 index: 672
NCC max: 0.998603 min: -0.502860 outliers: 122 disp outliers: 23 
NCC max: 1.000000 min: -0.933603 outliers: 1040 disp outliers: 114 
Num matches pre bucket: 661
Max age: 26
Index: 673, Matches: 621, Inliers: 65.0564 %, Current pose: 
  -0.9910549    0.0779746    0.1083054 -139.5998135 
   0.0858947    0.9938074    0.0704914    3.4817575 
  -0.1021382    0.0791637   -0.9916153  -84.0282586 
   0.0000000   -0.0000000    0.0000000    1.0000000 

Motion:
   0.9999997    0.0005161    0.0005905   -0.0118244 
  -0.0005166    0.9999996    0.0007661   -0.0068488 
  -0.0005901   -0.0007664    0.9999995   -0.0011204 
   0.0000000    0.0000000    0.0000000    1.0000000 

angles x: 3.061929 y: 0.072645 z: 3.055139 index: 673
NCC max: 0.998871 min: -0.483450 outliers: 138 disp outliers: 25 
NCC max: 1.000000 min: -0.935527 outliers: 1056 disp outliers: 120 
Num matches pre bucket: 619
Max age: 27
Index: 674, Matches: 588, Inliers: 67.3469 %, Current pose: 
  -0.9909665    0.0784922    0.1087397 -139.6069784 
   0.0864259    0.9937768    0.0702731    3.4872559 
  -0.1025471    0.0790363   -0.9915833  -84.0329032 
   0.0000000   -0.0000000    0.0000000    1.0000000 

Motion:
   0.9999998    0.0005025    0.0004524   -0.0080516 
  -0.0005026    0.9999999    0.0001803   -0.0045347 
  -0.0004523   -0.0001805    0.9999999   -0.0042128 
   0.0000000    0.0000000    0.0000000    1.0000000 

angles x: 3.062054 y: 0.072939 z: 3.054599 index: 674
NCC max: 0.997687 min: -0.632970 outliers: 133 disp outliers: 31 
NCC max: 1.000000 min: -0.935360 outliers: 1038 disp outliers: 140 
Num matches pre bucket: 582
Max age: 28
Index: 675, Matches: 567, Inliers: 71.6049 %, Current pose: 
  -0.9908459    0.0790738    0.1094158 -139.6185423 
   0.0870562    0.9937266    0.0702045    3.4914794 
  -0.1031780    0.0790871   -0.9915138  -84.0368099 
   0.0000000   -0.0000000    0.0000000    1.0000000 

Motion:
   0.9999996    0.0005859    0.0006831   -0.0122288 
  -0.0005859    0.9999998    0.0000093   -0.0029737 
  -0.0006831   -0.0000097    0.9999998   -0.0029048 
   0.0000000    0.0000000    0.0000000    1.0000000 

angles x: 3.061997 y: 0.073393 z: 3.053957 index: 675
NCC max: 0.998962 min: -0.595239 outliers: 142 disp outliers: 32 
NCC max: 1.000000 min: -0.928035 outliers: 1098 disp outliers: 111 
Num matches pre bucket: 595
Max age: 29
Index: 676, Matches: 584, Inliers: 77.226 %, Current pose: 
  -0.9907746    0.0797348    0.1095817 -139.6201380 
   0.0877295    0.9936693    0.0701774    3.4947351 
  -0.1032924    0.0791436   -0.9914973  -84.0400501 
   0.0000000   -0.0000000    0.0000000    1.0000000 

Motion:
   0.9999998    0.0006657    0.0001685   -0.0022013 
  -0.0006657    0.9999998    0.0000123   -0.0028514 
  -0.0001685   -0.0000124    1.0000000   -0.0032663 
   0.0000000    0.0000000    0.0000000    1.0000000 

angles x: 3.061939 y: 0.073479 z: 3.053277 index: 676
NCC max: 0.998227 min: -0.426851 outliers: 134 disp outliers: 30 
NCC max: 1.000000 min: -0.925166 outliers: 1080 disp outliers: 164 
Num matches pre bucket: 643
Max age: 30
Index: 677, Matches: 630, Inliers: 72.0635 %, Current pose: 
  -0.9906900    0.0802926    0.1099384 -139.6265964 
   0.0883243    0.9936120    0.0702420    3.4954648 
  -0.1035962    0.0792983   -0.9914533  -84.0462508 
   0.0000000   -0.0000000    0.0000000    1.0000000 

Motion:
   0.9999998    0.0005737    0.0003522   -0.0071051 
  -0.0005737    0.9999998   -0.0000963    0.0002852 
  -0.0003523    0.0000961    0.9999999   -0.0054889 
   0.0000000    0.0000000    0.0000000    1.0000000 

angles x: 3.061781 y: 0.073699 z: 3.052673 index: 677
NCC max: 0.997713 min: -0.428098 outliers: 150 disp outliers: 30 
NCC max: 1.000000 min: -0.906280 outliers: 1166 disp outliers: 175 
Num matches pre bucket: 693
Max age: 31
Index: 678, Matches: 673, Inliers: 74.8886 %, Current pose: 
  -0.9905515    0.0810678    0.1106150 -139.6337454 
   0.0891261    0.9935606    0.0699560    3.5005672 
  -0.1042315    0.0791537   -0.9913982  -84.0520077 
   0.0000000   -0.0000000    0.0000000    1.0000000 

Motion:
   0.9999995    0.0007574    0.0007014   -0.0081362 
  -0.0007575    0.9999997    0.0002249   -0.0040342 
  -0.0007013   -0.0002255    0.9999997   -0.0052736 
   0.0000000    0.0000000    0.0000000    1.0000000 

angles x: 3.061921 y: 0.074157 z: 3.051858 index: 678
NCC max: 0.997740 min: -0.277092 outliers: 140 disp outliers: 29 
NCC max: 1.000000 min: -0.911447 outliers: 1215 disp outliers: 171 
Num matches pre bucket: 716
Max age: 32
Index: 679, Matches: 690, Inliers: 75.2174 %, Current pose: 
  -0.9904650    0.0816301    0.1109755 -139.6386904 
   0.0897259    0.9935020    0.0700221    3.5024311 
  -0.1045385    0.0793118   -0.9913533  -84.0560506 
   0.0000000   -0.0000000    0.0000000    1.0000000 

Motion:
   0.9999998    0.0005787    0.0003559   -0.0054878 
  -0.0005787    0.9999998   -0.0000987   -0.0011275 
  -0.0003559    0.0000984    0.9999999   -0.0035897 
   0.0000000    0.0000000    0.0000000    1.0000000 

angles x: 3.061759 y: 0.074380 z: 3.051250 index: 679
NCC max: 0.998902 min: -0.456216 outliers: 158 disp outliers: 28 
NCC max: 1.000000 min: -0.976179 outliers: 1256 disp outliers: 173 
Num matches pre bucket: 757
Max age: 33
Index: 680, Matches: 724, Inliers: 76.7956 %, Current pose: 
  -0.9904127    0.0818903    0.1112509 -139.6433354 
   0.0900015    0.9934820    0.0699512    3.5041872 
  -0.1047975    0.0792933   -0.9913274  -84.0563541 
   0.0000000   -0.0000000    0.0000000    1.0000000 

Motion:
   0.9999999    0.0002576    0.0002818   -0.0047903 
  -0.0002576    1.0000000    0.0000459   -0.0013402 
  -0.0002818   -0.0000459    1.0000000    0.0000931 
   0.0000000    0.0000000    0.0000000    1.0000000 

angles x: 3.061776 y: 0.074566 z: 3.050969 index: 680
NCC max: 0.997666 min: -0.282118 outliers: 147 disp outliers: 27 
NCC max: 1.000000 min: -0.962754 outliers: 1251 disp outliers: 167 
Num matches pre bucket: 790
Max age: 34
Index: 681, Matches: 743, Inliers: 75.9085 %, Current pose: 
  -0.9903810    0.0822272    0.1112845 -139.6439094 
   0.0903470    0.9934475    0.0699967    3.5034668 
  -0.1047996    0.0793776   -0.9913205  -84.0569933 
   0.0000000   -0.0000000    0.0000000    1.0000000 

Motion:
   0.9999999    0.0003457    0.0000298   -0.0005704 
  -0.0003457    0.9999999   -0.0000485    0.0008136 
  -0.0000299    0.0000485    1.0000000   -0.0005193 
   0.0000000    0.0000000    0.0000000    1.0000000 

angles x: 3.061691 y: 0.074570 z: 3.050620 index: 681
NCC max: 0.998273 min: -0.461123 outliers: 138 disp outliers: 23 
NCC max: 1.000000 min: -0.913583 outliers: 1218 disp outliers: 164 
Num matches pre bucket: 842
Max age: 35
Index: 682, Matches: 796, Inliers: 74.1206 %, Current pose: 
  -0.9903593    0.0824692    0.1112979 -139.6465308 
   0.0906209    0.9934025    0.0702809    3.4997162 
  -0.1047676    0.0796893   -0.9912988  -84.0534967 
   0.0000000   -0.0000000    0.0000000    1.0000000 

Motion:
   1.0000000    0.0002764   -0.0000102   -0.0018899 
  -0.0002764    0.9999999   -0.0002852    0.0036634 
   0.0000101    0.0002852    1.0000000    0.0040215 
   0.0000000    0.0000000    0.0000000    1.0000000 

angles x: 3.061376 y: 0.074550 z: 3.050344 index: 682
NCC max: 0.997473 min: -0.345968 outliers: 143 disp outliers: 23 
NCC max: 1.000000 min: -0.772200 outliers: 1223 disp outliers: 159 
Num matches pre bucket: 821
Max age: 13
Index: 683, Matches: 755, Inliers: 76.5563 %, Current pose: 
  -0.9903002    0.0827760    0.1115962 -139.6477456 
   0.0909528    0.9933720    0.0702821    3.5021982 
  -0.1050389    0.0797504   -0.9912652  -84.0566634 
   0.0000000   -0.0000000    0.0000000    1.0000000 

Motion:
   0.9999999    0.0003130    0.0002988   -0.0017613 
  -0.0003130    1.0000000   -0.0000285   -0.0021124 
  -0.0002988    0.0000284    1.0000000   -0.0031779 
   0.0000000    0.0000000    0.0000000    1.0000000 

angles x: 3.061312 y: 0.074745 z: 3.050006 index: 683
NCC max: 0.997935 min: -0.310032 outliers: 146 disp outliers: 23 
NCC max: 1.000000 min: -0.792809 outliers: 1240 disp outliers: 166 
Num matches pre bucket: 762
Max age: 37
Index: 684, Matches: 715, Inliers: 72.5874 %, Current pose: 
  -0.9901793    0.0832927    0.1122823 -139.6567488 
   0.0915134    0.9933292    0.0701593    3.5054603 
  -0.1056896    0.0797456   -0.9911964  -84.0605774 
   0.0000000   -0.0000000    0.0000000    1.0000000 

Motion:
   0.9999996    0.0005150    0.0006979   -0.0096270 
  -0.0005150    0.9999999    0.0000594   -0.0021784 
  -0.0006979   -0.0000597    0.9999998   -0.0030976 
   0.0000000    0.0000000    0.0000000    1.0000000 

angles x: 3.061312 y: 0.075213 z: 3.049433 index: 684
NCC max: 0.997627 min: -0.281722 outliers: 152 disp outliers: 26 
NCC max: 1.000000 min: -0.732188 outliers: 1220 disp outliers: 167 
Num matches pre bucket: 779
Max age: 38
Index: 685, Matches: 733, Inliers: 73.9427 %, Current pose: 
  -0.9900658    0.0837758    0.1129218 -139.6626420 
   0.0920008    0.9933163    0.0697030    3.5128769 
  -0.1063276    0.0793995   -0.9911560  -84.0637455 
   0.0000000   -0.0000000    0.0000000    1.0000000 

Motion:
   0.9999997    0.0004427    0.0006794   -0.0068538 
  -0.0004430    0.9999998    0.0003964   -0.0066217 
  -0.0006792   -0.0003967    0.9999997   -0.0029916 
   0.0000000    0.0000000    0.0000000    1.0000000 

angles x: 3.061655 y: 0.075670 z: 3.048935 index: 685
NCC max: 0.998214 min: -0.309116 outliers: 153 disp outliers: 25 
NCC max: 1.000000 min: -0.709891 outliers: 1223 disp outliers: 158 
Num matches pre bucket: 790
Max age: 22
Index: 686, Matches: 741, Inliers: 72.8745 %, Current pose: 
  -0.9900168    0.0840359    0.1131581 -139.6613337 
   0.0922699    0.9932984    0.0696024    3.5147169 
  -0.1065507    0.0793487   -0.9911361  -84.0644849 
   0.0000000   -0.0000000    0.0000000    1.0000000 

Motion:
   0.9999999    0.0002537    0.0002454    0.0010467 
  -0.0002537    1.0000000    0.0000785   -0.0018790 
  -0.0002454   -0.0000786    1.0000000   -0.0010089 
   0.0000000    0.0000000    0.0000000    1.0000000 

angles x: 3.061705 y: 0.075831 z: 3.048661 index: 686
NCC max: 0.996560 min: -0.288355 outliers: 144 disp outliers: 29 
NCC max: 1.000000 min: -0.961634 outliers: 1207 disp outliers: 120 
Num matches pre bucket: 792
Max age: 23
Index: 687, Matches: 751, Inliers: 73.1025 %, Current pose: 
  -0.9898751    0.0846216    0.1139579 -139.6664486 
   0.0929145    0.9932432    0.0695337    3.5142866 
  -0.1073038    0.0794180   -0.9910493  -84.0615958 
   0.0000000   -0.0000000    0.0000000    1.0000000 

Motion:
   0.9999995    0.0005924    0.0008073   -0.0047132 
  -0.0005924    0.9999998   -0.0000063    0.0006307 
  -0.0008074    0.0000058    0.9999997    0.0034760 
   0.0000000    0.0000000    0.0000000    1.0000000 

angles x: 3.061628 y: 0.076372 z: 3.048002 index: 687
NCC max: 0.997249 min: -0.303172 outliers: 143 disp outliers: 29 
NCC max: 1.000000 min: -0.946218 outliers: 1224 disp outliers: 156 
Num matches pre bucket: 819
Max age: 18
Index: 688, Matches: 778, Inliers: 76.3496 %, Current pose: 
  -0.9897533    0.0850288    0.1147110 -139.6769252 
   0.0934129    0.9931776    0.0698022    3.5111171 
  -0.1079932    0.0798024   -0.9909435  -84.0618285 
   0.0000000   -0.0000000    0.0000000    1.0000000 

Motion:
   0.9999996    0.0004506    0.0007317   -0.0100983 
  -0.0004504    0.9999998   -0.0003392    0.0040573 
  -0.0007319    0.0003388    0.9999997    0.0011925 
   0.0000000    0.0000000    0.0000000    1.0000000 

angles x: 3.061234 y: 0.076868 z: 3.047491 index: 688
NCC max: 0.996692 min: -0.345117 outliers: 153 disp outliers: 29 
NCC max: 1.000000 min: -0.936481 outliers: 1254 disp outliers: 157 
Num matches pre bucket: 838
Max age: 42
Index: 689, Matches: 785, Inliers: 76.5605 %, Current pose: 
  -0.9897190    0.0850745    0.1149720 -139.6807482 
   0.0935062    0.9931519    0.0700424    3.5056583 
  -0.1082259    0.0800728   -0.9908963  -84.0592177 
   0.0000000   -0.0000000    0.0000000    1.0000000 

Motion:
   1.0000000    0.0000770    0.0002410   -0.0029907 
  -0.0000769    1.0000000   -0.0002645    0.0055376 
  -0.0002411    0.0002645    0.9999999    0.0034089 
   0.0000000    0.0000000    0.0000000    1.0000000 

angles x: 3.060959 y: 0.077035 z: 3.047395 index: 689
NCC max: 0.996553 min: -0.298781 outliers: 146 disp outliers: 31 
NCC max: 1.000000 min: -0.963219 outliers: 1217 disp outliers: 157 
Num matches pre bucket: 833
Max age: 43
Index: 690, Matches: 777, Inliers: 78.121 %, Current pose: 
  -0.9896086    0.0854829    0.1156181 -139.6834287 
   0.0939592    0.9931150    0.0699587    3.5082521 
  -0.1088418    0.0800951   -0.9908270  -84.0611228 
   0.0000000   -0.0000000    0.0000000    1.0000000 

Motion:
   0.9999997    0.0004100    0.0006547   -0.0031037 
  -0.0004100    0.9999999    0.0000223   -0.0021943 
  -0.0006547   -0.0000226    0.9999998   -0.0017592 
   0.0000000    0.0000000    0.0000000    1.0000000 

angles x: 3.060931 y: 0.077478 z: 3.046931 index: 690
NCC max: 0.997661 min: -0.346571 outliers: 127 disp outliers: 31 
NCC max: 1.000000 min: -0.934274 outliers: 1115 disp outliers: 153 
Num matches pre bucket: 744
Max age: 44
Index: 691, Matches: 706, Inliers: 77.9037 %, Current pose: 
  -0.9895269    0.0860367    0.1159060 -139.6838228 
   0.0945365    0.9930614    0.0699420    3.5102757 
  -0.1090842    0.0801669   -0.9907946  -84.0647542 
   0.0000000   -0.0000000    0.0000000    1.0000000 

Motion:
   0.9999998    0.0005609    0.0002901   -0.0009774 
  -0.0005609    0.9999998   -0.0000108   -0.0016845 
  -0.0002901    0.0000106    1.0000000   -0.0036938 
   0.0000000    0.0000000    0.0000000    1.0000000 

angles x: 3.060857 y: 0.077655 z: 3.046345 index: 691
NCC max: 0.996855 min: -0.540161 outliers: 144 disp outliers: 30 
NCC max: 1.000000 min: -0.761893 outliers: 1081 disp outliers: 161 
Num matches pre bucket: 670
Max age: 45
Index: 692, Matches: 642, Inliers: 78.5047 %, Current pose: 
  -0.9895014    0.0861473    0.1160412 -139.6839333 
   0.0946909    0.9930259    0.0702361    3.5067178 
  -0.1091813    0.0804868   -0.9907580  -84.0611767 
   0.0000000   -0.0000000    0.0000000    1.0000000 

Motion:
   1.0000000    0.0001477    0.0001099    0.0006181 
  -0.0001477    0.9999999   -0.0003066    0.0032547 
  -0.0001100    0.0003066    0.9999999    0.0038072 
   0.0000000    0.0000000    0.0000000    1.0000000 

angles x: 3.060533 y: 0.077726 z: 3.046188 index: 692
NCC max: 0.997388 min: -0.601556 outliers: 128 disp outliers: 26 
NCC max: 1.000000 min: -0.701355 outliers: 1027 disp outliers: 157 
Num matches pre bucket: 636
Max age: 46
Index: 693, Matches: 603, Inliers: 74.7927 %, Current pose: 
  -0.9892906    0.0870744    0.1171419 -139.7007857 
   0.0957183    0.9929230    0.0702995    3.5065500 
  -0.1101916    0.0807593   -0.9906239  -84.0673299 
   0.0000000   -0.0000000    0.0000000    1.0000000 

Motion:
   0.9999989    0.0009571    0.0010976   -0.0173338 
  -0.0009569    0.9999995   -0.0001696    0.0021310 
  -0.0010978    0.0001686    0.9999994   -0.0041096 
   0.0000000    0.0000000    0.0000000    1.0000000 

angles x: 3.060249 y: 0.078455 z: 3.045138 index: 693
NCC max: 0.997056 min: -0.575139 outliers: 126 disp outliers: 26 
NCC max: 1.000000 min: -0.886121 outliers: 1008 disp outliers: 74 
Num matches pre bucket: 608
Max age: 47
Index: 694, Matches: 577, Inliers: 78.6828 %, Current pose: 
  -0.9891829    0.0872794    0.1178964 -139.7131442 
   0.0959555    0.9929192    0.0700286    3.5148907 
  -0.1109496    0.0805839   -0.9905536  -84.0752318 
   0.0000000   -0.0000000    0.0000000    1.0000000 

Motion:
   0.9999997    0.0001837    0.0007801   -0.0139019 
  -0.0001839    1.0000000    0.0001975   -0.0065662 
  -0.0007801   -0.0001976    0.9999997   -0.0069543 
   0.0000000    0.0000000    0.0000000    1.0000000 

angles x: 3.060419 y: 0.078997 z: 3.044890 index: 694
NCC max: 0.997840 min: -0.572177 outliers: 115 disp outliers: 25 
NCC max: 1.000000 min: -0.835561 outliers: 949 disp outliers: 46 
Num matches pre bucket: 612
Max age: 21
Index: 695, Matches: 572, Inliers: 74.8252 %, Current pose: 
  -0.9890234    0.0878262    0.1188248 -139.7282044 
   0.0965728    0.9928640    0.0699620    3.5210556 
  -0.1118324    0.0806693   -0.9904474  -84.0792857 
   0.0000000   -0.0000000    0.0000000    1.0000000 

Motion:
   0.9999994    0.0005557    0.0009365   -0.0159436 
  -0.0005557    0.9999998   -0.0000240   -0.0044712 
  -0.0009365    0.0000235    0.9999996   -0.0026569 
   0.0000000    0.0000000    0.0000000    1.0000000 

angles x: 3.060325 y: 0.079631 z: 3.044257 index: 695
NCC max: 0.997810 min: -0.528530 outliers: 105 disp outliers: 24 
NCC max: 1.000000 min: -0.825181 outliers: 1001 disp outliers: 45 
Num matches pre bucket: 674
Max age: 22
Index: 696, Matches: 626, Inliers: 73.3227 %, Current pose: 
  -0.9889349    0.0882465    0.1192493 -139.7315207 
   0.0970703    0.9927900    0.0703227    3.5158527 
  -0.1121838    0.0811201   -0.9903708  -84.0808773 
   0.0000000   -0.0000000    0.0000000    1.0000000 

Motion:
   0.9999998    0.0004734    0.0003934   -0.0029531 
  -0.0004732    0.9999998   -0.0004017    0.0055871 
  -0.0003936    0.0004015    0.9999998   -0.0008150 
   0.0000000    0.0000000    0.0000000    1.0000000 

angles x: 3.059866 y: 0.079887 z: 3.043750 index: 696
NCC max: 0.996679 min: -0.502174 outliers: 115 disp outliers: 26 
NCC max: 1.000000 min: -0.815412 outliers: 1035 disp outliers: 79 
Num matches pre bucket: 720
Max age: 23
Index: 697, Matches: 666, Inliers: 76.1261 %, Current pose: 
  -0.9889894    0.0882597    0.1187860 -139.7214137 
   0.0970247    0.9928076    0.0701380    3.5220374 
  -0.1117412    0.0808909   -0.9904396  -84.0835056 
   0.0000000   -0.0000000    0.0000000    1.0000000 

Motion:
   0.9999999   -0.0000142   -0.0004480    0.0091020 
   0.0000143    1.0000000    0.0002298   -0.0068196 
   0.0004480   -0.0002298    0.9999999   -0.0042374 
   0.0000000    0.0000000    0.0000000    1.0000000 

angles x: 3.060102 y: 0.079570 z: 3.043801 index: 697
NCC max: 0.997470 min: -0.740745 outliers: 127 disp outliers: 28 
NCC max: 1.000000 min: -0.808079 outliers: 1046 disp outliers: 86 
Num matches pre bucket: 728
Max age: 51
Index: 698, Matches: 678, Inliers: 74.6313 %, Current pose: 
  -0.9889920    0.0883541    0.1186946 -139.7187459 
   0.0971001    0.9928076    0.0700333    3.5263821 
  -0.1116531    0.0807876   -0.9904579  -84.0837120 
   0.0000000   -0.0000000    0.0000000    1.0000000 

Motion:
   1.0000000    0.0000818   -0.0000823    0.0021935 
  -0.0000818    1.0000000    0.0001135   -0.0045325 
   0.0000823   -0.0001135    1.0000000   -0.0008254 
   0.0000000    0.0000000    0.0000000    1.0000000 

angles x: 3.060207 y: 0.079508 z: 3.043725 index: 698
NCC max: 0.996448 min: -0.537607 outliers: 130 disp outliers: 26 
NCC max: 1.000000 min: -0.803679 outliers: 1100 disp outliers: 83 
Num matches pre bucket: 762
Max age: 52
Index: 699, Matches: 707, Inliers: 70.5799 %, Current pose: 
  -0.9889632    0.0882678    0.1189986 -139.7219973 
   0.0970487    0.9928062    0.0701246    3.5255537 
  -0.1119528    0.0808993   -0.9904150  -84.0863793 
   0.0000000   -0.0000000    0.0000000    1.0000000 

Motion:
   1.0000000   -0.0000727    0.0002966   -0.0034337 
   0.0000727    1.0000000   -0.0001210    0.0013252 
  -0.0002966    0.0001210    0.9999999   -0.0021967 
   0.0000000    0.0000000    0.0000000    1.0000000 

angles x: 3.060091 y: 0.079721 z: 3.043774 index: 699
NCC max: 0.997120 min: -0.515641 outliers: 129 disp outliers: 25 
NCC max: 1.000000 min: -0.838639 outliers: 1143 disp outliers: 82 
Num matches pre bucket: 790
Max age: 53
Index: 700, Matches: 738, Inliers: 73.7127 %, Current pose: 
  -0.9888736    0.0884073    0.1196378 -139.7313353 
   0.0973068    0.9927400    0.0707019    3.5198498 
  -0.1125186    0.0815568   -0.9902969  -84.0879250 
   0.0000000   -0.0000000    0.0000000    1.0000000 

Motion:
   0.9999998    0.0002184    0.0005892   -0.0088529 
  -0.0002180    0.9999998   -0.0006392    0.0066141 
  -0.0005894    0.0006391    0.9999996   -0.0000102 
   0.0000000    0.0000000    0.0000000    1.0000000 

angles x: 3.059422 y: 0.080129 z: 3.043507 index: 700
NCC max: 0.997596 min: -0.512327 outliers: 124 disp outliers: 23 
NCC max: 1.000000 min: -0.852847 outliers: 1101 disp outliers: 147 
Num matches pre bucket: 771
Max age: 54
Index: 701, Matches: 721, Inliers: 70.4577 %, Current pose: 
  -0.9888434    0.0884981    0.1198203 -139.7299473 
   0.0974221    0.9927229    0.0707827    3.5212479 
  -0.1126842    0.0816661   -0.9902691  -84.0915740 
   0.0000000   -0.0000000    0.0000000    1.0000000 

Motion:
   1.0000000    0.0001037    0.0001757    0.0008251 
  -0.0001037    1.0000000   -0.0000986   -0.0012128 
  -0.0001758    0.0000986    1.0000000   -0.0038788 
   0.0000000    0.0000000    0.0000000    1.0000000 

angles x: 3.059310 y: 0.080248 z: 3.043388 index: 701
NCC max: 0.997775 min: -0.550368 outliers: 126 disp outliers: 24 
NCC max: 1.000000 min: -0.871178 outliers: 1104 disp outliers: 140 
Num matches pre bucket: 811
Max age: 55
Index: 702, Matches: 749, Inliers: 66.0881 %, Current pose: 
  -0.9888634    0.0884061    0.1197231 -139.7262093 
   0.0973405    0.9927191    0.0709476    3.5199746 
  -0.1125792    0.0818113   -0.9902691  -84.0898207 
   0.0000000   -0.0000000    0.0000000    1.0000000 

Motion:
   1.0000000   -0.0000742   -0.0001122    0.0040177 
   0.0000742    1.0000000   -0.0001551    0.0007902 
   0.0001122    0.0001551    1.0000000    0.0013791 
   0.0000000    0.0000000    0.0000000    1.0000000 

angles x: 3.059165 y: 0.080173 z: 3.043472 index: 702
NCC max: 0.996696 min: -0.546415 outliers: 136 disp outliers: 26 
NCC max: 1.000000 min: -0.870967 outliers: 1120 disp outliers: 159 
Num matches pre bucket: 811
Max age: 56
Index: 703, Matches: 771, Inliers: 65.2399 %, Current pose: 
  -0.9888404    0.0886016    0.1197682 -139.7260351 
   0.0975397    0.9927001    0.0709405    3.5226678 
  -0.1126084    0.0818310   -0.9902641  -84.0924072 
   0.0000000   -0.0000000    0.0000000    1.0000000 

Motion:
   1.0000000    0.0001974    0.0000458   -0.0003817 
  -0.0001974    1.0000000    0.0000026   -0.0024774 
  -0.0000458   -0.0000026    1.0000000   -0.0027733 
   0.0000000    0.0000000    0.0000000    1.0000000 

angles x: 3.059144 y: 0.080195 z: 3.043270 index: 703
NCC max: 0.997435 min: -0.555184 outliers: 140 disp outliers: 26 
NCC max: 1.000000 min: -0.870379 outliers: 1075 disp outliers: 156 
Num matches pre bucket: 773
Max age: 57
Index: 704, Matches: 728, Inliers: 60.989 %, Current pose: 
  -0.9887637    0.0890561    0.1200638 -139.7291587 
   0.0980234    0.9926506    0.0709660    3.5241881 
  -0.1128614    0.0819376   -0.9902265  -84.0967833 
   0.0000000   -0.0000000    0.0000000    1.0000000 

Motion:
   0.9999998    0.0004663    0.0002940   -0.0037315 
  -0.0004663    0.9999999   -0.0000547   -0.0008723 
  -0.0002941    0.0000546    1.0000000   -0.0040662 
   0.0000000    0.0000000    0.0000000    1.0000000 

angles x: 3.059034 y: 0.080380 z: 3.042778 index: 704
NCC max: 0.998070 min: -0.557029 outliers: 127 disp outliers: 26 
NCC max: 1.000000 min: -0.870784 outliers: 1067 disp outliers: 155 
Num matches pre bucket: 831
Max age: 31
Index: 705, Matches: 781, Inliers: 66.9654 %, Current pose: 
  -0.9887367    0.0891863    0.1201893 -139.7295835 
   0.0981619    0.9926386    0.0709424    3.5290430 
  -0.1129775    0.0819414   -0.9902130  -84.1007305 
   0.0000000   -0.0000000    0.0000000    1.0000000 

Motion:
   1.0000000    0.0001304    0.0001280   -0.0013424 
  -0.0001304    1.0000000    0.0000111   -0.0044579 
  -0.0001280   -0.0000111    1.0000000   -0.0042019 
   0.0000000    0.0000000    0.0000000    1.0000000 

angles x: 3.059030 y: 0.080464 z: 3.042637 index: 705
NCC max: 0.997985 min: -0.563004 outliers: 134 disp outliers: 26 
NCC max: 1.000000 min: -0.871805 outliers: 1093 disp outliers: 135 
Num matches pre bucket: 813
Max age: 59
Index: 706, Matches: 759, Inliers: 68.3794 %, Current pose: 
  -0.9887529    0.0891099    0.1201130 -139.7251848 
   0.0981164    0.9926195    0.0712723    3.5287455 
  -0.1128754    0.0822557   -0.9901985  -84.1042079 
   0.0000000   -0.0000000    0.0000000    1.0000000 

Motion:
   1.0000000   -0.0000382   -0.0001062    0.0039858 
   0.0000382    0.9999999   -0.0003218    0.0001893 
   0.0001062    0.0003218    0.9999999   -0.0039504 
   0.0000000    0.0000000    0.0000000    1.0000000 

angles x: 3.058713 y: 0.080392 z: 3.042684 index: 706
NCC max: 0.998222 min: -0.556566 outliers: 137 disp outliers: 26 
NCC max: 1.000000 min: -0.867437 outliers: 1158 disp outliers: 166 
Num matches pre bucket: 809
Max age: 27
Index: 707, Matches: 759, Inliers: 66.5349 %, Current pose: 
  -0.9886749    0.0894973    0.1204669 -139.7286656 
   0.0985345    0.9925784    0.0712683    3.5314279 
  -0.1131945    0.0823313   -0.9901558  -84.1071105 
   0.0000000   -0.0000000    0.0000000    1.0000000 

Motion:
   0.9999999    0.0003957    0.0003551   -0.0040342 
  -0.0003956    0.9999999   -0.0000312   -0.0021119 
  -0.0003551    0.0000311    0.9999999   -0.0026460 
   0.0000000    0.0000000    0.0000000    1.0000000 

angles x: 3.058634 y: 0.080623 z: 3.042258 index: 707
NCC max: 0.997797 min: -0.569813 outliers: 138 disp outliers: 26 
NCC max: 1.000000 min: -0.878447 outliers: 1146 disp outliers: 155 
Num matches pre bucket: 799
Max age: 61
Index: 708, Matches: 753, Inliers: 66.4011 %, Current pose: 
  -0.9885517    0.0897958    0.1212525 -139.7401265 
   0.0989557    0.9925015    0.0717535    3.5265877 
  -0.1139001    0.0829307   -0.9900249  -84.1097524 
   0.0000000   -0.0000000    0.0000000    1.0000000 

Motion:
   0.9999997    0.0003710    0.0007435   -0.0111516 
  -0.0003706    0.9999998   -0.0005630    0.0060521 
  -0.0007437    0.0005628    0.9999996   -0.0008786 
   0.0000000    0.0000000    0.0000000    1.0000000 

angles x: 3.058022 y: 0.081131 z: 3.041823 index: 708
NCC max: 0.997216 min: -0.553462 outliers: 140 disp outliers: 26 
NCC max: 1.000000 min: -0.917072 outliers: 1160 disp outliers: 145 
Num matches pre bucket: 814
Max age: 26
Index: 709, Matches: 762, Inliers: 68.5039 %, Current pose: 
  -0.9884246    0.0902128    0.1219770 -139.7543894 
   0.0994997    0.9924067    0.0723101    3.5203927 
  -0.1145275    0.0836098   -0.9898954  -84.1082051 
   0.0000000   -0.0000000    0.0000000    1.0000000 

Motion:
   0.9999996    0.0004994    0.0006756   -0.0133042 
  -0.0004989    0.9999997   -0.0006285    0.0073053 
  -0.0006759    0.0006282    0.9999996    0.0037195 
   0.0000000    0.0000000    0.0000000    1.0000000 

angles x: 3.057329 y: 0.081585 z: 3.041266 index: 709
NCC max: 0.997401 min: -0.574015 outliers: 149 disp outliers: 26 
NCC max: 1.000000 min: -0.902580 outliers: 1195 disp outliers: 144 
Num matches pre bucket: 832
Max age: 63
Index: 710, Matches: 774, Inliers: 63.1783 %, Current pose: 
  -0.9883860    0.0904597    0.1221069 -139.7556971 
   0.0998256    0.9923316    0.0728888    3.5150762 
  -0.1145770    0.0842317   -0.9898369  -84.1087452 
   0.0000000   -0.0000000    0.0000000    1.0000000 

Motion:
   0.9999999    0.0003228    0.0000773   -0.0008237 
  -0.0003227    0.9999998   -0.0005910    0.0054395 
  -0.0000775    0.0005910    0.9999998    0.0000125 
   0.0000000    0.0000000    0.0000000    1.0000000 

angles x: 3.056701 y: 0.081625 z: 3.040935 index: 710
NCC max: 1.000000 min: -0.573991 outliers: 147 disp outliers: 26 
NCC max: 1.000000 min: -0.873766 outliers: 1153 disp outliers: 139 
Num matches pre bucket: 875
Max age: 64
Index: 711, Matches: 823, Inliers: 69.1373 %, Current pose: 
  -0.9882679    0.0908094    0.1228017 -139.7675410 
   0.1003705    0.9921912    0.0740433    3.5023854 
  -0.1151190    0.0855003   -0.9896653  -84.1068059 
   0.0000000   -0.0000000    0.0000000    1.0000000 

Motion:
   0.9999997    0.0005057    0.0005906   -0.0102080 
  -0.0005050    0.9999991   -0.0012232    0.0135015 
  -0.0005912    0.0012229    0.9999991    0.0043134 
   0.0000000    0.0000000    0.0000000    1.0000000 

angles x: 3.055413 y: 0.082020 z: 3.040378 index: 711
NCC max: 0.997519 min: -0.566987 outliers: 159 disp outliers: 27 
NCC max: 1.000000 min: -0.915520 outliers: 1211 disp outliers: 149 
Num matches pre bucket: 814
Max age: 27
Index: 712, Matches: 769, Inliers: 70.6112 %, Current pose: 
  -0.9882125    0.0909700    0.1231278 -139.7728865 
   0.1006146    0.9921314    0.0745113    3.4974969 
  -0.1153806    0.0860215   -0.9895896  -84.1082165 
   0.0000000   -0.0000000    0.0000000    1.0000000 

Motion:
   0.9999999    0.0002248    0.0002838   -0.0049534 
  -0.0002247    0.9999998   -0.0005006    0.0054577 
  -0.0002839    0.0005005    0.9999998   -0.0003735 
   0.0000000    0.0000000    0.0000000    1.0000000 

angles x: 3.054884 y: 0.082210 z: 3.040128 index: 712
NCC max: 0.997437 min: -0.556187 outliers: 146 disp outliers: 25 
NCC max: 1.000000 min: -0.864256 outliers: 1212 disp outliers: 120 
Num matches pre bucket: 819
Max age: 66
Index: 713, Matches: 777, Inliers: 72.2008 %, Current pose: 
  -0.9880808    0.0915249    0.1237719 -139.7820164 
   0.1012622    0.9920436    0.0748034    3.4967827 
  -0.1159407    0.0864452   -0.9894872  -84.1105216 
   0.0000000   -0.0000000    0.0000000    1.0000000 

Motion:
   0.9999996    0.0006063    0.0006187   -0.0092160 
  -0.0006061    0.9999998   -0.0003575    0.0017434 
  -0.0006189    0.0003571    0.9999997   -0.0010974 
   0.0000000    0.0000000    0.0000000    1.0000000 

angles x: 3.054450 y: 0.082617 z: 3.039465 index: 713
NCC max: 0.997621 min: -0.554434 outliers: 148 disp outliers: 25 
NCC max: 1.000000 min: -0.884289 outliers: 1192 disp outliers: 151 
Num matches pre bucket: 864
Max age: 29
Index: 714, Matches: 809, Inliers: 69.0977 %, Current pose: 
  -0.9880222    0.0915598    0.1242134 -139.7870072 
   0.1014040    0.9919853    0.0753821    3.4918006 
  -0.1163159    0.0870750   -0.9893880  -84.1107976 
   0.0000000   -0.0000000    0.0000000    1.0000000 

Motion:
   0.9999999    0.0001136    0.0003891   -0.0044580 
  -0.0001134    0.9999998   -0.0006232    0.0054232 
  -0.0003892    0.0006232    0.9999997    0.0007224 
   0.0000000    0.0000000    0.0000000    1.0000000 

angles x: 3.053810 y: 0.082888 z: 3.039317 index: 714
NCC max: 0.996727 min: -0.554278 outliers: 154 disp outliers: 25 
NCC max: 1.000000 min: -0.879077 outliers: 1237 disp outliers: 153 
Num matches pre bucket: 801
Max age: 30
Index: 715, Matches: 750, Inliers: 72.6667 %, Current pose: 
  -0.9878867    0.0924090    0.1246613 -139.7890703 
   0.1022780    0.9919073    0.0752272    3.4975651 
  -0.1167008    0.0870660   -0.9893434  -84.1152616 
   0.0000000   -0.0000000    0.0000000    1.0000000 

Motion:
   0.9999995    0.0008459    0.0004635   -0.0031486 
  -0.0008459    0.9999996    0.0001085   -0.0051385 
  -0.0004634   -0.0001088    0.9999999   -0.0045928 
   0.0000000    0.0000000    0.0000000    1.0000000 

angles x: 3.053815 y: 0.083170 z: 3.038428 index: 715
NCC max: 0.997057 min: -0.568175 outliers: 152 disp outliers: 25 
NCC max: 1.000000 min: -0.863656 outliers: 1238 disp outliers: 153 
Num matches pre bucket: 802
Max age: 31
Index: 716, Matches: 753, Inliers: 74.2364 %, Current pose: 
  -0.9877722    0.0927235    0.1253330 -139.7988745 
   0.1026598    0.9918636    0.0752827    3.5012305 
  -0.1173328    0.0872288   -0.9892543  -84.1218351 
   0.0000000   -0.0000000    0.0000000    1.0000000 

Motion:
   0.9999997    0.0003343    0.0006683   -0.0108319 
  -0.0003342    0.9999999   -0.0001251   -0.0021531 
  -0.0006683    0.0001249    0.9999998   -0.0055500 
   0.0000000    0.0000000    0.0000000    1.0000000 

angles x: 3.053644 y: 0.083625 z: 3.038034 index: 716
NCC max: 0.997180 min: -0.559188 outliers: 130 disp outliers: 24 
NCC max: 1.000000 min: -0.670156 outliers: 1075 disp outliers: 111 
Num matches pre bucket: 769
Max age: 32
Index: 717, Matches: 724, Inliers: 61.6022 %, Current pose: 
  -0.9876124    0.0935542    0.1259735 -139.7990686 
   0.1036020    0.9917329    0.0757131    3.4979843 
  -0.1178488    0.0878263   -0.9891401  -84.1272410 
   0.0000000   -0.0000000    0.0000000    1.0000000 

Motion:
   0.9999994    0.0009044    0.0006014   -0.0004925 
  -0.0009041    0.9999995   -0.0004968    0.0037123 
  -0.0006019    0.0004963    0.9999997   -0.0050770 
   0.0000000    0.0000000    0.0000000    1.0000000 

angles x: 3.053034 y: 0.084003 z: 3.037073 index: 717
NCC max: 0.997748 min: -0.278604 outliers: 125 disp outliers: 22 
NCC max: 1.000000 min: -0.648813 outliers: 1043 disp outliers: 118 
Num matches pre bucket: 733
Max age: 71
Index: 718, Matches: 694, Inliers: 48.415 %, Current pose: 
  -0.9873456    0.0933679    0.1281837 -139.7871669 
   0.1036254    0.9917222    0.0758210    3.4875085 
  -0.1200434    0.0881447   -0.9888479  -84.1267810 
   0.0000000   -0.0000000    0.0000000    1.0000000 

Motion:
   0.9999976   -0.0001446    0.0022062    0.0128918 
   0.0001454    0.9999999   -0.0003392    0.0092373 
  -0.0022061    0.0003395    0.9999975   -0.0002764 
   0.0000000    0.0000000    0.0000000    1.0000000 

angles x: 3.052689 y: 0.085572 z: 3.037022 index: 718
NCC max: 0.998370 min: -0.506713 outliers: 128 disp outliers: 20 
NCC max: 1.000000 min: -0.946694 outliers: 1006 disp outliers: 64 
Num matches pre bucket: 735
Max age: 23
Index: 719, Matches: 707, Inliers: 47.1004 %, Current pose: 
  -0.9871968    0.0933233    0.1293569 -139.7575296 
   0.1036211    0.9917628    0.0752945    3.4871078 
  -0.1212646    0.0877346   -0.9887353  -84.1387134 
   0.0000000   -0.0000000    0.0000000    1.0000000 

Motion:
   0.9999992   -0.0000979    0.0012264    0.0278524 
   0.0000974    0.9999999    0.0004029   -0.0013216 
  -0.0012264   -0.0004027    0.9999992   -0.0156016 
   0.0000000    0.0000000    0.0000000    1.0000000 

angles x: 3.053090 y: 0.086443 z: 3.037011 index: 719
NCC max: 1.000000 min: -0.182465 outliers: 124 disp outliers: 22 
NCC max: 1.000000 min: -0.741123 outliers: 1012 disp outliers: 127 
Num matches pre bucket: 710
Max age: 37
Index: 720, Matches: 687, Inliers: 53.8574 %, Current pose: 
  -0.9868842    0.0921969    0.1325115 -139.7475385 
   0.1027728    0.9918499    0.0753094    3.4798704 
  -0.1244882    0.0879403   -0.9883163  -84.1459214 
   0.0000000   -0.0000000    0.0000000    1.0000000 

Motion:
   0.9999944   -0.0010950    0.0031639    0.0097066 
   0.0010961    0.9999993   -0.0003425    0.0068911 
  -0.0031635    0.0003460    0.9999949   -0.0079026 
   0.0000000    0.0000000    0.0000000    1.0000000 

angles x: 3.052846 y: 0.088739 z: 3.037828 index: 720
NCC max: 0.998586 min: -0.292016 outliers: 118 disp outliers: 23 
NCC max: 1.000000 min: -0.667528 outliers: 987 disp outliers: 118 
Num matches pre bucket: 770
Max age: 21
Index: 721, Matches: 730, Inliers: 56.5753 %, Current pose: 
  -0.9860361    0.0930364    0.1381194 -139.7497009 
   0.1041332    0.9917008    0.0754041    3.4806532 
  -0.1299578    0.0887339   -0.9875410  -84.1639050 
   0.0000000   -0.0000000    0.0000000    1.0000000 

Motion:
   0.9999838    0.0009465    0.0056205   -0.0045509 
  -0.0009426    0.9999993   -0.0006844    0.0010207 
  -0.0056212    0.0006791    0.9999840   -0.0175200 
   0.0000000    0.0000000    0.0000000    1.0000000 

angles x: 3.051980 y: 0.092662 z: 3.036375 index: 721
NCC max: 0.998301 min: -0.109100 outliers: 103 disp outliers: 24 
NCC max: 1.000000 min: -0.764320 outliers: 971 disp outliers: 146 
Num matches pre bucket: 755
Max age: 19
Index: 722, Matches: 713, Inliers: 53.5764 %, Current pose: 
  -0.9852488    0.0930180    0.1436401 -139.7491378 
   0.1045967    0.9916624    0.0752672    3.4803310 
  -0.1354413    0.0891812   -0.9867636  -84.1801093 
   0.0000000   -0.0000000    0.0000000    1.0000000 

Motion:
   0.9999845    0.0000464    0.0055588   -0.0016062 
  -0.0000439    0.9999999   -0.0004472    0.0017122 
  -0.0055589    0.0004469    0.9999844   -0.0160464 
   0.0000000    0.0000000    0.0000000    1.0000000 

angles x: 3.051460 y: 0.096588 z: 3.035826 index: 722
NCC max: 0.998267 min: -0.704117 outliers: 127 disp outliers: 20 
NCC max: 1.000000 min: -0.860742 outliers: 970 disp outliers: 128 
Num matches pre bucket: 713
Max age: 48
Index: 723, Matches: 689, Inliers: 51.3788 %, Current pose: 
  -0.9844234    0.0917119    0.1499980 -139.7471372 
   0.1038149    0.9917694    0.0749398    3.4868223 
  -0.1418906    0.0893445   -0.9858421  -84.2075369 
   0.0000000   -0.0000000    0.0000000    1.0000000 

Motion:
   0.9999786   -0.0012737    0.0064236   -0.0025962 
   0.0012759    0.9999991   -0.0003407   -0.0041708 
  -0.0064232    0.0003489    0.9999793   -0.0278258 
   0.0000000    0.0000000    0.0000000    1.0000000 

angles x: 3.051212 y: 0.101193 z: 3.036523 index: 723
NCC max: 0.997268 min: -0.461721 outliers: 122 disp outliers: 21 
NCC max: 1.000000 min: -0.643968 outliers: 895 disp outliers: 46 
Num matches pre bucket: 725
Max age: 24
Index: 724, Matches: 689, Inliers: 47.6052 %, Current pose: 
  -0.9830613    0.0920132    0.1585054 -139.7498544 
   0.1045706    0.9918509    0.0727794    3.5182678 
  -0.1505170    0.0881217   -0.9846721  -84.2439048 
   0.0000000   -0.0000000    0.0000000    1.0000000 

Motion:
   0.9999616    0.0001037    0.0087653   -0.0114335 
  -0.0001147    0.9999992    0.0012569   -0.0277344 
  -0.0087651   -0.0012578    0.9999608   -0.0376683 
   0.0000000    0.0000000    0.0000000    1.0000000 

angles x: 3.052337 y: 0.107368 z: 3.035619 index: 724
NCC max: 0.997609 min: -0.477022 outliers: 136 disp outliers: 19 
NCC max: 1.000000 min: -0.638659 outliers: 1005 disp outliers: 69 
Num matches pre bucket: 706
Max age: 65
Index: 725, Matches: 664, Inliers: 56.3253 %, Current pose: 
  -0.9817419    0.0919605    0.1665118 -139.7210656 
   0.1051206    0.9918489    0.0720095    3.5184012 
  -0.1585325    0.0881986   -0.9834066  -84.2675145 
   0.0000000   -0.0000000    0.0000000    1.0000000 

Motion:
   0.9999669   -0.0000394    0.0081417    0.0245063 
   0.0000401    1.0000000   -0.0000842   -0.0006974 
  -0.0081417    0.0000846    0.9999669   -0.0280213 
   0.0000000    0.0000000    0.0000000    1.0000000 

angles x: 3.052145 y: 0.113113 z: 3.034924 index: 725
NCC max: 1.000000 min: -0.234673 outliers: 118 disp outliers: 25 
NCC max: 1.000000 min: -0.656655 outliers: 993 disp outliers: 54 
Num matches pre bucket: 719
Max age: 51
Index: 726, Matches: 685, Inliers: 59.854 %, Current pose: 
  -0.9800372    0.0920863    0.1762022 -139.7072984 
   0.1059184    0.9918541    0.0707585    3.5324587 
  -0.1682510    0.0880090   -0.9818075  -84.3046790 
   0.0000000   -0.0000000    0.0000000    1.0000000 

Motion:
   0.9999510    0.0000908    0.0098985    0.0057504 
  -0.0000929    1.0000000    0.0002078   -0.0119399 
  -0.0098985   -0.0002087    0.9999510   -0.0399089 
   0.0000000    0.0000000    0.0000000    1.0000000 

angles x: 3.052192 y: 0.120085 z: 3.033935 index: 726
NCC max: 0.996244 min: -0.494634 outliers: 143 disp outliers: 23 
NCC max: 1.000000 min: -0.832309 outliers: 991 disp outliers: 147 
Num matches pre bucket: 663
Max age: 27
Index: 727, Matches: 643, Inliers: 51.7885 %, Current pose: 
  -0.9779194    0.0918581    0.1877117 -139.7126652 
   0.1067153    0.9917786    0.0706191    3.5298206 
  -0.1796815    0.0890915   -0.9796822  -84.3633264 
   0.0000000   -0.0000000    0.0000000    1.0000000 

Motion:
   0.9999321   -0.0000205    0.0116521   -0.0155046 
   0.0000334    0.9999994   -0.0011083    0.0083344 
  -0.0116521    0.0011086    0.9999315   -0.0562621 
   0.0000000    0.0000000    0.0000000    1.0000000 

angles x: 3.050903 y: 0.128297 z: 3.032898 index: 727
NCC max: 0.996308 min: -0.332066 outliers: 145 disp outliers: 23 
NCC max: 1.000000 min: -0.755209 outliers: 965 disp outliers: 138 
Num matches pre bucket: 657
Max age: 19
Index: 728, Matches: 637, Inliers: 52.5903 %, Current pose: 
  -0.9755737    0.0917656    0.1995870 -139.6937917 
   0.1074565    0.9917959    0.0692380    3.5370884 
  -0.1915959    0.0889937   -0.9774309  -84.4217133 
   0.0000000   -0.0000000    0.0000000    1.0000000 

Motion:
   0.9999260   -0.0001109    0.0121650    0.0064448 
   0.0001100    1.0000000    0.0000796   -0.0037440 
  -0.0121650   -0.0000783    0.9999260   -0.0613393 
   0.0000000    0.0000000    0.0000000    1.0000000 

angles x: 3.050794 y: 0.136860 z: 3.031888 index: 728
NCC max: 1.000000 min: -0.371919 outliers: 142 disp outliers: 21 
NCC max: 1.000000 min: -0.845095 outliers: 945 disp outliers: 63 
Num matches pre bucket: 577
Max age: 20
Index: 729, Matches: 570, Inliers: 57.0175 %, Current pose: 
  -0.9729615    0.0912237    0.2121891 -139.6710909 
   0.1078931    0.9918115    0.0683308    3.5349001 
  -0.2042182    0.0893770   -0.9748367  -84.4640527 
   0.0000000   -0.0000000    0.0000000    1.0000000 

Motion:
   0.9999168   -0.0004506    0.0128890    0.0136766 
   0.0004568    0.9999998   -0.0004817    0.0038837 
  -0.0128888    0.0004876    0.9999168   -0.0459413 
   0.0000000    0.0000000    0.0000000    1.0000000 

angles x: 3.050164 y: 0.145941 z: 3.031152 index: 729
NCC max: 0.995472 min: -0.255044 outliers: 127 disp outliers: 22 
NCC max: 1.000000 min: -0.920430 outliers: 940 disp outliers: 130 
Num matches pre bucket: 622
Max age: 24
Index: 730, Matches: 614, Inliers: 54.3974 %, Current pose: 
  -0.9693906    0.0913364    0.2279026 -139.6688269 
   0.1091957    0.9917597    0.0670000    3.5144448 
  -0.2199051    0.0898351   -0.9713760  -84.5073496 
   0.0000000   -0.0000000    0.0000000    1.0000000 

Motion:
   0.9998697    0.0002157    0.0161388   -0.0050928 
  -0.0002088    0.9999999   -0.0004262    0.0239695 
  -0.0161389    0.0004228    0.9998697   -0.0412031 
   0.0000000    0.0000000    0.0000000    1.0000000 

angles x: 3.049373 y: 0.157257 z: 3.029422 index: 730
NCC max: 0.993445 min: -0.175512 outliers: 129 disp outliers: 26 
NCC max: 1.000000 min: -0.928906 outliers: 966 disp outliers: 141 
Num matches pre bucket: 612
Max age: 15
Index: 731, Matches: 597, Inliers: 50.9213 %, Current pose: 
  -0.9656188    0.0910726    0.2434873 -139.6356023 
   0.1089378    0.9921804    0.0609145    3.5238287 
  -0.2360357    0.0853452   -0.9679893  -84.5682383 
   0.0000000   -0.0000000    0.0000000    1.0000000 

Motion:
   0.9998628   -0.0013604    0.0165112    0.0166881 
   0.0012891    0.9999898    0.0043295   -0.0071398 
  -0.0165170   -0.0043076    0.9998543   -0.0676010 
   0.0000000    0.0000000    0.0000000    1.0000000 

angles x: 3.053653 y: 0.168861 z: 3.029251 index: 731
NCC max: 1.000000 min: -0.134713 outliers: 136 disp outliers: 24 
NCC max: 1.000000 min: -0.766242 outliers: 973 disp outliers: 83 
Num matches pre bucket: 594
Max age: 14
Index: 732, Matches: 579, Inliers: 46.6321 %, Current pose: 
  -0.9610984    0.0916469    0.2605585 -139.6152320 
   0.1091708    0.9925787    0.0535660    3.5506356 
  -0.2537157    0.0799276   -0.9639709  -84.6727063 
   0.0000000   -0.0000000    0.0000000    1.0000000 

Motion:
   0.9998335   -0.0008660    0.0182288   -0.0098539 
   0.0007676    0.9999851    0.0054082   -0.0201250 
  -0.0182333   -0.0053933    0.9998192   -0.1074477 
   0.0000000    0.0000000    0.0000000    1.0000000 

angles x: 3.058867 y: 0.181611 z: 3.028488 index: 732
NCC max: 0.994621 min: -0.206506 outliers: 129 disp outliers: 25 
NCC max: 1.000000 min: -0.824372 outliers: 1035 disp outliers: 117 
Num matches pre bucket: 589
Max age: 17
Index: 733, Matches: 577, Inliers: 50.26 %, Current pose: 
  -0.9570965    0.0888301    0.2758180 -139.5438471 
   0.1069056    0.9929513    0.0511748    3.5367579 
  -0.2693280    0.0784657   -0.9598466  -84.7529236 
   0.0000000   -0.0000000    0.0000000    1.0000000 

Motion:
   0.9998676   -0.0031295    0.0159713    0.0482011 
   0.0031188    0.9999949    0.0006953    0.0137331 
  -0.0159734   -0.0006454    0.9998722   -0.0959753 
   0.0000000    0.0000000    0.0000000    1.0000000 

angles x: 3.060026 y: 0.192862 z: 3.030356 index: 733
NCC max: 0.995122 min: -0.592609 outliers: 131 disp outliers: 22 
NCC max: 1.000000 min: -0.601422 outliers: 1019 disp outliers: 90 
Num matches pre bucket: 634
Max age: 18
Index: 734, Matches: 620, Inliers: 51.2903 %, Current pose: 
  -0.9518733    0.0868235    0.2939369 -139.4911189 
   0.1062046    0.9930561    0.0505984    3.5488694 
  -0.2875027    0.0793807   -0.9544846  -84.8558046 
   0.0000000   -0.0000000    0.0000000    1.0000000 

Motion:
   0.9998210   -0.0016581    0.0188497    0.0193256 
   0.0016853    0.9999976   -0.0014264   -0.0084386 
  -0.0188472    0.0014579    0.9998213   -0.1143099 
   0.0000000    0.0000000    0.0000000    1.0000000 

angles x: 3.058618 y: 0.206039 z: 3.030478 index: 734
NCC max: 1.000000 min: -0.305983 outliers: 125 disp outliers: 23 
NCC max: 1.000000 min: -0.780194 outliers: 1059 disp outliers: 111 
Num matches pre bucket: 629
Max age: 19
Index: 735, Matches: 610, Inliers: 45.2459 %, Current pose: 
  -0.9455394    0.0872692    0.3135909 -139.4373154 
   0.1090249    0.9926524    0.0524868    3.5617711 
  -0.3067062    0.0838176   -0.9481065  -85.0079286 
   0.0000000   -0.0000000    0.0000000    1.0000000 

Motion:
   0.9997916    0.0018262    0.0203340    0.0028094 
  -0.0017427    0.9999900   -0.0041243   -0.0047517 
  -0.0203413    0.0040880    0.9997847   -0.1617792 
   0.0000000    0.0000000    0.0000000    1.0000000 

angles x: 3.053417 y: 0.220100 z: 3.026795 index: 735
NCC max: 1.000000 min: -0.383464 outliers: 132 disp outliers: 30 
NCC max: 1.000000 min: -0.792306 outliers: 1089 disp outliers: 70 
Num matches pre bucket: 618
Max age: 20
Index: 736, Matches: 602, Inliers: 59.3023 %, Current pose: 
  -0.9385854    0.0863602    0.3340650 -139.3812854 
   0.1109607    0.9922887    0.0552342    3.5343265 
  -0.3267189    0.0889101   -0.9409303  -85.1270813 
   0.0000000   -0.0000000    0.0000000    1.0000000 

Motion:
   0.9997737    0.0008510    0.0212565    0.0167048 
  -0.0007421    0.9999866   -0.0051324    0.0329881 
  -0.0212605    0.0051154    0.9997609   -0.1293162 
   0.0000000    0.0000000    0.0000000    1.0000000 

angles x: 3.047381 y: 0.234792 z: 3.023918 index: 736
NCC max: 0.998231 min: -0.365209 outliers: 139 disp outliers: 23 
NCC max: 1.000000 min: -0.747535 outliers: 1074 disp outliers: 92 
Num matches pre bucket: 675
Max age: 21
Index: 737, Matches: 658, Inliers: 51.9757 %, Current pose: 
  -0.9307808    0.0817513    0.3563199 -139.2923856 
   0.1090651    0.9923867    0.0572147    3.5389946 
  -0.3489298    0.0921164   -0.9326106  -85.2872265 
   0.0000000   -0.0000000    0.0000000    1.0000000 

Motion:
   0.9997211   -0.0031818    0.0234014    0.0263577 
   0.0032892    0.9999842   -0.0045512    0.0028518 
  -0.0233866    0.0046269    0.9997158   -0.1812969 
   0.0000000    0.0000000    0.0000000    1.0000000 

angles x: 3.043139 y: 0.251046 z: 3.024949 index: 737
NCC max: 0.999370 min: -0.379917 outliers: 129 disp outliers: 26 
NCC max: 1.000000 min: -0.747809 outliers: 1037 disp outliers: 146 
Num matches pre bucket: 687
Max age: 22
Index: 738, Matches: 662, Inliers: 57.4018 %, Current pose: 
  -0.9221976    0.0754427    0.3792887 -139.1872600 
   0.1065900    0.9923825    0.0617709    3.5456957 
  -0.3717393    0.0973934   -0.9232142  -85.4491983 
   0.0000000   -0.0000000    0.0000000    1.0000000 

Motion:
   0.9997000   -0.0038557    0.0241891    0.0360210 
   0.0040302    0.9999662   -0.0071695    0.0011939 
  -0.0241607    0.0072649    0.9996817   -0.1898215 
   0.0000000    0.0000000    0.0000000    1.0000000 

angles x: 3.036488 y: 0.267811 z: 3.026521 index: 738
NCC max: 0.998686 min: -0.403721 outliers: 130 disp outliers: 32 
NCC max: 1.000000 min: -0.837643 outliers: 1073 disp outliers: 153 
Num matches pre bucket: 709
Max age: 23
Index: 739, Matches: 690, Inliers: 58.4058 %, Current pose: 
  -0.9118893    0.0727262    0.4039416 -139.1044462 
   0.1081189    0.9919793    0.0654786    3.5351613 
  -0.3959397    0.1033829   -0.9124383  -85.6164993 
   0.0000000   -0.0000000    0.0000000    1.0000000 

Motion:
   0.9996529   -0.0000620    0.0263464    0.0104149 
   0.0002356    0.9999783   -0.0065849    0.0217233 
  -0.0263455    0.0065888    0.9996312   -0.1854140 
   0.0000000    0.0000000    0.0000000    1.0000000 

angles x: 3.028770 y: 0.285803 z: 3.023578 index: 739
NCC max: 0.998340 min: -0.243762 outliers: 141 disp outliers: 25 
NCC max: 1.000000 min: -0.765206 outliers: 967 disp outliers: 147 
Num matches pre bucket: 662
Max age: 16
Index: 740, Matches: 629, Inliers: 55.8029 %, Current pose: 
  -0.9006836    0.0729924    0.4283004 -139.0123086 
   0.1116669    0.9915621    0.0658419    3.5374764 
  -0.4198805    0.1071297   -0.9012345  -85.7752433 
   0.0000000   -0.0000000   -0.0000000    1.0000000 

Motion:
   0.9996443    0.0018595    0.0266033    0.0160748 
  -0.0017713    0.9999929   -0.0033385    0.0079852 
  -0.0266093    0.0032902    0.9996405   -0.1826806 
   0.0000000    0.0000000    0.0000000    1.0000000 

angles x: 3.023278 y: 0.303747 z: 3.018242 index: 740
NCC max: 1.000000 min: -0.569933 outliers: 135 disp outliers: 25 
NCC max: 1.000000 min: -0.934089 outliers: 1064 disp outliers: 153 
Num matches pre bucket: 679
Max age: 25
Index: 741, Matches: 649, Inliers: 50.8475 %, Current pose: 
  -0.8876669    0.0722849    0.4547773 -138.9171284 
   0.1156483    0.9909445    0.0682242    3.5475238 
  -0.4457274    0.1131546   -0.8879882  -85.9567798 
   0.0000000   -0.0000000   -0.0000000    1.0000000 

Motion:
   0.9995733    0.0021290    0.0291314    0.0024105 
  -0.0019616    0.9999814   -0.0057736    0.0037052 
  -0.0291431    0.0057140    0.9995589   -0.2051735 
   0.0000000    0.0000000    0.0000000    1.0000000 

angles x: 3.014848 y: 0.323283 z: 3.012039 index: 741
NCC max: 1.000000 min: -0.267227 outliers: 117 disp outliers: 26 
NCC max: 1.000000 min: -0.722262 outliers: 1032 disp outliers: 107 
Num matches pre bucket: 689
Max age: 20
Index: 742, Matches: 664, Inliers: 57.6807 %, Current pose: 
  -0.8724945    0.0685152    0.4837965 -138.8032198 
   0.1183481    0.9902711    0.0731907    3.5401570 
  -0.4740750    0.1211149   -0.8721147  -86.1504881 
   0.0000000   -0.0000000   -0.0000000    1.0000000 

Motion:
   0.9994795    0.0005644    0.0322565    0.0084242 
  -0.0002797    0.9999610   -0.0088289    0.0229515 
  -0.0322602    0.0088153    0.9994406   -0.2235053 
   0.0000000    0.0000000    0.0000000    1.0000000 

angles x: 3.003600 y: 0.344848 z: 3.006772 index: 742
NCC max: 0.997032 min: -0.306545 outliers: 121 disp outliers: 27 
NCC max: 1.000000 min: -0.723948 outliers: 958 disp outliers: 139 
Num matches pre bucket: 632
Max age: 16
Index: 743, Matches: 618, Inliers: 52.589 %, Current pose: 
  -0.8556363    0.0669327    0.5132314 -138.6505984 
   0.1207771    0.9900478    0.0722379    3.5703680 
  -0.5032886    0.1237960   -0.8552048  -86.3383537 
   0.0000000   -0.0000000   -0.0000000    1.0000000 

Motion:
   0.9994282    0.0000222    0.0338113    0.0323890 
   0.0000833    0.9999951   -0.0031202   -0.0168686 
  -0.0338112    0.0031212    0.9994234   -0.2411761 
   0.0000000    0.0000000    0.0000000    1.0000000 

angles x: 2.997835 y: 0.367173 z: 3.001364 index: 743
NCC max: 0.995722 min: -0.370190 outliers: 112 disp outliers: 28 
NCC max: 1.000000 min: -0.712148 outliers: 936 disp outliers: 124 
Num matches pre bucket: 602
Max age: 13
Index: 744, Matches: 581, Inliers: 57.1429 %, Current pose: 
  -0.8363634    0.0670555    0.5440587 -138.4774890 
   0.1231525    0.9901040    0.0672875    3.5776353 
  -0.5341627    0.1232790   -0.8363447  -86.5277123 
   0.0000000   -0.0000000   -0.0000000    1.0000000 

Motion:
   0.9993349   -0.0001804    0.0364668    0.0427391 
   0.0001619    0.9999999    0.0005092    0.0045407 
  -0.0364668   -0.0005030    0.9993347   -0.2530397 
   0.0000000    0.0000000    0.0000000    1.0000000 

angles x: 2.995244 y: 0.390927 z: 2.995396 index: 744
NCC max: 0.996387 min: -0.282730 outliers: 132 disp outliers: 30 
NCC max: 1.000000 min: -0.751018 outliers: 1002 disp outliers: 178 
Num matches pre bucket: 555
Max age: 21
Index: 745, Matches: 548, Inliers: 56.0219 %, Current pose: 
  -0.8134000    0.0664491    0.5778970 -138.2968203 
   0.1237117    0.9904883    0.0602357    3.5746419 
  -0.5683976    0.1204884   -0.8138837  -86.7187285 
   0.0000000   -0.0000000   -0.0000000    1.0000000 

Motion:
   0.9991502   -0.0021269    0.0411632    0.0387531 
   0.0020451    0.9999958    0.0020299    0.0139748 
  -0.0411674   -0.0019440    0.9991504   -0.2596925 
   0.0000000    0.0000000    0.0000000    1.0000000 

angles x: 2.994619 y: 0.417419 z: 2.990657 index: 745
NCC max: 0.998275 min: -0.192475 outliers: 126 disp outliers: 35 
NCC max: 1.000000 min: -0.712690 outliers: 995 disp outliers: 121 
Num matches pre bucket: 591
Max age: 15
Index: 746, Matches: 588, Inliers: 46.0884 %, Current pose: 
  -0.7864812    0.0651644    0.6141669 -138.0751560 
   0.1220781    0.9912010    0.0511606    3.5930599 
  -0.6054290    0.1152132   -0.7875161  -86.9548903 
   0.0000000   -0.0000000   -0.0000000    1.0000000 

Motion:
   0.9989507   -0.0042912    0.0455972    0.0291072 
   0.0041316    0.9999850    0.0035938   -0.0054916 
  -0.0456119   -0.0034017    0.9989534   -0.3230624 
   0.0000000    0.0000000    0.0000000    1.0000000 

angles x: 2.996324 y: 0.446283 z: 2.987601 index: 746
NCC max: 0.998356 min: -0.501834 outliers: 140 disp outliers: 25 
NCC max: 1.000000 min: -0.867194 outliers: 962 disp outliers: 146 
Num matches pre bucket: 611
Max age: 15
Index: 747, Matches: 600, Inliers: 50.3333 %, Current pose: 
  -0.7569450    0.0644357    0.6502941 -137.8280407 
   0.1228474    0.9914158    0.0447584    3.5822510 
  -0.6418278    0.1137666   -0.7583629  -87.1576129 
   0.0000000   -0.0000000   -0.0000000    1.0000000 

Motion:
   0.9989011   -0.0015065    0.0468442    0.0582675 
   0.0014752    0.9999987    0.0007027    0.0178562 
  -0.0468451   -0.0006328    0.9989020   -0.3139511 
   0.0000000    0.0000000    0.0000000    1.0000000 

angles x: 2.992687 y: 0.475224 z: 2.980702 index: 747
NCC max: 0.998721 min: -0.453562 outliers: 136 disp outliers: 24 
NCC max: 1.000000 min: -0.911745 outliers: 987 disp outliers: 109 
Num matches pre bucket: 633
Max age: 17
Index: 748, Matches: 611, Inliers: 56.1375 %, Current pose: 
  -0.7210588    0.0699910    0.6893297 -137.5900383 
   0.1279101    0.9912315    0.0331531    3.5988131 
  -0.6809649    0.1120776   -0.7236888  -87.3814246 
   0.0000000   -0.0000000   -0.0000000    1.0000000 

Motion:
   0.9985774    0.0028792    0.0532433    0.0170874 
  -0.0031437    0.9999831    0.0048853   -0.0079906 
  -0.0532283   -0.0050457    0.9985696   -0.3265811 
   0.0000000    0.0000000    0.0000000    1.0000000 

angles x: 2.987943 y: 0.507094 z: 2.966027 index: 748
NCC max: 1.000000 min: -0.439780 outliers: 113 disp outliers: 19 
NCC max: 1.000000 min: -0.660120 outliers: 1014 disp outliers: 97 
Num matches pre bucket: 650
Max age: 25
Index: 749, Matches: 631, Inliers: 48.1775 %, Current pose: 
  -0.6825223    0.0778504    0.7267067 -137.3351031 
   0.1328352    0.9909636    0.0185990    3.6175443 
  -0.7186919    0.1092265   -0.6866961  -87.6024593 
   0.0000000   -0.0000000   -0.0000000    1.0000000 

Motion:
   0.9985337    0.0033507    0.0540303    0.0126549 
  -0.0037598    0.9999650    0.0074722   -0.0142659 
  -0.0540033   -0.0076643    0.9985113   -0.3373952 
   0.0000000    0.0000000    0.0000000    1.0000000 

angles x: 2.983853 y: 0.538421 z: 2.949372 index: 749
NCC max: 0.994196 min: -0.367120 outliers: 139 disp outliers: 12 
NCC max: 1.000000 min: -0.751788 outliers: 991 disp outliers: 50 
Num matches pre bucket: 620
Max age: 18
Index: 750, Matches: 606, Inliers: 46.5347 %, Current pose: 
  -0.6417686    0.0809225    0.7626169 -137.0341595 
   0.1346888    0.9908540    0.0082042    3.6142015 
  -0.7549781    0.1079812   -0.6467983  -87.8510214 
   0.0000000   -0.0000000   -0.0000000    1.0000000 

Motion:
   0.9985095    0.0010462    0.0545681    0.0059274 
  -0.0012163    0.9999945    0.0030856    0.0057991 
  -0.0545645   -0.0031474    0.9985053   -0.3902469 
   0.0000000    0.0000000    0.0000000    1.0000000 

angles x: 2.976171 y: 0.568975 z: 2.934724 index: 750
NCC max: 0.997923 min: -0.600764 outliers: 151 disp outliers: 5 
NCC max: 1.000000 min: -0.747346 outliers: 1036 disp outliers: 33 
Num matches pre bucket: 616
Max age: 17
Index: 751, Matches: 599, Inliers: 48.414 %, Current pose: 
  -0.5996662    0.0791685    0.7963245 -136.6793964 
   0.1351562    0.9908189    0.0032737    3.5963632 
  -0.7887542    0.1095913   -0.6048608  -88.1019265 
   0.0000000   -0.0000000   -0.0000000    1.0000000 

Motion:
   0.9985432    0.0002230    0.0539581    0.0172480 
  -0.0000947    0.9999972   -0.0023794    0.0170855 
  -0.0539585    0.0023708    0.9985404   -0.4342108 
   0.0000000    0.0000000    0.0000000    1.0000000 

angles x: 2.962353 y: 0.597890 z: 2.919911 index: 751
NCC max: 0.991794 min: -0.446087 outliers: 124 disp outliers: 13 
NCC max: 1.000000 min: -0.900443 outliers: 981 disp outliers: 82 
Num matches pre bucket: 597
Max age: 13
Index: 752, Matches: 590, Inliers: 52.5424 %, Current pose: 
  -0.5555725    0.0791961    0.8276879 -136.2791255 
   0.1361686    0.9906799   -0.0033907    3.6259091 
  -0.8202422    0.1108213   -0.5611785  -88.3456135 
   0.0000000   -0.0000000   -0.0000000    1.0000000 

Motion:
   0.9985316    0.0010432    0.0541621    0.0184740 
  -0.0010055    0.9999992   -0.0007225   -0.0339647 
  -0.0541628    0.0006669    0.9985319   -0.4679511 
   0.0000000    0.0000000    0.0000000    1.0000000 

angles x: 2.946622 y: 0.625440 z: 2.901235 index: 752
NCC max: 0.993611 min: -0.685904 outliers: 120 disp outliers: 13 
NCC max: 1.000000 min: -0.743248 outliers: 984 disp outliers: 73 
Num matches pre bucket: 553
Max age: 13
Index: 753, Matches: 549, Inliers: 50.0911 %, Current pose: 
  -0.5097866    0.0745523    0.8570645 -135.8365523 
   0.1370648    0.9905512   -0.0046369    3.6361787 
  -0.8493120    0.1151096   -0.5151882  -88.5902527 
   0.0000000   -0.0000000   -0.0000000    1.0000000 

Motion:
   0.9985289    0.0012924    0.0542067    0.0164352 
  -0.0009550    0.9999800   -0.0062497   -0.0150071 
  -0.0542137    0.0061887    0.9985102   -0.5053014 
   0.0000000    0.0000000    0.0000000    1.0000000 

angles x: 2.921771 y: 0.651374 z: 2.878937 index: 753
NCC max: 0.996286 min: -0.695590 outliers: 117 disp outliers: 14 
NCC max: 1.000000 min: -0.721330 outliers: 1005 disp outliers: 97 
Num matches pre bucket: 576
Max age: 20
Index: 754, Matches: 567, Inliers: 38.9771 %, Current pose: 
  -0.4629850    0.0657092    0.8839272 -135.3673370 
   0.1369987    0.9905694   -0.0018793    3.6197070 
  -0.8757147    0.1202268   -0.4676208  -88.7893826 
   0.0000000   -0.0000000   -0.0000000    1.0000000 

Motion:
   0.9985563    0.0003844    0.0537147    0.0451152 
   0.0001645    0.9999478   -0.0102156    0.0094254 
  -0.0537158    0.0102096    0.9985041   -0.5079004 
   0.0000000    0.0000000    0.0000000    1.0000000 

angles x: 2.889940 y: 0.675283 z: 2.853899 index: 754
NCC max: 0.996412 min: -0.586321 outliers: 123 disp outliers: 22 
NCC max: 1.000000 min: -0.756721 outliers: 974 disp outliers: 119 
Num matches pre bucket: 490
Max age: 21
Index: 755, Matches: 484, Inliers: 44.0083 %, Current pose: 
  -0.4144988    0.0571635    0.9082528 -134.8265558 
   0.1385151    0.9903599    0.0008830    3.6549275 
  -0.8994467    0.1261727   -0.4184210  -89.0062740 
   0.0000000   -0.0000000   -0.0000000    1.0000000 

Motion:
   0.9985418    0.0018349    0.0539529    0.0241923 
  -0.0012791    0.9999458   -0.0103338   -0.0384282 
  -0.0539690    0.0102497    0.9984900   -0.5819490 
   0.0000000    0.0000000    0.0000000    1.0000000 

angles x: 2.848719 y: 0.697359 z: 2.819085 index: 755
NCC max: 0.994258 min: -0.408823 outliers: 123 disp outliers: 23 
NCC max: 1.000000 min: -0.747275 outliers: 950 disp outliers: 124 
Num matches pre bucket: 478
Max age: 22
Index: 756, Matches: 468, Inliers: 38.8889 %, Current pose: 
  -0.3604992    0.0467922    0.9315851 -134.2952570 
   0.1469931    0.9891113    0.0072008    3.6536690 
  -0.9211044    0.1395325   -0.3634520  -89.2456119 
   0.0000000   -0.0000000   -0.0000000    1.0000000 

Motion:
   0.9982716    0.0087504    0.0581148   -0.0287374 
  -0.0078905    0.9998562   -0.0150108    0.0097796 
  -0.0582378    0.0145263    0.9981970   -0.5819288 
   0.0000000    0.0000000    0.0000000    1.0000000 

angles x: 2.775034 y: 0.718798 z: 2.754424 index: 756
NCC max: 0.993660 min: -0.322490 outliers: 112 disp outliers: 19 
NCC max: 1.000000 min: -0.780211 outliers: 918 disp outliers: 92 
Num matches pre bucket: 460
Max age: 13
Index: 757, Matches: 456, Inliers: 37.7193 %, Current pose: 
  -0.3083908    0.0358891    0.9505825 -133.7043187 
   0.1511228    0.9884456    0.0117091    3.6513877 
  -0.9391789    0.1472657   -0.3102512  -89.4231329 
   0.0000000   -0.0000000   -0.0000000    1.0000000 

Motion:
   0.9984705    0.0040010    0.0551424    0.0158608 
  -0.0032904    0.9999104   -0.0129727    0.0071895 
  -0.0551893    0.0127714    0.9983942   -0.6167850 
   0.0000000    0.0000000    0.0000000    1.0000000 

angles x: 2.698417 y: 0.736689 z: 2.685947 index: 757
NCC max: 0.992623 min: -0.798519 outliers: 95 disp outliers: 19 
NCC max: 1.000000 min: -0.888577 outliers: 836 disp outliers: 83 
Num matches pre bucket: 407
Max age: 10
Index: 758, Matches: 404, Inliers: 46.7822 %, Current pose: 
  -0.2541041    0.0238840    0.9668819 -133.0929849 
   0.1562212    0.9875816    0.0166608    3.6259737 
  -0.9544768    0.1552811   -0.2546797  -89.6036329 
   0.0000000   -0.0000000   -0.0000000    1.0000000 

Motion:
   0.9983965    0.0047349    0.0564098   -0.0129705 
  -0.0039562    0.9998954   -0.0139087    0.0385255 
  -0.0564698    0.0136632    0.9983108   -0.6366338 
   0.0000000    0.0000000    0.0000000    1.0000000 

angles x: 2.594063 y: 0.752348 z: 2.590368 index: 758
NCC max: 0.991701 min: -0.353810 outliers: 102 disp outliers: 23 
NCC max: 1.000000 min: -0.812004 outliers: 774 disp outliers: 73 
Num matches pre bucket: 312
Max age: 8
Index: 759, Matches: 311, Inliers: 38.2637 %, Current pose: 
  -0.2028117    0.0139273    0.9791187 -132.4326208 
   0.1582648    0.9872189    0.0187400    3.6285821 
  -0.9663435    0.1587607   -0.2024238  -89.7250556 
   0.0000000   -0.0000000   -0.0000000    1.0000000 

Motion:
   0.9986120    0.0014006    0.0526499    0.0161808 
  -0.0008478    0.9999443   -0.0105192    0.0075050 
  -0.0526617    0.0104600    0.9985576   -0.6712026 
   0.0000000    0.0000000    0.0000000    1.0000000 

angles x: 2.476499 y: 0.764384 z: 2.478947 index: 759
NCC max: 0.993954 min: -0.524120 outliers: 91 disp outliers: 18 
NCC max: 1.000000 min: -0.685176 outliers: 699 disp outliers: 74 
Num matches pre bucket: 382
Max age: 12
Index: 760, Matches: 381, Inliers: 40.6824 %, Current pose: 
  -0.1540430    0.0062061    0.9880446 -131.8076400 
   0.1592494    0.9870626    0.0186282    3.6039511 
  -0.9751463    0.1602150   -0.1530384  -89.7925644 
   0.0000000   -0.0000000   -0.0000000    1.0000000 

Motion:
   0.9987716    0.0002537    0.0495507    0.0343655 
   0.0001358    0.9999691   -0.0078573    0.0312496 
  -0.0495512    0.0078544    0.9987407   -0.6273815 
   0.0000000    0.0000000    0.0000000    1.0000000 

angles x: 2.333289 y: 0.773310 z: 2.339578 index: 760
NCC max: 0.997280 min: -0.617495 outliers: 106 disp outliers: 17 
NCC max: 1.000000 min: -0.714201 outliers: 671 disp outliers: 132 
Num matches pre bucket: 376
Max age: 9
Index: 761, Matches: 375, Inliers: 40.8 %, Current pose: 
  -0.1080621    0.0073491    0.9941170 -131.1106308 
   0.1636818    0.9864573    0.0105000    3.6170884 
  -0.9805768    0.1638535   -0.1078016  -89.8574830 
   0.0000000   -0.0000000   -0.0000000    1.0000000 

Motion:
   0.9989183    0.0037904    0.0463448    0.0095122 
  -0.0038205    0.9999925    0.0005613   -0.0074447 
  -0.0463423   -0.0007378    0.9989253   -0.7000450 
   0.0000000    0.0000000    0.0000000    1.0000000 

angles x: 2.152715 y: 0.779427 z: 2.154306 index: 761
NCC max: 0.995539 min: -0.503552 outliers: 98 disp outliers: 20 
NCC max: 1.000000 min: -0.635689 outliers: 648 disp outliers: 74 
Num matches pre bucket: 341
Max age: 17
Index: 762, Matches: 340, Inliers: 39.4118 %, Current pose: 
  -0.0693046    0.0069367    0.9975714 -130.4346502 
   0.1629353    0.9866267    0.0044591    3.5836327 
  -0.9841997    0.1628486   -0.0695080  -89.8655160 
   0.0000000   -0.0000000   -0.0000000    1.0000000 

Motion:
   0.9992421   -0.0010452    0.0389122    0.0443937 
   0.0010577    0.9999994   -0.0002999    0.0296274 
  -0.0389119    0.0003409    0.9992426   -0.6747481 
   0.0000000    0.0000000    0.0000000    1.0000000 

angles x: 1.974213 y: 0.782936 z: 1.972964 index: 762
NCC max: 1.000000 min: -0.281196 outliers: 87 disp outliers: 23 
NCC max: 1.000000 min: -0.765009 outliers: 652 disp outliers: 138 
Num matches pre bucket: 338
Max age: 17
Index: 763, Matches: 334, Inliers: 42.515 %, Current pose: 
  -0.0355889    0.0083977    0.9993312 -129.7078896 
   0.1603451    0.9870576   -0.0025843    3.5765272 
  -0.9864192    0.1601459   -0.0364748  -89.8677147 
   0.0000000   -0.0000000   -0.0000000    1.0000000 

Motion:
   0.9994258   -0.0026831    0.0337766    0.0248350 
   0.0026289    0.9999952    0.0016473    0.0012625 
  -0.0337808   -0.0015576    0.9994281   -0.7263731 
   0.0000000    0.0000000    0.0000000    1.0000000 

angles x: 1.794736 y: 0.784750 z: 1.789208 index: 763
NCC max: 0.992883 min: -0.349573 outliers: 90 disp outliers: 24 
NCC max: 1.000000 min: -0.658043 outliers: 718 disp outliers: 100 
Num matches pre bucket: 406
Max age: 18
Index: 764, Matches: 403, Inliers: 44.665 %, Current pose: 
  -0.0081311    0.0125502    0.9998882 -128.9549785 
   0.1591959    0.9871846   -0.0110961    3.5537251 
  -0.9872135    0.1590879   -0.0100248  -89.8647343 
   0.0000000   -0.0000000   -0.0000000    1.0000000 

Motion:
   0.9996221   -0.0010310    0.0274714    0.0126943 
   0.0009162    0.9999908    0.0041879    0.0125866 
  -0.0274755   -0.0041612    0.9996138   -0.7530500 
   0.0000000    0.0000000    0.0000000    1.0000000 

angles x: 1.633727 y: 0.785396 z: 1.621828 index: 764
NCC max: 0.993255 min: -0.390517 outliers: 98 disp outliers: 19 
NCC max: 1.000000 min: -0.722232 outliers: 689 disp outliers: 132 
Num matches pre bucket: 430
Max age: 19
Index: 765, Matches: 409, Inliers: 44.4988 %, Current pose: 
   0.0135784    0.0163273    0.9997745 -128.2057352 
   0.1584548    0.9871971   -0.0182739    3.5195931 
  -0.9872729    0.1586672    0.0108175  -89.8447159 
   0.0000000   -0.0000000   -0.0000000    1.0000000 

Motion:
   0.9997641   -0.0004686    0.0217159    0.0149985 
   0.0003866    0.9999928    0.0037808    0.0182856 
  -0.0217175   -0.0037715    0.9997570   -0.7499145 
   0.0000000    0.0000000    0.0000000    1.0000000 

angles x: 1.502725 y: 0.785389 z: 1.485312 index: 765
NCC max: 0.995283 min: -0.228112 outliers: 99 disp outliers: 25 
NCC max: 1.000000 min: -0.535591 outliers: 661 disp outliers: 103 
Num matches pre bucket: 429
Max age: 10
Index: 766, Matches: 417, Inliers: 41.0072 %, Current pose: 
   0.0306533    0.0168416    0.9993882 -127.3954766 
   0.1578255    0.9872334   -0.0214776    3.4974067 
  -0.9869911    0.1583873    0.0276039  -89.8133275 
   0.0000000   -0.0000000   -0.0000000    1.0000000 

Motion:
   0.9998540   -0.0002978    0.0170856    0.0096445 
   0.0002891    0.9999998    0.0005105    0.0032856 
  -0.0170857   -0.0005055    0.9998539   -0.8111059 
   0.0000000    0.0000000    0.0000000    1.0000000 

angles x: 1.398248 y: 0.785035 z: 1.378962 index: 766
NCC max: 0.996147 min: -0.597385 outliers: 96 disp outliers: 19 
NCC max: 1.000000 min: -0.597385 outliers: 682 disp outliers: 123 
Num matches pre bucket: 410
Max age: 11
Index: 767, Matches: 406, Inliers: 49.7537 %, Current pose: 
   0.0454600    0.0194969    0.9987759 -126.5768919 
   0.1591196    0.9869034   -0.0265076    3.4731371 
  -0.9862121    0.1601299    0.0417623  -89.7714280 
   0.0000000   -0.0000000   -0.0000000    1.0000000 

Motion:
   0.9998892    0.0016503    0.0147914    0.0079707 
  -0.0016905    0.9999949    0.0027089    0.0012825 
  -0.0147868   -0.0027336    0.9998869   -0.8199757 
   0.0000000    0.0000000    0.0000000    1.0000000 

angles x: 1.315677 y: 0.784518 z: 1.292513 index: 767
NCC max: 0.993989 min: -0.501930 outliers: 103 disp outliers: 16 
NCC max: 1.000000 min: -0.680766 outliers: 661 disp outliers: 117 
Num matches pre bucket: 412
Max age: 8
Index: 768, Matches: 403, Inliers: 32.7543 %, Current pose: 
   0.0595534    0.0249176    0.9979141 -125.7343127 
   0.1606842    0.9864125   -0.0342197    3.4394009 
  -0.9852076    0.1623869    0.0547403  -89.7296400 
   0.0000000   -0.0000000   -0.0000000    1.0000000 

Motion:
   0.9998990    0.0019798    0.0140766   -0.0035876 
  -0.0020576    0.9999826    0.0055213    0.0054970 
  -0.0140654   -0.0055497    0.9998857   -0.8442636 
   0.0000000    0.0000000    0.0000000    1.0000000 

angles x: 1.245661 y: 0.783877 z: 1.215868 index: 768
NCC max: 0.997389 min: -0.541019 outliers: 86 disp outliers: 18 
NCC max: 1.000000 min: -0.725100 outliers: 644 disp outliers: 160 
Num matches pre bucket: 384
Max age: 7
Index: 769, Matches: 377, Inliers: 42.4403 %, Current pose: 
   0.0737716    0.0329484    0.9967307 -124.8753378 
   0.1600608    0.9861061   -0.0444438    3.3942788 
  -0.9843466    0.1628162    0.0674729  -89.6656265 
   0.0000000   -0.0000000   -0.0000000    1.0000000 

Motion:
   0.9998984   -0.0001209    0.0142570    0.0068657 
   0.0000061    0.9999676    0.0080480    0.0057709 
  -0.0142576   -0.0080471    0.9998660   -0.8624913 
   0.0000000    0.0000000    0.0000000    1.0000000 

angles x: 1.177928 y: 0.783110 z: 1.138917 index: 769
NCC max: 0.996947 min: -0.648268 outliers: 83 disp outliers: 18 
NCC max: 1.000000 min: -0.731932 outliers: 630 disp outliers: 110 
Num matches pre bucket: 342
Max age: 7
Index: 770, Matches: 337, Inliers: 32.9377 %, Current pose: 
   0.0894821    0.0401842    0.9951775 -123.9942703 
   0.1594612    0.9857185   -0.0541403    3.3561921 
  -0.9831404    0.1635368    0.0817963  -89.6116097 
   0.0000000   -0.0000000   -0.0000000    1.0000000 

Motion:
   0.9998757    0.0001227    0.0157671   -0.0196602 
  -0.0002375    0.9999735    0.0072780   -0.0066959 
  -0.0157658   -0.0072808    0.9998492   -0.8832990 
   0.0000000    0.0000000    0.0000000    1.0000000 

angles x: 1.107012 y: 0.782037 z: 1.059431 index: 770
NCC max: 0.997756 min: -0.408931 outliers: 80 disp outliers: 17 
NCC max: 1.000000 min: -0.839270 outliers: 604 disp outliers: 121 
Num matches pre bucket: 331
Max age: 9
Index: 771, Matches: 328, Inliers: 34.4512 %, Current pose: 
   0.1021212    0.0412538    0.9939162 -123.0824175 
   0.1552436    0.9862370   -0.0568857    3.2961952 
  -0.9825837    0.1601083    0.0943113  -89.5217343 
   0.0000000   -0.0000000   -0.0000000    1.0000000 

Motion:
   0.9999111   -0.0035584    0.0128520    0.0045047 
   0.0035490    0.9999934    0.0007559    0.0071639 
  -0.0128546   -0.0007103    0.9999171   -0.9181945 
   0.0000000    0.0000000    0.0000000    1.0000000 

angles x: 1.038470 y: 0.780876 z: 0.988948 index: 771
NCC max: 0.995856 min: -0.284961 outliers: 75 disp outliers: 16 
NCC max: 0.998283 min: -0.926481 outliers: 607 disp outliers: 137 
Num matches pre bucket: 332
Max age: 9
Index: 772, Matches: 327, Inliers: 37.9205 %, Current pose: 
   0.1089352    0.0402035    0.9932355 -122.1954025 
   0.1481029    0.9873733   -0.0562097    3.2062873 
  -0.9829540    0.1532243    0.1016054  -89.3859338 
   0.0000000   -0.0000000   -0.0000000    1.0000000 

Motion:
   0.9999512   -0.0068206    0.0071438    0.0501741 
   0.0068333    0.9999751   -0.0017577    0.0323036 
  -0.0071317    0.0018065    0.9999729   -0.8998665 
   0.0000000    0.0000000    0.0000000    1.0000000 

angles x: 0.985256 y: 0.780131 z: 0.936616 index: 772
NCC max: 0.995248 min: -0.530030 outliers: 80 disp outliers: 22 
NCC max: 1.000000 min: -0.604012 outliers: 592 disp outliers: 158 
Num matches pre bucket: 335
Max age: 9
Index: 773, Matches: 334, Inliers: 37.4251 %, Current pose: 
   0.1134103    0.0390967    0.9927787 -121.3079701 
   0.1425168    0.9882520   -0.0551988    3.0887999 
  -0.9832736    0.1477478    0.1065060  -89.2596300 
   0.0000000   -0.0000000   -0.0000000    1.0000000 

Motion:
   0.9999743   -0.0053846    0.0047263    0.0402911 
   0.0053927    0.9999840   -0.0017052    0.0627504 
  -0.0047171    0.0017307    0.9999874   -0.9009613 
   0.0000000    0.0000000    0.0000000    1.0000000 

angles x: 0.946205 y: 0.779602 z: 0.898642 index: 773
NCC max: 0.997911 min: -0.081907 outliers: 77 disp outliers: 22 
NCC max: 1.000000 min: -0.600786 outliers: 578 disp outliers: 127 
Num matches pre bucket: 360
Max age: 8
Index: 774, Matches: 354, Inliers: 35.5932 %, Current pose: 
   0.1154095    0.0363706    0.9926519 -120.4050769 
   0.1398605    0.9887790   -0.0524894    2.9559579 
  -0.9834224    0.1448906    0.1090276  -89.1513393 
   0.0000000   -0.0000000   -0.0000000    1.0000000 

Motion:
   0.9999945   -0.0025690    0.0021155    0.0208725 
   0.0025754    0.9999921   -0.0030397    0.0828223 
  -0.0021077    0.0030452    0.9999931   -0.9150382 
   0.0000000    0.0000000    0.0000000    1.0000000 

angles x: 0.925708 y: 0.779299 z: 0.880892 index: 774
NCC max: 0.992911 min: -0.333221 outliers: 90 disp outliers: 24 
NCC max: 1.000000 min: -0.816343 outliers: 720 disp outliers: 135 
Num matches pre bucket: 364
Max age: 9
Index: 775, Matches: 363, Inliers: 41.0468 %, Current pose: 
   0.1168943    0.0338190    0.9925684 -119.3885767 
   0.1393351    0.9889768   -0.0501061    2.9066073 
  -0.9833216    0.1441567    0.1108936  -89.0569220 
   0.0000000   -0.0000000   -0.0000000    1.0000000 

Motion:
   0.9999988   -0.0004509    0.0015125   -0.0191043 
   0.0004549    0.9999965   -0.0026232    0.0008187 
  -0.0015113    0.0026239    0.9999954   -1.0218890 
   0.0000000    0.0000000    0.0000000    1.0000000 

angles x: 0.915084 y: 0.779063 z: 0.872756 index: 775
NCC max: 0.997668 min: -0.447861 outliers: 94 disp outliers: 17 
NCC max: 1.000000 min: -0.822982 outliers: 652 disp outliers: 47 
Num matches pre bucket: 339
Max age: 9
Index: 776, Matches: 336, Inliers: 27.381 %, Current pose: 
   0.1191046    0.0314060    0.9923849 -118.3356867 
   0.1403574    0.9889298   -0.0481422    2.8653828 
  -0.9829109    0.1450225    0.1133780  -88.9525047 
   0.0000000   -0.0000000   -0.0000000    1.0000000 

Motion:
   0.9999970    0.0011450    0.0021882   -0.0169850 
  -0.0011400    0.9999967   -0.0022967   -0.0074418 
  -0.0021908    0.0022942    0.9999950   -1.0586954 
   0.0000000    0.0000000    0.0000000    1.0000000 

angles x: 0.907254 y: 0.778746 z: 0.867127 index: 776
NCC max: 0.993952 min: -0.592073 outliers: 101 disp outliers: 19 
NCC max: 1.000000 min: -0.574840 outliers: 606 disp outliers: 146 
Num matches pre bucket: 333
Max age: 11
Index: 777, Matches: 329, Inliers: 32.8267 %, Current pose: 
   0.1228392    0.0294745    0.9919888 -117.3606456 
   0.1410199    0.9888978   -0.0468453    2.7903653 
  -0.9823563    0.1456446    0.1173189  -88.8511822 
   0.0000000   -0.0000000   -0.0000000    1.0000000 

Motion:
   0.9999927    0.0008530    0.0037371   -0.0096595 
  -0.0008461    0.9999979   -0.0018448    0.0306888 
  -0.0037387    0.0018416    0.9999913   -0.9826311 
   0.0000000    0.0000000    0.0000000    1.0000000 

angles x: 0.892702 y: 0.778252 z: 0.854193 index: 777
NCC max: 0.998159 min: -0.524328 outliers: 102 disp outliers: 12 
NCC max: 1.000000 min: -0.694806 outliers: 664 disp outliers: 110 
Num matches pre bucket: 361
Max age: 11
Index: 778, Matches: 361, Inliers: 36.0111 %, Current pose: 
   0.1255102    0.0278411    0.9917016 -116.3228170 
   0.1407396    0.9889970   -0.0455773    2.7068170 
  -0.9820588    0.1452921    0.1202109  -88.7088664 
   0.0000000   -0.0000000   -0.0000000    1.0000000 

Motion:
   0.9999963   -0.0001551    0.0026976    0.0212629 
   0.0001596    0.9999986   -0.0016663    0.0330574 
  -0.0026974    0.0016667    0.9999950   -1.0501321 
   0.0000000    0.0000000    0.0000000    1.0000000 

angles x: 0.879586 y: 0.777884 z: 0.842536 index: 778
NCC max: 0.998454 min: -0.294729 outliers: 92 disp outliers: 16 
NCC max: 1.000000 min: -0.945211 outliers: 617 disp outliers: 116 
Num matches pre bucket: 347
Max age: 13
Index: 779, Matches: 345, Inliers: 38.8406 %, Current pose: 
   0.1305772    0.0308253    0.9909588 -115.2793421 
   0.1415629    0.9886955   -0.0494084    2.6576071 
  -0.9812795    0.1467346    0.1247374  -88.5744194 
   0.0000000   -0.0000000   -0.0000000    1.0000000 

Motion:
   0.9999865    0.0010685    0.0050811    0.0026424 
  -0.0010845    0.9999945    0.0031466   -0.0032398 
  -0.0050777   -0.0031520    0.9999821   -1.0532427 
   0.0000000    0.0000000    0.0000000    1.0000000 

angles x: 0.866251 y: 0.777311 z: 0.825744 index: 779
NCC max: 0.998035 min: -0.415919 outliers: 101 disp outliers: 22 
NCC max: 1.000000 min: -0.569023 outliers: 537 disp outliers: 67 
Num matches pre bucket: 316
Max age: 8
Index: 780, Matches: 309, Inliers: 29.1262 %, Current pose: 
   0.1337523    0.0320212    0.9904973 -114.2016754 
   0.1394510    0.9889250   -0.0508012    2.5917789 
  -0.9811543    0.1449206    0.1278056  -88.4177409 
   0.0000000   -0.0000000   -0.0000000    1.0000000 

Motion:
   0.9999927   -0.0019717    0.0032664    0.0187652 
   0.0019686    0.9999976    0.0009475    0.0078850 
  -0.0032682   -0.0009410    0.9999942   -1.0907945 
   0.0000000    0.0000000    0.0000000    1.0000000 

angles x: 0.848071 y: 0.776922 z: 0.806254 index: 780
NCC max: 1.000000 min: -0.726796 outliers: 94 disp outliers: 21 
NCC max: 1.000000 min: -0.853526 outliers: 604 disp outliers: 142 
Num matches pre bucket: 328
Max age: 7
Index: 781, Matches: 324, Inliers: 33.3333 %, Current pose: 
   0.1400183    0.0282424    0.9897460 -113.1718703 
   0.1388799    0.9891515   -0.0478727    2.4802458 
  -0.9803608    0.1441588    0.1345770  -88.2938502 
   0.0000000   -0.0000000   -0.0000000    1.0000000 

Motion:
   0.9999799   -0.0002492    0.0063369   -0.0072443 
   0.0002736    0.9999925   -0.0038517    0.0633790 
  -0.0063359    0.0038534    0.9999725   -1.0412578 
   0.0000000    0.0000000    0.0000000    1.0000000 

angles x: 0.819761 y: 0.775975 z: 0.781316 index: 781
NCC max: 0.993597 min: -0.400830 outliers: 87 disp outliers: 20 
NCC max: 1.000000 min: -0.800005 outliers: 564 disp outliers: 79 
Num matches pre bucket: 313
Max age: 16
Index: 782, Matches: 309, Inliers: 36.8932 %, Current pose: 
   0.1459524    0.0233155    0.9890168 -112.0327441 
   0.1406723    0.9890746   -0.0440764    2.4251088 
  -0.9792391    0.1455604    0.1410780  -88.1501847 
   0.0000000   -0.0000000   -0.0000000    1.0000000 

Motion:
   0.9999802    0.0021023    0.0059384   -0.0178190 
  -0.0020745    0.9999869   -0.0046841    0.0070632 
  -0.0059481    0.0046717    0.9999714   -1.1493133 
   0.0000000    0.0000000    0.0000000    1.0000000 

angles x: 0.801035 y: 0.775017 z: 0.766979 index: 782
NCC max: 0.997180 min: -0.455729 outliers: 97 disp outliers: 16 
NCC max: 1.000000 min: -0.801930 outliers: 610 disp outliers: 115 
Num matches pre bucket: 370
Max age: 10
Index: 783, Matches: 362, Inliers: 33.1492 %, Current pose: 
   0.1491606    0.0132646    0.9887240 -110.9003449 
   0.1426434    0.9891625   -0.0347899    2.3462178 
  -0.9784702    0.1462243    0.1456520  -87.9586017 
   0.0000000   -0.0000000   -0.0000000    1.0000000 

Motion:
   0.9999926    0.0021363    0.0031945    0.0298022 
  -0.0021047    0.9999493   -0.0098507    0.0350011 
  -0.0032154    0.0098439    0.9999464   -1.1502793 
   0.0000000    0.0000000    0.0000000    1.0000000 

angles x: 0.787359 y: 0.774344 z: 0.763068 index: 783
NCC max: 0.997687 min: -0.283982 outliers: 100 disp outliers: 15 
NCC max: 0.999968 min: -0.937406 outliers: 698 disp outliers: 127 
Num matches pre bucket: 336
Max age: 9
Index: 784, Matches: 327, Inliers: 30.581 %, Current pose: 
   0.1557807    0.0074492    0.9877636 -109.6735986 
   0.1439625    0.9891233   -0.0301638    2.2985664 
  -0.9772447    0.1468998    0.1530139  -87.7974728 
   0.0000000   -0.0000000   -0.0000000    1.0000000 

Motion:
   0.9999765    0.0015718    0.0066781   -0.0267810 
  -0.0015340    0.9999829   -0.0056501    0.0143250 
  -0.0066868    0.0056398    0.9999617   -1.2378276 
   0.0000000    0.0000000    0.0000000    1.0000000 

angles x: 0.765015 y: 0.773233 z: 0.745991 index: 784
NCC max: 0.996654 min: -0.290305 outliers: 124 disp outliers: 15 
NCC max: 0.997938 min: -0.732562 outliers: 716 disp outliers: 112 
Num matches pre bucket: 354
Max age: 7
Index: 785, Matches: 352, Inliers: 35.2273 %, Current pose: 
   0.1576558    0.0077098    0.9874640 -108.5160032 
   0.1446901    0.9889968   -0.0308226    2.2236353 
  -0.9768364    0.1477356    0.1548055  -87.6320715 
   0.0000000   -0.0000000   -0.0000000    1.0000000 

Motion:
   0.9999979    0.0007937    0.0018927   -0.0100899 
  -0.0007944    0.9999996    0.0003891    0.0407462 
  -0.0018923   -0.0003906    0.9999981   -1.1709984 
   0.0000000    0.0000000    0.0000000    1.0000000 

angles x: 0.762034 y: 0.772940 z: 0.742541 index: 785
NCC max: 0.993541 min: -0.478281 outliers: 95 disp outliers: 12 
NCC max: 1.000000 min: -0.825824 outliers: 656 disp outliers: 123 
Num matches pre bucket: 404
Max age: 20
Index: 786, Matches: 401, Inliers: 30.1746 %, Current pose: 
   0.1565240    0.0107877    0.9876152 -107.3419462 
   0.1420211    0.9893029   -0.0333146    2.1348611 
  -0.9774100    0.1454767    0.1533175  -87.4374807 
   0.0000000   -0.0000000   -0.0000000    1.0000000 

Motion:
   0.9999956   -0.0027331   -0.0011241    0.0190347 
   0.0027361    0.9999927    0.0026803    0.0468507 
   0.0011168   -0.0026833    0.9999958   -1.1923082 
   0.0000000    0.0000000    0.0000000    1.0000000 

angles x: 0.759163 y: 0.773171 z: 0.736858 index: 786
NCC max: 0.992886 min: -0.293714 outliers: 85 disp outliers: 13 
NCC max: 1.000000 min: -0.708607 outliers: 584 disp outliers: 122 
Num matches pre bucket: 377
Max age: 10
Index: 787, Matches: 372, Inliers: 33.6022 %, Current pose: 
   0.1561324    0.0088347    0.9876966 -106.1684824 
   0.1441375    0.9890520   -0.0316317    2.0403601 
  -0.9771628    0.1473028    0.1531496  -87.2818143 
   0.0000000   -0.0000000   -0.0000000    1.0000000 

Motion:
   0.9999977    0.0021255   -0.0004194   -0.0174831 
  -0.0021262    0.9999964   -0.0016405    0.0601691 
   0.0004159    0.0016414    0.9999986   -1.1858557 
   0.0000000    0.0000000    0.0000000    1.0000000 

angles x: 0.765941 y: 0.773199 z: 0.745472 index: 787
NCC max: 0.993661 min: -0.136352 outliers: 80 disp outliers: 16 
NCC max: 1.000000 min: -0.779848 outliers: 569 disp outliers: 100 
Num matches pre bucket: 414
Max age: 9
Index: 788, Matches: 411, Inliers: 35.0365 %, Current pose: 
   0.1573090    0.0049464    0.9875370 -104.9575915 
   0.1464352    0.9888160   -0.0282790    2.0066663 
  -0.9766323    0.1490587    0.1548253  -87.1328419 
   0.0000000    0.0000000   -0.0000000    1.0000000 

Motion:
   0.9999965    0.0023611    0.0011707   -0.0400589 
  -0.0023569    0.9999909   -0.0035641    0.0051219 
  -0.0011791    0.0035614    0.9999930   -1.2198172 
   0.0000000    0.0000000    0.0000000    1.0000000 

angles x: 0.766424 y: 0.772952 z: 0.749614 index: 788
NCC max: 0.995241 min: -0.004084 outliers: 73 disp outliers: 13 
NCC max: 1.000000 min: -0.923922 outliers: 616 disp outliers: 86 
Num matches pre bucket: 485
Max age: 23
Index: 789, Matches: 480, Inliers: 33.5417 %, Current pose: 
   0.1576800   -0.0004961    0.9874901 -103.7454836 
   0.1486102    0.9886229   -0.0232331    1.9321848 
  -0.9762438    0.1504145    0.1559598  -86.9666311 
   0.0000000    0.0000000   -0.0000000    1.0000000 

Motion:
   0.9999975    0.0022104    0.0003650   -0.0177941 
  -0.0022085    0.9999843   -0.0051592    0.0492349 
  -0.0003764    0.0051584    0.9999866   -1.2245973 
   0.0000000    0.0000000    0.0000000    1.0000000 

angles x: 0.767300 y: 0.772819 z: 0.755795 index: 789
NCC max: 0.995639 min: -0.310535 outliers: 102 disp outliers: 9 
NCC max: 1.000000 min: -0.582880 outliers: 511 disp outliers: 109 
Num matches pre bucket: 390
Max age: 9
Index: 790, Matches: 377, Inliers: 32.8912 %, Current pose: 
   0.1570384   -0.0048132    0.9875808 -102.5161038 
   0.1527200    0.9880777   -0.0194689    1.8603011 
  -0.9757128    0.1538807    0.1559012  -86.7903123 
   0.0000000    0.0000000   -0.0000000    1.0000000 

Motion:
   0.9999912    0.0041432   -0.0006462   -0.0100453 
  -0.0041456    0.9999845   -0.0037098    0.0498118 
   0.0006309    0.0037125    0.9999929   -1.2429996 
   0.0000000    0.0000000    0.0000000    1.0000000 

angles x: 0.778876 y: 0.772866 z: 0.771458 index: 790
NCC max: 0.994424 min: -0.153430 outliers: 88 disp outliers: 10 
NCC max: 1.000000 min: -0.855891 outliers: 492 disp outliers: 66 
Num matches pre bucket: 421
Max age: 8
Index: 791, Matches: 415, Inliers: 27.9518 %, Current pose: 
   0.1561212   -0.0082589    0.9877034 -101.3182097 
   0.1508158    0.9884392   -0.0155736    1.7607436 
  -0.9761561    0.1513926    0.1555619  -86.6029736 
   0.0000000    0.0000000   -0.0000000    1.0000000 

Motion:
   0.9999977   -0.0019453   -0.0009379    0.0108700 
   0.0019417    0.9999909   -0.0037979    0.0799382 
   0.0009453    0.0037961    0.9999923   -1.2138573 
   0.0000000    0.0000000    0.0000000    1.0000000 

angles x: 0.771816 y: 0.772987 z: 0.768115 index: 791
NCC max: 0.997391 min: -0.211303 outliers: 92 disp outliers: 5 
NCC max: 1.000000 min: -0.607005 outliers: 566 disp outliers: 89 
Num matches pre bucket: 370
Max age: 11
Index: 792, Matches: 363, Inliers: 31.1295 %, Current pose: 
   0.1574468   -0.0089062    0.9874873 -100.0991526 
   0.1527042    0.9881514   -0.0154353    1.7045627 
  -0.9756495    0.1532237    0.1569412  -86.4452840 
   0.0000000    0.0000000   -0.0000000    1.0000000 

Motion:
   0.9999972    0.0019324    0.0013587   -0.0295077 
  -0.0019319    0.9999981   -0.0003500    0.0422105 
  -0.0013594    0.0003473    0.9999990   -1.2294186 
   0.0000000    0.0000000    0.0000000    1.0000000 

angles x: 0.773413 y: 0.772766 z: 0.770108 index: 792
NCC max: 0.997738 min: -0.261861 outliers: 78 disp outliers: 6 
NCC max: 1.000000 min: -0.735644 outliers: 649 disp outliers: 91 
Num matches pre bucket: 345
Max age: 10
Index: 793, Matches: 343, Inliers: 31.1953 %, Current pose: 
   0.1559539   -0.0060203    0.9877460  -98.9571968 
   0.1501585    0.9885038   -0.0176834    1.5974348 
  -0.9762842    0.1510762    0.1550650  -86.2439957 
   0.0000000    0.0000000   -0.0000000    1.0000000 

Motion:
   0.9999954   -0.0025996   -0.0015345    0.0345082 
   0.0026034    0.9999935    0.0025073    0.0823614 
   0.0015279   -0.0025113    0.9999957   -1.1610694 
   0.0000000    0.0000000    0.0000000    1.0000000 

angles x: 0.772370 y: 0.773034 z: 0.766468 index: 793
NCC max: 0.992261 min: -0.614217 outliers: 79 disp outliers: 8 
NCC max: 1.000000 min: -0.823696 outliers: 607 disp outliers: 39 
Num matches pre bucket: 311
Max age: 11
Index: 794, Matches: 311, Inliers: 28.2958 %, Current pose: 
   0.1539803   -0.0061866    0.9880545  -97.8129491 
   0.1505634    0.9884494   -0.0172751    1.4263965 
  -0.9765351    0.1514249    0.1531332  -86.0447811 
   0.0000000    0.0000000   -0.0000000    1.0000000 

Motion:
   0.9999979    0.0003743   -0.0019955    0.0441006 
  -0.0003745    0.9999999   -0.0001092    0.1459756 
   0.0019954    0.0001099    0.9999980   -1.1640402 
   0.0000000    0.0000000    0.0000000    1.0000000 

angles x: 0.779789 y: 0.773342 z: 0.774179 index: 794
NCC max: 0.993646 min: -0.463777 outliers: 102 disp outliers: 10 
NCC max: 1.000000 min: -0.476022 outliers: 583 disp outliers: 72 
Num matches pre bucket: 352
Max age: 7
Index: 795, Matches: 351, Inliers: 33.9031 %, Current pose: 
   0.1531635   -0.0094524    0.9881557  -96.6282078 
   0.1494322    0.9886770   -0.0137046    1.3095409 
  -0.9768372    0.1497613    0.1528417  -85.8619597 
   0.0000000    0.0000000   -0.0000000    1.0000000 

Motion:
   0.9999990   -0.0011588   -0.0008338    0.0145896 
   0.0011559    0.9999933   -0.0034855    0.0993515 
   0.0008378    0.0034845    0.9999936   -1.2002530 
   0.0000000    0.0000000    0.0000000    1.0000000 

angles x: 0.775219 y: 0.773446 z: 0.773068 index: 795
NCC max: 0.993614 min: -0.677195 outliers: 96 disp outliers: 8 
NCC max: 1.000000 min: -0.677195 outliers: 467 disp outliers: 112 
Num matches pre bucket: 292
Max age: 8
Index: 796, Matches: 292, Inliers: 34.589 %, Current pose: 
   0.1517727   -0.0126527    0.9883344  -95.4266948 
   0.1485540    0.9888522   -0.0101533    1.2878210 
  -0.9771882    0.1483621    0.1519604  -85.6717675 
   0.0000000    0.0000000   -0.0000000    1.0000000 

Motion:
   0.9999986   -0.0009076   -0.0014159    0.0067233 
   0.0009029    0.9999939   -0.0033787    0.0084628 
   0.0014190    0.0033774    0.9999933   -1.2166189 
   0.0000000    0.0000000    0.0000000    1.0000000 

angles x: 0.773417 y: 0.773645 z: 0.774681 index: 796
NCC max: 0.989674 min: -0.370317 outliers: 73 disp outliers: 7 
NCC max: 1.000000 min: -0.708216 outliers: 497 disp outliers: 122 
Num matches pre bucket: 276
Max age: 8
Index: 797, Matches: 272, Inliers: 31.25 %, Current pose: 
   0.1512111   -0.0214606    0.9882685  -94.3404504 
   0.1494904    0.9887622   -0.0014016    1.1639638 
  -0.9771325    0.1479486    0.1527199  -85.5169536 
   0.0000000    0.0000000   -0.0000000    1.0000000 

Motion:
   0.9999994    0.0009413   -0.0005561    0.0055370 
  -0.0009461    0.9999611   -0.0087671    0.1228722 
   0.0005479    0.0087676    0.9999614   -1.0973179 
   0.0000000    0.0000000    0.0000000    1.0000000 

angles x: 0.769530 y: 0.773704 z: 0.779676 index: 797
NCC max: 0.995166 min: -0.257199 outliers: 68 disp outliers: 9 
NCC max: 1.000000 min: -0.700364 outliers: 534 disp outliers: 97 
Num matches pre bucket: 286
Max age: 13
Index: 798, Matches: 284, Inliers: 32.7465 %, Current pose: 
   0.1488248   -0.0184533    0.9886914  -93.1943929 
   0.1485591    0.9888958   -0.0039050    1.0877673 
  -0.9776407    0.1474603    0.1499136  -85.3076600 
   0.0000000    0.0000000   -0.0000000    1.0000000 

Motion:
   0.9999966   -0.0009448   -0.0024346    0.0453718 
   0.0009519    0.9999954    0.0028972    0.0656364 
   0.0024319   -0.0028995    0.9999928   -1.1647707 
   0.0000000    0.0000000    0.0000000    1.0000000 

angles x: 0.777148 y: 0.774077 z: 0.784505 index: 798
NCC max: 0.992909 min: -0.312885 outliers: 82 disp outliers: 14 
NCC max: 0.998361 min: -0.868637 outliers: 518 disp outliers: 66 
Num matches pre bucket: 305
Max age: 5
Index: 799, Matches: 297, Inliers: 38.3838 %, Current pose: 
   0.1483014   -0.0151410    0.9888263  -92.0416419 
   0.1494900    0.9887364   -0.0072805    1.0032654 
  -0.9775784    0.1488994    0.1488944  -85.1393919 
   0.0000000    0.0000000   -0.0000000    1.0000000 

Motion:
   0.9999994    0.0009395   -0.0005118    0.0061729 
  -0.0009377    0.9999935    0.0034912    0.0759489 
   0.0005150   -0.0034908    0.9999938   -1.1655399 
   0.0000000    0.0000000    0.0000000    1.0000000 

angles x: 0.785415 y: 0.774162 z: 0.789390 index: 799
NCC max: 0.992850 min: -0.390682 outliers: 77 disp outliers: 14 
NCC max: 1.000000 min: -0.766801 outliers: 575 disp outliers: 71 
Num matches pre bucket: 330
Max age: 7
Index: 800, Matches: 328, Inliers: 31.7073 %, Current pose: 
   0.1492683   -0.0127675    0.9887143  -90.8263512 
   0.1482777    0.9888990   -0.0096160    0.9473591 
  -0.9776158    0.1480396    0.1495044  -84.9881575 
   0.0000000    0.0000000   -0.0000000    1.0000000 

Motion:
   0.9999988   -0.0012189    0.0009594   -0.0252656 
   0.0012168    0.9999968    0.0022178    0.0484132 
  -0.0009621   -0.0022166    0.9999971   -1.2247231 
   0.0000000    0.0000000    0.0000000    1.0000000 

angles x: 0.780475 y: 0.774029 z: 0.782069 index: 800
NCC max: 0.997347 min: -0.244120 outliers: 100 disp outliers: 15 
NCC max: 1.000000 min: -0.600856 outliers: 583 disp outliers: 94 
Num matches pre bucket: 395
Max age: 8
Index: 801, Matches: 385, Inliers: 30.3896 %, Current pose: 
   0.1488124   -0.0206866    0.9886490  -89.6082866 
   0.1460761    0.9892725   -0.0012879    0.8667377 
  -0.9780167    0.1446096    0.1502379  -84.8013073 
   0.0000000    0.0000000   -0.0000000    1.0000000 

Motion:
   0.9999974   -0.0022307   -0.0004895    0.0132563 
   0.0022265    0.9999627   -0.0083462    0.0779339 
   0.0005081    0.0083451    0.9999651   -1.2324142 
   0.0000000    0.0000000    0.0000000    1.0000000 

angles x: 0.766312 y: 0.774084 z: 0.776119 index: 801
NCC max: 0.992569 min: -0.285139 outliers: 89 disp outliers: 17 
NCC max: 1.000000 min: -0.722183 outliers: 567 disp outliers: 106 
Num matches pre bucket: 366
Max age: 6
Index: 802, Matches: 361, Inliers: 22.1607 %, Current pose: 
   0.1479212   -0.0305806    0.9885263  -88.3794302 
   0.1443074    0.9894918    0.0090166    0.7843831 
  -0.9784144    0.1413179    0.1507798  -84.5920035 
   0.0000000    0.0000000   -0.0000000    1.0000000 

Motion:
   0.9999980   -0.0017888   -0.0009386    0.0348963 
   0.0017790    0.9999456   -0.0102765    0.0894900 
   0.0009570    0.0102748    0.9999468   -1.2455730 
   0.0000000    0.0000000    0.0000000    1.0000000 

angles x: 0.753017 y: 0.774245 z: 0.773033 index: 802
NCC max: 0.997834 min: -0.145443 outliers: 86 disp outliers: 14 
NCC max: 1.000000 min: -0.893260 outliers: 568 disp outliers: 114 
Num matches pre bucket: 423
Max age: 7
Index: 803, Matches: 415, Inliers: 27.4699 %, Current pose: 
   0.1463241   -0.0400029    0.9884276  -87.2137592 
   0.1436024    0.9894571    0.0187861    0.6721537 
  -0.9787582    0.1391918    0.1505259  -84.4065873 
   0.0000000    0.0000000   -0.0000000    1.0000000 

Motion:
   0.9999984   -0.0006973   -0.0016370    0.0270283 
   0.0006815    0.9999533   -0.0096351    0.1318680 
   0.0016436    0.0096340    0.9999522   -1.1779829 
   0.0000000    0.0000000    0.0000000    1.0000000 

angles x: 0.746297 y: 0.774555 z: 0.776011 index: 803
NCC max: 0.996376 min: -0.462926 outliers: 81 disp outliers: 19 
NCC max: 1.000000 min: -0.879452 outliers: 612 disp outliers: 115 
Num matches pre bucket: 466
Max age: 7
Index: 804, Matches: 460, Inliers: 36.7391 %, Current pose: 
   0.1459861   -0.0379688    0.9885578  -86.0718207 
   0.1398257    0.9900237    0.0173762    0.6072176 
  -0.9793553    0.1356891    0.1498387  -84.2259492 
   0.0000000    0.0000000   -0.0000000    1.0000000 

Motion:
   0.9999926   -0.0038065   -0.0004949    0.0192814 
   0.0038072    0.9999916    0.0014940    0.0831357 
   0.0004892   -0.0014959    0.9999988   -1.1548103 
   0.0000000    0.0000000    0.0000000    1.0000000 

angles x: 0.735883 y: 0.774604 z: 0.763848 index: 804
NCC max: 0.998022 min: -0.037326 outliers: 73 disp outliers: 18 
NCC max: 1.000000 min: -0.616078 outliers: 561 disp outliers: 39 
Num matches pre bucket: 437
Max age: 10
Index: 805, Matches: 423, Inliers: 29.7872 %, Current pose: 
   0.1455266   -0.0366190    0.9886764  -84.9265058 
   0.1412649    0.9898446    0.0158690    0.5351288 
  -0.9792172    0.1373559    0.1492217  -84.0533413 
   0.0000000    0.0000000   -0.0000000    1.0000000 

Motion:
   0.9999988    0.0014610   -0.0004085    0.0125305 
  -0.0014603    0.9999977    0.0015810    0.0895883 
   0.0004108   -0.0015804    0.9999987   -1.1569587 
   0.0000000    0.0000000    0.0000000    1.0000000 

angles x: 0.744016 y: 0.774656 z: 0.770539 index: 805
NCC max: 0.994580 min: -0.758720 outliers: 66 disp outliers: 16 
NCC max: 1.000000 min: -0.778947 outliers: 527 disp outliers: 120 
Num matches pre bucket: 422
Max age: 9
Index: 806, Matches: 416, Inliers: 33.4135 %, Current pose: 
   0.1459691   -0.0349783    0.9886706  -83.7481860 
   0.1400509    0.9900403    0.0143494    0.5148946 
  -0.9793257    0.1363696    0.1494140  -83.8961491 
   0.0000000    0.0000000   -0.0000000    1.0000000 

Motion:
   0.9999992   -0.0012327    0.0004020   -0.0152221 
   0.0012321    0.9999981    0.0014780    0.0398121 
  -0.0004038   -0.0014775    0.9999988   -1.1881665 
   0.0000000    0.0000000    0.0000000    1.0000000 

angles x: 0.739785 y: 0.774582 z: 0.764710 index: 806
NCC max: 0.996853 min: -0.656660 outliers: 79 disp outliers: 13 
NCC max: 1.000000 min: -0.853503 outliers: 554 disp outliers: 128 
Num matches pre bucket: 340
Max age: 8
Index: 807, Matches: 337, Inliers: 31.1573 %, Current pose: 
   0.1474981   -0.0400108    0.9882527  -82.6220643 
   0.1424569    0.9896224    0.0188043    0.4373319 
  -0.9787494    0.1380099    0.1516673  -83.7518343 
   0.0000000    0.0000000   -0.0000000    1.0000000 

Motion:
   0.9999958    0.0024072    0.0016323   -0.0138035 
  -0.0023994    0.9999859   -0.0047363    0.1018979 
  -0.0016437    0.0047324    0.9999875   -1.1333221 
   0.0000000    0.0000000    0.0000000    1.0000000 

angles x: 0.738286 y: 0.774382 z: 0.768014 index: 807
NCC max: 0.999158 min: -0.321299 outliers: 90 disp outliers: 17 
NCC max: 1.000000 min: -0.643375 outliers: 546 disp outliers: 144 
Num matches pre bucket: 329
Max age: 9
Index: 808, Matches: 325, Inliers: 41.5385 %, Current pose: 
   0.1502847   -0.0420223    0.9877493  -81.4014638 
   0.1458883    0.9891012    0.0198831    0.4548244 
  -0.9778196    0.1411129    0.1547774  -83.6320844 
   0.0000000    0.0000000   -0.0000000    1.0000000 

Motion:
   0.9999898    0.0034126    0.0029594   -0.0688957 
  -0.0034081    0.9999930   -0.0015270    0.0170923 
  -0.0029646    0.0015169    0.9999945   -1.2245297 
   0.0000000    0.0000000    0.0000000    1.0000000 

angles x: 0.739250 y: 0.773958 z: 0.770555 index: 808
NCC max: 0.996333 min: -0.548032 outliers: 68 disp outliers: 21 
NCC max: 1.000000 min: -0.681233 outliers: 578 disp outliers: 115 
Num matches pre bucket: 352
Max age: 8
Index: 809, Matches: 349, Inliers: 43.2665 %, Current pose: 
   0.1511450   -0.0425310    0.9875962  -80.2532719 
   0.1486712    0.9886879    0.0198249    0.4051402 
  -0.9772677    0.1438307    0.1557584  -83.4814397 
   0.0000000    0.0000000   -0.0000000    1.0000000 

Motion:
   0.9999956    0.0027943    0.0009905   -0.0189367 
  -0.0027942    0.9999961   -0.0000901    0.0762886 
  -0.0009907    0.0000873    0.9999995   -1.1564292 
   0.0000000    0.0000000    0.0000000    1.0000000 

angles x: 0.745606 y: 0.773815 z: 0.777147 index: 809
NCC max: 0.996078 min: -0.543898 outliers: 89 disp outliers: 15 
NCC max: 1.000000 min: -0.691262 outliers: 710 disp outliers: 131 
Num matches pre bucket: 427
Max age: 9
Index: 810, Matches: 419, Inliers: 32.9356 %, Current pose: 
   0.1520111   -0.0360218    0.9877222  -79.0520176 
   0.1515523    0.9883674    0.0127213    0.4418775 
  -0.9766906    0.1477578    0.1557020  -83.3277889 
   0.0000000    0.0000000   -0.0000000    1.0000000 

Motion:
   0.9999953    0.0028947    0.0010024   -0.0381022 
  -0.0029017    0.9999711    0.0070339   -0.0157418 
  -0.0009820   -0.0070367    0.9999748   -1.2108966 
   0.0000000    0.0000000    0.0000000    1.0000000 

angles x: 0.759225 y: 0.773612 z: 0.783887 index: 810
NCC max: 0.997589 min: -0.120264 outliers: 98 disp outliers: 16 
NCC max: 1.000000 min: -0.525480 outliers: 694 disp outliers: 101 
Num matches pre bucket: 443
Max age: 9
Index: 811, Matches: 442, Inliers: 31.6742 %, Current pose: 
   0.1531909   -0.0304659    0.9877269  -77.9120110 
   0.1534396    0.9881354    0.0066809    0.4629962 
  -0.9762115    0.1505330    0.1560480  -83.1538458 
   0.0000000    0.0000000   -0.0000000    1.0000000 

Motion:
   0.9999974    0.0018937    0.0012639   -0.0080738 
  -0.0019011    0.9999807    0.0059168   -0.0123210 
  -0.0012526   -0.0059192    0.9999817   -1.1532997 
   0.0000000    0.0000000    0.0000000    1.0000000 

angles x: 0.767411 y: 0.773392 z: 0.786210 index: 811
NCC max: 0.997900 min: -0.553969 outliers: 83 disp outliers: 13 
NCC max: 1.000000 min: -0.618221 outliers: 676 disp outliers: 49 
Num matches pre bucket: 434
Max age: 7
Index: 812, Matches: 427, Inliers: 31.3817 %, Current pose: 
   0.1554336   -0.0314427    0.9873458  -76.7642994 
   0.1586283    0.9873172    0.0064696    0.4460532 
  -0.9750269    0.1556154    0.1584500  -83.0092199 
   0.0000000    0.0000000   -0.0000000    1.0000000 

Motion:
   0.9999833    0.0052371    0.0024348   -0.0346912 
  -0.0052367    0.9999863   -0.0001772    0.0303093 
  -0.0024357    0.0001644    0.9999970   -1.1559946 
   0.0000000    0.0000000    0.0000000    1.0000000 

angles x: 0.776373 y: 0.773016 z: 0.795570 index: 812
NCC max: 0.995875 min: -0.641774 outliers: 114 disp outliers: 16 
NCC max: 1.000000 min: -0.641774 outliers: 720 disp outliers: 72 
Num matches pre bucket: 401
Max age: 7
Index: 813, Matches: 398, Inliers: 24.8744 %, Current pose: 
   0.1589407   -0.0334122    0.9867226  -75.6472687 
   0.1573918    0.9875031    0.0080861    0.4331020 
  -0.9746618    0.1540168    0.1622133  -82.8315361 
   0.0000000    0.0000000   -0.0000000    1.0000000 

Motion:
   0.9999930   -0.0012743    0.0035125   -0.0023216 
   0.0012820    0.9999968   -0.0021966    0.0227455 
  -0.0035097    0.0022011    0.9999914   -1.1309174 
   0.0000000    0.0000000    0.0000000    1.0000000 

angles x: 0.759485 y: 0.772461 z: 0.780502 index: 813
NCC max: 0.997605 min: -0.124894 outliers: 118 disp outliers: 14 
NCC max: 1.000000 min: -0.642673 outliers: 685 disp outliers: 25 
Num matches pre bucket: 457
Max age: 7
Index: 814, Matches: 447, Inliers: 28.4116 %, Current pose: 
   0.1630283   -0.0320651    0.9861002  -74.4700779 
   0.1550838    0.9878800    0.0064836    0.4638048 
  -0.9743566    0.1518712    0.1660252  -82.6448419 
   0.0000000    0.0000000   -0.0000000    1.0000000 

Motion:
   0.9999889   -0.0023687    0.0040641   -0.0147701 
   0.0023647    0.9999967    0.0009842   -0.0209373 
  -0.0040665   -0.0009745    0.9999913   -1.1920231 
   0.0000000    0.0000000    0.0000000    1.0000000 

angles x: 0.740904 y: 0.771790 z: 0.760430 index: 814
NCC max: 0.994291 min: -0.313890 outliers: 107 disp outliers: 14 
NCC max: 1.000000 min: -0.816465 outliers: 707 disp outliers: 129 
Num matches pre bucket: 422
Max age: 8
Index: 815, Matches: 412, Inliers: 35.9223 %, Current pose: 
   0.1656263   -0.0348419    0.9855729  -73.3741856 
   0.1526427    0.9882378    0.0092844    0.3960631 
  -0.9743039    0.1489028    0.1689966  -82.4514046 
   0.0000000    0.0000000   -0.0000000    1.0000000 

Motion:
   0.9999936   -0.0024868    0.0025549    0.0172983 
   0.0024950    0.9999917   -0.0032287    0.0763245 
  -0.0025468    0.0032351    0.9999915   -1.1121431 
   0.0000000    0.0000000    0.0000000    1.0000000 

angles x: 0.722274 y: 0.771375 z: 0.744626 index: 815
NCC max: 0.994054 min: -0.372382 outliers: 109 disp outliers: 16 
NCC max: 0.998390 min: -0.737680 outliers: 568 disp outliers: 89 
Num matches pre bucket: 377
Max age: 11
Index: 816, Matches: 376, Inliers: 30.5851 %, Current pose: 
   0.1687761   -0.0339391    0.9850699  -72.2755251 
   0.1487588    0.9888363    0.0085814    0.3132474 
  -0.9743641    0.1450895    0.1719407  -82.2660807 
   0.0000000    0.0000000   -0.0000000    1.0000000 

Motion:
   0.9999875   -0.0039569    0.0030581    0.0074649 
   0.0039562    0.9999921    0.0002510    0.0922902 
  -0.0030591   -0.0002389    0.9999953   -1.1134115 
   0.0000000    0.0000000    0.0000000    1.0000000 

angles x: 0.700904 y: 0.770849 z: 0.722442 index: 816
NCC max: 0.997228 min: -0.532955 outliers: 117 disp outliers: 18 
NCC max: 1.000000 min: -0.575333 outliers: 618 disp outliers: 87 
Num matches pre bucket: 425
Max age: 11
Index: 817, Matches: 418, Inliers: 29.6651 %, Current pose: 
   0.1725261   -0.0277828    0.9846131  -71.2025243 
   0.1461514    0.9892596    0.0023049    0.3024956 
  -0.9741019    0.1435049    0.1747335  -82.0721415 
   0.0000000    0.0000000   -0.0000000    1.0000000 

Motion:
   0.9999895   -0.0026676    0.0037167    0.0053673 
   0.0026460    0.9999797    0.0057955    0.0126160 
  -0.0037320   -0.0057857    0.9999763   -1.0903535 
   0.0000000    0.0000000    0.0000000    1.0000000 

angles x: 0.687582 y: 0.770190 z: 0.702823 index: 817
NCC max: 0.999215 min: -0.159197 outliers: 89 disp outliers: 18 
NCC max: 1.000000 min: -0.601410 outliers: 556 disp outliers: 102 
Num matches pre bucket: 362
Max age: 12
Index: 818, Matches: 356, Inliers: 24.1573 %, Current pose: 
   0.1745389   -0.0310604    0.9841603  -70.1696198 
   0.1446167    0.9894720    0.0055805    0.2104943 
  -0.9739724    0.1413520    0.1771932  -81.8836574 
   0.0000000    0.0000000   -0.0000000    1.0000000 

Motion:
   0.9999968   -0.0015556    0.0020010    0.0166013 
   0.0015628    0.9999923   -0.0036028    0.0964725 
  -0.0019953    0.0036060    0.9999915   -1.0494283 
   0.0000000    0.0000000    0.0000000    1.0000000 

angles x: 0.673354 y: 0.769846 z: 0.691917 index: 818
NCC max: 0.996194 min: -0.043965 outliers: 86 disp outliers: 21 
NCC max: 1.000000 min: -0.573049 outliers: 548 disp outliers: 45 
Num matches pre bucket: 372
Max age: 13
Index: 819, Matches: 355, Inliers: 34.9296 %, Current pose: 
   0.1763710   -0.0354146    0.9836865  -69.0642898 
   0.1433922    0.9896162    0.0099184    0.1416538 
  -0.9738234    0.1393037    0.1796177  -81.6805926 
   0.0000000    0.0000000   -0.0000000    1.0000000 

Motion:
   0.9999976   -0.0012474    0.0018226    0.0126723 
   0.0012559    0.9999884   -0.0046474    0.0789828 
  -0.0018168    0.0046497    0.9999875   -1.1230894 
   0.0000000    0.0000000    0.0000000    1.0000000 

angles x: 0.659657 y: 0.769540 z: 0.682627 index: 819
NCC max: 0.995510 min: -0.414445 outliers: 74 disp outliers: 12 
NCC max: 1.000000 min: -0.589345 outliers: 531 disp outliers: 109 
Num matches pre bucket: 287
Max age: 14
Index: 820, Matches: 284, Inliers: 26.7606 %, Current pose: 
   0.1777813   -0.0363615    0.9833980  -67.9525840 
   0.1411481    0.9899264    0.0110857    0.1115677 
  -0.9738948    0.1368339    0.1811228  -81.4801223 
   0.0000000    0.0000000   -0.0000000    1.0000000 

Motion:
   0.9999965   -0.0022807    0.0013523    0.0018431 
   0.0022826    0.9999965   -0.0013720    0.0427752 
  -0.0013491    0.0013751    0.9999981   -1.1292255 
   0.0000000    0.0000000    0.0000000    1.0000000 

angles x: 0.646997 y: 0.769301 z: 0.671036 index: 820
NCC max: 0.997110 min: -0.513190 outliers: 87 disp outliers: 11 
NCC max: 0.998454 min: -0.788004 outliers: 517 disp outliers: 129 
Num matches pre bucket: 270
Max age: 15
Index: 821, Matches: 269, Inliers: 33.4572 %, Current pose: 
   0.1795808   -0.0387078    0.9829814  -66.8750431 
   0.1420771    0.9897700    0.0130190    0.0619682 
  -0.9734294    0.1373212    0.1832432  -81.2966044 
   0.0000000    0.0000000   -0.0000000    1.0000000 

Motion:
   0.9999978    0.0009179    0.0018642   -0.0078170 
  -0.0009138    0.9999971   -0.0022208    0.0656003 
  -0.0018662    0.0022191    0.9999958   -1.0921854 
   0.0000000    0.0000000    0.0000000    1.0000000 

angles x: 0.643113 y: 0.768980 z: 0.669327 index: 821
NCC max: 0.994735 min: -0.326599 outliers: 60 disp outliers: 18 
NCC max: 1.000000 min: -0.610638 outliers: 432 disp outliers: 51 
Num matches pre bucket: 308
Max age: 14
Index: 822, Matches: 305, Inliers: 33.4426 %, Current pose: 
   0.1815749   -0.0399354    0.9825659  -65.7445591 
   0.1419221    0.9897788    0.0140019    0.0448746 
  -0.9730821    0.1369054    0.1853867  -81.0989375 
   0.0000000    0.0000000   -0.0000000    1.0000000 

Motion:
   0.9999979   -0.0001830    0.0020218   -0.0104954 
   0.0001855    0.9999992   -0.0012828    0.0350036 
  -0.0020215    0.0012832    0.9999971   -1.1471805 
   0.0000000    0.0000000    0.0000000    1.0000000 

angles x: 0.636091 y: 0.768620 z: 0.663431 index: 822
NCC max: 0.994321 min: -0.149057 outliers: 69 disp outliers: 18 
NCC max: 1.000000 min: -0.752185 outliers: 543 disp outliers: 60 
Num matches pre bucket: 299
Max age: 13
Index: 823, Matches: 299, Inliers: 36.7893 %, Current pose: 
   0.1832464   -0.0405585    0.9822300  -64.6623245 
   0.1396821    0.9900854    0.0148235    0.0114219 
  -0.9730928    0.1344836    0.1870949  -80.9002343 
   0.0000000    0.0000000   -0.0000000    1.0000000 

Motion:
   0.9999961   -0.0022853    0.0016090   -0.0002862 
   0.0022870    0.9999968   -0.0010569    0.0502925 
  -0.0016066    0.0010606    0.9999981   -1.0996837 
   0.0000000    0.0000000    0.0000000    1.0000000 

angles x: 0.623232 y: 0.768325 z: 0.651304 index: 823
NCC max: 0.993638 min: -0.249288 outliers: 69 disp outliers: 18 
NCC max: 1.000000 min: -0.693488 outliers: 559 disp outliers: 121 
Num matches pre bucket: 224
Max age: 7
Index: 824, Matches: 224, Inliers: 38.3929 %, Current pose: 
   0.1827927   -0.0425644    0.9822297  -63.5509696 
   0.1370262    0.9904143    0.0174185   -0.0395955 
  -0.9735557    0.1314072    0.1868729  -80.6870851 
   0.0000000    0.0000000   -0.0000000    1.0000000 

Motion:
   0.9999963   -0.0026734   -0.0005716    0.0113558 
   0.0026720    0.9999932   -0.0025409    0.0698231 
   0.0005784    0.0025394    0.9999966   -1.1305490 
   0.0000000    0.0000000    0.0000000    1.0000000 

angles x: 0.612864 y: 0.768443 z: 0.643262 index: 824
NCC max: 0.992387 min: -0.318393 outliers: 83 disp outliers: 18 
NCC max: 1.000000 min: -0.808416 outliers: 575 disp outliers: 120 
Num matches pre bucket: 297
Max age: 8
Index: 825, Matches: 295, Inliers: 32.2034 %, Current pose: 
   0.1822955   -0.0426734    0.9823173  -62.4747341 
   0.1364335    0.9904909    0.0177096   -0.0942443 
  -0.9737321    0.1307926    0.1863842  -80.4919889 
   0.0000000    0.0000000   -0.0000000    1.0000000 

Motion:
   0.9999997   -0.0005891   -0.0005316    0.0012344 
   0.0005889    0.9999998   -0.0002206    0.0745386 
   0.0005317    0.0002203    0.9999998   -1.0925998 
   0.0000000    0.0000000    0.0000000    1.0000000 

angles x: 0.611890 y: 0.768541 z: 0.642489 index: 825
NCC max: 0.995666 min: -0.838298 outliers: 98 disp outliers: 16 
NCC max: 1.000000 min: -0.838298 outliers: 613 disp outliers: 98 
Num matches pre bucket: 323
Max age: 10
Index: 826, Matches: 321, Inliers: 33.6449 %, Current pose: 
   0.1821139   -0.0418026    0.9823884  -61.3707220 
   0.1362369    0.9905322    0.0168937   -0.1031269 
  -0.9737936    0.1307610    0.1860848  -80.3054142 
   0.0000000    0.0000000   -0.0000000    1.0000000 

Motion:
   1.0000000   -0.0001950   -0.0001934   -0.0181606 
   0.0001951    0.9999996    0.0008503    0.0305524 
   0.0001932   -0.0008503    0.9999996   -1.1191373 
   0.0000000    0.0000000    0.0000000    1.0000000 

angles x: 0.612533 y: 0.768569 z: 0.642275 index: 826
NCC max: 0.993689 min: -0.459325 outliers: 102 disp outliers: 17 
NCC max: 1.000000 min: -0.893380 outliers: 640 disp outliers: 129 
Num matches pre bucket: 363
Max age: 13
Index: 827, Matches: 362, Inliers: 32.8729 %, Current pose: 
   0.1815149   -0.0416762    0.9825047  -60.2706628 
   0.1409081    0.9898941    0.0159573   -0.1144492 
  -0.9732406    0.1355463    0.1855531  -80.1317685 
   0.0000000    0.0000000   -0.0000000    1.0000000 

Motion:
   0.9999888    0.0047242   -0.0004066   -0.0290827 
  -0.0047238    0.9999883    0.0010038    0.0335171 
   0.0004113   -0.0010019    0.9999994   -1.1128531 
   0.0000000    0.0000000    0.0000000    1.0000000 

angles x: 0.630903 y: 0.768650 z: 0.660115 index: 827
NCC max: 0.993699 min: -0.355418 outliers: 81 disp outliers: 20 
NCC max: 1.000000 min: -0.649030 outliers: 596 disp outliers: 124 
Num matches pre bucket: 364
Max age: 8
Index: 828, Matches: 363, Inliers: 30.0275 %, Current pose: 
   0.1792810   -0.0419519    0.9829030  -59.1975252 
   0.1447814    0.9893372    0.0158184   -0.1465637 
  -0.9730861    0.1394702    0.1834433  -79.9528692 
   0.0000000    0.0000000   -0.0000000    1.0000000 

Motion:
   0.9999900    0.0039483   -0.0021043   -0.0136593 
  -0.0039473    0.9999921    0.0004484    0.0518411 
   0.0021061   -0.0004401    0.9999977   -1.0871000 
   0.0000000    0.0000000    0.0000000    1.0000000 

angles x: 0.650055 y: 0.769042 z: 0.679338 index: 828
NCC max: 0.992529 min: -0.477399 outliers: 83 disp outliers: 21 
NCC max: 1.000000 min: -0.867616 outliers: 609 disp outliers: 91 
Num matches pre bucket: 344
Max age: 7
Index: 829, Matches: 341, Inliers: 36.0704 %, Current pose: 
   0.1766804   -0.0388401    0.9835016  -58.1149378 
   0.1507456    0.9885003    0.0119569   -0.1495996 
  -0.9726561    0.1461460    0.1805036  -79.7829888 
   0.0000000    0.0000000   -0.0000000    1.0000000 

Motion:
   0.9999787    0.0060696   -0.0023829   -0.0255791 
  -0.0060594    0.9999725    0.0042700    0.0202214 
   0.0024088   -0.0042555    0.9999880   -1.0953543 
   0.0000000    0.0000000    0.0000000    1.0000000 

angles x: 0.680602 y: 0.769460 z: 0.706355 index: 829
NCC max: 0.994545 min: -0.218319 outliers: 92 disp outliers: 17 
NCC max: 0.996628 min: -0.643364 outliers: 622 disp outliers: 125 
Num matches pre bucket: 341
Max age: 6
Index: 830, Matches: 333, Inliers: 32.4324 %, Current pose: 
   0.1759191   -0.0370494    0.9837072  -57.0275950 
   0.1553359    0.9878168    0.0094250   -0.1839862 
  -0.9720716    0.1511470    0.1795310  -79.6444504 
   0.0000000    0.0000000   -0.0000000    1.0000000 

Motion:
   0.9999890    0.0046525   -0.0005883   -0.0512737 
  -0.0046509    0.9999857    0.0026556    0.0533134 
   0.0006007   -0.0026529    0.9999963   -1.0941747 
   0.0000000    0.0000000    0.0000000    1.0000000 

angles x: 0.699772 y: 0.769561 z: 0.723341 index: 830
NCC max: 0.996256 min: -0.667132 outliers: 94 disp outliers: 15 
NCC max: 1.000000 min: -0.739935 outliers: 637 disp outliers: 116 
Num matches pre bucket: 310
Max age: 9
Index: 831, Matches: 302, Inliers: 30.4636 %, Current pose: 
   0.1753964   -0.0443159    0.9835000  -55.9388598 
   0.1600639    0.9869782    0.0159270   -0.3052379 
  -0.9713988    0.1546293    0.1802058  -79.5028559 
   0.0000000    0.0000000   -0.0000000    1.0000000 

Motion:
   0.9999885    0.0047915   -0.0003489   -0.0340075 
  -0.0047936    0.9999672   -0.0065308    0.1460263 
   0.0003176    0.0065324    0.9999786   -1.0943560 
   0.0000000    0.0000000    0.0000000    1.0000000 

angles x: 0.709161 y: 0.769672 z: 0.739724 index: 831
NCC max: 0.995761 min: -0.665246 outliers: 84 disp outliers: 18 
NCC max: 1.000000 min: -0.665246 outliers: 647 disp outliers: 67 
Num matches pre bucket: 312
Max age: 8
Index: 832, Matches: 304, Inliers: 34.5395 %, Current pose: 
   0.1728971   -0.0514604    0.9835946  -54.8651832 
   0.1621174    0.9865007    0.0231153   -0.3589627 
  -0.9715063    0.1554613    0.1789057  -79.3176209 
   0.0000000    0.0000000   -0.0000000    1.0000000 

Motion:
   0.9999948    0.0021209   -0.0024448    0.0030311 
  -0.0021377    0.9999740   -0.0068843    0.0794545 
   0.0024301    0.0068895    0.9999733   -1.0879604 
   0.0000000    0.0000000    0.0000000    1.0000000 

angles x: 0.715397 y: 0.770179 z: 0.753233 index: 832
NCC max: 0.996672 min: -0.419455 outliers: 107 disp outliers: 18 
NCC max: 1.000000 min: -0.642487 outliers: 555 disp outliers: 55 
Num matches pre bucket: 354
Max age: 8
Index: 833, Matches: 350, Inliers: 30.5714 %, Current pose: 
   0.1709422   -0.0537931    0.9838115  -53.8083094 
   0.1587917    0.9869598    0.0263744   -0.3856573 
  -0.9724011    0.1517126    0.1772550  -79.1285335 
   0.0000000    0.0000000   -0.0000000    1.0000000 

Motion:
   0.9999922   -0.0033194   -0.0021597    0.0074433 
   0.0033130    0.9999901   -0.0029545    0.0545120 
   0.0021695    0.0029473    0.9999933   -1.0725772 
   0.0000000    0.0000000    0.0000000    1.0000000 

angles x: 0.707909 y: 0.770581 z: 0.748565 index: 833
NCC max: 0.997817 min: -0.381304 outliers: 92 disp outliers: 19 
NCC max: 0.998424 min: -0.643455 outliers: 631 disp outliers: 68 
Num matches pre bucket: 397
Max age: 8
Index: 834, Matches: 393, Inliers: 34.3511 %, Current pose: 
   0.1678116   -0.0540877    0.9843342  -52.7411626 
   0.1574624    0.9871449    0.0273976   -0.4103973 
  -0.9731623    0.1503979    0.1741712  -78.9368642 
   0.0000000    0.0000000   -0.0000000    1.0000000 

Motion:
   0.9999939   -0.0012591   -0.0032499    0.0113413 
   0.0012574    0.9999991   -0.0005180    0.0533149 
   0.0032506    0.0005139    0.9999946   -1.0831345 
   0.0000000    0.0000000    0.0000000    1.0000000 

angles x: 0.712283 y: 0.771145 z: 0.753592 index: 834
NCC max: 1.000000 min: -0.187164 outliers: 74 disp outliers: 15 
NCC max: 1.000000 min: -0.817409 outliers: 610 disp outliers: 92 
Num matches pre bucket: 416
Max age: 9
Index: 835, Matches: 412, Inliers: 29.6117 %, Current pose: 
   0.1652632   -0.0503614    0.9849628  -51.6681169 
   0.1557066    0.9875028    0.0243658   -0.4265156 
  -0.9738807    0.1493385    0.1710394  -78.7354541 
   0.0000000    0.0000000   -0.0000000    1.0000000 

Motion:
   0.9999950   -0.0017034   -0.0026818    0.0213242 
   0.0017127    0.9999924    0.0034932    0.0398786 
   0.0026758   -0.0034978    0.9999903   -1.0909665 
   0.0000000    0.0000000    0.0000000    1.0000000 

angles x: 0.717766 y: 0.771549 z: 0.755633 index: 835
NCC max: 0.997473 min: -0.202036 outliers: 78 disp outliers: 16 
NCC max: 1.000000 min: -0.714260 outliers: 626 disp outliers: 128 
Num matches pre bucket: 372
Max age: 12
Index: 836, Matches: 367, Inliers: 32.97 %, Current pose: 
   0.1638684   -0.0452600    0.9854434  -50.5856620 
   0.1534315    0.9879597    0.0198616   -0.4644418 
  -0.9744773    0.1479433    0.1688397  -78.5524332 
   0.0000000    0.0000000   -0.0000000    1.0000000 

Motion:
   0.9999963   -0.0022656   -0.0015313    0.0067886 
   0.0022729    0.9999859    0.0047972    0.0593847 
   0.0015204   -0.0048007    0.9999873   -1.0968460 
   0.0000000    0.0000000    0.0000000    1.0000000 

angles x: 0.719529 y: 0.771745 z: 0.752517 index: 836
NCC max: 0.999042 min: -0.368082 outliers: 72 disp outliers: 16 
NCC max: 1.000000 min: -0.776787 outliers: 599 disp outliers: 123 
Num matches pre bucket: 357
Max age: 8
Index: 837, Matches: 355, Inliers: 27.0423 %, Current pose: 
   0.1609897   -0.0379196    0.9862274  -49.5352176 
   0.1512652    0.9884036    0.0133111   -0.4939389 
  -0.9752954    0.1470389    0.1648587  -78.3463447 
   0.0000000    0.0000000   -0.0000000    1.0000000 

Motion:
   0.9999932   -0.0021309   -0.0030180    0.0363484 
   0.0021523    0.9999726    0.0070896    0.0386845 
   0.0030028   -0.0070961    0.9999703   -1.0695599 
   0.0000000    0.0000000    0.0000000    1.0000000 

angles x: 0.728327 y: 0.772178 z: 0.754266 index: 837
NCC max: 0.997769 min: -0.368942 outliers: 77 disp outliers: 15 
NCC max: 1.000000 min: -0.784233 outliers: 565 disp outliers: 135 
Num matches pre bucket: 374
Max age: 6
Index: 838, Matches: 370, Inliers: 32.7027 %, Current pose: 
   0.1593261   -0.0348464    0.9866108  -48.4923396 
   0.1541666    0.9879943    0.0099992   -0.5380402 
  -0.9751143    0.1505094    0.1627854  -78.1789198 
   0.0000000    0.0000000   -0.0000000    1.0000000 

Motion:
   0.9999944    0.0029575   -0.0015722    0.0038997 
  -0.0029519    0.9999892    0.0035976    0.0547134 
   0.0015828   -0.0035929    0.9999923   -1.0557281 
   0.0000000    0.0000000    0.0000000    1.0000000 

angles x: 0.746234 y: 0.772420 z: 0.768942 index: 838
NCC max: 0.995986 min: -0.415345 outliers: 79 disp outliers: 16 
NCC max: 1.000000 min: -0.976077 outliers: 588 disp outliers: 143 
Num matches pre bucket: 324
Max age: 10
Index: 839, Matches: 324, Inliers: 32.4074 %, Current pose: 
   0.1571650   -0.0342814    0.9869772  -47.4148623 
   0.1545348    0.9879397    0.0097069   -0.5992394 
  -0.9754067    0.1509968    0.1605672  -77.9974570 
   0.0000000    0.0000000   -0.0000000    1.0000000 

Motion:
   0.9999976    0.0003951   -0.0021761    0.0171157 
  -0.0003937    0.9999997    0.0006363    0.0699982 
   0.0021763   -0.0006354    0.9999974   -1.0919884 
   0.0000000    0.0000000    0.0000000    1.0000000 

angles x: 0.754690 y: 0.772768 z: 0.776960 index: 839
NCC max: 0.997730 min: -0.440666 outliers: 80 disp outliers: 23 
NCC max: 1.000000 min: -0.704150 outliers: 578 disp outliers: 167 
Num matches pre bucket: 346
Max age: 8
Index: 840, Matches: 340, Inliers: 32.6471 %, Current pose: 
   0.1557805   -0.0393623    0.9870071  -46.3452003 
   0.1545702    0.9878679    0.0150006   -0.6408307 
  -0.9756231    0.1502251    0.1599748  -77.8171757 
   0.0000000    0.0000000   -0.0000000    1.0000000 

Motion:
   0.9999990    0.0000497   -0.0014009    0.0156829 
  -0.0000569    0.9999868   -0.0051394    0.0561082 
   0.0014006    0.0051394    0.9999858   -1.0839805 
   0.0000000    0.0000000    0.0000000    1.0000000 

angles x: 0.753978 y: 0.773022 z: 0.781498 index: 840
NCC max: 0.997826 min: -0.313023 outliers: 75 disp outliers: 24 
NCC max: 1.000000 min: -0.742322 outliers: 652 disp outliers: 167 
Num matches pre bucket: 322
Max age: 12
Index: 841, Matches: 321, Inliers: 29.9065 %, Current pose: 
   0.1551601   -0.0431022    0.9869486  -45.2541579 
   0.1539154    0.9879024    0.0189465   -0.6327196 
  -0.9758255    0.1489669    0.1599171  -77.6333710 
   0.0000000    0.0000000   -0.0000000    1.0000000 

Motion:
   0.9999996   -0.0006528   -0.0006545    0.0088266 
   0.0006502    0.9999922   -0.0038920    0.0116325 
   0.0006570    0.0038916    0.9999922   -1.1063500 
   0.0000000    0.0000000    0.0000000    1.0000000 

angles x: 0.749962 y: 0.773157 z: 0.781371 index: 841
NCC max: 0.998986 min: -0.528643 outliers: 95 disp outliers: 24 
NCC max: 1.000000 min: -0.528643 outliers: 592 disp outliers: 102 
Num matches pre bucket: 283
Max age: 11
Index: 842, Matches: 273, Inliers: 28.5714 %, Current pose: 
   0.1554907   -0.0479240    0.9866742  -44.1987161 
   0.1523192    0.9880402    0.0239863   -0.6733441 
  -0.9760233    0.1465597    0.1609308  -77.4615413 
   0.0000000    0.0000000   -0.0000000    1.0000000 

Motion:
   0.9999987   -0.0016207    0.0002644    0.0097863 
   0.0016220    0.9999855   -0.0051413    0.0655363 
  -0.0002561    0.0051417    0.9999867   -1.0680555 
   0.0000000    0.0000000    0.0000000    1.0000000 

angles x: 0.738695 y: 0.773165 z: 0.775095 index: 842
NCC max: 0.995015 min: -0.443500 outliers: 75 disp outliers: 25 
NCC max: 1.000000 min: -0.849009 outliers: 616 disp outliers: 150 
Num matches pre bucket: 296
Max age: 8
Index: 843, Matches: 296, Inliers: 31.4189 %, Current pose: 
   0.1542645   -0.0521600    0.9866518  -43.1938362 
   0.1440123    0.9891279    0.0297744   -0.7487049 
  -0.9774778    0.1374968    0.1600990  -77.2457155 
   0.0000000    0.0000000   -0.0000000    1.0000000 

Motion:
   0.9999637   -0.0083619   -0.0016432    0.0668005 
   0.0083526    0.9999494   -0.0056120    0.0972807 
   0.0016901    0.0055980    0.9999829   -1.0237762 
   0.0000000    0.0000000    0.0000000    1.0000000 

angles x: 0.709595 y: 0.773467 z: 0.751040 index: 843
NCC max: 0.998398 min: -0.182245 outliers: 82 disp outliers: 22 
NCC max: 0.998398 min: -0.948689 outliers: 604 disp outliers: 142 
Num matches pre bucket: 354
Max age: 9
Index: 844, Matches: 349, Inliers: 33.2378 %, Current pose: 
   0.1543400   -0.0527571    0.9866083  -42.2210881 
   0.1354299    0.9902775    0.0317673   -0.8257215 
  -0.9786919    0.1287133    0.1599843  -77.0551140 
   0.0000000    0.0000000   -0.0000000    1.0000000 

Motion:
   0.9999624   -0.0086599   -0.0003754    0.0468366 
   0.0086592    0.9999606   -0.0019611    0.1030542 
   0.0003923    0.0019578    0.9999980   -0.9877680 
   0.0000000    0.0000000    0.0000000    1.0000000 

angles x: 0.677501 y: 0.773515 z: 0.720232 index: 844
NCC max: 0.998367 min: -0.556456 outliers: 96 disp outliers: 26 
NCC max: 1.000000 min: -0.935439 outliers: 645 disp outliers: 173 
Num matches pre bucket: 393
Max age: 10
Index: 845, Matches: 392, Inliers: 38.7755 %, Current pose: 
   0.1537327   -0.0507435    0.9868087  -41.1802692 
   0.1290801    0.9911539    0.0308579   -0.8426377 
  -0.9796451    0.1226335    0.1589227  -76.8583602 
   0.0000000    0.0000000   -0.0000000    1.0000000 

Motion:
   0.9999792   -0.0063788   -0.0009534    0.0349245 
   0.0063798    0.9999791    0.0010418    0.0454528 
   0.0009468   -0.0010478    0.9999990   -1.0578358 
   0.0000000    0.0000000    0.0000000    1.0000000 

angles x: 0.657217 y: 0.773616 z: 0.698449 index: 845
NCC max: 0.994456 min: -0.170725 outliers: 105 disp outliers: 28 
NCC max: 0.998712 min: -0.615144 outliers: 589 disp outliers: 182 
Num matches pre bucket: 334
Max age: 11
Index: 846, Matches: 329, Inliers: 33.4347 %, Current pose: 
   0.1532412   -0.0505367    0.9868957  -40.1969347 
   0.1247482    0.9916911    0.0314119   -0.8993227 
  -0.9802831    0.1182999    0.1582723  -76.6693810 
   0.0000000    0.0000000   -0.0000000    1.0000000 

Motion:
   0.9999903   -0.0043468   -0.0007201    0.0416372 
   0.0043465    0.9999904   -0.0004681    0.0835524 
   0.0007221    0.0004649    0.9999996   -0.9985781 
   0.0000000    0.0000000    0.0000000    1.0000000 

angles x: 0.641864 y: 0.773715 z: 0.683258 index: 846
NCC max: 0.991455 min: -0.440804 outliers: 95 disp outliers: 26 
NCC max: 1.000000 min: -0.843805 outliers: 642 disp outliers: 185 
Num matches pre bucket: 417
Max age: 12
Index: 847, Matches: 413, Inliers: 33.8983 %, Current pose: 
   0.1520892   -0.0477711    0.9872116  -39.1298287 
   0.1240111    0.9918602    0.0288910   -0.9436939 
  -0.9805560    0.1180312    0.1567753  -76.4774650 
   0.0000000    0.0000000   -0.0000000    1.0000000 

Motion:
   0.9999990   -0.0007051   -0.0012032    0.0313917 
   0.0007083    0.9999961    0.0026922    0.0723348 
   0.0012013   -0.0026930    0.9999957   -1.0822652 
   0.0000000    0.0000000    0.0000000    1.0000000 

angles x: 0.645334 y: 0.773858 z: 0.684051 index: 847
NCC max: 0.991612 min: 0.114975 outliers: 93 disp outliers: 27 
NCC max: 1.000000 min: -0.784933 outliers: 547 disp outliers: 208 
Num matches pre bucket: 329
Max age: 13
Index: 848, Matches: 328, Inliers: 42.378 %, Current pose: 
   0.1530313   -0.0456808    0.9871650  -38.0958524 
   0.1226563    0.9920847    0.0268941   -0.9968036 
  -0.9805799    0.1169663    0.1574230  -76.3208329 
   0.0000000    0.0000000   -0.0000000    1.0000000 

Motion:
   0.9999986   -0.0013916    0.0008872    0.0018738 
   0.0013899    0.9999972    0.0019031    0.0816014 
  -0.0008899   -0.0019019    0.9999978   -1.0439344 
   0.0000000    0.0000000    0.0000000    1.0000000 

angles x: 0.639010 y: 0.773688 z: 0.675662 index: 848
NCC max: 0.994043 min: -0.060861 outliers: 78 disp outliers: 22 
NCC max: 0.998524 min: -0.869169 outliers: 614 disp outliers: 188 
Num matches pre bucket: 313
Max age: 14
Index: 849, Matches: 311, Inliers: 34.0836 %, Current pose: 
   0.1554553   -0.0465474    0.9867457  -36.9991931 
   0.1281389    0.9914000    0.0265795   -1.0396813 
  -0.9794968    0.1223086    0.1600829  -76.1927809 
   0.0000000    0.0000000   -0.0000000    1.0000000 

Motion:
   0.9999814    0.0054552    0.0027108   -0.0395607 
  -0.0054552    0.9999851   -0.0000329    0.0778938 
  -0.0027110    0.0000181    0.9999963   -1.1014831 
   0.0000000    0.0000000    0.0000000    1.0000000 

angles x: 0.652422 y: 0.773287 z: 0.689372 index: 849
NCC max: 0.998861 min: -0.374869 outliers: 81 disp outliers: 19 
NCC max: 1.000000 min: -0.722647 outliers: 586 disp outliers: 196 
Num matches pre bucket: 339
Max age: 11
Index: 850, Matches: 339, Inliers: 31.5634 %, Current pose: 
   0.1545642   -0.0600004    0.9861592  -35.9515389 
   0.1353906    0.9900238    0.0390153   -1.0702062 
  -0.9786620    0.1274863    0.1611457  -76.0207920 
   0.0000000    0.0000000   -0.0000000    1.0000000 

Motion:
   0.9999730    0.0073329   -0.0005530    0.0105220 
  -0.0073392    0.9998952   -0.0124825    0.0711539 
   0.0004614    0.0124862    0.9999219   -1.0596781 
   0.0000000    0.0000000    0.0000000    1.0000000 

angles x: 0.669306 y: 0.773608 z: 0.719368 index: 850
NCC max: 0.997673 min: -0.265064 outliers: 73 disp outliers: 22 
NCC max: 1.000000 min: -0.786880 outliers: 492 disp outliers: 149 
Num matches pre bucket: 378
Max age: 10
Index: 851, Matches: 375, Inliers: 33.8667 %, Current pose: 
   0.1551730   -0.0773563    0.9848540  -34.9094059 
   0.1403034    0.9885496    0.0555405   -1.1165583 
  -0.9778734    0.1295599    0.1642495  -75.8742338 
   0.0000000    0.0000000   -0.0000000    1.0000000 

Motion:
   0.9999874    0.0049278    0.0009192   -0.0118922 
  -0.0049116    0.9998461   -0.0168390    0.1074488 
  -0.0010020    0.0168343    0.9998578   -1.0478466 
   0.0000000    0.0000000    0.0000000    1.0000000 

angles x: 0.667874 y: 0.773885 z: 0.735116 index: 851
NCC max: 0.997106 min: -0.661819 outliers: 69 disp outliers: 26 
NCC max: 1.000000 min: -0.870170 outliers: 608 disp outliers: 224 
Num matches pre bucket: 359
Max age: 11
Index: 852, Matches: 352, Inliers: 37.5 %, Current pose: 
   0.1570964   -0.0784135    0.9844654  -33.8152722 
   0.1448123    0.9878970    0.0555784   -1.0863742 
  -0.9769085    0.1338315    0.1665503  -75.7159194 
   0.0000000    0.0000000   -0.0000000    1.0000000 

Motion:
   0.9999875    0.0044335    0.0023032   -0.0215968 
  -0.0044327    0.9999901   -0.0003758    0.0347887 
  -0.0023048    0.0003656    0.9999973   -1.1051817 
   0.0000000    0.0000000    0.0000000    1.0000000 

angles x: 0.676902 y: 0.773563 z: 0.744732 index: 852
NCC max: 0.998384 min: -0.347925 outliers: 79 disp outliers: 30 
NCC max: 1.000000 min: -0.884816 outliers: 572 disp outliers: 190 
Num matches pre bucket: 370
Max age: 10
Index: 853, Matches: 364, Inliers: 33.7912 %, Current pose: 
   0.1596517   -0.0711137    0.9846086  -32.7477487 
   0.1498939    0.9875832    0.0470237   -1.1082647 
  -0.9757270    0.1400794    0.1683288  -75.5807273 
   0.0000000    0.0000000   -0.0000000    1.0000000 

Motion:
   0.9999831    0.0049779    0.0029948   -0.0352401 
  -0.0050023    0.9999538    0.0082096    0.0785966 
  -0.0029538   -0.0082244    0.9999618   -1.0728202 
   0.0000000    0.0000000    0.0000000    1.0000000 

angles x: 0.694056 y: 0.772911 z: 0.753886 index: 853
NCC max: 0.996594 min: -0.108447 outliers: 56 disp outliers: 29 
NCC max: 1.000000 min: -0.609733 outliers: 508 disp outliers: 176 
Num matches pre bucket: 359
Max age: 11
Index: 854, Matches: 353, Inliers: 35.9773 %, Current pose: 
   0.1588511   -0.0621407    0.9853451  -31.7505185 
   0.1499501    0.9879580    0.0381314   -1.1125361 
  -0.9758490    0.1416954    0.1662562  -75.3915708 
   0.0000000    0.0000000   -0.0000000    1.0000000 

Motion:
   0.9999997    0.0000954   -0.0008062    0.0268176 
  -0.0000880    0.9999584    0.0091246    0.0393860 
   0.0008071   -0.0091245    0.9999580   -1.0139013 
   0.0000000    0.0000000    0.0000000    1.0000000 

angles x: 0.705811 y: 0.772852 z: 0.756582 index: 854
NCC max: 1.000000 min: -0.574480 outliers: 72 disp outliers: 27 
NCC max: 1.000000 min: -0.772989 outliers: 512 disp outliers: 157 
Num matches pre bucket: 392
Max age: 14
Index: 855, Matches: 381, Inliers: 30.7087 %, Current pose: 
   0.1582439   -0.0588476    0.9856449  -30.7327387 
   0.1478573    0.9883795    0.0352726   -1.1230181 
  -0.9762669    0.1401531    0.1651061  -75.2103934 
   0.0000000    0.0000000   -0.0000000    1.0000000 

Motion:
   0.9999975   -0.0020892   -0.0007475    0.0173699 
   0.0020914    0.9999933    0.0030044    0.0448615 
   0.0007412   -0.0030060    0.9999952   -1.0327132 
   0.0000000    0.0000000    0.0000000    1.0000000 

angles x: 0.703836 y: 0.772906 z: 0.751479 index: 855
NCC max: 0.994459 min: -0.374836 outliers: 91 disp outliers: 33 
NCC max: 1.000000 min: -0.574186 outliers: 561 disp outliers: 168 
Num matches pre bucket: 350
Max age: 11
Index: 856, Matches: 347, Inliers: 36.8876 %, Current pose: 
   0.1586788   -0.0619328    0.9853859  -29.7022031 
   0.1501044    0.9879426    0.0379219   -1.1805192 
  -0.9758533    0.1418933    0.1660619  -75.0442846 
   0.0000000    0.0000000   -0.0000000    1.0000000 

Motion:
   0.9999973    0.0022534    0.0005762    0.0072048 
  -0.0022518    0.9999936   -0.0027690    0.0970620 
  -0.0005824    0.0027677    0.9999960   -1.0408791 
   0.0000000    0.0000000    0.0000000    1.0000000 

angles x: 0.707078 y: 0.772876 z: 0.757637 index: 856
NCC max: 1.000000 min: -0.406898 outliers: 92 disp outliers: 32 
NCC max: 1.000000 min: -0.770903 outliers: 584 disp outliers: 169 
Num matches pre bucket: 386
Max age: 12
Index: 857, Matches: 384, Inliers: 34.6354 %, Current pose: 
   0.1591567   -0.0609957    0.9853673  -28.6262390 
   0.1526174    0.9876117    0.0364838   -1.1875159 
  -0.9753856    0.1445775    0.1664940  -74.8804822 
   0.0000000    0.0000000   -0.0000000    1.0000000 

Motion:
   0.9999966    0.0025195    0.0006439   -0.0104086 
  -0.0025204    0.9999959    0.0013566    0.0488571 
  -0.0006405   -0.0013583    0.9999989   -1.0872367 
   0.0000000    0.0000000    0.0000000    1.0000000 

angles x: 0.715060 y: 0.772761 z: 0.764427 index: 857
NCC max: 0.994477 min: -0.217128 outliers: 99 disp outliers: 27 
NCC max: 0.998885 min: -0.736535 outliers: 587 disp outliers: 220 
Num matches pre bucket: 385
Max age: 13
Index: 858, Matches: 378, Inliers: 33.5979 %, Current pose: 
   0.1593829   -0.0581841    0.9855007  -27.5923470 
   0.1603348    0.9865336    0.0323145   -1.2104776 
  -0.9741098    0.1528597    0.1665656  -74.7395096 
   0.0000000    0.0000000   -0.0000000    1.0000000 

Motion:
   0.9999694    0.0077924    0.0007169   -0.0237804 
  -0.0077953    0.9999612    0.0041100    0.0612596 
  -0.0006849   -0.0041155    0.9999913   -1.0416404 
   0.0000000    0.0000000    0.0000000    1.0000000 

angles x: 0.742516 y: 0.772621 z: 0.788375 index: 858
NCC max: 0.998381 min: -0.502504 outliers: 104 disp outliers: 32 
NCC max: 1.000000 min: -0.757349 outliers: 568 disp outliers: 160 
Num matches pre bucket: 360
Max age: 12
Index: 859, Matches: 354, Inliers: 28.5311 %, Current pose: 
   0.1603545   -0.0516259    0.9857085  -26.5470000 
   0.1658688    0.9858397    0.0246493   -1.2045124 
  -0.9730231    0.1595456    0.1666469  -74.6054408 
   0.0000000    0.0000000   -0.0000000    1.0000000 

Motion:
   0.9999836    0.0055691    0.0013172   -0.0381635 
  -0.0055789    0.9999559    0.0075544    0.0266961 
  -0.0012751   -0.0075616    0.9999706   -1.0528967 
   0.0000000    0.0000000    0.0000000    1.0000000 

angles x: 0.763631 y: 0.772328 z: 0.802300 index: 859
NCC max: 0.993798 min: -0.407505 outliers: 106 disp outliers: 30 
NCC max: 1.000000 min: -0.966728 outliers: 623 disp outliers: 202 
Num matches pre bucket: 400
Max age: 15
Index: 860, Matches: 395, Inliers: 34.1772 %, Current pose: 
   0.1589417   -0.0493444    0.9860541  -25.5622040 
   0.1684304    0.9854643    0.0221656   -1.2110766 
  -0.9728149    0.1625584    0.1649424  -74.4374798 
   0.0000000    0.0000000   -0.0000000    1.0000000 

Motion:
   0.9999957    0.0026315   -0.0012948    0.0079754 
  -0.0026279    0.9999928    0.0027417    0.0277595 
   0.0013020   -0.0027383    0.9999954   -0.9986205 
   0.0000000    0.0000000    0.0000000    1.0000000 

angles x: 0.778119 y: 0.772520 z: 0.814375 index: 860
NCC max: 0.994053 min: -0.567600 outliers: 96 disp outliers: 36 
NCC max: 0.995970 min: -0.951233 outliers: 669 disp outliers: 177 
Num matches pre bucket: 376
Max age: 16
Index: 861, Matches: 374, Inliers: 29.4118 %, Current pose: 
   0.1582975   -0.0583292    0.9856671  -24.5167992 
   0.1744212    0.9842070    0.0302309   -1.2521202 
  -0.9718637    0.1671358    0.1659714  -74.2960378 
   0.0000000    0.0000000   -0.0000000    1.0000000 

Motion:
   0.9999814    0.0060901   -0.0003455   -0.0208637 
  -0.0060928    0.9999484   -0.0081324    0.0777330 
   0.0002959    0.0081344    0.9999669   -1.0526557 
   0.0000000    0.0000000    0.0000000    1.0000000 

angles x: 0.788894 y: 0.772704 z: 0.833821 index: 861
NCC max: 0.995841 min: -0.429433 outliers: 109 disp outliers: 25 
NCC max: 1.000000 min: -0.827237 outliers: 616 disp outliers: 138 
Num matches pre bucket: 448
Max age: 10
Index: 862, Matches: 442, Inliers: 30.9955 %, Current pose: 
   0.1571724   -0.0692448    0.9851406  -23.4885020 
   0.1778624    0.9832120    0.0407326   -1.2647449 
  -0.9714226    0.1688174    0.1668498  -74.1449230 
   0.0000000    0.0000000   -0.0000000    1.0000000 

Motion:
   0.9999933    0.0035262   -0.0009318   -0.0125781 
  -0.0035358    0.9999385   -0.0105102    0.0581061 
   0.0008946    0.0105134    0.9999443   -1.0377166 
   0.0000000    0.0000000    0.0000000    1.0000000 

angles x: 0.791260 y: 0.773060 z: 0.847075 index: 862
NCC max: 0.998991 min: -0.477430 outliers: 115 disp outliers: 32 
NCC max: 1.000000 min: -0.707414 outliers: 655 disp outliers: 217 
Num matches pre bucket: 446
Max age: 18
Index: 863, Matches: 440, Inliers: 27.0455 %, Current pose: 
   0.1548345   -0.0759873    0.9850138  -22.5373084 
   0.1793534    0.9826320    0.0476110   -1.3145103 
  -0.9715239    0.1692937    0.1657739  -73.9752693 
   0.0000000    0.0000000   -0.0000000    1.0000000 

Motion:
   0.9999962    0.0016108   -0.0022594    0.0264707 
  -0.0016256    0.9999770   -0.0065865    0.0924585 
   0.0022487    0.0065901    0.9999758   -0.9626935 
   0.0000000    0.0000000    0.0000000    1.0000000 

angles x: 0.795903 y: 0.773584 z: 0.858636 index: 863
NCC max: 0.997262 min: -0.301133 outliers: 134 disp outliers: 24 
NCC max: 1.000000 min: -0.648820 outliers: 651 disp outliers: 168 
Num matches pre bucket: 458
Max age: 19
Index: 864, Matches: 456, Inliers: 32.0175 %, Current pose: 
   0.1541388   -0.0733295    0.9853243  -21.5430356 
   0.1781697    0.9829573    0.0452814   -1.3112769 
  -0.9718522    0.1685753    0.1645769  -73.8275332 
   0.0000000    0.0000000   -0.0000000    1.0000000 

Motion:
   0.9999990   -0.0011659   -0.0007961   -0.0102544 
   0.0011678    0.9999962    0.0025144    0.0448266 
   0.0007931   -0.0025153    0.9999965   -1.0041415 
   0.0000000    0.0000000    0.0000000    1.0000000 

angles x: 0.797399 y: 0.773645 z: 0.857588 index: 864
NCC max: 1.000000 min: -0.230118 outliers: 110 disp outliers: 32 
NCC max: 1.000000 min: -0.643716 outliers: 616 disp outliers: 157 
Num matches pre bucket: 437
Max age: 20
Index: 865, Matches: 428, Inliers: 34.1121 %, Current pose: 
   0.1531000   -0.0703521    0.9857033  -20.5475071 
   0.1748900    0.9836468    0.0430413   -1.3244489 
  -0.9726119    0.1658000    0.1629002  -73.6515309 
   0.0000000    0.0000000   -0.0000000    1.0000000 

Motion:
   0.9999938   -0.0032757   -0.0012971    0.0210701 
   0.0032790    0.9999915    0.0025082    0.0538129 
   0.0012889   -0.0025124    0.9999960   -1.0093996 
   0.0000000    0.0000000    0.0000000    1.0000000 

angles x: 0.794220 y: 0.773774 z: 0.851736 index: 865
NCC max: 0.996716 min: -0.214098 outliers: 128 disp outliers: 45 
NCC max: 1.000000 min: -0.862083 outliers: 622 disp outliers: 222 
Num matches pre bucket: 449
Max age: 12
Index: 866, Matches: 448, Inliers: 33.4821 %, Current pose: 
   0.1498138   -0.0736507    0.9859672  -19.5680996 
   0.1740193    0.9836184    0.0470337   -1.3419197 
  -0.9732796    0.1645310    0.1601762  -73.4559557 
   0.0000000    0.0000000   -0.0000000    1.0000000 

Motion:
   0.9999940   -0.0007359   -0.0033855    0.0466609 
   0.0007242    0.9999938   -0.0034594    0.0571404 
   0.0033880    0.0034570    0.9999883   -0.9961686 
   0.0000000    0.0000000    0.0000000    1.0000000 

angles x: 0.798809 y: 0.774383 z: 0.860006 index: 866
NCC max: 1.000000 min: -0.365130 outliers: 101 disp outliers: 26 
NCC max: 1.000000 min: -0.778665 outliers: 597 disp outliers: 185 
Num matches pre bucket: 472
Max age: 11
Index: 867, Matches: 461, Inliers: 32.7549 %, Current pose: 
   0.1499997   -0.0783601    0.9855759  -18.5927119 
   0.1747083    0.9832679    0.0515869   -1.3296681 
  -0.9731275    0.1644502    0.1611801  -73.3250120 
   0.0000000    0.0000000   -0.0000000    1.0000000 

Motion:
   0.9999997    0.0006890    0.0002401   -0.0210234 
  -0.0006879    0.9999888   -0.0046727    0.0428512 
  -0.0002433    0.0046725    0.9999891   -0.9830561 
   0.0000000    0.0000000    0.0000000    1.0000000 

angles x: 0.795440 y: 0.774464 z: 0.861347 index: 867
NCC max: 0.997780 min: -0.673684 outliers: 77 disp outliers: 27 
NCC max: 1.000000 min: -0.813570 outliers: 600 disp outliers: 165 
Num matches pre bucket: 455
Max age: 15
Index: 868, Matches: 443, Inliers: 33.1828 %, Current pose: 
   0.1486946   -0.0811672    0.9855464  -17.6111345 
   0.1753409    0.9829980    0.0545027   -1.3083457 
  -0.9732140    0.1647023    0.1603985  -73.1744327 
   0.0000000    0.0000000   -0.0000000    1.0000000 

Motion:
   0.9999989    0.0007101   -0.0012675   -0.0031481 
  -0.0007135    0.9999960   -0.0027399    0.0339112 
   0.0012656    0.0027408    0.9999954   -0.9927049 
   0.0000000    0.0000000    0.0000000    1.0000000 

angles x: 0.798636 y: 0.774742 z: 0.867446 index: 868
NCC max: 0.996835 min: -0.415402 outliers: 82 disp outliers: 31 
NCC max: 1.000000 min: -0.725550 outliers: 644 disp outliers: 110 
Num matches pre bucket: 473
Max age: 13
Index: 869, Matches: 455, Inliers: 30.1099 %, Current pose: 
   0.1466781   -0.0771919    0.9861678  -16.5831493 
   0.1770418    0.9829015    0.0506038   -1.2420597 
  -0.9732121    0.1671704    0.1578364  -72.9904218 
   0.0000000    0.0000000   -0.0000000    1.0000000 

Motion:
   0.9999965    0.0018360   -0.0018944    0.0165633 
  -0.0018278    0.9999890    0.0043084   -0.0165617 
   0.0019022   -0.0043050    0.9999889   -1.0461639 
   0.0000000    0.0000000    0.0000000    1.0000000 

angles x: 0.814110 y: 0.774939 z: 0.878921 index: 869
NCC max: 0.998403 min: -0.156894 outliers: 99 disp outliers: 33 
NCC max: 1.000000 min: -0.765339 outliers: 659 disp outliers: 113 
Num matches pre bucket: 387
Max age: 17
Index: 870, Matches: 376, Inliers: 28.9894 %, Current pose: 
   0.1465726   -0.0795751    0.9859941  -15.5819972 
   0.1788178    0.9824693    0.0527086   -1.2592475 
  -0.9729032    0.1685876    0.1582325  -72.8655206 
   0.0000000    0.0000000   -0.0000000    1.0000000 

Motion:
   0.9999984    0.0018054    0.0000346   -0.0221512 
  -0.0018053    0.9999961   -0.0021484    0.0754965 
  -0.0000384    0.0021484    0.9999977   -1.0059874 
   0.0000000    0.0000000    0.0000000    1.0000000 

angles x: 0.817072 y: 0.775003 z: 0.884172 index: 870
NCC max: 0.997722 min: -0.778736 outliers: 80 disp outliers: 32 
NCC max: 0.997727 min: -0.778736 outliers: 600 disp outliers: 164 
Num matches pre bucket: 426
Max age: 13
Index: 871, Matches: 421, Inliers: 34.4418 %, Current pose: 
   0.1459362   -0.0783327    0.9861879  -14.6154814 
   0.1777528    0.9827134    0.0517528   -1.2410171 
  -0.9731940    0.1677450    0.1573373  -72.7192261 
   0.0000000    0.0000000   -0.0000000    1.0000000 

Motion:
   0.9999992   -0.0010447   -0.0007296   -0.0019173 
   0.0010455    0.9999988    0.0011045    0.0332543 
   0.0007285   -0.0011053    0.9999991   -0.9771273 
   0.0000000    0.0000000    0.0000000    1.0000000 

angles x: 0.817403 y: 0.775078 z: 0.883377 index: 871
NCC max: 1.000000 min: -0.471194 outliers: 93 disp outliers: 30 
NCC max: 1.000000 min: -0.727489 outliers: 625 disp outliers: 164 
Num matches pre bucket: 348
Max age: 10
Index: 872, Matches: 348, Inliers: 39.0805 %, Current pose: 
   0.1433238   -0.0811288    0.9863450  -13.6659414 
   0.1730006    0.9833430    0.0557435   -1.2279394 
  -0.9744378    0.1626489    0.1549718  -72.5328182 
   0.0000000    0.0000000   -0.0000000    1.0000000 

Motion:
   0.9999845   -0.0046740   -0.0030179    0.0432888 
   0.0046634    0.9999829   -0.0035267    0.0338561 
   0.0030344    0.0035125    0.9999892   -0.9661910 
   0.0000000    0.0000000    0.0000000    1.0000000 

angles x: 0.809564 y: 0.775595 z: 0.878942 index: 872
NCC max: 0.995751 min: -0.291823 outliers: 95 disp outliers: 31 
NCC max: 0.998364 min: -0.943847 outliers: 654 disp outliers: 124 
Num matches pre bucket: 340
Max age: 14
Index: 873, Matches: 339, Inliers: 36.2832 %, Current pose: 
   0.1423904   -0.0827187    0.9863481  -12.7212356 
   0.1704008    0.9836726    0.0578951   -1.2197682 
  -0.9750326    0.1598307    0.1541609  -72.4013747 
   0.0000000    0.0000000   -0.0000000    1.0000000 

Motion:
   0.9999960   -0.0025776   -0.0011577   -0.0077478 
   0.0025753    0.9999947   -0.0019866    0.0490984 
   0.0011629    0.0019837    0.9999974   -0.9525452 
   0.0000000    0.0000000    0.0000000    1.0000000 

angles x: 0.803454 y: 0.775803 z: 0.874710 index: 873
NCC max: 0.997103 min: -0.614079 outliers: 84 disp outliers: 26 
NCC max: 1.000000 min: -0.837820 outliers: 676 disp outliers: 135 
Num matches pre bucket: 375
Max age: 10
Index: 874, Matches: 374, Inliers: 29.6791 %, Current pose: 
   0.1413456   -0.0836927    0.9864162  -11.7786666 
   0.1688892    0.9838511    0.0592746   -1.2176908 
  -0.9754475    0.1582168    0.1531978  -72.2628643 
   0.0000000    0.0000000   -0.0000000    1.0000000 

Motion:
   0.9999982   -0.0014668   -0.0011821    0.0015308 
   0.0014653    0.9999982   -0.0011991    0.0549276 
   0.0011838    0.0011974    0.9999986   -0.9511080 
   0.0000000    0.0000000    0.0000000    1.0000000 

angles x: 0.801514 y: 0.776002 z: 0.873949 index: 874
NCC max: 0.998233 min: -0.225885 outliers: 98 disp outliers: 22 
NCC max: 0.999566 min: -0.689094 outliers: 714 disp outliers: 131 
Num matches pre bucket: 369
Max age: 11
Index: 875, Matches: 367, Inliers: 30.5177 %, Current pose: 
   0.1398507   -0.0849173    0.9865246  -10.8189877 
   0.1691938    0.9837124    0.0606902   -1.1473319 
  -0.9756102    0.1584263    0.1519404  -72.0891586 
   0.0000000    0.0000000   -0.0000000    1.0000000 

Motion:
   0.9999988    0.0003991   -0.0014814    0.0233530 
  -0.0004008    0.9999992   -0.0011841   -0.0152391 
   0.0014809    0.0011847    0.9999982   -0.9774098 
   0.0000000    0.0000000    0.0000000    1.0000000 

angles x: 0.806293 y: 0.776261 z: 0.880062 index: 875
NCC max: 0.991966 min: -0.555306 outliers: 102 disp outliers: 22 
NCC max: 1.000000 min: -0.988521 outliers: 697 disp outliers: 169 
Num matches pre bucket: 375
Max age: 10
Index: 876, Matches: 372, Inliers: 29.8387 %, Current pose: 
   0.1399473   -0.0859148    0.9864245   -9.9087963 
   0.1665697    0.9840736    0.0620783   -1.1233304 
  -0.9760478    0.1556207    0.1520293  -71.9530989 
   0.0000000    0.0000000   -0.0000000    1.0000000 

Motion:
   0.9999965   -0.0026589   -0.0001304    0.0014239 
   0.0026587    0.9999955   -0.0013884    0.0334060 
   0.0001341    0.0013881    0.9999990   -0.9200102 
   0.0000000    0.0000000    0.0000000    1.0000000 

angles x: 0.797071 y: 0.776298 z: 0.872035 index: 876
NCC max: 0.991819 min: -0.193458 outliers: 90 disp outliers: 26 
NCC max: 1.000000 min: -0.727544 outliers: 588 disp outliers: 107 
Num matches pre bucket: 362
Max age: 11
Index: 877, Matches: 354, Inliers: 30.226 %, Current pose: 
   0.1408775   -0.0855027    0.9863279   -9.0344967 
   0.1663932    0.9841368    0.0615468   -1.1024206 
  -0.9759441    0.1554477    0.1528698  -71.8077775 
   0.0000000    0.0000000   -0.0000000    1.0000000 

Motion:
   0.9999995   -0.0002374    0.0009224    0.0151772 
   0.0002371    0.9999999    0.0003841    0.0315870 
  -0.0009225   -0.0003839    0.9999995   -0.8858483 
   0.0000000    0.0000000    0.0000000    1.0000000 

angles x: 0.793759 y: 0.776148 z: 0.868248 index: 877
NCC max: 0.996476 min: -0.292465 outliers: 84 disp outliers: 25 
NCC max: 1.000000 min: -0.687650 outliers: 625 disp outliers: 224 
Num matches pre bucket: 372
Max age: 10
Index: 878, Matches: 357, Inliers: 37.535 %, Current pose: 
   0.1440954   -0.0839566    0.9859958   -8.1583580 
   0.1666055    0.9842293    0.0594582   -1.0993528 
  -0.9754379    0.1557047    0.1558106  -71.6906064 
   0.0000000    0.0000000   -0.0000000    1.0000000 

Motion:
   0.9999947    0.0000125    0.0032643   -0.0124656 
  -0.0000176    0.9999988    0.0015699    0.0522941 
  -0.0032643   -0.0015700    0.9999934   -0.8823080 
   0.0000000    0.0000000    0.0000000    1.0000000 

angles x: 0.785058 y: 0.775611 z: 0.857721 index: 878
NCC max: 0.997843 min: -0.147430 outliers: 87 disp outliers: 27 
NCC max: 0.998940 min: -0.724697 outliers: 608 disp outliers: 117 
Num matches pre bucket: 425
Max age: 8
Index: 879, Matches: 415, Inliers: 41.4458 %, Current pose: 
   0.1471375   -0.0829203    0.9856342   -7.3191374 
   0.1671113    0.9842390    0.0578562   -1.1188323 
  -0.9748971    0.1561978    0.1586754  -71.5555794 
   0.0000000    0.0000000   -0.0000000    1.0000000 

Motion:
   0.9999951    0.0003266    0.0031139    0.0114118 
  -0.0003301    0.9999993    0.0010992    0.0676700 
  -0.0031135   -0.0011002    0.9999945   -0.8474630 
   0.0000000    0.0000000    0.0000000    1.0000000 

angles x: 0.777530 y: 0.775105 z: 0.848873 index: 879
NCC max: 0.996901 min: -0.538324 outliers: 113 disp outliers: 30 
NCC max: 1.000000 min: -0.734747 outliers: 749 disp outliers: 127 
Num matches pre bucket: 412
Max age: 7
Index: 880, Matches: 409, Inliers: 46.2103 %, Current pose: 
   0.1500974   -0.0831060    0.9851721   -6.4841986 
   0.1637861    0.9847823    0.0581192   -1.1321400 
  -0.9750102    0.1526340    0.1614249  -71.3820796 
   0.0000000    0.0000000   -0.0000000    1.0000000 

Motion:
   0.9999901   -0.0035359    0.0027071    0.0460215 
   0.0035379    0.9999935   -0.0007170    0.0560116 
  -0.0027045    0.0007266    0.9999961   -0.8497923 
   0.0000000    0.0000000    0.0000000    1.0000000 

angles x: 0.757414 y: 0.774671 z: 0.828981 index: 880
NCC max: 0.995221 min: -0.307731 outliers: 113 disp outliers: 19 
NCC max: 0.997732 min: -0.887501 outliers: 779 disp outliers: 192 
Num matches pre bucket: 382
Max age: 8
Index: 881, Matches: 382, Inliers: 39.7906 %, Current pose: 
   0.1541077   -0.0803109    0.9847847   -5.7008735 
   0.1611011    0.9853958    0.0551503   -1.1154459 
  -0.9748319    0.1501508    0.1647952  -71.2337558 
   0.0000000    0.0000000   -0.0000000    1.0000000 

Motion:
   0.9999883   -0.0029502    0.0038235    0.0211849 
   0.0029411    0.9999928    0.0023884    0.0241883 
  -0.0038305   -0.0023771    0.9999898   -0.7967703 
   0.0000000    0.0000000    0.0000000    1.0000000 

angles x: 0.738933 y: 0.773969 z: 0.807581 index: 881
NCC max: 0.996958 min: -0.448051 outliers: 128 disp outliers: 21 
NCC max: 0.997502 min: -0.665485 outliers: 727 disp outliers: 177 
Num matches pre bucket: 394
Max age: 8
Index: 882, Matches: 388, Inliers: 42.268 %, Current pose: 
   0.1587720   -0.0776537    0.9842568   -4.9268979 
   0.1608219    0.9856222    0.0518190   -1.1201023 
  -0.9741292    0.1500627    0.1689776  -71.1030856 
   0.0000000    0.0000000   -0.0000000    1.0000000 

Motion:
   0.9999888   -0.0005442    0.0046937    0.0051529 
   0.0005319    0.9999964    0.0026147    0.0450828 
  -0.0046951   -0.0026122    0.9999856   -0.7836298 
   0.0000000    0.0000000    0.0000000    1.0000000 

angles x: 0.726180 y: 0.773130 z: 0.791812 index: 882
NCC max: 0.990606 min: -0.538351 outliers: 126 disp outliers: 21 
NCC max: 1.000000 min: -0.741967 outliers: 765 disp outliers: 207 
Num matches pre bucket: 392
Max age: 10
Index: 883, Matches: 386, Inliers: 27.2021 %, Current pose: 
   0.1766327   -0.0743746    0.9814628   -3.9635971 
   0.1619760    0.9857429    0.0455483   -1.0479951 
  -0.9708577    0.1509281    0.1861613  -71.2662369 
   0.0000000    0.0000000   -0.0000000    1.0000000 

Motion:
   0.9998345    0.0002415    0.0181921   -0.3402267 
  -0.0003030    0.9999942    0.0033800    0.0251900 
  -0.0181912   -0.0033850    0.9998288   -0.9183559 
   0.0000000    0.0000000    0.0000000    1.0000000 

angles x: 0.681255 y: 0.769892 z: 0.742140 index: 883
NCC max: 0.992079 min: -0.484410 outliers: 119 disp outliers: 26 
NCC max: 0.998793 min: -0.858574 outliers: 708 disp outliers: 204 
Num matches pre bucket: 439
Max age: 10
Index: 884, Matches: 435, Inliers: 44.1379 %, Current pose: 
   0.1869994   -0.0715439    0.9797513   -3.2339933 
   0.1675315    0.9850567    0.0399555   -1.0415646 
  -0.9679692    0.1566676    0.1961909  -71.1486906 
   0.0000000    0.0000000   -0.0000000    1.0000000 

Motion:
   0.9999267    0.0051413    0.0109653   -0.0237316 
  -0.0051834    0.9999793    0.0038155    0.0274486 
  -0.0109455   -0.0038720    0.9999326   -0.7381488 
   0.0000000    0.0000000    0.0000000    1.0000000 

angles x: 0.673854 y: 0.767801 z: 0.730542 index: 884
NCC max: 0.994053 min: -0.598109 outliers: 118 disp outliers: 25 
NCC max: 0.997024 min: -0.781826 outliers: 736 disp outliers: 212 
Num matches pre bucket: 449
Max age: 14
Index: 885, Matches: 443, Inliers: 39.0519 %, Current pose: 
   0.2010952   -0.0719800    0.9769235   -2.5496730 
   0.1711823    0.9845329    0.0373035   -1.1207241 
  -0.9644985    0.1597305    0.2103066  -71.0851541 
   0.0000000    0.0000000   -0.0000000    1.0000000 

Motion:
   0.9998880    0.0031315    0.0146372   -0.0627820 
  -0.0031341    0.9999951    0.0001527    0.1170438 
  -0.0146367   -0.0001986    0.9998929   -0.6789377 
   0.0000000    0.0000000    0.0000000    1.0000000 

angles x: 0.649561 y: 0.764906 z: 0.705219 index: 885
NCC max: 0.995973 min: -0.424031 outliers: 126 disp outliers: 24 
NCC max: 0.997369 min: -0.722139 outliers: 672 disp outliers: 175 
Num matches pre bucket: 441
Max age: 15
Index: 886, Matches: 435, Inliers: 41.1494 %, Current pose: 
   0.2133243   -0.0697088    0.9744914   -1.8634461 
   0.1704246    0.9848133    0.0331398   -1.1027819 
  -0.9620022    0.1590078    0.2219647  -70.9192008 
   0.0000000    0.0000000   -0.0000000    1.0000000 

Motion:
   0.9999218   -0.0012275    0.0124436    0.0102008 
   0.0012017    0.9999971    0.0020773    0.0037784 
  -0.0124461   -0.0020621    0.9999204   -0.7061526 
   0.0000000    0.0000000    0.0000000    1.0000000 

angles x: 0.621625 y: 0.762225 z: 0.674069 index: 886
NCC max: 1.000000 min: -0.653176 outliers: 120 disp outliers: 24 
NCC max: 1.000000 min: -0.787001 outliers: 750 disp outliers: 96 
Num matches pre bucket: 409
Max age: 16
Index: 887, Matches: 403, Inliers: 43.1762 %, Current pose: 
   0.2257485   -0.0686025    0.9717671   -1.1853340 
   0.1717439    0.9846963    0.0296179   -1.1118225 
  -0.9589273    0.1602088    0.2340758  -70.7587613 
   0.0000000    0.0000000   -0.0000000    1.0000000 

Motion:
   0.9999172    0.0009220    0.0128335    0.0023196 
  -0.0009393    0.9999987    0.0013408    0.0297186 
  -0.0128322   -0.0013528    0.9999167   -0.6962542 
   0.0000000    0.0000000    0.0000000    1.0000000 

angles x: 0.600201 y: 0.759345 z: 0.650362 index: 887
NCC max: 0.998352 min: -0.381267 outliers: 126 disp outliers: 22 
NCC max: 1.000000 min: -0.778255 outliers: 751 disp outliers: 197 
Num matches pre bucket: 425
Max age: 14
Index: 888, Matches: 420, Inliers: 43.5714 %, Current pose: 
   0.2398412   -0.0725623    0.9680966   -0.5633864 
   0.1724159    0.9845338    0.0310791   -1.1538534 
  -0.9553790    0.1594612    0.2486426  -70.6140241 
  -0.0000000    0.0000000   -0.0000000    1.0000000 

Motion:
   0.9998942    0.0002635    0.0145453   -0.0036429 
  -0.0002049    0.9999919   -0.0040278    0.0634308 
  -0.0145462    0.0040244    0.9998861   -0.6367869 
   0.0000000    0.0000000    0.0000000    1.0000000 

angles x: 0.570254 y: 0.755972 z: 0.623282 index: 888
NCC max: 0.996957 min: -0.424738 outliers: 122 disp outliers: 20 
NCC max: 1.000000 min: -0.560473 outliers: 693 disp outliers: 190 
Num matches pre bucket: 406
Max age: 10
Index: 889, Matches: 403, Inliers: 42.6799 %, Current pose: 
   0.2561748   -0.0791317    0.9633860    0.0475695 
   0.1748370    0.9839986    0.0343337   -1.1931381 
  -0.9506874    0.1596401    0.2659108  -70.4766333 
  -0.0000000    0.0000000   -0.0000000    1.0000000 

Motion:
   0.9998527    0.0019466    0.0170543   -0.0190274 
  -0.0018388    0.9999783   -0.0063320    0.0650689 
  -0.0170663    0.0062997    0.9998345   -0.6237713 
   0.0000000    0.0000000    0.0000000    1.0000000 

angles x: 0.540678 y: 0.751809 z: 0.598878 index: 889
NCC max: 0.997287 min: -0.450236 outliers: 103 disp outliers: 19 
NCC max: 1.000000 min: -0.757676 outliers: 639 disp outliers: 177 
Num matches pre bucket: 454
Max age: 16
Index: 890, Matches: 447, Inliers: 43.1767 %, Current pose: 
   0.2723573   -0.0801606    0.9588513    0.6200252 
   0.1727097    0.9844117    0.0332401   -1.2250395 
  -0.9465690    0.1565498    0.2819562  -70.2952278 
  -0.0000000    0.0000000   -0.0000000    1.0000000 

Motion:
   0.9998583   -0.0027163    0.0166120    0.0213100 
   0.0027466    0.9999946   -0.0017988    0.0488936 
  -0.0166071    0.0018442    0.9998604   -0.5989879 
   0.0000000    0.0000000    0.0000000    1.0000000 

angles x: 0.506848 y: 0.747395 z: 0.565137 index: 890
NCC max: 0.997149 min: -0.200721 outliers: 101 disp outliers: 17 
NCC max: 1.000000 min: -0.883318 outliers: 664 disp outliers: 111 
Num matches pre bucket: 468
Max age: 9
Index: 891, Matches: 466, Inliers: 42.0601 %, Current pose: 
   0.2895341   -0.0764633    0.9541087    1.1764433 
   0.1663723    0.9856509    0.0285038   -1.2520375 
  -0.9425976    0.1504845    0.2981010  -70.0724394 
  -0.0000000    0.0000000   -0.0000000    1.0000000 

Motion:
   0.9998245   -0.0069938    0.0173792    0.0533896 
   0.0069623    0.9999740    0.0018762    0.0356299 
  -0.0173919   -0.0017548    0.9998472   -0.5965273 
   0.0000000    0.0000000    0.0000000    1.0000000 

angles x: 0.467488 y: 0.742428 z: 0.521549 index: 891
NCC max: 0.994477 min: -0.373319 outliers: 103 disp outliers: 24 
NCC max: 0.997746 min: -0.741502 outliers: 661 disp outliers: 171 
Num matches pre bucket: 487
Max age: 9
Index: 892, Matches: 479, Inliers: 43.8413 %, Current pose: 
   0.3078432   -0.0733166    0.9486080    1.7433469 
   0.1615525    0.9865765    0.0238240   -1.2627473 
  -0.9376211    0.1459159    0.3155554  -69.8388519 
  -0.0000000    0.0000000   -0.0000000    1.0000000 

Motion:
   0.9998084   -0.0054018    0.0188150    0.0462293 
   0.0053714    0.9999842    0.0016668    0.0180454 
  -0.0188237   -0.0015654    0.9998216   -0.6112239 
   0.0000000    0.0000000    0.0000000    1.0000000 

angles x: 0.433126 y: 0.736800 z: 0.483281 index: 892
NCC max: 1.000000 min: -0.413218 outliers: 106 disp outliers: 24 
NCC max: 1.000000 min: -0.707444 outliers: 654 disp outliers: 135 
Num matches pre bucket: 468
Max age: 19
Index: 893, Matches: 461, Inliers: 42.0824 %, Current pose: 
   0.3299664   -0.0764214    0.9408942    2.2832792 
   0.1646179    0.9861039    0.0223628   -1.2962067 
  -0.9295285    0.1475090    0.3379614  -69.6737402 
  -0.0000000    0.0000000   -0.0000000    1.0000000 

Motion:
   0.9997178    0.0025831    0.0236129   -0.0191755 
  -0.0025259    0.9999938   -0.0024537    0.0499013 
  -0.0236191    0.0023934    0.9997182   -0.5630723 
   0.0000000    0.0000000    0.0000000    1.0000000 

angles x: 0.411543 y: 0.729440 z: 0.462761 index: 893
NCC max: 0.997802 min: -0.161961 outliers: 114 disp outliers: 24 
NCC max: 1.000000 min: -0.740861 outliers: 629 disp outliers: 104 
Num matches pre bucket: 461
Max age: 20
Index: 894, Matches: 458, Inliers: 46.2882 %, Current pose: 
   0.3508128   -0.0805679    0.9329733    2.8071476 
   0.1658676    0.9858852    0.0227683   -1.3260097 
  -0.9216389    0.1467627    0.3592247  -69.4596021 
  -0.0000000    0.0000000   -0.0000000    1.0000000 

Motion:
   0.9997508    0.0008031    0.0223086    0.0185216 
  -0.0007105    0.9999911   -0.0041586    0.0401618 
  -0.0223117    0.0041417    0.9997425   -0.5650004 
   0.0000000    0.0000000    0.0000000    1.0000000 

angles x: 0.387859 y: 0.722070 z: 0.441660 index: 894
NCC max: 0.997008 min: 0.027185 outliers: 104 disp outliers: 26 
NCC max: 0.998775 min: -0.669382 outliers: 632 disp outliers: 197 
Num matches pre bucket: 435
Max age: 12
Index: 895, Matches: 426, Inliers: 45.5399 %, Current pose: 
   0.3740903   -0.0817260    0.9237842    3.3351140 
   0.1651231    0.9860626    0.0203684   -1.3576577 
  -0.9125737    0.1449185    0.3823713  -69.2422801 
  -0.0000000    0.0000000   -0.0000000    1.0000000 

Motion:
   0.9996877   -0.0012790    0.0249568    0.0060411 
   0.0013228    0.9999976   -0.0017389    0.0428616 
  -0.0249545    0.0017714    0.9996870   -0.5701801 
   0.0000000    0.0000000    0.0000000    1.0000000 

angles x: 0.362272 y: 0.713307 z: 0.415678 index: 895
NCC max: 0.995318 min: -0.385812 outliers: 95 disp outliers: 26 
NCC max: 0.998975 min: -0.752558 outliers: 597 disp outliers: 118 
Num matches pre bucket: 414
Max age: 12
Index: 896, Matches: 405, Inliers: 45.4321 %, Current pose: 
   0.3983355   -0.0803671    0.9137122    3.7970395 
   0.1648019    0.9862142    0.0148983   -1.3882806 
  -0.9023132    0.1446470    0.4060888  -69.0123771 
  -0.0000000    0.0000000   -0.0000000    1.0000000 

Motion:
   0.9996534   -0.0008113    0.0263141    0.0284899 
   0.0007812    0.9999990    0.0011546    0.0340696 
  -0.0263150   -0.0011337    0.9996531   -0.5149718 
   0.0000000    0.0000000    0.0000000    1.0000000 

angles x: 0.342183 y: 0.703530 z: 0.392283 index: 896
NCC max: 0.995348 min: -0.527212 outliers: 108 disp outliers: 27 
NCC max: 1.000000 min: -0.527212 outliers: 607 disp outliers: 190 
Num matches pre bucket: 448
Max age: 12
Index: 897, Matches: 440, Inliers: 46.5909 %, Current pose: 
   0.4267626   -0.0760948    0.9011566    4.3061205 
   0.1649492    0.9862885    0.0051681   -1.4021513 
  -0.8891937    0.1464395    0.4334629  -68.7646772 
  -0.0000000    0.0000000   -0.0000000    1.0000000 

Motion:
   0.9995099   -0.0002416    0.0313041    0.0052843 
   0.0000966    0.9999893    0.0046327    0.0161458 
  -0.0313049   -0.0046274    0.9994992   -0.5660587 
   0.0000000    0.0000000    0.0000000    1.0000000 

angles x: 0.325798 y: 0.691238 z: 0.368826 index: 897
NCC max: 0.998477 min: -0.300023 outliers: 101 disp outliers: 30 
NCC max: 0.998477 min: -0.747820 outliers: 616 disp outliers: 194 
Num matches pre bucket: 438
Max age: 13
Index: 898, Matches: 431, Inliers: 49.42 %, Current pose: 
   0.4580202   -0.0700680    0.8861761    4.7473387 
   0.1656742    0.9861508   -0.0076560   -1.4292604 
  -0.8733668    0.1503231    0.4632854  -68.5239566 
  -0.0000000    0.0000000   -0.0000000    1.0000000 

Motion:
   0.9993860    0.0006542    0.0350320    0.0126419 
  -0.0009040    0.9999743    0.0071138    0.0214631 
  -0.0350265   -0.0071411    0.9993609   -0.5027269 
   0.0000000    0.0000000    0.0000000    1.0000000 

angles x: 0.313754 y: 0.676704 z: 0.347076 index: 898
NCC max: 0.995862 min: -0.441946 outliers: 103 disp outliers: 15 
NCC max: 0.998909 min: -0.851857 outliers: 619 disp outliers: 160 
Num matches pre bucket: 389
Max age: 14
Index: 899, Matches: 385, Inliers: 52.2078 %, Current pose: 
   0.4924607   -0.0669394    0.8677566    5.1930410 
   0.1668646    0.9858034   -0.0186518   -1.4545328 
  -0.8541889    0.1539831    0.4966393  -68.2743823 
  -0.0000000    0.0000000   -0.0000000    1.0000000 

Motion:
   0.9992223    0.0016436    0.0393961   -0.0020903 
  -0.0018211    0.9999883    0.0044708    0.0163184 
  -0.0393883   -0.0045390    0.9992137   -0.5111810 
   0.0000000    0.0000000    0.0000000    1.0000000 

angles x: 0.300652 y: 0.659404 z: 0.326697 index: 899
NCC max: 0.994237 min: -0.097481 outliers: 96 disp outliers: 25 
NCC max: 0.999564 min: -0.744832 outliers: 593 disp outliers: 183 
Num matches pre bucket: 332
Max age: 12
Index: 900, Matches: 325, Inliers: 38.7692 %, Current pose: 
   0.5294308   -0.0745670    0.8450697    5.5644781 
   0.1716476    0.9849424   -0.0206270   -1.5380963 
  -0.8308069    0.1559748    0.5342581  -68.0412521 
  -0.0000000    0.0000000   -0.0000000    1.0000000 

Motion:
   0.9990318    0.0058407    0.0436042    0.0113794 
  -0.0056012    0.9999686   -0.0056138    0.0736397 
  -0.0436356    0.0053641    0.9990331   -0.4401655 
   0.0000000    0.0000000    0.0000000    1.0000000 

angles x: 0.284052 y: 0.638990 z: 0.313519 index: 900
NCC max: 0.988159 min: -0.125542 outliers: 89 disp outliers: 27 
NCC max: 0.998707 min: -0.821114 outliers: 605 disp outliers: 172 
Num matches pre bucket: 349
Max age: 13
Index: 901, Matches: 346, Inliers: 37.2832 %, Current pose: 
   0.5716072   -0.0838624    0.8162305    5.9477976 
   0.1760442    0.9841326   -0.0221707   -1.5436104 
  -0.8014198    0.1563656    0.5773008  -67.7885695 
  -0.0000000    0.0000000   -0.0000000    1.0000000 

Motion:
   0.9986691    0.0057691    0.0512517   -0.0156326 
  -0.0053849    0.9999564   -0.0076297   -0.0019382 
  -0.0512934    0.0073436    0.9986566   -0.4588733 
   0.0000000    0.0000000    0.0000000    1.0000000 

angles x: 0.264510 y: 0.613525 z: 0.298763 index: 901
NCC max: 0.994059 min: -0.331444 outliers: 91 disp outliers: 20 
NCC max: 0.997960 min: -0.488929 outliers: 554 disp outliers: 122 
Num matches pre bucket: 359
Max age: 14
Index: 902, Matches: 351, Inliers: 45.0142 %, Current pose: 
   0.6121467   -0.0863935    0.7860105    6.2995537 
   0.1724661    0.9846699   -0.0260880   -1.5780709 
  -0.7717071    0.1515298    0.6176624  -67.4467711 
  -0.0000000    0.0000000   -0.0000000    1.0000000 

Motion:
   0.9987305   -0.0022751    0.0503221    0.0543852 
   0.0025233    0.9999850   -0.0048696    0.0125291 
  -0.0503102    0.0049903    0.9987212   -0.4884990 
   0.0000000    0.0000000    0.0000000    1.0000000 

angles x: 0.240577 y: 0.587255 z: 0.274621 index: 902
NCC max: 0.993960 min: -0.457137 outliers: 84 disp outliers: 26 
NCC max: 0.997643 min: -0.730766 outliers: 518 disp outliers: 127 
Num matches pre bucket: 407
Max age: 15
Index: 903, Matches: 404, Inliers: 41.5842 %, Current pose: 
   0.6503673   -0.0822873    0.7551497    6.6172640 
   0.1648659    0.9857097   -0.0345786   -1.6340816 
  -0.7415130    0.1469872    0.6546397  -67.0803380 
  -0.0000000    0.0000000   -0.0000000    1.0000000 

Motion:
   0.9987849   -0.0062104    0.0488898    0.0743207 
   0.0061985    0.9999807    0.0003946    0.0274928 
  -0.0488913   -0.0000911    0.9988041   -0.4817373 
   0.0000000    0.0000000    0.0000000    1.0000000 

angles x: 0.220868 y: 0.560685 z: 0.248267 index: 903
NCC max: 0.997074 min: -0.618301 outliers: 106 disp outliers: 19 
NCC max: 0.998653 min: -0.714051 outliers: 618 disp outliers: 91 
Num matches pre bucket: 361
Max age: 13
Index: 904, Matches: 355, Inliers: 45.3521 %, Current pose: 
   0.6895954   -0.0775396    0.7200318    6.9597994 
   0.1595873    0.9860809   -0.0466512   -1.6845063 
  -0.7063923    0.1470784    0.6923712  -66.7330113 
  -0.0000000    0.0000000   -0.0000000    1.0000000 

Motion:
   0.9985999   -0.0032688    0.0527970    0.0171853 
   0.0030813    0.9999887    0.0036321    0.0251987 
  -0.0528083   -0.0034643    0.9985987   -0.4894678 
   0.0000000    0.0000000    0.0000000    1.0000000 

angles x: 0.209316 y: 0.530845 z: 0.227418 index: 904
NCC max: 0.994933 min: -0.546948 outliers: 102 disp outliers: 9 
NCC max: 0.995782 min: -0.914577 outliers: 626 disp outliers: 64 
Num matches pre bucket: 419
Max age: 10
Index: 905, Matches: 412, Inliers: 41.7476 %, Current pose: 
   0.7283412   -0.0750397    0.6810933    7.2998834 
   0.1598981    0.9851561   -0.0624504   -1.6932824 
  -0.6662970    0.1543907    0.7295285  -66.3918666 
  -0.0000000    0.0000000   -0.0000000    1.0000000 

Motion:
   0.9984455    0.0031992    0.0556446   -0.0189903 
  -0.0035890    0.9999697    0.0069060   -0.0185039 
  -0.0556208   -0.0070949    0.9984268   -0.4810518 
   0.0000000    0.0000000    0.0000000    1.0000000 

angles x: 0.208554 y: 0.498106 z: 0.216109 index: 905
NCC max: 0.992839 min: -0.733865 outliers: 117 disp outliers: 5 
NCC max: 0.997424 min: -0.827015 outliers: 647 disp outliers: 38 
Num matches pre bucket: 398
Max age: 17
Index: 906, Matches: 391, Inliers: 44.5013 %, Current pose: 
   0.7635352   -0.0792141    0.6408893    7.5761254 
   0.1627111    0.9840269   -0.0722228   -1.7392424 
  -0.6249313    0.1594244    0.7642282  -66.0647600 
  -0.0000000    0.0000000   -0.0000000    1.0000000 

Motion:
   0.9985212    0.0065168    0.0539722    0.0009768 
  -0.0065750    0.9999780    0.0008996    0.0149593 
  -0.0539651   -0.0012531    0.9985420   -0.4303441 
   0.0000000    0.0000000    0.0000000    1.0000000 

angles x: 0.205659 y: 0.465044 z: 0.209962 index: 906
NCC max: 0.994064 min: -0.641697 outliers: 106 disp outliers: 2 
NCC max: 0.996463 min: -0.914690 outliers: 651 disp outliers: 26 
Num matches pre bucket: 429
Max age: 12
Index: 907, Matches: 426, Inliers: 37.5587 %, Current pose: 
   0.7968237   -0.0794167    0.5989699    7.8437747 
   0.1524148    0.9856854   -0.0720701   -1.8199652 
  -0.5846723    0.1487190    0.7975218  -65.6820906 
  -0.0000000    0.0000000   -0.0000000    1.0000000 

Motion:
   0.9985825   -0.0063505    0.0528449    0.0227702 
   0.0068054    0.9999413   -0.0084310    0.0439129 
  -0.0527883    0.0087787    0.9985671   -0.4713187 
   0.0000000    0.0000000    0.0000000    1.0000000 

angles x: 0.184359 y: 0.432201 z: 0.188995 index: 907
NCC max: 0.995663 min: -0.289331 outliers: 110 disp outliers: 4 
NCC max: 0.996169 min: -0.837555 outliers: 661 disp outliers: 29 
Num matches pre bucket: 399
Max age: 10
Index: 908, Matches: 398, Inliers: 28.8945 %, Current pose: 
   0.8274501   -0.0824041    0.5554600    8.0651370 
   0.1395136    0.9883266   -0.0612077   -2.0104987 
  -0.5439322    0.1281406    0.8292875  -65.3445198 
  -0.0000000    0.0000000   -0.0000000    1.0000000 

Motion:
   0.9986179   -0.0090899    0.0517652    0.0270314 
   0.0100538    0.9997803   -0.0183914    0.1632940 
  -0.0515866    0.0188864    0.9984899   -0.4145632 
   0.0000000    0.0000000    0.0000000    1.0000000 

angles x: 0.153306 y: 0.399316 z: 0.167036 index: 908
NCC max: 0.995735 min: -0.234284 outliers: 121 disp outliers: 3 
NCC max: 0.997557 min: -0.781250 outliers: 680 disp outliers: 25 
Num matches pre bucket: 408
Max age: 8
Index: 909, Matches: 404, Inliers: 35.6436 %, Current pose: 
   0.8560572   -0.0844331    0.5099384    8.2774162 
   0.1305863    0.9898924   -0.0553196   -2.1145385 
  -0.5001133    0.1139477    0.8584303  -64.9639708 
  -0.0000000    0.0000000   -0.0000000    1.0000000 

Motion:
   0.9985909   -0.0055655    0.0527749    0.0221807 
   0.0062595    0.9998960   -0.0129929    0.0775489 
  -0.0526971    0.0133049    0.9985219   -0.4406796 
   0.0000000    0.0000000    0.0000000    1.0000000 

angles x: 0.131968 y: 0.365018 z: 0.151377 index: 909
NCC max: 0.996445 min: -0.379582 outliers: 96 disp outliers: 15 
NCC max: 0.998011 min: -0.853514 outliers: 610 disp outliers: 62 
Num matches pre bucket: 409
Max age: 12
Index: 910, Matches: 406, Inliers: 37.6847 %, Current pose: 
   0.8824981   -0.0917301    0.4612837    8.5042532 
   0.1282064    0.9905710   -0.0482930   -2.1442952 
  -0.4525043    0.1017580    0.8859374  -64.5285165 
  -0.0000000    0.0000000   -0.0000000    1.0000000 

Motion:
   0.9985143    0.0008366    0.0544839    0.0006767 
  -0.0000617    0.9998989   -0.0142226    0.0059729 
  -0.0544903    0.0141981    0.9984134   -0.4918585 
   0.0000000    0.0000000    0.0000000    1.0000000 

angles x: 0.114358 y: 0.328710 z: 0.144267 index: 910
NCC max: 0.992521 min: -0.559489 outliers: 105 disp outliers: 19 
NCC max: 0.997250 min: -0.765615 outliers: 580 disp outliers: 82 
Num matches pre bucket: 363
Max age: 11
Index: 911, Matches: 357, Inliers: 40.8964 %, Current pose: 
   0.9051348   -0.1004369    0.4130900    8.6929760 
   0.1287970    0.9908102   -0.0413101   -2.1560117 
  -0.4051447    0.0905959    0.9097528  -64.0736984 
  -0.0000000    0.0000000   -0.0000000    1.0000000 

Motion:
   0.9986222    0.0033278    0.0523711    0.0149567 
  -0.0026022    0.9998998   -0.0139167   -0.0106410 
  -0.0524121    0.0137613    0.9985307   -0.4922155 
   0.0000000    0.0000000    0.0000000    1.0000000 

angles x: 0.099256 y: 0.293195 z: 0.141347 index: 911
NCC max: 0.990999 min: -0.114237 outliers: 91 disp outliers: 23 
NCC max: 0.999848 min: -0.852588 outliers: 523 disp outliers: 93 
Num matches pre bucket: 326
Max age: 11
Index: 912, Matches: 325, Inliers: 31.3846 %, Current pose: 
   0.9254156   -0.0990957    0.3657676    8.8170782 
   0.1188149    0.9924090   -0.0317409   -2.2106316 
  -0.3598457    0.0728321    0.9301648  -63.6212910 
  -0.0000000    0.0000000   -0.0000000    1.0000000 

Motion:
   0.9987185   -0.0078234    0.0500011    0.0544403 
   0.0086168    0.9998400   -0.0156727    0.0335534 
  -0.0498705    0.0160834    0.9986262   -0.4679397 
   0.0000000    0.0000000    0.0000000    1.0000000 

angles x: 0.078141 y: 0.259224 z: 0.127692 index: 912
NCC max: 0.991493 min: -0.253643 outliers: 83 disp outliers: 18 
NCC max: 0.996792 min: -0.760036 outliers: 504 disp outliers: 137 
Num matches pre bucket: 315
Max age: 11
Index: 913, Matches: 315, Inliers: 17.7778 %, Current pose: 
   0.9435709   -0.0997143    0.3158022    8.9129780 
   0.1080580    0.9941041   -0.0089739   -2.4276785 
  -0.3130455    0.0425925    0.9487826  -63.3219861 
  -0.0000000    0.0000000   -0.0000000    1.0000000 

Motion:
   0.9986822   -0.0090658    0.0505139    0.0266615 
   0.0105105    0.9995412   -0.0284079    0.2125817 
  -0.0502332    0.0289014    0.9983193   -0.3162084 
   0.0000000    0.0000000    0.0000000    1.0000000 

angles x: 0.044862 y: 0.224547 z: 0.114024 index: 913
NCC max: 0.995948 min: -0.212358 outliers: 80 disp outliers: 22 
NCC max: 0.996976 min: -0.762639 outliers: 499 disp outliers: 165 
Num matches pre bucket: 351
Max age: 8
Index: 914, Matches: 350, Inliers: 33.1429 %, Current pose: 
   0.9583452   -0.0964188    0.2688455    8.9950086 
   0.1025459    0.9946893   -0.0088066   -2.4791133 
  -0.2665686    0.0360088    0.9631431  -62.8592951 
  -0.0000000    0.0000000   -0.0000000    1.0000000 

Motion:
   0.9987956   -0.0049733    0.0488117    0.0499997 
   0.0052338    0.9999727   -0.0052110    0.0424100 
  -0.0487844    0.0054602    0.9987944   -0.4681441 
   0.0000000    0.0000000    0.0000000    1.0000000 

angles x: 0.037369 y: 0.190648 z: 0.106597 index: 914
NCC max: 0.992893 min: -0.360120 outliers: 90 disp outliers: 31 
NCC max: 0.996570 min: -0.791394 outliers: 525 disp outliers: 149 
Num matches pre bucket: 317
Max age: 9
Index: 915, Matches: 317, Inliers: 40.0631 %, Current pose: 
   0.9701508   -0.0932932    0.2238387    9.0589571 
   0.1003179    0.9947505   -0.0201934   -2.4896220 
  -0.2207797    0.0420457    0.9744170  -62.3723364 
  -0.0000000    0.0000000   -0.0000000    1.0000000 

Motion:
   0.9988795   -0.0017056    0.0472947    0.0465251 
   0.0013924    0.9999769    0.0066541   -0.0040551 
  -0.0473050   -0.0065808    0.9988588   -0.4890272 
   0.0000000    0.0000000    0.0000000    1.0000000 

angles x: 0.043123 y: 0.157574 z: 0.103038 index: 915
NCC max: 0.995401 min: -0.335142 outliers: 89 disp outliers: 25 
NCC max: 1.000000 min: -0.804497 outliers: 513 disp outliers: 150 
Num matches pre bucket: 348
Max age: 10
Index: 916, Matches: 347, Inliers: 45.245 %, Current pose: 
   0.9789033   -0.0950187    0.1808863    9.1195458 
   0.1017832    0.9943992   -0.0284673   -2.5226738 
  -0.1771683    0.0462779    0.9830919  -61.9077273 
  -0.0000000    0.0000000   -0.0000000    1.0000000 

Motion:
   0.9990096    0.0024747    0.0444253    0.0263677 
  -0.0026437    0.9999895    0.0037448    0.0171227 
  -0.0444155   -0.0038585    0.9990057   -0.4686540 
   0.0000000    0.0000000    0.0000000    1.0000000 

angles x: 0.047039 y: 0.126292 z: 0.103604 index: 916
NCC max: 0.996540 min: -0.611517 outliers: 82 disp outliers: 27 
NCC max: 1.000000 min: -0.923546 outliers: 528 disp outliers: 167 
Num matches pre bucket: 290
Max age: 15
Index: 917, Matches: 288, Inliers: 46.875 %, Current pose: 
   0.9853431   -0.0923851    0.1434013    9.1445051 
   0.0980291    0.9946432   -0.0327897   -2.5758713 
  -0.1396039    0.0463666    0.9891213  -61.4338703 
  -0.0000000    0.0000000   -0.0000000    1.0000000 

Motion:
   0.9992667   -0.0026066    0.0382010    0.0467737 
   0.0025872    0.9999965    0.0005567    0.0332472 
  -0.0382024   -0.0004575    0.9992699   -0.4740256 
   0.0000000    0.0000000    0.0000000    1.0000000 

angles x: 0.046842 y: 0.099383 z: 0.099161 index: 917
NCC max: 0.994404 min: -0.556090 outliers: 83 disp outliers: 23 
NCC max: 1.000000 min: -0.770599 outliers: 501 disp outliers: 105 
Num matches pre bucket: 285
Max age: 9
Index: 918, Matches: 284, Inliers: 31.338 %, Current pose: 
   0.9902172   -0.0885867    0.1078064    9.1504731 
   0.0929343    0.9950217   -0.0359855   -2.6220599 
  -0.1040819    0.0456524    0.9935204  -60.9552889 
  -0.0000000    0.0000000   -0.0000000    1.0000000 

Motion:
   0.9993442   -0.0038707    0.0360015    0.0481946 
   0.0038795    0.9999925   -0.0001742    0.0246390 
  -0.0360006    0.0003138    0.9993517   -0.4777858 
   0.0000000    0.0000000    0.0000000    1.0000000 

angles x: 0.045918 y: 0.074009 z: 0.093578 index: 918
NCC max: 1.000000 min: -0.534620 outliers: 73 disp outliers: 25 
NCC max: 1.000000 min: -0.758047 outliers: 500 disp outliers: 68 
Num matches pre bucket: 331
Max age: 13
Index: 919, Matches: 331, Inliers: 34.139 %, Current pose: 
   0.9938918   -0.0798070    0.0762234    9.1211529 
   0.0829937    0.9957633   -0.0395925   -2.6769291 
  -0.0727407    0.0456767    0.9963044  -60.4955998 
  -0.0000000    0.0000000   -0.0000000    1.0000000 

Motion:
   0.9994527   -0.0087858    0.0318920    0.0671330 
   0.0087602    0.9999612    0.0009440    0.0312996 
  -0.0318990   -0.0006641    0.9994909   -0.4579278 
   0.0000000    0.0000000    0.0000000    1.0000000 

angles x: 0.045814 y: 0.051657 z: 0.083311 index: 919
